[96mjavascript/final/named/1000mines.com/1000mines.com.js[0m:[93m788[0m:[93m4[0m - [91merror[0m[90m TS2552: [0mCannot find name '__ret'. Did you mean 'ret'?

[7m788[0m    __ret={
[7m   [0m [91m   ~~~~~[0m

  [96mjavascript/final/named/1000mines.com/1000mines.com.js[0m:[93m156[0m:[93m8[0m
    [7m156[0m    let ret=__run(jQuery,x.__all_vars,"");
    [7m   [0m [96m       ~~~[0m
    'ret' is declared here.

[96mjavascript/final/named/__global.ts[0m:[93m67[0m:[93m28[0m - [91merror[0m[90m TS4033: [0mProperty 'citv' of exported interface has or is using private name 'setInterval'.

[7m67[0m   citv?: ReturnType<typeof setInterval>|number;
[7m  [0m [91m                           ~~~~~~~~~~~[0m

[96mjavascript/final/named/Hero.js/__global.ts[0m:[93m17[0m:[93m6[0m - [91merror[0m[90m TS2403: [0mSubsequent variable declarations must have the same type.  Variable 'undebug' must be of type 'undebug | undefined', but here has type 'undebug'.

[7m17[0m  var undebug: undebug;
[7m  [0m [91m     ~~~~~~~[0m

  [96mjavascript/final/named/__global.ts[0m:[93m94[0m:[93m6[0m
    [7m94[0m  var undebug: undebug|undefined;
    [7m  [0m [96m     ~~~~~~~[0m
    'undebug' was also declared here.

[96mjavascript/final/named/Hero.js/__global.ts[0m:[93m25[0m:[93m6[0m - [91merror[0m[90m TS2403: [0mSubsequent variable declarations must have the same type.  Variable 'debug' must be of type 'debug | undefined', but here has type 'debug'.

[7m25[0m  var debug: debug;
[7m  [0m [91m     ~~~~~[0m

  [96mjavascript/final/named/__global.ts[0m:[93m86[0m:[93m6[0m
    [7m86[0m  var debug: debug|undefined;
    [7m  [0m [96m     ~~~~~[0m
    'debug' was also declared here.

[96mjavascript/final/named/Hero.js/Hero_js.js[0m:[93m20[0m:[93m11[0m - [91merror[0m[90m TS6133: [0m'add_func' is declared but its value is never read.

[7m20[0m  function add_func(name,func) {
[7m  [0m [91m          ~~~~~~~~[0m

[96mjavascript/final/named/Hero.js/Hero_js.js[0m:[93m103[0m:[93m5[0m - [91merror[0m[90m TS7030: [0mNot all code paths return a value.

[7m103[0m     fel(...a) {
[7m   [0m [91m    ~~~[0m

[96mjavascript/final/named/Hero.js/Hero_js.js[0m:[93m105[0m:[93m13[0m - [91merror[0m[90m TS18048: [0m'debug' is possibly 'undefined'.

[7m105[0m       let g=debug.get_from;
[7m   [0m [91m            ~~~~~[0m

[96mjavascript/final/named/Hero.js/Hero_js.js[0m:[93m124[0m:[93m5[0m - [91merror[0m[90m TS7030: [0mNot all code paths return a value.

[7m124[0m     fet(...a) {
[7m   [0m [91m    ~~~[0m

[96mjavascript/final/named/Hero.js/Hero_js.js[0m:[93m198[0m:[93m15[0m - [91merror[0m[90m TS6133: [0m't' is declared but its value is never read.

[7m198[0m    function w(t) {
[7m   [0m [91m              ~[0m

[96mjavascript/final/named/Hero.js/Hero_js.js[0m:[93m313[0m:[93m47[0m - [91merror[0m[90m TS7030: [0mNot all code paths return a value.

[7m313[0m    game.dungeonHeroes=game.dungeonHeroes.sort((/** @type {any} */ e,/** @type {any} */ b) => {
[7m   [0m [91m                                              ~~~~~~~~~~~~~~~~~~~~~~~~~~~~~~~~~~~~~~~~~~~~~~~~[0m

[96mjavascript/final/named/makiki99_prestige-frame.js[0m:[93m16[0m:[93m8[0m - [91merror[0m[90m TS4119: [0mThis member must have a JSDoc comment with an '@override' tag because it overrides a member in the base class 'HTMLIFrameElement'.

[7m16[0m    get src() {
[7m  [0m [91m       ~~~[0m

[96mjavascript/final/named/makiki99_prestige-frame.js[0m:[93m19[0m:[93m8[0m - [91merror[0m[90m TS4119: [0mThis member must have a JSDoc comment with an '@override' tag because it overrides a member in the base class 'HTMLIFrameElement'.

[7m19[0m    set src(e) {
[7m  [0m [91m       ~~~[0m

[96mjavascript/final/named/reddit_continueThread.js[0m:[93m67[0m:[93m5[0m - [91merror[0m[90m TS7030: [0mNot all code paths return a value.

[7m67[0m   )(async function(/** @type {(arg0: any) => number | undefined} */ f) {
[7m  [0m [91m    ~~~~~[0m

[96mjavascript/final/named/yet_another_merge_game.js[0m:[93m85[0m:[93m10[0m - [91merror[0m[90m TS6133: [0m'can_try_again' is declared but its value is never read.

[7m85[0m      let can_try_again=true;
[7m  [0m [91m         ~~~~~~~~~~~~~[0m

[96mjavascript/final/named/youtube.com_lazyPrepareCriticalPages.js[0m:[93m114[0m:[93m13[0m - [91merror[0m[90m TS7030: [0mNot all code paths return a value.

[7m114[0m    function native_callback() {
[7m   [0m [91m            ~~~~~~~~~~~~~~~[0m

[96mjavascript/group1/sub_a/item-_4.js[0m:[93m7[0m:[93m14[0m - [91merror[0m[90m TS7006: [0mParameter 'arr' implicitly has an 'any' type.

[7m7[0m function avg(arr) {
[7m [0m [91m             ~~~[0m

[96mjavascript/group1/sub_a/item-_4.js[0m:[93m25[0m:[93m17[0m - [91merror[0m[90m TS7006: [0mParameter 'arr' implicitly has an 'any' type.

[7m25[0m function avg_up(arr,v_avg) {
[7m  [0m [91m                ~~~[0m

[96mjavascript/group1/sub_a/item-_4.js[0m:[93m25[0m:[93m21[0m - [91merror[0m[90m TS7006: [0mParameter 'v_avg' implicitly has an 'any' type.

[7m25[0m function avg_up(arr,v_avg) {
[7m  [0m [91m                    ~~~~~[0m

[96mjavascript/group1/sub_a/item-_4.js[0m:[93m47[0m:[93m3[0m - [91merror[0m[90m TS7008: [0mMember 'cint_arr' implicitly has an 'any[]' type.

[7m47[0m   this.cint_arr=[]
[7m  [0m [91m  ~~~~~~~~~~~~~~~~[0m

[96mjavascript/group1/sub_a/item-_4.js[0m:[93m50[0m:[93m20[0m - [91merror[0m[90m TS7006: [0mParameter 'item' implicitly has an 'any' type.

[7m50[0m  destroy_cint_item(item) {
[7m  [0m [91m                   ~~~~[0m

[96mjavascript/group1/sub_a/item-_4.js[0m:[93m61[0m:[93m23[0m - [91merror[0m[90m TS2304: [0mCannot find name 'func'.

[7m61[0m   let cint=setTimeout(func,delay)
[7m  [0m [91m                      ~~~~[0m

[96mjavascript/group1/sub_a/item-_4.js[0m:[93m61[0m:[93m28[0m - [91merror[0m[90m TS2304: [0mCannot find name 'delay'.

[7m61[0m   let cint=setTimeout(func,delay)
[7m  [0m [91m                           ~~~~~[0m

[96mjavascript/group1/sub_a/item-_4.js[0m:[93m64[0m:[93m14[0m - [91merror[0m[90m TS7006: [0mParameter 'func' implicitly has an 'any' type.

[7m64[0m  setInterval(func,delay) {
[7m  [0m [91m             ~~~~[0m

[96mjavascript/group1/sub_a/item-_4.js[0m:[93m64[0m:[93m19[0m - [91merror[0m[90m TS7006: [0mParameter 'delay' implicitly has an 'any' type.

[7m64[0m  setInterval(func,delay) {
[7m  [0m [91m                  ~~~~~[0m

[96mjavascript/group1/sub_a/item-_4.js[0m:[93m69[0m:[93m14[0m - [91merror[0m[90m TS2339: [0mProperty 'generators_autobuyer' does not exist on type '{}'.

[7m69[0m   if(!player.generators_autobuyer[0][0]) {
[7m  [0m [91m             ~~~~~~~~~~~~~~~~~~~~[0m

[96mjavascript/group1/sub_a/item-_4.js[0m:[93m71[0m:[93m21[0m - [91merror[0m[90m TS6133: [0m'e' is declared but its value is never read.

[7m71[0m    this.setInterval(e => tierGenerator(t.current_generator_autobuy++%8),50)
[7m  [0m [91m                    ~[0m

[96mjavascript/group1/sub_a/item-_4.js[0m:[93m71[0m:[93m21[0m - [91merror[0m[90m TS7006: [0mParameter 'e' implicitly has an 'any' type.

[7m71[0m    this.setInterval(e => tierGenerator(t.current_generator_autobuy++%8),50)
[7m  [0m [91m                    ~[0m

[96mjavascript/group1/sub_a/item-_4.js[0m:[93m71[0m:[93m26[0m - [91merror[0m[90m TS2304: [0mCannot find name 'tierGenerator'.

[7m71[0m    this.setInterval(e => tierGenerator(t.current_generator_autobuy++%8),50)
[7m  [0m [91m                         ~~~~~~~~~~~~~[0m

[96mjavascript/group1/sub_a/item-_4.js[0m:[93m72[0m:[93m21[0m - [91merror[0m[90m TS6133: [0m'e' is declared but its value is never read.

[7m72[0m    this.setInterval(e => tierMult(),300)
[7m  [0m [91m                    ~[0m

[96mjavascript/group1/sub_a/item-_4.js[0m:[93m72[0m:[93m21[0m - [91merror[0m[90m TS7006: [0mParameter 'e' implicitly has an 'any' type.

[7m72[0m    this.setInterval(e => tierMult(),300)
[7m  [0m [91m                    ~[0m

[96mjavascript/group1/sub_a/item-_4.js[0m:[93m72[0m:[93m26[0m - [91merror[0m[90m TS2304: [0mCannot find name 'tierMult'.

[7m72[0m    this.setInterval(e => tierMult(),300)
[7m  [0m [91m                         ~~~~~~~~[0m

[96mjavascript/group1/sub_a/item-_4.js[0m:[93m73[0m:[93m21[0m - [91merror[0m[90m TS6133: [0m'e' is declared but its value is never read.

[7m73[0m    this.setInterval(e => buyMeta(),300)
[7m  [0m [91m                    ~[0m

[96mjavascript/group1/sub_a/item-_4.js[0m:[93m73[0m:[93m21[0m - [91merror[0m[90m TS7006: [0mParameter 'e' implicitly has an 'any' type.

[7m73[0m    this.setInterval(e => buyMeta(),300)
[7m  [0m [91m                    ~[0m

[96mjavascript/group1/sub_a/item-_4.js[0m:[93m73[0m:[93m26[0m - [91merror[0m[90m TS2304: [0mCannot find name 'buyMeta'.

[7m73[0m    this.setInterval(e => buyMeta(),300)
[7m  [0m [91m                         ~~~~~~~[0m

[96mjavascript/group1/sub_a/item-_4.js[0m:[93m75[0m:[93m24[0m - [91merror[0m[90m TS2339: [0mProperty 'money' does not exist on type '{}'.

[7m75[0m   let money_log=player.money.log().toNumber()
[7m  [0m [91m                       ~~~~~[0m

[96mjavascript/group1/sub_a/item-_4.js[0m:[93m76[0m:[93m7[0m - [91merror[0m[90m TS7034: [0mVariable 'sd_arr' implicitly has type 'any[]' in some locations where its type cannot be determined.

[7m76[0m   let sd_arr=[]
[7m  [0m [91m      ~~~~~~[0m

[96mjavascript/group1/sub_a/item-_4.js[0m:[93m78[0m:[93m23[0m - [91merror[0m[90m TS2339: [0mProperty 'money' does not exist on type '{}'.

[7m78[0m    let cur_log=player.money.log().toNumber()
[7m  [0m [91m                      ~~~~~[0m

[96mjavascript/group1/sub_a/item-_4.js[0m:[93m83[0m:[93m8[0m - [91merror[0m[90m TS2304: [0mCannot find name 'FORMULA'.

[7m83[0m     if(FORMULA.sacrifice().gt('1e4')) {
[7m  [0m [91m       ~~~~~~~[0m

[96mjavascript/group1/sub_a/item-_4.js[0m:[93m85[0m:[93m6[0m - [91merror[0m[90m TS2304: [0mCannot find name 'sacrificeGen'.

[7m85[0m      sacrificeGen()
[7m  [0m [91m     ~~~~~~~~~~~~[0m

[96mjavascript/group1/sub_a/item-_4.js[0m:[93m88[0m:[93m8[0m - [91merror[0m[90m TS2304: [0mCannot find name 'FORMULA'.

[7m88[0m     if(FORMULA.sacrifice().gt(10)) {
[7m  [0m [91m       ~~~~~~~[0m

[96mjavascript/group1/sub_a/item-_4.js[0m:[93m90[0m:[93m6[0m - [91merror[0m[90m TS2304: [0mCannot find name 'sacrificeGen'.

[7m90[0m      sacrificeGen()
[7m  [0m [91m     ~~~~~~~~~~~~[0m

[96mjavascript/group1/sub_a/item-_4.js[0m:[93m94[0m:[93m21[0m - [91merror[0m[90m TS7005: [0mVariable 'sd_arr' implicitly has an 'any[]' type.

[7m94[0m     let [v_avg]=avg(sd_arr)
[7m  [0m [91m                    ~~~~~~[0m

[96mjavascript/group1/sub_a/item-_4.js[0m:[93m96[0m:[93m18[0m - [91merror[0m[90m TS7005: [0mVariable 'sd_arr' implicitly has an 'any[]' type.

[7m96[0m     v_avg=avg_up(sd_arr,v_avg)[0]
[7m  [0m [91m                 ~~~~~~[0m

[96mjavascript/group1/sub_a/item-_4.js[0m:[93m97[0m:[93m9[0m - [91merror[0m[90m TS6133: [0m'avg_1' is declared but its value is never read.

[7m97[0m     let avg_1=ov
[7m  [0m [91m        ~~~~~[0m

[96mjavascript/group1/sub_a/item-_4.js[0m:[93m105[0m:[93m14[0m - [91merror[0m[90m TS7005: [0mVariable 'sd_arr' implicitly has an 'any[]' type.

[7m105[0m     let lost=sd_arr.filter(e => e<avg_2)
[7m   [0m [91m             ~~~~~~[0m

[96mjavascript/group1/sub_a/item-_4.js[0m:[93m107[0m:[93m13[0m - [91merror[0m[90m TS7005: [0mVariable 'sd_arr' implicitly has an 'any[]' type.

[7m107[0m      let rm=sd_arr.indexOf(lost[0])
[7m   [0m [91m            ~~~~~~[0m

[96mjavascript/group1/sub_a/item-_4.js[0m:[93m108[0m:[93m6[0m - [91merror[0m[90m TS7005: [0mVariable 'sd_arr' implicitly has an 'any[]' type.

[7m108[0m      sd_arr.splice(rm,1)
[7m   [0m [91m     ~~~~~~[0m

[96mjavascript/group1/sub_a/item-_4.js[0m:[93m129[0m:[93m11[0m - [91merror[0m[90m TS2551: [0mProperty 'g_state' does not exist on type 'Window & typeof globalThis'. Did you mean 'state'?

[7m129[0m if(window.g_state) {
[7m   [0m [91m          ~~~~~~~[0m

  [96mjavascript/final/named/__global.ts[0m:[93m55[0m:[93m3[0m
    [7m55[0m   state: any;
    [7m  [0m [96m  ~~~~~[0m
    'state' is declared here.

[96mjavascript/group1/sub_a/item-_4.js[0m:[93m130[0m:[93m9[0m - [91merror[0m[90m TS2551: [0mProperty 'g_state' does not exist on type 'Window & typeof globalThis'. Did you mean 'state'?

[7m130[0m  window.g_state.destroy()
[7m   [0m [91m        ~~~~~~~[0m

  [96mjavascript/final/named/__global.ts[0m:[93m55[0m:[93m3[0m
    [7m55[0m   state: any;
    [7m  [0m [96m  ~~~~~[0m
    'state' is declared here.

[96mjavascript/group1/sub_a/item-_4.js[0m:[93m132[0m:[93m8[0m - [91merror[0m[90m TS2551: [0mProperty 'g_state' does not exist on type 'Window & typeof globalThis'. Did you mean 'state'?

[7m132[0m window.g_state=new AutoState
[7m   [0m [91m       ~~~~~~~[0m

  [96mjavascript/final/named/__global.ts[0m:[93m55[0m:[93m3[0m
    [7m55[0m   state: any;
    [7m  [0m [96m  ~~~~~[0m
    'state' is declared here.

[96mjavascript/group1/sub_a/item-_4.js[0m:[93m133[0m:[93m8[0m - [91merror[0m[90m TS2551: [0mProperty 'g_state' does not exist on type 'Window & typeof globalThis'. Did you mean 'state'?

[7m133[0m window.g_state.start()
[7m   [0m [91m       ~~~~~~~[0m

  [96mjavascript/final/named/__global.ts[0m:[93m55[0m:[93m3[0m
    [7m55[0m   state: any;
    [7m  [0m [96m  ~~~~~[0m
    'state' is declared here.

[96mjavascript/group1/sub_a/item-_7.js[0m:[93m85[0m:[93m25[0m - [91merror[0m[90m TS7030: [0mNot all code paths return a value.

[7m85[0m  let all_set_inner_type=function() {
[7m  [0m [91m                        ~~~~~~~~[0m

[96mjavascript/group1/sub_a/item-_7.js[0m:[93m149[0m:[93m16[0m - [91merror[0m[90m TS7030: [0mNot all code paths return a value.

[7m149[0m    var ret_src=function() {
[7m   [0m [91m               ~~~~~~~~[0m

[96mjavascript/group1/sub_a/item-_7.js[0m:[93m449[0m:[93m40[0m - [91merror[0m[90m TS6133: [0m'i' is declared but its value is never read.

[7m449[0m    for(var c=cmap.entries(),j=c.next(),i=0;!j.done;j=c.next()) {
[7m   [0m [91m                                       ~[0m

[96mjavascript/group1/sub_a/item-_7.js[0m:[93m504[0m:[93m38[0m - [91merror[0m[90m TS6133: [0m'z' is declared but its value is never read.

[7m504[0m     for(var c=cmap.keys(),j=c.next(),z=0;!j.done;j=c.next()) {
[7m   [0m [91m                                     ~[0m

[96mjavascript/group1/sub_b/item-__.js[0m:[93m6[0m:[93m20[0m - [91merror[0m[90m TS7006: [0mParameter 'arr' implicitly has an 'any' type.

[7m6[0m  var dofn=function(arr,p_a) {
[7m [0m [91m                   ~~~[0m

[96mjavascript/group1/sub_b/item-__.js[0m:[93m6[0m:[93m24[0m - [91merror[0m[90m TS7006: [0mParameter 'p_a' implicitly has an 'any' type.

[7m6[0m  var dofn=function(arr,p_a) {
[7m [0m [91m                       ~~~[0m

[96mjavascript/group1/sub_b/item-__.js[0m:[93m7[0m:[93m7[0m - [91merror[0m[90m TS7034: [0mVariable 'wk' implicitly has type 'any' in some locations where its type cannot be determined.

[7m7[0m   var wk
[7m [0m [91m      ~~[0m

[96mjavascript/group1/sub_b/item-__.js[0m:[93m16[0m:[93m13[0m - [91merror[0m[90m TS2339: [0mProperty 'wk' does not exist on type 'Window & typeof globalThis'.

[7m16[0m   if(window.wk) {
[7m  [0m [91m            ~~[0m

[96mjavascript/group1/sub_b/item-__.js[0m:[93m17[0m:[93m14[0m - [91merror[0m[90m TS2339: [0mProperty 'wk' does not exist on type 'Window & typeof globalThis'.

[7m17[0m    wk=window.wk
[7m  [0m [91m             ~~[0m

[96mjavascript/group1/sub_b/item-__.js[0m:[93m20[0m:[93m27[0m - [91merror[0m[90m TS7031: [0mBinding element 'a' implicitly has an 'any' type.

[7m20[0m    var reset=function({a: a,b: b,c: c,d: d},_a,_b) {
[7m  [0m [91m                          ~[0m

[96mjavascript/group1/sub_b/item-__.js[0m:[93m20[0m:[93m32[0m - [91merror[0m[90m TS7031: [0mBinding element 'b' implicitly has an 'any' type.

[7m20[0m    var reset=function({a: a,b: b,c: c,d: d},_a,_b) {
[7m  [0m [91m                               ~[0m

[96mjavascript/group1/sub_b/item-__.js[0m:[93m20[0m:[93m37[0m - [91merror[0m[90m TS7031: [0mBinding element 'c' implicitly has an 'any' type.

[7m20[0m    var reset=function({a: a,b: b,c: c,d: d},_a,_b) {
[7m  [0m [91m                                    ~[0m

[96mjavascript/group1/sub_b/item-__.js[0m:[93m20[0m:[93m42[0m - [91merror[0m[90m TS7031: [0mBinding element 'd' implicitly has an 'any' type.

[7m20[0m    var reset=function({a: a,b: b,c: c,d: d},_a,_b) {
[7m  [0m [91m                                         ~[0m

[96mjavascript/group1/sub_b/item-__.js[0m:[93m20[0m:[93m45[0m - [91merror[0m[90m TS7006: [0mParameter '_a' implicitly has an 'any' type.

[7m20[0m    var reset=function({a: a,b: b,c: c,d: d},_a,_b) {
[7m  [0m [91m                                            ~~[0m

[96mjavascript/group1/sub_b/item-__.js[0m:[93m20[0m:[93m48[0m - [91merror[0m[90m TS7006: [0mParameter '_b' implicitly has an 'any' type.

[7m20[0m    var reset=function({a: a,b: b,c: c,d: d},_a,_b) {
[7m  [0m [91m                                               ~~[0m

[96mjavascript/group1/sub_b/item-__.js[0m:[93m21[0m:[93m5[0m - [91merror[0m[90m TS2630: [0mCannot assign to 'setTimeout' because it is a function.

[7m21[0m     setTimeout=a
[7m  [0m [91m    ~~~~~~~~~~[0m

[96mjavascript/group1/sub_b/item-__.js[0m:[93m22[0m:[93m5[0m - [91merror[0m[90m TS2630: [0mCannot assign to 'setInterval' because it is a function.

[7m22[0m     setInterval=b
[7m  [0m [91m    ~~~~~~~~~~~[0m

[96mjavascript/group1/sub_b/item-__.js[0m:[93m23[0m:[93m5[0m - [91merror[0m[90m TS2630: [0mCannot assign to 'clearTimeout' because it is a function.

[7m23[0m     clearTimeout=c
[7m  [0m [91m    ~~~~~~~~~~~~[0m

[96mjavascript/group1/sub_b/item-__.js[0m:[93m24[0m:[93m5[0m - [91merror[0m[90m TS2630: [0mCannot assign to 'clearInterval' because it is a function.

[7m24[0m     clearInterval=d
[7m  [0m [91m    ~~~~~~~~~~~~~[0m

[96mjavascript/group1/sub_b/item-__.js[0m:[93m29[0m:[93m5[0m - [91merror[0m[90m TS2630: [0mCannot assign to 'setTimeout' because it is a function.

[7m29[0m     setTimeout=a
[7m  [0m [91m    ~~~~~~~~~~[0m

[96mjavascript/group1/sub_b/item-__.js[0m:[93m33[0m:[93m8[0m - [91merror[0m[90m TS7034: [0mVariable 'odarr' implicitly has type 'any[]' in some locations where its type cannot be determined.

[7m33[0m    var odarr=[]
[7m  [0m [91m       ~~~~~[0m

[96mjavascript/group1/sub_b/item-__.js[0m:[93m35[0m:[93m32[0m - [91merror[0m[90m TS7005: [0mVariable 'wk' implicitly has an 'any' type.

[7m35[0m     window.URL.revokeObjectURL(wk.bur)
[7m  [0m [91m                               ~~[0m

[96mjavascript/group1/sub_b/item-__.js[0m:[93m36[0m:[93m5[0m - [91merror[0m[90m TS7005: [0mVariable 'wk' implicitly has an 'any' type.

[7m36[0m     wk.bur=""
[7m  [0m [91m    ~~[0m

[96mjavascript/group1/sub_b/item-__.js[0m:[93m37[0m:[93m19[0m - [91merror[0m[90m TS2339: [0mProperty 'wk' does not exist on type 'Window & typeof globalThis'.

[7m37[0m     delete window.wk
[7m  [0m [91m                  ~~[0m

[96mjavascript/group1/sub_b/item-__.js[0m:[93m41[0m:[93m9[0m - [91merror[0m[90m TS7005: [0mVariable 'odarr' implicitly has an 'any[]' type.

[7m41[0m     fn: odarr
[7m  [0m [91m        ~~~~~[0m

[96mjavascript/group1/sub_b/item-__.js[0m:[93m51[0m:[93m6[0m - [91merror[0m[90m TS2339: [0mProperty 'cb_t_fn' does not exist on type '{ fn: any; wk: Worker; }'.

[7m51[0m   wk.cb_t_fn=new Map()
[7m  [0m [91m     ~~~~~~~[0m

[96mjavascript/group1/sub_b/item-__.js[0m:[93m52[0m:[93m6[0m - [91merror[0m[90m TS2339: [0mProperty 'cb_i_fn' does not exist on type '{ fn: any; wk: Worker; }'.

[7m52[0m   wk.cb_i_fn=new Map()
[7m  [0m [91m     ~~~~~~~[0m

[96mjavascript/group1/sub_b/item-__.js[0m:[93m54[0m:[93m10[0m - [91merror[0m[90m TS2551: [0mProperty 'msetTimeout' does not exist on type 'Window & typeof globalThis'. Did you mean 'setTimeout'?

[7m54[0m   window.msetTimeout=function(fn,w,...c) {
[7m  [0m [91m         ~~~~~~~~~~~[0m

[96mjavascript/group1/sub_b/item-__.js[0m:[93m54[0m:[93m31[0m - [91merror[0m[90m TS7006: [0mParameter 'fn' implicitly has an 'any' type.

[7m54[0m   window.msetTimeout=function(fn,w,...c) {
[7m  [0m [91m                              ~~[0m

[96mjavascript/group1/sub_b/item-__.js[0m:[93m54[0m:[93m34[0m - [91merror[0m[90m TS7006: [0mParameter 'w' implicitly has an 'any' type.

[7m54[0m   window.msetTimeout=function(fn,w,...c) {
[7m  [0m [91m                                 ~[0m

[96mjavascript/group1/sub_b/item-__.js[0m:[93m54[0m:[93m36[0m - [91merror[0m[90m TS7019: [0mRest parameter 'c' implicitly has an 'any[]' type.

[7m54[0m   window.msetTimeout=function(fn,w,...c) {
[7m  [0m [91m                                   ~~~~[0m

[96mjavascript/group1/sub_b/item-__.js[0m:[93m55[0m:[93m13[0m - [91merror[0m[90m TS7005: [0mVariable 'wk' implicitly has an 'any' type.

[7m55[0m    var stid=wk.jst++
[7m  [0m [91m            ~~[0m

[96mjavascript/group1/sub_b/item-__.js[0m:[93m61[0m:[93m8[0m - [91merror[0m[90m TS6133: [0m'cto' is declared but its value is never read.

[7m61[0m    var cto=wk.cb_t_fn.set(stid,{
[7m  [0m [91m       ~~~[0m

[96mjavascript/group1/sub_b/item-__.js[0m:[93m61[0m:[93m12[0m - [91merror[0m[90m TS7005: [0mVariable 'wk' implicitly has an 'any' type.

[7m61[0m    var cto=wk.cb_t_fn.set(stid,{
[7m  [0m [91m           ~~[0m

[96mjavascript/group1/sub_b/item-__.js[0m:[93m77[0m:[93m10[0m - [91merror[0m[90m TS2551: [0mProperty 'mclearTimeout' does not exist on type 'Window & typeof globalThis'. Did you mean 'clearTimeout'?

[7m77[0m   window.mclearTimeout=function(w) {
[7m  [0m [91m         ~~~~~~~~~~~~~[0m

[96mjavascript/group1/sub_b/item-__.js[0m:[93m77[0m:[93m33[0m - [91merror[0m[90m TS7006: [0mParameter 'w' implicitly has an 'any' type.

[7m77[0m   window.mclearTimeout=function(w) {
[7m  [0m [91m                                ~[0m

[96mjavascript/group1/sub_b/item-__.js[0m:[93m78[0m:[93m7[0m - [91merror[0m[90m TS7005: [0mVariable 'wk' implicitly has an 'any' type.

[7m78[0m    if(wk.cb_t_fn.has(w)) {
[7m  [0m [91m      ~~[0m

[96mjavascript/group1/sub_b/item-__.js[0m:[93m79[0m:[93m13[0m - [91merror[0m[90m TS7005: [0mVariable 'wk' implicitly has an 'any' type.

[7m79[0m     var cto=wk.cb_t_fn.get(w)
[7m  [0m [91m            ~~[0m

[96mjavascript/group1/sub_b/item-__.js[0m:[93m88[0m:[93m10[0m - [91merror[0m[90m TS2551: [0mProperty 'msetInterval' does not exist on type 'Window & typeof globalThis'. Did you mean 'setInterval'?

[7m88[0m   window.msetInterval=function(fn,w,...c) {
[7m  [0m [91m         ~~~~~~~~~~~~[0m

[96mjavascript/group1/sub_b/item-__.js[0m:[93m88[0m:[93m32[0m - [91merror[0m[90m TS7006: [0mParameter 'fn' implicitly has an 'any' type.

[7m88[0m   window.msetInterval=function(fn,w,...c) {
[7m  [0m [91m                               ~~[0m

[96mjavascript/group1/sub_b/item-__.js[0m:[93m88[0m:[93m35[0m - [91merror[0m[90m TS7006: [0mParameter 'w' implicitly has an 'any' type.

[7m88[0m   window.msetInterval=function(fn,w,...c) {
[7m  [0m [91m                                  ~[0m

[96mjavascript/group1/sub_b/item-__.js[0m:[93m88[0m:[93m37[0m - [91merror[0m[90m TS7019: [0mRest parameter 'c' implicitly has an 'any[]' type.

[7m88[0m   window.msetInterval=function(fn,w,...c) {
[7m  [0m [91m                                    ~~~~[0m

[96mjavascript/group1/sub_b/item-__.js[0m:[93m89[0m:[93m13[0m - [91merror[0m[90m TS7005: [0mVariable 'wk' implicitly has an 'any' type.

[7m89[0m    var siid=wk.jsi++
[7m  [0m [91m            ~~[0m

[96mjavascript/group1/sub_b/item-__.js[0m:[93m90[0m:[93m8[0m - [91merror[0m[90m TS6133: [0m'cto' is declared but its value is never read.

[7m90[0m    var cto=wk.cb_i_fn.set(siid,{
[7m  [0m [91m       ~~~[0m

[96mjavascript/group1/sub_b/item-__.js[0m:[93m90[0m:[93m12[0m - [91merror[0m[90m TS7005: [0mVariable 'wk' implicitly has an 'any' type.

[7m90[0m    var cto=wk.cb_i_fn.set(siid,{
[7m  [0m [91m           ~~[0m

[96mjavascript/group1/sub_b/item-__.js[0m:[93m106[0m:[93m10[0m - [91merror[0m[90m TS2551: [0mProperty 'mclearInterval' does not exist on type 'Window & typeof globalThis'. Did you mean 'clearInterval'?

[7m106[0m   window.mclearInterval=function(w) {
[7m   [0m [91m         ~~~~~~~~~~~~~~[0m

[96mjavascript/group1/sub_b/item-__.js[0m:[93m106[0m:[93m34[0m - [91merror[0m[90m TS7006: [0mParameter 'w' implicitly has an 'any' type.

[7m106[0m   window.mclearInterval=function(w) {
[7m   [0m [91m                                 ~[0m

[96mjavascript/group1/sub_b/item-__.js[0m:[93m107[0m:[93m7[0m - [91merror[0m[90m TS7005: [0mVariable 'wk' implicitly has an 'any' type.

[7m107[0m    if(wk.cb_i_fn.has(w)) {
[7m   [0m [91m      ~~[0m

[96mjavascript/group1/sub_b/item-__.js[0m:[93m108[0m:[93m13[0m - [91merror[0m[90m TS7005: [0mVariable 'wk' implicitly has an 'any' type.

[7m108[0m     var cto=wk.cb_i_fn.get(w)
[7m   [0m [91m            ~~[0m

[96mjavascript/group1/sub_b/item-__.js[0m:[93m117[0m:[93m7[0m - [91merror[0m[90m TS7034: [0mVariable 'rf_no' implicitly has type 'any' in some locations where its type cannot be determined.

[7m117[0m   var rf_no
[7m   [0m [91m      ~~~~~[0m

[96mjavascript/group1/sub_b/item-__.js[0m:[93m129[0m:[93m6[0m - [91merror[0m[90m TS7005: [0mVariable 'rf_no' implicitly has an 'any' type.

[7m129[0m      rf_no()
[7m   [0m [91m     ~~~~~[0m

[96mjavascript/group1/sub_b/item-__.js[0m:[93m134[0m:[93m14[0m - [91merror[0m[90m TS7005: [0mVariable 'wk' implicitly has an 'any' type.

[7m134[0m      var cto=wk.cb_t_fn.get(m.v.t)
[7m   [0m [91m             ~~[0m

[96mjavascript/group1/sub_b/item-__.js[0m:[93m140[0m:[93m14[0m - [91merror[0m[90m TS7005: [0mVariable 'wk' implicitly has an 'any' type.

[7m140[0m      var cto=wk.cb_i_fn.get(m.v.t)
[7m   [0m [91m             ~~[0m

[96mjavascript/group1/sub_b/item-__.js[0m:[93m154[0m:[93m10[0m - [91merror[0m[90m TS2322: [0mType 'number' is not assignable to type 'string'.

[7m154[0m      for(i=0;i<wk.fn.length;i++) {
[7m   [0m [91m         ~[0m

[96mjavascript/group1/sub_b/item-__.js[0m:[93m154[0m:[93m16[0m - [91merror[0m[90m TS7005: [0mVariable 'wk' implicitly has an 'any' type.

[7m154[0m      for(i=0;i<wk.fn.length;i++) {
[7m   [0m [91m               ~~[0m

[96mjavascript/group1/sub_b/item-__.js[0m:[93m154[0m:[93m29[0m - [91merror[0m[90m TS2356: [0mAn arithmetic operand must be of type 'any', 'number', 'bigint' or an enum type.

[7m154[0m      for(i=0;i<wk.fn.length;i++) {
[7m   [0m [91m                            ~[0m

[96mjavascript/group1/sub_b/item-__.js[0m:[93m155[0m:[93m7[0m - [91merror[0m[90m TS7005: [0mVariable 'wk' implicitly has an 'any' type.

[7m155[0m       wk.fn[i](wk)
[7m   [0m [91m      ~~[0m

[96mjavascript/group1/sub_b/item-__.js[0m:[93m155[0m:[93m16[0m - [91merror[0m[90m TS7005: [0mVariable 'wk' implicitly has an 'any' type.

[7m155[0m       wk.fn[i](wk)
[7m   [0m [91m               ~~[0m

[96mjavascript/group1/sub_b/item-__.js[0m:[93m161[0m:[93m10[0m - [91merror[0m[90m TS7005: [0mVariable 'wk' implicitly has an 'any' type.

[7m161[0m      p_a(wk)
[7m   [0m [91m         ~~[0m

[96mjavascript/group1/sub_b/item-__.js[0m:[93m166[0m:[93m14[0m - [91merror[0m[90m TS7005: [0mVariable 'wk' implicitly has an 'any' type.

[7m166[0m      var cto=wk.cb_t_fn.get(z)
[7m   [0m [91m             ~~[0m

[96mjavascript/group1/sub_b/item-__.js[0m:[93m168[0m:[93m6[0m - [91merror[0m[90m TS7005: [0mVariable 'wk' implicitly has an 'any' type.

[7m168[0m      wk.cb_t_fn.delete(z)
[7m   [0m [91m     ~~[0m

[96mjavascript/group1/sub_b/item-__.js[0m:[93m171[0m:[93m14[0m - [91merror[0m[90m TS7005: [0mVariable 'wk' implicitly has an 'any' type.

[7m171[0m      var cto=wk.cb_i_fn.get(m.v)
[7m   [0m [91m             ~~[0m

[96mjavascript/group1/sub_b/item-__.js[0m:[93m175[0m:[93m9[0m - [91merror[0m[90m TS2304: [0mCannot find name 'mnum'.

[7m175[0m      if(mnum>0) {
[7m   [0m [91m        ~~~~[0m

[96mjavascript/group1/sub_b/item-__.js[0m:[93m179[0m:[93m7[0m - [91merror[0m[90m TS2304: [0mCannot find name 'mnum'.

[7m179[0m       mnum--
[7m   [0m [91m      ~~~~[0m

[96mjavascript/group1/sub_b/item-__.js[0m:[93m185[0m:[93m10[0m - [91merror[0m[90m TS2551: [0mProperty 'onmessage_w' does not exist on type 'Worker'. Did you mean 'onmessage'?

[7m185[0m   worker.onmessage_w=function(e) {
[7m   [0m [91m         ~~~~~~~~~~~[0m

  [96mC:/Users/user/AppData/Roaming/npm/node_modules/typescript/lib/lib.dom.d.ts[0m:[93m16990[0m:[93m5[0m
    [7m16990[0m     onmessage: ((this: Worker, ev: MessageEvent) => any) | null;
    [7m     [0m [96m    ~~~~~~~~~[0m
    'onmessage' is declared here.

[96mjavascript/group1/sub_b/item-__.js[0m:[93m185[0m:[93m31[0m - [91merror[0m[90m TS7006: [0mParameter 'e' implicitly has an 'any' type.

[7m185[0m   worker.onmessage_w=function(e) {
[7m   [0m [91m                              ~[0m

[96mjavascript/group1/sub_b/item-__.js[0m:[93m196[0m:[93m53[0m - [91merror[0m[90m TS2339: [0mProperty 'eid' does not exist on type '{}'.

[7m196[0m       eval('h.out='+msg.tx+"\n//# sourceURL=$__."+h.eid)
[7m   [0m [91m                                                    ~~~[0m

[96mjavascript/group1/sub_b/item-__.js[0m:[93m197[0m:[93m9[0m - [91merror[0m[90m TS2339: [0mProperty 'eid' does not exist on type '{}'.

[7m197[0m       h.eid++
[7m   [0m [91m        ~~~[0m

[96mjavascript/group1/sub_b/item-__.js[0m:[93m206[0m:[93m8[0m - [91merror[0m[90m TS2339: [0mProperty 'timer_st_object' does not exist on type '{}'.

[7m206[0m      h.timer_st_object=msg.v
[7m   [0m [91m       ~~~~~~~~~~~~~~~[0m

[96mjavascript/group1/sub_b/item-__.js[0m:[93m254[0m:[93m18[0m - [91merror[0m[90m TS2339: [0mProperty 'out' does not exist on type '{}'.

[7m254[0m      if(typeof h.out=="undefined") {
[7m   [0m [91m                 ~~~[0m

[96mjavascript/group1/sub_b/item-__.js[0m:[93m261[0m:[93m26[0m - [91merror[0m[90m TS2339: [0mProperty 'out' does not exist on type '{}'.

[7m261[0m      eval('onmessage='+h.out.toString()+"\n//# sourceURL=$__."+h.eid)
[7m   [0m [91m                         ~~~[0m

[96mjavascript/group1/sub_b/item-__.js[0m:[93m261[0m:[93m66[0m - [91merror[0m[90m TS2339: [0mProperty 'eid' does not exist on type '{}'.

[7m261[0m      eval('onmessage='+h.out.toString()+"\n//# sourceURL=$__."+h.eid)
[7m   [0m [91m                                                                 ~~~[0m

[96mjavascript/group1/sub_b/item-__.js[0m:[93m262[0m:[93m8[0m - [91merror[0m[90m TS2339: [0mProperty 'eid' does not exist on type '{}'.

[7m262[0m      h.eid++
[7m   [0m [91m       ~~~[0m

[96mjavascript/group1/sub_b/item-__.js[0m:[93m263[0m:[93m15[0m - [91merror[0m[90m TS2339: [0mProperty 'out' does not exist on type '{}'.

[7m263[0m      delete h.out
[7m   [0m [91m              ~~~[0m

[96mjavascript/group1/sub_b/item-__.js[0m:[93m286[0m:[93m26[0m - [91merror[0m[90m TS7006: [0mParameter 'fn' implicitly has an 'any' type.

[7m286[0m   function genworkertime(fn,t) {
[7m   [0m [91m                         ~~[0m

[96mjavascript/group1/sub_b/item-__.js[0m:[93m286[0m:[93m29[0m - [91merror[0m[90m TS7006: [0mParameter 't' implicitly has an 'any' type.

[7m286[0m   function genworkertime(fn,t) {
[7m   [0m [91m                            ~[0m

[96mjavascript/group1/sub_b/item-__.js[0m:[93m301[0m:[93m18[0m - [91merror[0m[90m TS6133: [0m'e' is declared but its value is never read.

[7m301[0m    genworkertime(e => 0)
[7m   [0m [91m                 ~[0m

[96mjavascript/group1/sub_b/item-__.js[0m:[93m301[0m:[93m18[0m - [91merror[0m[90m TS7006: [0mParameter 'e' implicitly has an 'any' type.

[7m301[0m    genworkertime(e => 0)
[7m   [0m [91m                 ~[0m

[96mjavascript/group1/sub_b/item-__.js[0m:[93m303[0m:[93m6[0m - [91merror[0m[90m TS2339: [0mProperty 'jst' does not exist on type '{ fn: any; wk: Worker; }'.

[7m303[0m   wk.jst=setTimeout(function() {})
[7m   [0m [91m     ~~~[0m

[96mjavascript/group1/sub_b/item-__.js[0m:[93m304[0m:[93m6[0m - [91merror[0m[90m TS2339: [0mProperty 'o_jst' does not exist on type '{ fn: any; wk: Worker; }'.

[7m304[0m   wk.o_jst=wk.jst
[7m   [0m [91m     ~~~~~[0m

[96mjavascript/group1/sub_b/item-__.js[0m:[93m304[0m:[93m15[0m - [91merror[0m[90m TS2339: [0mProperty 'jst' does not exist on type '{ fn: any; wk: Worker; }'.

[7m304[0m   wk.o_jst=wk.jst
[7m   [0m [91m              ~~~[0m

[96mjavascript/group1/sub_b/item-__.js[0m:[93m305[0m:[93m19[0m - [91merror[0m[90m TS2339: [0mProperty 'jst' does not exist on type '{ fn: any; wk: Worker; }'.

[7m305[0m   clearTimeout(wk.jst)
[7m   [0m [91m                  ~~~[0m

[96mjavascript/group1/sub_b/item-__.js[0m:[93m306[0m:[93m6[0m - [91merror[0m[90m TS2339: [0mProperty 'jsi' does not exist on type '{ fn: any; wk: Worker; }'.

[7m306[0m   wk.jsi=setInterval(function() {})
[7m   [0m [91m     ~~~[0m

[96mjavascript/group1/sub_b/item-__.js[0m:[93m307[0m:[93m6[0m - [91merror[0m[90m TS2339: [0mProperty 'o_jsi' does not exist on type '{ fn: any; wk: Worker; }'.

[7m307[0m   wk.o_jsi=wk.jsi
[7m   [0m [91m     ~~~~~[0m

[96mjavascript/group1/sub_b/item-__.js[0m:[93m307[0m:[93m15[0m - [91merror[0m[90m TS2339: [0mProperty 'jsi' does not exist on type '{ fn: any; wk: Worker; }'.

[7m307[0m   wk.o_jsi=wk.jsi
[7m   [0m [91m              ~~~[0m

[96mjavascript/group1/sub_b/item-__.js[0m:[93m308[0m:[93m20[0m - [91merror[0m[90m TS2339: [0mProperty 'jsi' does not exist on type '{ fn: any; wk: Worker; }'.

[7m308[0m   clearInterval(wk.jsi)
[7m   [0m [91m                   ~~~[0m

[96mjavascript/group1/sub_b/item-__.js[0m:[93m309[0m:[93m6[0m - [91merror[0m[90m TS2339: [0mProperty 'bur' does not exist on type '{ fn: any; wk: Worker; }'.

[7m309[0m   wk.bur=blobURL
[7m   [0m [91m     ~~~[0m

[96mjavascript/group1/sub_b/item-__.js[0m:[93m313[0m:[93m15[0m - [91merror[0m[90m TS2551: [0mProperty 'onmessage_w' does not exist on type 'Worker'. Did you mean 'onmessage'?

[7m313[0m    tx: worker.onmessage_w.toString()
[7m   [0m [91m              ~~~~~~~~~~~[0m

  [96mC:/Users/user/AppData/Roaming/npm/node_modules/typescript/lib/lib.dom.d.ts[0m:[93m16990[0m:[93m5[0m
    [7m16990[0m     onmessage: ((this: Worker, ev: MessageEvent) => any) | null;
    [7m     [0m [96m    ~~~~~~~~~[0m
    'onmessage' is declared here.

[96mjavascript/group1/sub_b/item-__.js[0m:[93m315[0m:[93m6[0m - [91merror[0m[90m TS2339: [0mProperty 'noframe' does not exist on type '{ fn: any; wk: Worker; }'.

[7m315[0m   wk.noframe=0
[7m   [0m [91m     ~~~~~~~[0m

[96mjavascript/group1/sub_b/item-__.js[0m:[93m318[0m:[93m6[0m - [91merror[0m[90m TS7034: [0mVariable 'wait' implicitly has type 'any[]' in some locations where its type cannot be determined.

[7m318[0m  var wait=[]
[7m   [0m [91m     ~~~~[0m

[96mjavascript/group1/sub_b/item-__.js[0m:[93m319[0m:[93m37[0m - [91merror[0m[90m TS7005: [0mVariable 'wait' implicitly has an 'any[]' type.

[7m319[0m  var res=new Promise(dofn.bind(null,wait))
[7m   [0m [91m                                    ~~~~[0m

[96mjavascript/group1/sub_b/item-__.js[0m:[93m320[0m:[93m19[0m - [91merror[0m[90m TS7006: [0mParameter 'wk' implicitly has an 'any' type.

[7m320[0m  var tfn=function(wk) {
[7m   [0m [91m                  ~~[0m

[96mjavascript/group1/sub_b/item-__.js[0m:[93m324[0m:[93m10[0m - [91merror[0m[90m TS7005: [0mVariable 'wait' implicitly has an 'any[]' type.

[7m324[0m     jst: wait.jst,
[7m   [0m [91m         ~~~~[0m

[96mjavascript/group1/sub_b/item-__.js[0m:[93m324[0m:[93m15[0m - [91merror[0m[90m TS2339: [0mProperty 'jst' does not exist on type 'any[]'.

[7m324[0m     jst: wait.jst,
[7m   [0m [91m              ~~~[0m

[96mjavascript/group1/sub_b/item-__.js[0m:[93m325[0m:[93m10[0m - [91merror[0m[90m TS7005: [0mVariable 'wait' implicitly has an 'any[]' type.

[7m325[0m     jsi: wait.jsi
[7m   [0m [91m         ~~~~[0m

[96mjavascript/group1/sub_b/item-__.js[0m:[93m325[0m:[93m15[0m - [91merror[0m[90m TS2339: [0mProperty 'jsi' does not exist on type 'any[]'.

[7m325[0m     jsi: wait.jsi
[7m   [0m [91m              ~~~[0m

[96mjavascript/group1/sub_b/item-__.js[0m:[93m334[0m:[93m3[0m - [91merror[0m[90m TS2630: [0mCannot assign to 'setTimeout' because it is a function.

[7m334[0m   setTimeout=msetTimeout
[7m   [0m [91m  ~~~~~~~~~~[0m

[96mjavascript/group1/sub_b/item-__.js[0m:[93m334[0m:[93m14[0m - [91merror[0m[90m TS2304: [0mCannot find name 'msetTimeout'.

[7m334[0m   setTimeout=msetTimeout
[7m   [0m [91m             ~~~~~~~~~~~[0m

[96mjavascript/group1/sub_b/item-__.js[0m:[93m335[0m:[93m3[0m - [91merror[0m[90m TS2630: [0mCannot assign to 'setInterval' because it is a function.

[7m335[0m   setInterval=msetInterval
[7m   [0m [91m  ~~~~~~~~~~~[0m

[96mjavascript/group1/sub_b/item-__.js[0m:[93m335[0m:[93m15[0m - [91merror[0m[90m TS2304: [0mCannot find name 'msetInterval'.

[7m335[0m   setInterval=msetInterval
[7m   [0m [91m              ~~~~~~~~~~~~[0m

[96mjavascript/group1/sub_b/item-__.js[0m:[93m336[0m:[93m3[0m - [91merror[0m[90m TS2630: [0mCannot assign to 'clearTimeout' because it is a function.

[7m336[0m   clearTimeout=mclearTimeout
[7m   [0m [91m  ~~~~~~~~~~~~[0m

[96mjavascript/group1/sub_b/item-__.js[0m:[93m336[0m:[93m16[0m - [91merror[0m[90m TS2304: [0mCannot find name 'mclearTimeout'.

[7m336[0m   clearTimeout=mclearTimeout
[7m   [0m [91m               ~~~~~~~~~~~~~[0m

[96mjavascript/group1/sub_b/item-__.js[0m:[93m337[0m:[93m3[0m - [91merror[0m[90m TS2630: [0mCannot assign to 'clearInterval' because it is a function.

[7m337[0m   clearInterval=mclearInterval
[7m   [0m [91m  ~~~~~~~~~~~~~[0m

[96mjavascript/group1/sub_b/item-__.js[0m:[93m337[0m:[93m17[0m - [91merror[0m[90m TS2304: [0mCannot find name 'mclearInterval'.

[7m337[0m   clearInterval=mclearInterval
[7m   [0m [91m                ~~~~~~~~~~~~~~[0m

[96mjavascript/group1/sub_b/item-__.js[0m:[93m340[0m:[93m6[0m - [91merror[0m[90m TS7023: [0m'dfn' implicitly has return type 'any' because it does not have a return type annotation and is referenced directly or indirectly in one of its return expressions.

[7m340[0m  var dfn=function(resa) {
[7m   [0m [91m     ~~~[0m

[96mjavascript/group1/sub_b/item-__.js[0m:[93m340[0m:[93m19[0m - [91merror[0m[90m TS7006: [0mParameter 'resa' implicitly has an 'any' type.

[7m340[0m  var dfn=function(resa) {
[7m   [0m [91m                  ~~~~[0m

[96mjavascript/group1/sub_b/item-__.js[0m:[93m342[0m:[93m35[0m - [91merror[0m[90m TS7005: [0mVariable 'wait' implicitly has an 'any[]' type.

[7m342[0m    res=new Promise(dofn.bind(null,wait))
[7m   [0m [91m                                  ~~~~[0m

[96mjavascript/group1/sub_b/item-__.js[0m:[93m345[0m:[93m4[0m - [91merror[0m[90m TS2304: [0mCannot find name 'wk'.

[7m345[0m    wk=resa
[7m   [0m [91m   ~~[0m

[96mjavascript/group1/sub_c/item-_a.js[0m:[93m13[0m:[93m12[0m - [91merror[0m[90m TS2339: [0mProperty 'wk' does not exist on type 'Window & typeof globalThis'.

[7m13[0m  if(window.wk) {
[7m  [0m [91m           ~~[0m

[96mjavascript/group1/sub_c/item-_a.js[0m:[93m14[0m:[93m13[0m - [91merror[0m[90m TS2339: [0mProperty 'wk' does not exist on type 'Window & typeof globalThis'.

[7m14[0m   if(window.wk.bur) {
[7m  [0m [91m            ~~[0m

[96mjavascript/group1/sub_c/item-_a.js[0m:[93m15[0m:[93m11[0m - [91merror[0m[90m TS2339: [0mProperty 'wk' does not exist on type 'Window & typeof globalThis'.

[7m15[0m    window.wk.wk.terminate()
[7m  [0m [91m          ~~[0m

[96mjavascript/group1/sub_c/item-_a.js[0m:[93m16[0m:[93m38[0m - [91merror[0m[90m TS2339: [0mProperty 'wk' does not exist on type 'Window & typeof globalThis'.

[7m16[0m    window.URL.revokeObjectURL(window.wk.bur)
[7m  [0m [91m                                     ~~[0m

[96mjavascript/group1/sub_c/item-_a.js[0m:[93m17[0m:[93m24[0m - [91merror[0m[90m TS2339: [0mProperty 'wk' does not exist on type 'Window & typeof globalThis'.

[7m17[0m    clearTimeout(window.wk.sto)
[7m  [0m [91m                       ~~[0m

[96mjavascript/group1/sub_c/item-_a.js[0m:[93m18[0m:[93m18[0m - [91merror[0m[90m TS2339: [0mProperty 'wk' does not exist on type 'Window & typeof globalThis'.

[7m18[0m    delete window.wk
[7m  [0m [91m                 ~~[0m

[96mjavascript/group1/sub_c/item-_a.js[0m:[93m27[0m:[93m9[0m - [91merror[0m[90m TS2339: [0mProperty 'wk' does not exist on type 'Window & typeof globalThis'.

[7m27[0m  window.wk=wk
[7m  [0m [91m        ~~[0m

[96mjavascript/group1/sub_c/item-_a.js[0m:[93m44[0m:[93m8[0m - [91merror[0m[90m TS2339: [0mProperty 'fn' does not exist on type '{ wk: Worker; bur: string; }'.

[7m44[0m     wk.fn()
[7m  [0m [91m       ~~[0m

[96mjavascript/group1/sub_c/item-_a.js[0m:[93m68[0m:[93m1[0m - [91merror[0m[90m TS2349: [0mThis expression is not callable.
  Type 'void' has no call signatures.

[7m68[0m dofn()
[7m  [0m [91m~~~~~~[0m

  [96mjavascript/group1/sub_c/item-_a.js[0m:[93m68[0m:[93m1[0m
    [7m68[0m dofn()
    [7m  [0m [96m~~~~~~[0m
    Are you missing a semicolon?

[96mjavascript/group1/sub_c/item-_a.js[0m:[93m73[0m:[93m6[0m - [91merror[0m[90m TS6133: [0m'abslbin' is declared but its value is never read.

[7m73[0m  var abslbin=(/** @type {number} */ v) => {
[7m  [0m [91m     ~~~~~~~[0m

[96mjavascript/group1/sub_c/item-_a.js[0m:[93m80[0m:[93m26[0m - [91merror[0m[90m TS2339: [0mProperty 'money' does not exist on type '{}'.

[7m80[0m   var val=absldec(player.money)
[7m  [0m [91m                         ~~~~~[0m

[96mjavascript/group1/sub_c/item-_a.js[0m:[93m84[0m:[93m26[0m - [91merror[0m[90m TS2339: [0mProperty 'money' does not exist on type '{}'.

[7m84[0m   var val=absldec(player.money)/2
[7m  [0m [91m                         ~~~~~[0m

[96mjavascript/group1/sub_c/item-_a.js[0m:[93m91[0m:[93m23[0m - [91merror[0m[90m TS2339: [0mProperty 'money' does not exist on type '{}'.

[7m91[0m   var val=absl(player.money)/2
[7m  [0m [91m                      ~~~~~[0m

[96mjavascript/group1/sub_c/item-_a.js[0m:[93m109[0m:[93m23[0m - [91merror[0m[90m TS2339: [0mProperty 'money' does not exist on type '{}'.

[7m109[0m   var div=absl(player.money)/4
[7m   [0m [91m                      ~~~~~[0m

[96mjavascript/group1/sub_c/item-_a.js[0m:[93m113[0m:[93m28[0m - [91merror[0m[90m TS2339: [0mProperty 'clickPower' does not exist on type '{}'.

[7m113[0m   var cp=Math.floor(player.clickPower*(newcp/div))
[7m   [0m [91m                           ~~~~~~~~~~[0m

[96mjavascript/group1/sub_c/item-_a.js[0m:[93m117[0m:[93m4[0m - [91merror[0m[90m TS2531: [0mObject is possibly 'null'.

[7m117[0m    document.querySelector("#version").innerHTML="count:"+e+"<br>%pow gain:"+(((cp/oc)-1)*100).toFixed(4)+"%"
[7m   [0m [91m   ~~~~~~~~~~~~~~~~~~~~~~~~~~~~~~~~~~[0m

[96mjavascript/group1/sub_c/item-_a.js[0m:[93m121[0m:[93m4[0m - [91merror[0m[90m TS2531: [0mObject is possibly 'null'.

[7m121[0m    document.querySelector("#version").innerHTML="RESET<br>used_"+(cur-cp)
[7m   [0m [91m   ~~~~~~~~~~~~~~~~~~~~~~~~~~~~~~~~~~[0m

[96mjavascript/group1/sub_c/item-_a.js[0m:[93m126[0m:[93m3[0m - [91merror[0m[90m TS2304: [0mCannot find name 'moneyButtonClick'.

[7m126[0m   moneyButtonClick(cp)
[7m   [0m [91m  ~~~~~~~~~~~~~~~~[0m

[96mjavascript/group1/sub_c/item-_a.js[0m:[93m127[0m:[93m10[0m - [91merror[0m[90m TS2339: [0mProperty 'totalManualClicks' does not exist on type '{}'.

[7m127[0m   player.totalManualClicks+=cp
[7m   [0m [91m         ~~~~~~~~~~~~~~~~~[0m

[96mjavascript/group1/sub_c/item-_a.js[0m:[93m134[0m:[93m3[0m - [91merror[0m[90m TS2304: [0mCannot find name 'wk'.

[7m134[0m   wk.sto=setTimeout(efn,500)
[7m   [0m [91m  ~~[0m

[96mjavascript/group1/sub_c/item-_a.js[0m:[93m137[0m:[93m12[0m - [91merror[0m[90m TS2339: [0mProperty 'money' does not exist on type '{}'.

[7m137[0m  if(player.money===0.1) {
[7m   [0m [91m           ~~~~~[0m

[96mjavascript/group1/sub_c/item-_a.js[0m:[93m138[0m:[93m3[0m - [91merror[0m[90m TS2304: [0mCannot find name 'moneyButtonClick'.

[7m138[0m   moneyButtonClick(1)
[7m   [0m [91m  ~~~~~~~~~~~~~~~~[0m

[96mjavascript/group1/sub_c/item-_b.js[0m:[93m1[0m:[93m16[0m - [91merror[0m[90m TS7006: [0mParameter 'fn' implicitly has an 'any' type.

[7m1[0m var z=function(fn,cbfn,ex) {
[7m [0m [91m               ~~[0m

[96mjavascript/group1/sub_c/item-_b.js[0m:[93m1[0m:[93m19[0m - [91merror[0m[90m TS7006: [0mParameter 'cbfn' implicitly has an 'any' type.

[7m1[0m var z=function(fn,cbfn,ex) {
[7m [0m [91m                  ~~~~[0m

[96mjavascript/group1/sub_c/item-_b.js[0m:[93m1[0m:[93m24[0m - [91merror[0m[90m TS7006: [0mParameter 'ex' implicitly has an 'any' type.

[7m1[0m var z=function(fn,cbfn,ex) {
[7m [0m [91m                       ~~[0m

[96mjavascript/group1/sub_c/item-_b.js[0m:[93m3[0m:[93m18[0m - [91merror[0m[90m TS7006: [0mParameter 'a' implicitly has an 'any' type.

[7m3[0m  var wt=function(a) {
[7m [0m [91m                 ~[0m

[96mjavascript/group1/sub_c/item-_b.js[0m:[93m6[0m:[93m19[0m - [91merror[0m[90m TS7006: [0mParameter 'dl' implicitly has an 'any' type.

[7m6[0m  fn.wait=function(dl) {
[7m [0m [91m                  ~~[0m

[96mjavascript/group1/sub_c/item-_b.js[0m:[93m19[0m:[93m9[0m - [91merror[0m[90m TS7006: [0mParameter 'ex' implicitly has an 'any' type.

[7m19[0m   reset(ex) {
[7m  [0m [91m        ~~[0m

[96mjavascript/group1/sub_c/item-_b.js[0m:[93m23[0m:[93m7[0m - [91merror[0m[90m TS2339: [0mProperty 'p' does not exist on type '(Anonymous class)'.

[7m23[0m     t.p=fn(fn)
[7m  [0m [91m      ~[0m

[96mjavascript/group1/sub_c/item-_b.js[0m:[93m25[0m:[93m8[0m - [91merror[0m[90m TS2349: [0mThis expression is not callable.
  Type 'never' has no call signatures.

[7m25[0m      t.promise_result()
[7m  [0m [91m       ~~~~~~~~~~~~~~[0m

[96mjavascript/group1/sub_c/item-_b.js[0m:[93m31[0m:[93m9[0m - [91merror[0m[90m TS2349: [0mThis expression is not callable.
  Type 'never' has no call signatures.

[7m31[0m       t.precreate()
[7m  [0m [91m        ~~~~~~~~~[0m

[96mjavascript/group1/sub_c/item-_b.js[0m:[93m33[0m:[93m8[0m - [91merror[0m[90m TS2339: [0mProperty 'p' does not exist on type '(Anonymous class)'.

[7m33[0m      t.p=fn(fn)
[7m  [0m [91m       ~[0m

[96mjavascript/group1/sub_c/item-_b.js[0m:[93m35[0m:[93m9[0m - [91merror[0m[90m TS2349: [0mThis expression is not callable.
  Type 'never' has no call signatures.

[7m35[0m       t.promise_result()
[7m  [0m [91m        ~~~~~~~~~~~~~~[0m

[96mjavascript/group1/sub_c/item-_b.js[0m:[93m40[0m:[93m7[0m - [91merror[0m[90m TS2339: [0mProperty 'p' does not exist on type '(Anonymous class)'.

[7m40[0m     t.p=Promise.resolve(t)
[7m  [0m [91m      ~[0m

[96mjavascript/group1/sub_c/item-_b.js[0m:[93m41[0m:[93m7[0m - [91merror[0m[90m TS2339: [0mProperty 'p' does not exist on type '(Anonymous class)'.

[7m41[0m     t.p.then(function() {
[7m  [0m [91m      ~[0m

[96mjavascript/group1/sub_c/item-_b.js[0m:[93m43[0m:[93m9[0m - [91merror[0m[90m TS2349: [0mThis expression is not callable.
  Type 'never' has no call signatures.

[7m43[0m       t.precreate()
[7m  [0m [91m        ~~~~~~~~~[0m

[96mjavascript/group1/sub_c/item-_b.js[0m:[93m45[0m:[93m8[0m - [91merror[0m[90m TS2339: [0mProperty 'p' does not exist on type '(Anonymous class)'.

[7m45[0m      t.p=fn(fn)
[7m  [0m [91m       ~[0m

[96mjavascript/group1/sub_c/item-_b.js[0m:[93m47[0m:[93m9[0m - [91merror[0m[90m TS2349: [0mThis expression is not callable.
  Type 'never' has no call signatures.

[7m47[0m       t.promise_result()
[7m  [0m [91m        ~~~~~~~~~~~~~~[0m

[96mjavascript/group1/sub_c/item-_b.js[0m:[93m71[0m:[93m6[0m - [91merror[0m[90m TS2339: [0mProperty 'p' does not exist on type '(Anonymous class)'.

[7m71[0m   nc.p.then(e => console.log("timeout done"))
[7m  [0m [91m     ~[0m

[96mjavascript/group1/sub_c/item-_b.js[0m:[93m71[0m:[93m13[0m - [91merror[0m[90m TS6133: [0m'e' is declared but its value is never read.

[7m71[0m   nc.p.then(e => console.log("timeout done"))
[7m  [0m [91m            ~[0m

[96mjavascript/group1/sub_c/item-_b.js[0m:[93m71[0m:[93m13[0m - [91merror[0m[90m TS7006: [0mParameter 'e' implicitly has an 'any' type.

[7m71[0m   nc.p.then(e => console.log("timeout done"))
[7m  [0m [91m            ~[0m

[96mjavascript/group1/sub_c/item-_b.js[0m:[93m73[0m:[93m20[0m - [91merror[0m[90m TS7006: [0mParameter 'e' implicitly has an 'any' type.

[7m73[0m  var mlis=function(e) {
[7m  [0m [91m                   ~[0m

[96mjavascript/group1/sub_c/item-_b.js[0m:[93m80[0m:[93m2[0m - [91merror[0m[90m TS2322: [0mType '(e: any) => void' is not assignable to type 'null'.

[7m80[0m  nc.precreate=e => window.addEventListener("message",mlis)
[7m  [0m [91m ~~~~~~~~~~~~[0m

[96mjavascript/group1/sub_c/item-_b.js[0m:[93m80[0m:[93m15[0m - [91merror[0m[90m TS6133: [0m'e' is declared but its value is never read.

[7m80[0m  nc.precreate=e => window.addEventListener("message",mlis)
[7m  [0m [91m              ~[0m

[96mjavascript/group1/sub_c/item-_b.js[0m:[93m80[0m:[93m15[0m - [91merror[0m[90m TS7006: [0mParameter 'e' implicitly has an 'any' type.

[7m80[0m  nc.precreate=e => window.addEventListener("message",mlis)
[7m  [0m [91m              ~[0m

[96mjavascript/group1/sub_c/item-_b.js[0m:[93m82[0m:[93m6[0m - [91merror[0m[90m TS6133: [0m'pr' is declared but its value is never read.

[7m82[0m  var pr
[7m  [0m [91m     ~~[0m

[96mjavascript/group1/sub_c/item-_b.js[0m:[93m90[0m:[93m24[0m - [91merror[0m[90m TS7006: [0mParameter 'gid' implicitly has an 'any' type.

[7m90[0m var get_p_val=function(gid) {
[7m  [0m [91m                       ~~~[0m

[96mjavascript/group1/sub_c/item-_b.js[0m:[93m91[0m:[93m9[0m - [91merror[0m[90m TS2304: [0mCannot find name 'getPrestigeGain'.

[7m91[0m  return getPrestigeGain(player.generators[gid].prestigeAmount).logarithm
[7m  [0m [91m        ~~~~~~~~~~~~~~~[0m

[96mjavascript/group1/sub_c/item-_b.js[0m:[93m91[0m:[93m32[0m - [91merror[0m[90m TS2339: [0mProperty 'generators' does not exist on type '{}'.

[7m91[0m  return getPrestigeGain(player.generators[gid].prestigeAmount).logarithm
[7m  [0m [91m                               ~~~~~~~~~~[0m

[96mjavascript/group1/sub_c/item-_b.js[0m:[93m93[0m:[93m5[0m - [91merror[0m[90m TS2451: [0mCannot redeclare block-scoped variable 'b'.

[7m93[0m var b=async function(fn) {
[7m  [0m [91m    ~[0m

  [96mjavascript/website_hacking/google_no_dbg/module_loader_resolve.d.ts[0m:[93m1[0m:[93m20[0m
    [7m1[0m declare let a: any,b: any;
    [7m [0m [96m                   ~[0m
    'b' was also declared here.

[96mjavascript/group1/sub_c/item-_b.js[0m:[93m93[0m:[93m22[0m - [91merror[0m[90m TS7006: [0mParameter 'fn' implicitly has an 'any' type.

[7m93[0m var b=async function(fn) {
[7m  [0m [91m                     ~~[0m

[96mjavascript/group1/sub_c/item-_b.js[0m:[93m94[0m:[93m17[0m - [91merror[0m[90m TS2339: [0mProperty 'generators' does not exist on type '{}'.

[7m94[0m  var gid=player.generators.length-3
[7m  [0m [91m                ~~~~~~~~~~[0m

[96mjavascript/group1/sub_c/item-_b.js[0m:[93m95[0m:[93m6[0m - [91merror[0m[90m TS6133: [0m'zc' is declared but its value is never read.

[7m95[0m  var zc=0
[7m  [0m [91m     ~~[0m

[96mjavascript/group1/sub_c/item-_b.js[0m:[93m96[0m:[93m9[0m - [91merror[0m[90m TS2339: [0mProperty 'generators' does not exist on type '{}'.

[7m96[0m  player.generators[gid-1].prestigeGain=true
[7m  [0m [91m        ~~~~~~~~~~[0m

[96mjavascript/group1/sub_c/item-_b.js[0m:[93m97[0m:[93m9[0m - [91merror[0m[90m TS2339: [0mProperty 'generators' does not exist on type '{}'.

[7m97[0m  player.generators[gid].autoMaxAll=true
[7m  [0m [91m        ~~~~~~~~~~[0m

[96mjavascript/group1/sub_c/item-_b.js[0m:[93m99[0m:[93m6[0m - [91merror[0m[90m TS6133: [0m'clog' is declared but its value is never read.

[7m99[0m  var clog=slog
[7m  [0m [91m     ~~~~[0m

[96mjavascript/group1/sub_c/item-_b.js[0m:[93m111[0m:[93m6[0m - [91merror[0m[90m TS6133: [0m'pdr' is declared but its value is never read.

[7m111[0m  var pdr=0
[7m   [0m [91m     ~~~[0m

[96mjavascript/group1/sub_c/item-_b.js[0m:[93m112[0m:[93m2[0m - [91merror[0m[90m TS2304: [0mCannot find name 'gx'.

[7m112[0m  gx++
[7m   [0m [91m ~~[0m

[96mjavascript/group1/sub_c/item-_b.js[0m:[93m114[0m:[93m6[0m - [91merror[0m[90m TS6133: [0m'div' is declared but its value is never read.

[7m114[0m  var div=fn.div
[7m   [0m [91m     ~~~[0m

[96mjavascript/group1/sub_c/item-_b.js[0m:[93m115[0m:[93m10[0m - [91merror[0m[90m TS2304: [0mCannot find name 'pd'.

[7m115[0m  var pdp=pd
[7m   [0m [91m         ~~[0m

[96mjavascript/group1/sub_c/item-_b.js[0m:[93m116[0m:[93m2[0m - [91merror[0m[90m TS2304: [0mCannot find name 'pd'.

[7m116[0m  pd=pdi
[7m   [0m [91m ~~[0m

[96mjavascript/group1/sub_c/item-_b.js[0m:[93m118[0m:[93m5[0m - [91merror[0m[90m TS2304: [0mCannot find name 'gx'.

[7m118[0m  if(gx%80==0||percentgencur<0.04*0.86||percentgencur>10) {
[7m   [0m [91m    ~~[0m

[96mjavascript/group1/sub_c/item-_b.js[0m:[93m121[0m:[93m19[0m - [91merror[0m[90m TS2304: [0mCannot find name 'pd'.

[7m121[0m   console.log("I",pd,performance.now()-ps)
[7m   [0m [91m                  ~~[0m

[96mjavascript/group1/sub_c/item-_b.js[0m:[93m124[0m:[93m10[0m - [91merror[0m[90m TS2304: [0mCannot find name 'pd'.

[7m124[0m   return pd
[7m   [0m [91m         ~~[0m

[96mjavascript/group1/sub_c/item-_b.js[0m:[93m128[0m:[93m10[0m - [91merror[0m[90m TS2304: [0mCannot find name 'pd'.

[7m128[0m   return pd
[7m   [0m [91m         ~~[0m

[96mjavascript/group1/sub_c/item-_b.js[0m:[93m132[0m:[93m10[0m - [91merror[0m[90m TS2304: [0mCannot find name 'pd'.

[7m132[0m   return pd
[7m   [0m [91m         ~~[0m

[96mjavascript/group1/sub_c/item-_b.js[0m:[93m134[0m:[93m2[0m - [91merror[0m[90m TS2304: [0mCannot find name 'prestige'.

[7m134[0m  prestige(gid)
[7m   [0m [91m ~~~~~~~~[0m

[96mjavascript/group1/sub_c/item-_b.js[0m:[93m136[0m:[93m2[0m - [91merror[0m[90m TS2304: [0mCannot find name 'maxAll'.

[7m136[0m  maxAll(gid+1)
[7m   [0m [91m ~~~~~~[0m

[96mjavascript/group1/sub_c/item-_b.js[0m:[93m138[0m:[93m10[0m - [91merror[0m[90m TS2304: [0mCannot find name 'pd'.

[7m138[0m   return pd
[7m   [0m [91m         ~~[0m

[96mjavascript/group1/sub_c/item-_b.js[0m:[93m140[0m:[93m7[0m - [91merror[0m[90m TS2304: [0mCannot find name 'ix'.

[7m140[0m  if(++ix<lim) {
[7m   [0m [91m      ~~[0m

[96mjavascript/group1/sub_c/item-_b.js[0m:[93m140[0m:[93m10[0m - [91merror[0m[90m TS2304: [0mCannot find name 'lim'.

[7m140[0m  if(++ix<lim) {
[7m   [0m [91m         ~~~[0m

[96mjavascript/group1/sub_c/item-_b.js[0m:[93m141[0m:[93m21[0m - [91merror[0m[90m TS2304: [0mCannot find name 'ix'.

[7m141[0m   console.log("max",ix)
[7m   [0m [91m                    ~~[0m

[96mjavascript/group1/sub_c/item-_b.js[0m:[93m144[0m:[93m10[0m - [91merror[0m[90m TS2304: [0mCannot find name 'pd'.

[7m144[0m   return pd
[7m   [0m [91m         ~~[0m

[96mjavascript/group1/sub_c/item-_b.js[0m:[93m146[0m:[93m2[0m - [91merror[0m[90m TS2304: [0mCannot find name 'ix'.

[7m146[0m  ix=0
[7m   [0m [91m ~~[0m

[96mjavascript/group1/sub_c/item-_b.js[0m:[93m148[0m:[93m2[0m - [91merror[0m[90m TS2304: [0mCannot find name 'prestige'.

[7m148[0m  prestige(gid+1)
[7m   [0m [91m ~~~~~~~~[0m

[96mjavascript/group1/sub_c/item-_b.js[0m:[93m150[0m:[93m27[0m - [91merror[0m[90m TS2339: [0mProperty 'generators' does not exist on type '{}'.

[7m150[0m  var tlen,tarl,tar=player.generators[d]
[7m   [0m [91m                          ~~~~~~~~~~[0m

[96mjavascript/group1/sub_c/item-_b.js[0m:[93m152[0m:[93m5[0m - [91merror[0m[90m TS2304: [0mCannot find name 'getPrestigeGain'.

[7m152[0m  if(getPrestigeGain(player.generators[d].prestigeAmount).logarithm>0.5) {
[7m   [0m [91m    ~~~~~~~~~~~~~~~[0m

[96mjavascript/group1/sub_c/item-_b.js[0m:[93m152[0m:[93m28[0m - [91merror[0m[90m TS2339: [0mProperty 'generators' does not exist on type '{}'.

[7m152[0m  if(getPrestigeGain(player.generators[d].prestigeAmount).logarithm>0.5) {
[7m   [0m [91m                           ~~~~~~~~~~[0m

[96mjavascript/group1/sub_c/item-_b.js[0m:[93m153[0m:[93m3[0m - [91merror[0m[90m TS2304: [0mCannot find name 'prestige'.

[7m153[0m   prestige(d)
[7m   [0m [91m  ~~~~~~~~[0m

[96mjavascript/group1/sub_c/item-_b.js[0m:[93m155[0m:[93m14[0m - [91merror[0m[90m TS2339: [0mProperty 'generators' does not exist on type '{}'.

[7m155[0m   tar=player.generators[d+1]
[7m   [0m [91m             ~~~~~~~~~~[0m

[96mjavascript/group1/sub_c/item-_b.js[0m:[93m159[0m:[93m4[0m - [91merror[0m[90m TS2304: [0mCannot find name 'buyMaxGenerator'.

[7m159[0m    buyMaxGenerator(d+1,i-1)
[7m   [0m [91m   ~~~~~~~~~~~~~~~[0m

[96mjavascript/group1/sub_c/item-_b.js[0m:[93m167[0m:[93m17[0m - [91merror[0m[90m TS2339: [0mProperty 'generators' does not exist on type '{}'.

[7m167[0m   var gl=player.generators.length-3
[7m   [0m [91m                ~~~~~~~~~~[0m

[96mjavascript/group1/sub_c/item-_b.js[0m:[93m168[0m:[93m10[0m - [91merror[0m[90m TS2339: [0mProperty 'generators' does not exist on type '{}'.

[7m168[0m   player.generators[gl-1].prestigeGain=true
[7m   [0m [91m         ~~~~~~~~~~[0m

[96mjavascript/group1/sub_c/item-_b.js[0m:[93m169[0m:[93m10[0m - [91merror[0m[90m TS2339: [0mProperty 'generators' does not exist on type '{}'.

[7m169[0m   player.generators[gl].autoMaxAll=true
[7m   [0m [91m         ~~~~~~~~~~[0m

[96mjavascript/group1/sub_c/item-_b.js[0m:[93m171[0m:[93m3[0m - [91merror[0m[90m TS2304: [0mCannot find name 'prestige'.

[7m171[0m   prestige(d+1)
[7m   [0m [91m  ~~~~~~~~[0m

[96mjavascript/group1/sub_c/item-_b.js[0m:[93m172[0m:[93m13[0m - [91merror[0m[90m TS2339: [0mProperty 'generators' does not exist on type '{}'.

[7m172[0m   if(player.generators[d+2]) {
[7m   [0m [91m            ~~~~~~~~~~[0m

[96mjavascript/group1/sub_c/item-_b.js[0m:[93m176[0m:[93m14[0m - [91merror[0m[90m TS2339: [0mProperty 'generators' does not exist on type '{}'.

[7m176[0m   tar=player.generators[d+1]
[7m   [0m [91m             ~~~~~~~~~~[0m

[96mjavascript/group1/sub_c/item-_b.js[0m:[93m180[0m:[93m4[0m - [91merror[0m[90m TS2304: [0mCannot find name 'buyMaxGenerator'.

[7m180[0m    buyMaxGenerator(d+1,i-1)
[7m   [0m [91m   ~~~~~~~~~~~~~~~[0m

[96mjavascript/group1/sub_c/item-_b.js[0m:[93m189[0m:[93m38[0m - [91merror[0m[90m TS2339: [0mProperty 'generators' does not exist on type '{}'.

[7m189[0m   await fn.wait(200*Math.log2(player.generators.length))
[7m   [0m [91m                                     ~~~~~~~~~~[0m

[96mjavascript/group1/sub_c/item-_b.js[0m:[93m190[0m:[93m10[0m - [91merror[0m[90m TS2304: [0mCannot find name 'pd'.

[7m190[0m   return pd
[7m   [0m [91m         ~~[0m

[96mjavascript/group1/sub_c/item-_b.js[0m:[93m195[0m:[93m3[0m - [91merror[0m[90m TS2304: [0mCannot find name 'buyMaxGenerator'.

[7m195[0m   buyMaxGenerator(d,i-1)
[7m   [0m [91m  ~~~~~~~~~~~~~~~[0m

[96mjavascript/group1/sub_c/item-_b.js[0m:[93m203[0m:[93m37[0m - [91merror[0m[90m TS2339: [0mProperty 'generators' does not exist on type '{}'.

[7m203[0m  await fn.wait(200*Math.log2(player.generators.length))
[7m   [0m [91m                                    ~~~~~~~~~~[0m

[96mjavascript/group1/sub_c/item-_b.js[0m:[93m204[0m:[93m9[0m - [91merror[0m[90m TS2304: [0mCannot find name 'pd'.

[7m204[0m  return pd
[7m   [0m [91m        ~~[0m

[96mjavascript/group1/sub_c/item-_b.js[0m:[93m206[0m:[93m1[0m - [91merror[0m[90m TS2304: [0mCannot find name 'gx'.

[7m206[0m gx=0
[7m   [0m [91m~~[0m

[96mjavascript/group1/sub_c/item-_b.js[0m:[93m207[0m:[93m1[0m - [91merror[0m[90m TS2304: [0mCannot find name 'ix'.

[7m207[0m ix=0
[7m   [0m [91m~~[0m

[96mjavascript/group1/sub_c/item-_b.js[0m:[93m208[0m:[93m1[0m - [91merror[0m[90m TS2304: [0mCannot find name 'first'.

[7m208[0m first=1
[7m   [0m [91m~~~~~[0m

[96mjavascript/group1/sub_c/item-_b.js[0m:[93m209[0m:[93m1[0m - [91merror[0m[90m TS2304: [0mCannot find name 'lim'.

[7m209[0m lim=17
[7m   [0m [91m~~~[0m

[96mjavascript/group1/sub_c/item-_b.js[0m:[93m210[0m:[93m1[0m - [91merror[0m[90m TS2304: [0mCannot find name 'pd'.

[7m210[0m pd=10
[7m   [0m [91m~~[0m

[96mjavascript/group1/sub_c/item-_b.js[0m:[93m212[0m:[93m12[0m - [91merror[0m[90m TS6133: [0m'e' is declared but its value is never read.

[7m212[0m  a.p.catch(e => delete a)
[7m   [0m [91m           ~[0m

[96mjavascript/group1/sub_c/item-_b.js[0m:[93m212[0m:[93m12[0m - [91merror[0m[90m TS7006: [0mParameter 'e' implicitly has an 'any' type.

[7m212[0m  a.p.catch(e => delete a)
[7m   [0m [91m           ~[0m

[96mjavascript/group1/sub_c/item-_b.js[0m:[93m212[0m:[93m24[0m - [91merror[0m[90m TS1102: [0m'delete' cannot be called on an identifier in strict mode.

[7m212[0m  a.p.catch(e => delete a)
[7m   [0m [91m                       ~[0m

[96mjavascript/group1/sub_c/item-_b.js[0m:[93m212[0m:[93m24[0m - [91merror[0m[90m TS2703: [0mThe operand of a 'delete' operator must be a property reference.

[7m212[0m  a.p.catch(e => delete a)
[7m   [0m [91m                       ~[0m

[96mjavascript/group1/sub_c/item-_c.js[0m:[93m1[0m:[93m16[0m - [91merror[0m[90m TS7006: [0mParameter 'fn' implicitly has an 'any' type.

[7m1[0m var z=function(fn,cbfn,ex) {
[7m [0m [91m               ~~[0m

[96mjavascript/group1/sub_c/item-_c.js[0m:[93m1[0m:[93m19[0m - [91merror[0m[90m TS7006: [0mParameter 'cbfn' implicitly has an 'any' type.

[7m1[0m var z=function(fn,cbfn,ex) {
[7m [0m [91m                  ~~~~[0m

[96mjavascript/group1/sub_c/item-_c.js[0m:[93m1[0m:[93m24[0m - [91merror[0m[90m TS7006: [0mParameter 'ex' implicitly has an 'any' type.

[7m1[0m var z=function(fn,cbfn,ex) {
[7m [0m [91m                       ~~[0m

[96mjavascript/group1/sub_c/item-_c.js[0m:[93m3[0m:[93m18[0m - [91merror[0m[90m TS7006: [0mParameter 'a' implicitly has an 'any' type.

[7m3[0m  var wt=function(a) {
[7m [0m [91m                 ~[0m

[96mjavascript/group1/sub_c/item-_c.js[0m:[93m6[0m:[93m19[0m - [91merror[0m[90m TS7006: [0mParameter 'dl' implicitly has an 'any' type.

[7m6[0m  fn.wait=function(dl) {
[7m [0m [91m                  ~~[0m

[96mjavascript/group1/sub_c/item-_c.js[0m:[93m19[0m:[93m9[0m - [91merror[0m[90m TS7006: [0mParameter 'ex' implicitly has an 'any' type.

[7m19[0m   reset(ex) {
[7m  [0m [91m        ~~[0m

[96mjavascript/group1/sub_c/item-_c.js[0m:[93m22[0m:[93m7[0m - [91merror[0m[90m TS2339: [0mProperty 'p' does not exist on type '(Anonymous class)'.

[7m22[0m     t.p=fn(fn)
[7m  [0m [91m      ~[0m

[96mjavascript/group1/sub_c/item-_c.js[0m:[93m24[0m:[93m8[0m - [91merror[0m[90m TS2349: [0mThis expression is not callable.
  Type 'never' has no call signatures.

[7m24[0m      t.promise_result()
[7m  [0m [91m       ~~~~~~~~~~~~~~[0m

[96mjavascript/group1/sub_c/item-_c.js[0m:[93m30[0m:[93m9[0m - [91merror[0m[90m TS2349: [0mThis expression is not callable.
  Type 'never' has no call signatures.

[7m30[0m       t.precreate()
[7m  [0m [91m        ~~~~~~~~~[0m

[96mjavascript/group1/sub_c/item-_c.js[0m:[93m32[0m:[93m8[0m - [91merror[0m[90m TS2339: [0mProperty 'p' does not exist on type '(Anonymous class)'.

[7m32[0m      t.p=fn(fn)
[7m  [0m [91m       ~[0m

[96mjavascript/group1/sub_c/item-_c.js[0m:[93m34[0m:[93m9[0m - [91merror[0m[90m TS2349: [0mThis expression is not callable.
  Type 'never' has no call signatures.

[7m34[0m       t.promise_result()
[7m  [0m [91m        ~~~~~~~~~~~~~~[0m

[96mjavascript/group1/sub_c/item-_c.js[0m:[93m39[0m:[93m7[0m - [91merror[0m[90m TS2339: [0mProperty 'p' does not exist on type '(Anonymous class)'.

[7m39[0m     t.p=Promise.resolve(t)
[7m  [0m [91m      ~[0m

[96mjavascript/group1/sub_c/item-_c.js[0m:[93m40[0m:[93m7[0m - [91merror[0m[90m TS2339: [0mProperty 'p' does not exist on type '(Anonymous class)'.

[7m40[0m     t.p.then(function() {
[7m  [0m [91m      ~[0m

[96mjavascript/group1/sub_c/item-_c.js[0m:[93m42[0m:[93m9[0m - [91merror[0m[90m TS2349: [0mThis expression is not callable.
  Type 'never' has no call signatures.

[7m42[0m       t.precreate()
[7m  [0m [91m        ~~~~~~~~~[0m

[96mjavascript/group1/sub_c/item-_c.js[0m:[93m44[0m:[93m8[0m - [91merror[0m[90m TS2339: [0mProperty 'p' does not exist on type '(Anonymous class)'.

[7m44[0m      t.p=fn(fn)
[7m  [0m [91m       ~[0m

[96mjavascript/group1/sub_c/item-_c.js[0m:[93m46[0m:[93m9[0m - [91merror[0m[90m TS2349: [0mThis expression is not callable.
  Type 'never' has no call signatures.

[7m46[0m       t.promise_result()
[7m  [0m [91m        ~~~~~~~~~~~~~~[0m

[96mjavascript/group1/sub_c/item-_c.js[0m:[93m70[0m:[93m6[0m - [91merror[0m[90m TS2339: [0mProperty 'p' does not exist on type '(Anonymous class)'.

[7m70[0m   nc.p.then(e => console.log("timeout done"))
[7m  [0m [91m     ~[0m

[96mjavascript/group1/sub_c/item-_c.js[0m:[93m70[0m:[93m13[0m - [91merror[0m[90m TS6133: [0m'e' is declared but its value is never read.

[7m70[0m   nc.p.then(e => console.log("timeout done"))
[7m  [0m [91m            ~[0m

[96mjavascript/group1/sub_c/item-_c.js[0m:[93m70[0m:[93m13[0m - [91merror[0m[90m TS7006: [0mParameter 'e' implicitly has an 'any' type.

[7m70[0m   nc.p.then(e => console.log("timeout done"))
[7m  [0m [91m            ~[0m

[96mjavascript/group1/sub_c/item-_c.js[0m:[93m72[0m:[93m20[0m - [91merror[0m[90m TS7006: [0mParameter 'e' implicitly has an 'any' type.

[7m72[0m  var mlis=function(e) {
[7m  [0m [91m                   ~[0m

[96mjavascript/group1/sub_c/item-_c.js[0m:[93m79[0m:[93m2[0m - [91merror[0m[90m TS2322: [0mType '(e: any) => void' is not assignable to type 'null'.

[7m79[0m  nc.precreate=e => window.addEventListener("message",mlis)
[7m  [0m [91m ~~~~~~~~~~~~[0m

[96mjavascript/group1/sub_c/item-_c.js[0m:[93m79[0m:[93m15[0m - [91merror[0m[90m TS6133: [0m'e' is declared but its value is never read.

[7m79[0m  nc.precreate=e => window.addEventListener("message",mlis)
[7m  [0m [91m              ~[0m

[96mjavascript/group1/sub_c/item-_c.js[0m:[93m79[0m:[93m15[0m - [91merror[0m[90m TS7006: [0mParameter 'e' implicitly has an 'any' type.

[7m79[0m  nc.precreate=e => window.addEventListener("message",mlis)
[7m  [0m [91m              ~[0m

[96mjavascript/group1/sub_c/item-_c.js[0m:[93m81[0m:[93m6[0m - [91merror[0m[90m TS6133: [0m'pr' is declared but its value is never read.

[7m81[0m  var pr
[7m  [0m [91m     ~~[0m

[96mjavascript/group1/sub_c/item-_c.js[0m:[93m89[0m:[93m5[0m - [91merror[0m[90m TS2403: [0mSubsequent variable declarations must have the same type.  Variable 'b' must be of type '(fn: any) => Promise<any>', but here has type '(fn: any) => Promise<void>'.

[7m89[0m var b=async function(fn) {
[7m  [0m [91m    ~[0m

  [96mjavascript/group1/sub_c/item-_b.js[0m:[93m93[0m:[93m5[0m
    [7m93[0m var b=async function(fn) {
    [7m  [0m [96m    ~[0m
    'b' was also declared here.

[96mjavascript/group1/sub_c/item-_c.js[0m:[93m89[0m:[93m5[0m - [91merror[0m[90m TS2451: [0mCannot redeclare block-scoped variable 'b'.

[7m89[0m var b=async function(fn) {
[7m  [0m [91m    ~[0m

  [96mjavascript/website_hacking/google_no_dbg/module_loader_resolve.d.ts[0m:[93m1[0m:[93m20[0m
    [7m1[0m declare let a: any,b: any;
    [7m [0m [96m                   ~[0m
    'b' was also declared here.

[96mjavascript/group1/sub_c/item-_c.js[0m:[93m89[0m:[93m22[0m - [91merror[0m[90m TS7006: [0mParameter 'fn' implicitly has an 'any' type.

[7m89[0m var b=async function(fn) {
[7m  [0m [91m                     ~~[0m

[96mjavascript/group1/sub_c/item-_c.js[0m:[93m90[0m:[93m2[0m - [91merror[0m[90m TS2304: [0mCannot find name 'p1'.

[7m90[0m  p1()
[7m  [0m [91m ~~[0m

[96mjavascript/group1/sub_c/item-_c.js[0m:[93m92[0m:[93m2[0m - [91merror[0m[90m TS2304: [0mCannot find name 'p1'.

[7m92[0m  p1()
[7m  [0m [91m ~~[0m

[96mjavascript/group1/sub_c/item-_c.js[0m:[93m94[0m:[93m2[0m - [91merror[0m[90m TS2304: [0mCannot find name 'buyRu0M'.

[7m94[0m  buyRu0M()
[7m  [0m [91m ~~~~~~~[0m

[96mjavascript/group1/sub_c/item-_c.js[0m:[93m96[0m:[93m2[0m - [91merror[0m[90m TS2304: [0mCannot find name 'p1'.

[7m96[0m  p1()
[7m  [0m [91m ~~[0m

[96mjavascript/group1/sub_c/item-_c.js[0m:[93m98[0m:[93m2[0m - [91merror[0m[90m TS2304: [0mCannot find name 'buyRu2'.

[7m98[0m  buyRu2()
[7m  [0m [91m ~~~~~~[0m

[96mjavascript/group1/sub_c/item-_c.js[0m:[93m100[0m:[93m2[0m - [91merror[0m[90m TS2304: [0mCannot find name 'p1'.

[7m100[0m  p1()
[7m   [0m [91m ~~[0m

[96mjavascript/group1/sub_c/item-_c.js[0m:[93m103[0m:[93m3[0m - [91merror[0m[90m TS2304: [0mCannot find name 'buyRu3'.

[7m103[0m   buyRu3()
[7m   [0m [91m  ~~~~~~[0m

[96mjavascript/group1/sub_c/item-_c.js[0m:[93m111[0m:[93m12[0m - [91merror[0m[90m TS6133: [0m'e' is declared but its value is never read.

[7m111[0m  a.p.catch(e => delete a)
[7m   [0m [91m           ~[0m

[96mjavascript/group1/sub_c/item-_c.js[0m:[93m111[0m:[93m12[0m - [91merror[0m[90m TS7006: [0mParameter 'e' implicitly has an 'any' type.

[7m111[0m  a.p.catch(e => delete a)
[7m   [0m [91m           ~[0m

[96mjavascript/group1/sub_c/item-_c.js[0m:[93m111[0m:[93m24[0m - [91merror[0m[90m TS1102: [0m'delete' cannot be called on an identifier in strict mode.

[7m111[0m  a.p.catch(e => delete a)
[7m   [0m [91m                       ~[0m

[96mjavascript/group1/sub_c/item-_c.js[0m:[93m111[0m:[93m24[0m - [91merror[0m[90m TS2703: [0mThe operand of a 'delete' operator must be a property reference.

[7m111[0m  a.p.catch(e => delete a)
[7m   [0m [91m                       ~[0m

[96mjavascript/group1/sub_c/item-_d.js[0m:[93m4[0m:[93m11[0m - [91merror[0m[90m TS2551: [0mProperty 'cint2' does not exist on type 'Window & typeof globalThis'. Did you mean 'cint'?

[7m4[0m if(window.cint2) {
[7m [0m [91m          ~~~~~[0m

  [96mjavascript/final/named/__global.ts[0m:[93m66[0m:[93m3[0m
    [7m66[0m   cint?: ReturnType<typeof setTimeout>|number;
    [7m  [0m [96m  ~~~~[0m
    'cint' is declared here.

[96mjavascript/group1/sub_c/item-_d.js[0m:[93m5[0m:[93m16[0m - [91merror[0m[90m TS2304: [0mCannot find name 'cint2'.

[7m5[0m  clearInterval(cint2)
[7m [0m [91m               ~~~~~[0m

[96mjavascript/group1/sub_c/item-_d.js[0m:[93m8[0m:[93m9[0m - [91merror[0m[90m TS2551: [0mProperty 'cint2' does not exist on type 'Window & typeof globalThis'. Did you mean 'cint'?

[7m8[0m  window.cint2=setInterval(maxAll,17*1000)
[7m [0m [91m        ~~~~~[0m

  [96mjavascript/final/named/__global.ts[0m:[93m66[0m:[93m3[0m
    [7m66[0m   cint?: ReturnType<typeof setTimeout>|number;
    [7m  [0m [96m  ~~~~[0m
    'cint' is declared here.

[96mjavascript/group1/sub_c/item-_d.js[0m:[93m8[0m:[93m27[0m - [91merror[0m[90m TS2304: [0mCannot find name 'maxAll'.

[7m8[0m  window.cint2=setInterval(maxAll,17*1000)
[7m [0m [91m                          ~~~~~~[0m

[96mjavascript/group1/sub_c/item-_d.js[0m:[93m10[0m:[93m13[0m - [91merror[0m[90m TS2304: [0mCannot find name 'maxAll'.

[7m10[0m  setTimeout(maxAll,400)
[7m  [0m [91m            ~~~~~~[0m

[96mjavascript/group1/sub_c/item-_d.js[0m:[93m11[0m:[93m2[0m - [91merror[0m[90m TS2304: [0mCannot find name 'reset_func'.

[7m11[0m  reset_func=(e,dl) => {
[7m  [0m [91m ~~~~~~~~~~[0m

[96mjavascript/group1/sub_c/item-_d.js[0m:[93m11[0m:[93m14[0m - [91merror[0m[90m TS7006: [0mParameter 'e' implicitly has an 'any' type.

[7m11[0m  reset_func=(e,dl) => {
[7m  [0m [91m             ~[0m

[96mjavascript/group1/sub_c/item-_d.js[0m:[93m11[0m:[93m16[0m - [91merror[0m[90m TS7006: [0mParameter 'dl' implicitly has an 'any' type.

[7m11[0m  reset_func=(e,dl) => {
[7m  [0m [91m               ~~[0m

[96mjavascript/group1/sub_c/item-_d.js[0m:[93m19[0m:[93m4[0m - [91merror[0m[90m TS2304: [0mCannot find name 'pointReset'.

[7m19[0m    pointReset()
[7m  [0m [91m   ~~~~~~~~~~[0m

[96mjavascript/group1/sub_c/item-_d.js[0m:[93m24[0m:[93m12[0m - [91merror[0m[90m TS2551: [0mProperty 'cint2' does not exist on type 'Window & typeof globalThis'. Did you mean 'cint'?

[7m24[0m     window.cint2=setInterval(maxAll,17*1000)
[7m  [0m [91m           ~~~~~[0m

  [96mjavascript/final/named/__global.ts[0m:[93m66[0m:[93m3[0m
    [7m66[0m   cint?: ReturnType<typeof setTimeout>|number;
    [7m  [0m [96m  ~~~~[0m
    'cint' is declared here.

[96mjavascript/group1/sub_c/item-_d.js[0m:[93m24[0m:[93m30[0m - [91merror[0m[90m TS2304: [0mCannot find name 'maxAll'.

[7m24[0m     window.cint2=setInterval(maxAll,17*1000)
[7m  [0m [91m                             ~~~~~~[0m

[96mjavascript/group1/sub_c/item-_d.js[0m:[93m30[0m:[93m2[0m - [91merror[0m[90m TS2304: [0mCannot find name 'loop_func'.

[7m30[0m  loop_func=(rep,c) => {
[7m  [0m [91m ~~~~~~~~~[0m

[96mjavascript/group1/sub_c/item-_d.js[0m:[93m30[0m:[93m13[0m - [91merror[0m[90m TS7006: [0mParameter 'rep' implicitly has an 'any' type.

[7m30[0m  loop_func=(rep,c) => {
[7m  [0m [91m            ~~~[0m

[96mjavascript/group1/sub_c/item-_d.js[0m:[93m30[0m:[93m17[0m - [91merror[0m[90m TS7006: [0mParameter 'c' implicitly has an 'any' type.

[7m30[0m  loop_func=(rep,c) => {
[7m  [0m [91m                ~[0m

[96mjavascript/group1/sub_c/item-_d.js[0m:[93m31[0m:[93m3[0m - [91merror[0m[90m TS2304: [0mCannot find name 'maxAll'.

[7m31[0m   maxAll()
[7m  [0m [91m  ~~~~~~[0m

[96mjavascript/group1/sub_c/item-_d.js[0m:[93m45[0m:[93m26[0m - [91merror[0m[90m TS2551: [0mProperty 'cint2' does not exist on type 'Window & typeof globalThis'. Did you mean 'cint'?

[7m45[0m     clearInterval(window.cint2)
[7m  [0m [91m                         ~~~~~[0m

  [96mjavascript/final/named/__global.ts[0m:[93m66[0m:[93m3[0m
    [7m66[0m   cint?: ReturnType<typeof setTimeout>|number;
    [7m  [0m [96m  ~~~~[0m
    'cint' is declared here.

[96mjavascript/group1/sub_c/item-_d.js[0m:[93m54[0m:[93m25[0m - [91merror[0m[90m TS7006: [0mParameter 'e' implicitly has an 'any' type.

[7m54[0m  window.cint=setTimeout(e => {
[7m  [0m [91m                        ~[0m

[96mjavascript/group1/sub_c/item-_d.js[0m:[93m58[0m:[93m17[0m - [91merror[0m[90m TS7006: [0mParameter 'rc' implicitly has an 'any' type.

[7m58[0m   ,600,function(rc,ds) {
[7m  [0m [91m                ~~[0m

[96mjavascript/group1/sub_c/item-_d.js[0m:[93m58[0m:[93m20[0m - [91merror[0m[90m TS7006: [0mParameter 'ds' implicitly has an 'any' type.

[7m58[0m   ,600,function(rc,ds) {
[7m  [0m [91m                   ~~[0m

[96mjavascript/group1/sub_c/item-_d.js[0m:[93m64[0m:[93m23[0m - [91merror[0m[90m TS2339: [0mProperty 'tier1' does not exist on type '{}'.

[7m64[0m    console.log(player.tier1.cost.logarithm/player.points.logarithm)
[7m  [0m [91m                      ~~~~~[0m

[96mjavascript/group1/sub_c/item-_d.js[0m:[93m64[0m:[93m51[0m - [91merror[0m[90m TS2339: [0mProperty 'points' does not exist on type '{}'.

[7m64[0m    console.log(player.tier1.cost.logarithm/player.points.logarithm)
[7m  [0m [91m                                                  ~~~~~~[0m

[96mjavascript/group1/sub_c/item-_d.js[0m:[93m65[0m:[93m4[0m - [91merror[0m[90m TS2304: [0mCannot find name 'reset_func'.

[7m65[0m    reset_func(loop_func,100)
[7m  [0m [91m   ~~~~~~~~~~[0m

[96mjavascript/group1/sub_c/item-_d.js[0m:[93m65[0m:[93m15[0m - [91merror[0m[90m TS2304: [0mCannot find name 'loop_func'.

[7m65[0m    reset_func(loop_func,100)
[7m  [0m [91m              ~~~~~~~~~[0m

[96mjavascript/group1/sub_c/item-_e.js[0m:[93m1[0m:[93m8[0m - [91merror[0m[90m TS2339: [0mProperty 'async_func' does not exist on type 'Window & typeof globalThis'.

[7m1[0m window.async_func=(async function() {
[7m [0m [91m       ~~~~~~~~~~[0m

[96mjavascript/group1/sub_c/item-_e.js[0m:[93m3[0m:[93m15[0m - [91merror[0m[90m TS7006: [0mParameter 'des_arr' implicitly has an 'any' type.

[7m3[0m   constructor(des_arr) {
[7m [0m [91m              ~~~~~~~[0m

[96mjavascript/group1/sub_c/item-_e.js[0m:[93m4[0m:[93m17[0m - [91merror[0m[90m TS6133: [0m'e' is declared but its value is never read.

[7m4[0m    des_arr.push(e => {
[7m [0m [91m                ~[0m

[96mjavascript/group1/sub_c/item-_e.js[0m:[93m4[0m:[93m17[0m - [91merror[0m[90m TS7006: [0mParameter 'e' implicitly has an 'any' type.

[7m4[0m    des_arr.push(e => {
[7m [0m [91m                ~[0m

[96mjavascript/group1/sub_c/item-_e.js[0m:[93m13[0m:[93m12[0m - [91merror[0m[90m TS2531: [0mObject is possibly 'null'.

[7m13[0m    let cls=Reflect.getPrototypeOf(this).constructor
[7m  [0m [91m           ~~~~~~~~~~~~~~~~~~~~~~~~~~~~[0m

[96mjavascript/group1/sub_c/item-_e.js[0m:[93m22[0m:[93m4[0m - [91merror[0m[90m TS7008: [0mMember 'promise_reject_on_destroy' implicitly has an 'any[]' type.

[7m22[0m    this.promise_reject_on_destroy=[]
[7m  [0m [91m   ~~~~~~~~~~~~~~~~~~~~~~~~~~~~~~~~~[0m

[96mjavascript/group1/sub_c/item-_e.js[0m:[93m28[0m:[93m18[0m - [91merror[0m[90m TS7006: [0mParameter 'e' implicitly has an 'any' type.

[7m28[0m   save_port_this(e) {
[7m  [0m [91m                 ~[0m

[96mjavascript/group1/sub_c/item-_e.js[0m:[93m31[0m:[93m17[0m - [91merror[0m[90m TS7006: [0mParameter 'e' implicitly has an 'any' type.

[7m31[0m   portOnMessage(e) {
[7m  [0m [91m                ~[0m

[96mjavascript/group1/sub_c/item-_e.js[0m:[93m35[0m:[93m10[0m - [91merror[0m[90m TS7053: [0mElement implicitly has an 'any' type because expression of type 'any' can't be used to index type '{}'.

[7m35[0m      _fn=this._listeners[e.data.eventType]
[7m  [0m [91m         ~~~~~~~~~~~~~~~~~~~~~~~~~~~~~~~~~[0m

[96mjavascript/group1/sub_c/item-_e.js[0m:[93m45[0m:[93m20[0m - [91merror[0m[90m TS7006: [0mParameter 'e' implicitly has an 'any' type.

[7m45[0m   addEventListener(e,fn,opts={}) {
[7m  [0m [91m                   ~[0m

[96mjavascript/group1/sub_c/item-_e.js[0m:[93m45[0m:[93m22[0m - [91merror[0m[90m TS7006: [0mParameter 'fn' implicitly has an 'any' type.

[7m45[0m   addEventListener(e,fn,opts={}) {
[7m  [0m [91m                     ~~[0m

[96mjavascript/group1/sub_c/item-_e.js[0m:[93m46[0m:[93m4[0m - [91merror[0m[90m TS7053: [0mElement implicitly has an 'any' type because expression of type 'any' can't be used to index type '{}'.

[7m46[0m    this._listeners[e]??=[]
[7m  [0m [91m   ~~~~~~~~~~~~~~~~~~[0m

[96mjavascript/group1/sub_c/item-_e.js[0m:[93m47[0m:[93m7[0m - [91merror[0m[90m TS7053: [0mElement implicitly has an 'any' type because expression of type 'any' can't be used to index type '{}'.

[7m47[0m    if(this._listeners[e].findIndex(function(e) {
[7m  [0m [91m      ~~~~~~~~~~~~~~~~~~[0m

[96mjavascript/group1/sub_c/item-_e.js[0m:[93m47[0m:[93m45[0m - [91merror[0m[90m TS7006: [0mParameter 'e' implicitly has an 'any' type.

[7m47[0m    if(this._listeners[e].findIndex(function(e) {
[7m  [0m [91m                                            ~[0m

[96mjavascript/group1/sub_c/item-_e.js[0m:[93m50[0m:[93m5[0m - [91merror[0m[90m TS7053: [0mElement implicitly has an 'any' type because expression of type 'any' can't be used to index type '{}'.

[7m50[0m     this._listeners[e].push({
[7m  [0m [91m    ~~~~~~~~~~~~~~~~~~[0m

[96mjavascript/group1/sub_c/item-_e.js[0m:[93m56[0m:[93m19[0m - [91merror[0m[90m TS7006: [0mParameter 'e' implicitly has an 'any' type.

[7m56[0m   dispatchDelayed(e) {
[7m  [0m [91m                  ~[0m

[96mjavascript/group1/sub_c/item-_e.js[0m:[93m59[0m:[93m19[0m - [91merror[0m[90m TS7006: [0mParameter 'fn' implicitly has an 'any' type.

[7m59[0m   delayedCallback(fn) {
[7m  [0m [91m                  ~~[0m

[96mjavascript/group1/sub_c/item-_e.js[0m:[93m67[0m:[93m18[0m - [91merror[0m[90m TS7006: [0mParameter 'fn' implicitly has an 'any' type.

[7m67[0m   delayedPromise(fn) {
[7m  [0m [91m                 ~~[0m

[96mjavascript/group1/sub_c/item-_e.js[0m:[93m70[0m:[93m8[0m - [91merror[0m[90m TS7034: [0mVariable '__rj__' implicitly has type 'any' in some locations where its type cannot be determined.

[7m70[0m    let __rj__=null
[7m  [0m [91m       ~~~~~~[0m

[96mjavascript/group1/sub_c/item-_e.js[0m:[93m71[0m:[93m20[0m - [91merror[0m[90m TS6133: [0m'e' is declared but its value is never read.

[7m71[0m    let __destroy__=e => t.promise_reject_on_destroy.splice(__rj__,1)
[7m  [0m [91m                   ~[0m

[96mjavascript/group1/sub_c/item-_e.js[0m:[93m71[0m:[93m20[0m - [91merror[0m[90m TS7006: [0mParameter 'e' implicitly has an 'any' type.

[7m71[0m    let __destroy__=e => t.promise_reject_on_destroy.splice(__rj__,1)
[7m  [0m [91m                   ~[0m

[96mjavascript/group1/sub_c/item-_e.js[0m:[93m71[0m:[93m60[0m - [91merror[0m[90m TS7005: [0mVariable '__rj__' implicitly has an 'any' type.

[7m71[0m    let __destroy__=e => t.promise_reject_on_destroy.splice(__rj__,1)
[7m  [0m [91m                                                           ~~~~~~[0m

[96mjavascript/group1/sub_c/item-_e.js[0m:[93m86[0m:[93m6[0m - [91merror[0m[90m TS7034: [0mVariable 'smm_des' implicitly has type 'any[]' in some locations where its type cannot be determined.

[7m86[0m  let smm_des=[]
[7m  [0m [91m     ~~~~~~~[0m

[96mjavascript/group1/sub_c/item-_e.js[0m:[93m87[0m:[93m36[0m - [91merror[0m[90m TS7005: [0mVariable 'smm_des' implicitly has an 'any[]' type.

[7m87[0m  let smm=new message_channel_class(smm_des)
[7m  [0m [91m                                   ~~~~~~~[0m

[96mjavascript/group1/sub_c/item-_e.js[0m:[93m88[0m:[93m12[0m - [91merror[0m[90m TS2304: [0mCannot find name 'xarray'.

[7m88[0m  if(typeof xarray=='undefined') {
[7m  [0m [91m           ~~~~~~[0m

[96mjavascript/group1/sub_c/item-_e.js[0m:[93m89[0m:[93m3[0m - [91merror[0m[90m TS2304: [0mCannot find name 'xarray'.

[7m89[0m   xarray=[]
[7m  [0m [91m  ~~~~~~[0m

[96mjavascript/group1/sub_c/item-_e.js[0m:[93m91[0m:[93m6[0m - [91merror[0m[90m TS2304: [0mCannot find name 'xarray'.

[7m91[0m   if(xarray.length>4) {
[7m  [0m [91m     ~~~~~~[0m

[96mjavascript/group1/sub_c/item-_e.js[0m:[93m92[0m:[93m4[0m - [91merror[0m[90m TS2304: [0mCannot find name 'xarray'.

[7m92[0m    xarray.eval_scope.length=0
[7m  [0m [91m   ~~~~~~[0m

[96mjavascript/group1/sub_c/item-_e.js[0m:[93m94[0m:[93m6[0m - [91merror[0m[90m TS2304: [0mCannot find name 'xarray'.

[7m94[0m   if(xarray.eval_scope&&xarray.eval_scope.length>4) {
[7m  [0m [91m     ~~~~~~[0m

[96mjavascript/group1/sub_c/item-_e.js[0m:[93m94[0m:[93m25[0m - [91merror[0m[90m TS2304: [0mCannot find name 'xarray'.

[7m94[0m   if(xarray.eval_scope&&xarray.eval_scope.length>4) {
[7m  [0m [91m                        ~~~~~~[0m

[96mjavascript/group1/sub_c/item-_e.js[0m:[93m95[0m:[93m4[0m - [91merror[0m[90m TS2304: [0mCannot find name 'xarray'.

[7m95[0m    xarray.eval_scope.length=0
[7m  [0m [91m   ~~~~~~[0m

[96mjavascript/group1/sub_c/item-_e.js[0m:[93m98[0m:[93m2[0m - [91merror[0m[90m TS2304: [0mCannot find name 'xarray'.

[7m98[0m  xarray.des_arr??=[]
[7m  [0m [91m ~~~~~~[0m

[96mjavascript/group1/sub_c/item-_e.js[0m:[93m99[0m:[93m2[0m - [91merror[0m[90m TS2304: [0mCannot find name 'xarray'.

[7m99[0m  xarray.finish=function() {
[7m  [0m [91m ~~~~~~[0m

[96mjavascript/group1/sub_c/item-_e.js[0m:[93m100[0m:[93m16[0m - [91merror[0m[90m TS2304: [0mCannot find name 'xarray'.

[7m100[0m   for(let x of xarray.des_arr) {
[7m   [0m [91m               ~~~~~~[0m

[96mjavascript/group1/sub_c/item-_e.js[0m:[93m105[0m:[93m5[0m - [91merror[0m[90m TS2304: [0mCannot find name 'xarray'.

[7m105[0m  if(xarray.done==false) {
[7m   [0m [91m    ~~~~~~[0m

[96mjavascript/group1/sub_c/item-_e.js[0m:[93m106[0m:[93m11[0m - [91merror[0m[90m TS2304: [0mCannot find name 'xarray'.

[7m106[0m   let gsp=xarray.g_promise
[7m   [0m [91m          ~~~~~~[0m

[96mjavascript/group1/sub_c/item-_e.js[0m:[93m109[0m:[93m14[0m - [91merror[0m[90m TS2304: [0mCannot find name 'xarray'.

[7m109[0m   while(gsp!=xarray.g_promise) {
[7m   [0m [91m             ~~~~~~[0m

[96mjavascript/group1/sub_c/item-_e.js[0m:[93m111[0m:[93m8[0m - [91merror[0m[90m TS2304: [0mCannot find name 'xarray'.

[7m111[0m    gsp=xarray.g_promise
[7m   [0m [91m       ~~~~~~[0m

[96mjavascript/group1/sub_c/item-_e.js[0m:[93m121[0m:[93m2[0m - [91merror[0m[90m TS2304: [0mCannot find name 'xarray'.

[7m121[0m  xarray.done=false
[7m   [0m [91m ~~~~~~[0m

[96mjavascript/group1/sub_c/item-_e.js[0m:[93m122[0m:[93m16[0m - [91merror[0m[90m TS2531: [0mObject is possibly 'null'.

[7m122[0m  is_start_elem=document.querySelector("div#sources-panel-sources-view > div.sources-toolbar > div:nth-child(2)").shadowRoot.querySelector('[class*="start-recording"]')
[7m   [0m [91m               ~~~~~~~~~~~~~~~~~~~~~~~~~~~~~~~~~~~~~~~~~~~~~~~~~~~~~~~~~~~~~~~~~~~~~~~~~~~~~~~~~~~~~~~~~~~~~~~~~[0m

[96mjavascript/group1/sub_c/item-_e.js[0m:[93m122[0m:[93m16[0m - [91merror[0m[90m TS2531: [0mObject is possibly 'null'.

[7m122[0m  is_start_elem=document.querySelector("div#sources-panel-sources-view > div.sources-toolbar > div:nth-child(2)").shadowRoot.querySelector('[class*="start-recording"]')
[7m   [0m [91m               ~~~~~~~~~~~~~~~~~~~~~~~~~~~~~~~~~~~~~~~~~~~~~~~~~~~~~~~~~~~~~~~~~~~~~~~~~~~~~~~~~~~~~~~~~~~~~~~~~~~~~~~~~~~~[0m

[96mjavascript/group1/sub_c/item-_e.js[0m:[93m123[0m:[93m2[0m - [91merror[0m[90m TS2304: [0mCannot find name 'getEventListeners'.

[7m123[0m  getEventListeners=getEventListeners
[7m   [0m [91m ~~~~~~~~~~~~~~~~~[0m

[96mjavascript/group1/sub_c/item-_e.js[0m:[93m123[0m:[93m20[0m - [91merror[0m[90m TS2304: [0mCannot find name 'getEventListeners'.

[7m123[0m  getEventListeners=getEventListeners
[7m   [0m [91m                   ~~~~~~~~~~~~~~~~~[0m

[96mjavascript/group1/sub_c/item-_e.js[0m:[93m131[0m:[93m12[0m - [91merror[0m[90m TS2531: [0mObject is possibly 'null'.

[7m131[0m   let canc=document.querySelector("div#sources-panel-sources-view > div.sources-toolbar > div:nth-child(2)").shadowRoot.querySelector('[class*="stop-recording"]')
[7m   [0m [91m           ~~~~~~~~~~~~~~~~~~~~~~~~~~~~~~~~~~~~~~~~~~~~~~~~~~~~~~~~~~~~~~~~~~~~~~~~~~~~~~~~~~~~~~~~~~~~~~~~~[0m

[96mjavascript/group1/sub_c/item-_e.js[0m:[93m131[0m:[93m12[0m - [91merror[0m[90m TS2531: [0mObject is possibly 'null'.

[7m131[0m   let canc=document.querySelector("div#sources-panel-sources-view > div.sources-toolbar > div:nth-child(2)").shadowRoot.querySelector('[class*="stop-recording"]')
[7m   [0m [91m           ~~~~~~~~~~~~~~~~~~~~~~~~~~~~~~~~~~~~~~~~~~~~~~~~~~~~~~~~~~~~~~~~~~~~~~~~~~~~~~~~~~~~~~~~~~~~~~~~~~~~~~~~~~~~[0m

[96mjavascript/group1/sub_c/item-_e.js[0m:[93m134[0m:[93m11[0m - [91merror[0m[90m TS18047: [0m'tel' is possibly 'null'.

[7m134[0m    let ec=tel.__widget._editorContainer
[7m   [0m [91m          ~~~[0m

[96mjavascript/group1/sub_c/item-_e.js[0m:[93m134[0m:[93m15[0m - [91merror[0m[90m TS2339: [0mProperty '__widget' does not exist on type 'Element'.

[7m134[0m    let ec=tel.__widget._editorContainer
[7m   [0m [91m              ~~~~~~~~[0m

[96mjavascript/group1/sub_c/item-_e.js[0m:[93m136[0m:[93m10[0m - [91merror[0m[90m TS6133: [0m'e' is declared but its value is never read.

[7m136[0m     url: e => "recording:///Recording"+encodeURIComponent(" #1")
[7m   [0m [91m         ~[0m

[96mjavascript/group1/sub_c/item-_e.js[0m:[93m136[0m:[93m10[0m - [91merror[0m[90m TS7006: [0mParameter 'e' implicitly has an 'any' type.

[7m136[0m     url: e => "recording:///Recording"+encodeURIComponent(" #1")
[7m   [0m [91m         ~[0m

[96mjavascript/group1/sub_c/item-_e.js[0m:[93m139[0m:[93m16[0m - [91merror[0m[90m TS2531: [0mObject is possibly 'null'.

[7m139[0m    let ed_cont=document.querySelector("div#sources-panel-sources-view > div.sources-toolbar > div:nth-child(2)").parentElement.parentElement.__widget._editorContainer
[7m   [0m [91m               ~~~~~~~~~~~~~~~~~~~~~~~~~~~~~~~~~~~~~~~~~~~~~~~~~~~~~~~~~~~~~~~~~~~~~~~~~~~~~~~~~~~~~~~~~~~~~~~~~[0m

[96mjavascript/group1/sub_c/item-_e.js[0m:[93m139[0m:[93m16[0m - [91merror[0m[90m TS2531: [0mObject is possibly 'null'.

[7m139[0m    let ed_cont=document.querySelector("div#sources-panel-sources-view > div.sources-toolbar > div:nth-child(2)").parentElement.parentElement.__widget._editorContainer
[7m   [0m [91m               ~~~~~~~~~~~~~~~~~~~~~~~~~~~~~~~~~~~~~~~~~~~~~~~~~~~~~~~~~~~~~~~~~~~~~~~~~~~~~~~~~~~~~~~~~~~~~~~~~~~~~~~~~~~~~~~[0m

[96mjavascript/group1/sub_c/item-_e.js[0m:[93m139[0m:[93m16[0m - [91merror[0m[90m TS2531: [0mObject is possibly 'null'.

[7m139[0m    let ed_cont=document.querySelector("div#sources-panel-sources-view > div.sources-toolbar > div:nth-child(2)").parentElement.parentElement.__widget._editorContainer
[7m   [0m [91m               ~~~~~~~~~~~~~~~~~~~~~~~~~~~~~~~~~~~~~~~~~~~~~~~~~~~~~~~~~~~~~~~~~~~~~~~~~~~~~~~~~~~~~~~~~~~~~~~~~~~~~~~~~~~~~~~~~~~~~~~~~~~~~[0m

[96mjavascript/group1/sub_c/item-_e.js[0m:[93m139[0m:[93m142[0m - [91merror[0m[90m TS2339: [0mProperty '__widget' does not exist on type 'HTMLElement'.

[7m139[0m    let ed_cont=document.querySelector("div#sources-panel-sources-view > div.sources-toolbar > div:nth-child(2)").parentElement.parentElement.__widget._editorContainer
[7m   [0m [91m                                                                                                                                             ~~~~~~~~[0m

[96mjavascript/group1/sub_c/item-_e.js[0m:[93m142[0m:[93m18[0m - [91merror[0m[90m TS2531: [0mObject is possibly 'null'.

[7m142[0m    is_start_elem=document.querySelector("div#sources-panel-sources-view > div.sources-toolbar > div:nth-child(2)").shadowRoot.querySelector('[class*="start-recording"]')
[7m   [0m [91m                 ~~~~~~~~~~~~~~~~~~~~~~~~~~~~~~~~~~~~~~~~~~~~~~~~~~~~~~~~~~~~~~~~~~~~~~~~~~~~~~~~~~~~~~~~~~~~~~~~~[0m

[96mjavascript/group1/sub_c/item-_e.js[0m:[93m142[0m:[93m18[0m - [91merror[0m[90m TS2531: [0mObject is possibly 'null'.

[7m142[0m    is_start_elem=document.querySelector("div#sources-panel-sources-view > div.sources-toolbar > div:nth-child(2)").shadowRoot.querySelector('[class*="start-recording"]')
[7m   [0m [91m                 ~~~~~~~~~~~~~~~~~~~~~~~~~~~~~~~~~~~~~~~~~~~~~~~~~~~~~~~~~~~~~~~~~~~~~~~~~~~~~~~~~~~~~~~~~~~~~~~~~~~~~~~~~~~~[0m

[96mjavascript/group1/sub_c/item-_e.js[0m:[93m145[0m:[93m9[0m - [91merror[0m[90m TS2339: [0mProperty 'click' does not exist on type 'Element'.

[7m145[0m    canc.click()
[7m   [0m [91m        ~~~~~[0m

[96mjavascript/group1/sub_c/item-_e.js[0m:[93m148[0m:[93m15[0m - [91merror[0m[90m TS2531: [0mObject is possibly 'null'.

[7m148[0m   let ed_cont=document.querySelector("div#sources-panel-sources-view > div.sources-toolbar > div:nth-child(2)").parentElement.parentElement.__widget._editorContainer
[7m   [0m [91m              ~~~~~~~~~~~~~~~~~~~~~~~~~~~~~~~~~~~~~~~~~~~~~~~~~~~~~~~~~~~~~~~~~~~~~~~~~~~~~~~~~~~~~~~~~~~~~~~~~[0m

[96mjavascript/group1/sub_c/item-_e.js[0m:[93m148[0m:[93m15[0m - [91merror[0m[90m TS2531: [0mObject is possibly 'null'.

[7m148[0m   let ed_cont=document.querySelector("div#sources-panel-sources-view > div.sources-toolbar > div:nth-child(2)").parentElement.parentElement.__widget._editorContainer
[7m   [0m [91m              ~~~~~~~~~~~~~~~~~~~~~~~~~~~~~~~~~~~~~~~~~~~~~~~~~~~~~~~~~~~~~~~~~~~~~~~~~~~~~~~~~~~~~~~~~~~~~~~~~~~~~~~~~~~~~~~[0m

[96mjavascript/group1/sub_c/item-_e.js[0m:[93m148[0m:[93m15[0m - [91merror[0m[90m TS2531: [0mObject is possibly 'null'.

[7m148[0m   let ed_cont=document.querySelector("div#sources-panel-sources-view > div.sources-toolbar > div:nth-child(2)").parentElement.parentElement.__widget._editorContainer
[7m   [0m [91m              ~~~~~~~~~~~~~~~~~~~~~~~~~~~~~~~~~~~~~~~~~~~~~~~~~~~~~~~~~~~~~~~~~~~~~~~~~~~~~~~~~~~~~~~~~~~~~~~~~~~~~~~~~~~~~~~~~~~~~~~~~~~~~[0m

[96mjavascript/group1/sub_c/item-_e.js[0m:[93m148[0m:[93m141[0m - [91merror[0m[90m TS2339: [0mProperty '__widget' does not exist on type 'HTMLElement'.

[7m148[0m   let ed_cont=document.querySelector("div#sources-panel-sources-view > div.sources-toolbar > div:nth-child(2)").parentElement.parentElement.__widget._editorContainer
[7m   [0m [91m                                                                                                                                            ~~~~~~~~[0m

[96mjavascript/group1/sub_c/item-_e.js[0m:[93m151[0m:[93m12[0m - [91merror[0m[90m TS2304: [0mCannot find name 'get_arrmap'.

[7m151[0m   let tfn_=get_arrmap(xarray.tfn,'Ji ex Qi')
[7m   [0m [91m           ~~~~~~~~~~[0m

[96mjavascript/group1/sub_c/item-_e.js[0m:[93m151[0m:[93m23[0m - [91merror[0m[90m TS2304: [0mCannot find name 'xarray'.

[7m151[0m   let tfn_=get_arrmap(xarray.tfn,'Ji ex Qi')
[7m   [0m [91m                      ~~~~~~[0m

[96mjavascript/group1/sub_c/item-_e.js[0m:[93m152[0m:[93m3[0m - [91merror[0m[90m TS2722: [0mCannot invoke an object which is possibly 'undefined'.

[7m152[0m   undebug(tfn_)
[7m   [0m [91m  ~~~~~~~[0m

[96mjavascript/group1/sub_c/item-_e.js[0m:[93m153[0m:[93m17[0m - [91merror[0m[90m TS2531: [0mObject is possibly 'null'.

[7m153[0m   is_start_elem=document.querySelector("div#sources-panel-sources-view > div.sources-toolbar > div:nth-child(2)").shadowRoot.querySelector('[class*="start-recording"]')
[7m   [0m [91m                ~~~~~~~~~~~~~~~~~~~~~~~~~~~~~~~~~~~~~~~~~~~~~~~~~~~~~~~~~~~~~~~~~~~~~~~~~~~~~~~~~~~~~~~~~~~~~~~~~[0m

[96mjavascript/group1/sub_c/item-_e.js[0m:[93m153[0m:[93m17[0m - [91merror[0m[90m TS2531: [0mObject is possibly 'null'.

[7m153[0m   is_start_elem=document.querySelector("div#sources-panel-sources-view > div.sources-toolbar > div:nth-child(2)").shadowRoot.querySelector('[class*="start-recording"]')
[7m   [0m [91m                ~~~~~~~~~~~~~~~~~~~~~~~~~~~~~~~~~~~~~~~~~~~~~~~~~~~~~~~~~~~~~~~~~~~~~~~~~~~~~~~~~~~~~~~~~~~~~~~~~~~~~~~~~~~~[0m

[96mjavascript/group1/sub_c/item-_e.js[0m:[93m155[0m:[93m14[0m - [91merror[0m[90m TS2531: [0mObject is possibly 'null'.

[7m155[0m  let ed_cont=document.querySelector("div#sources-panel-sources-view > div.sources-toolbar > div:nth-child(2)").parentElement.parentElement.__widget._editorContainer
[7m   [0m [91m             ~~~~~~~~~~~~~~~~~~~~~~~~~~~~~~~~~~~~~~~~~~~~~~~~~~~~~~~~~~~~~~~~~~~~~~~~~~~~~~~~~~~~~~~~~~~~~~~~~[0m

[96mjavascript/group1/sub_c/item-_e.js[0m:[93m155[0m:[93m14[0m - [91merror[0m[90m TS2531: [0mObject is possibly 'null'.

[7m155[0m  let ed_cont=document.querySelector("div#sources-panel-sources-view > div.sources-toolbar > div:nth-child(2)").parentElement.parentElement.__widget._editorContainer
[7m   [0m [91m             ~~~~~~~~~~~~~~~~~~~~~~~~~~~~~~~~~~~~~~~~~~~~~~~~~~~~~~~~~~~~~~~~~~~~~~~~~~~~~~~~~~~~~~~~~~~~~~~~~~~~~~~~~~~~~~~[0m

[96mjavascript/group1/sub_c/item-_e.js[0m:[93m155[0m:[93m14[0m - [91merror[0m[90m TS2531: [0mObject is possibly 'null'.

[7m155[0m  let ed_cont=document.querySelector("div#sources-panel-sources-view > div.sources-toolbar > div:nth-child(2)").parentElement.parentElement.__widget._editorContainer
[7m   [0m [91m             ~~~~~~~~~~~~~~~~~~~~~~~~~~~~~~~~~~~~~~~~~~~~~~~~~~~~~~~~~~~~~~~~~~~~~~~~~~~~~~~~~~~~~~~~~~~~~~~~~~~~~~~~~~~~~~~~~~~~~~~~~~~~~[0m

[96mjavascript/group1/sub_c/item-_e.js[0m:[93m155[0m:[93m140[0m - [91merror[0m[90m TS2339: [0mProperty '__widget' does not exist on type 'HTMLElement'.

[7m155[0m  let ed_cont=document.querySelector("div#sources-panel-sources-view > div.sources-toolbar > div:nth-child(2)").parentElement.parentElement.__widget._editorContainer
[7m   [0m [91m                                                                                                                                           ~~~~~~~~[0m

[96mjavascript/group1/sub_c/item-_e.js[0m:[93m159[0m:[93m2[0m - [91merror[0m[90m TS2304: [0mCannot find name 'tlele'.

[7m159[0m  tlele=is_start_elem.parentElement
[7m   [0m [91m ~~~~~[0m

[96mjavascript/group1/sub_c/item-_e.js[0m:[93m159[0m:[93m8[0m - [91merror[0m[90m TS18047: [0m'is_start_elem' is possibly 'null'.

[7m159[0m  tlele=is_start_elem.parentElement
[7m   [0m [91m       ~~~~~~~~~~~~~[0m

[96mjavascript/group1/sub_c/item-_e.js[0m:[93m160[0m:[93m2[0m - [91merror[0m[90m TS2304: [0mCannot find name 'xarray'.

[7m160[0m  xarray.des_arr.push(e => delete tlele)
[7m   [0m [91m ~~~~~~[0m

[96mjavascript/group1/sub_c/item-_e.js[0m:[93m160[0m:[93m22[0m - [91merror[0m[90m TS6133: [0m'e' is declared but its value is never read.

[7m160[0m  xarray.des_arr.push(e => delete tlele)
[7m   [0m [91m                     ~[0m

[96mjavascript/group1/sub_c/item-_e.js[0m:[93m160[0m:[93m22[0m - [91merror[0m[90m TS7006: [0mParameter 'e' implicitly has an 'any' type.

[7m160[0m  xarray.des_arr.push(e => delete tlele)
[7m   [0m [91m                     ~[0m

[96mjavascript/group1/sub_c/item-_e.js[0m:[93m160[0m:[93m34[0m - [91merror[0m[90m TS1102: [0m'delete' cannot be called on an identifier in strict mode.

[7m160[0m  xarray.des_arr.push(e => delete tlele)
[7m   [0m [91m                                 ~~~~~[0m

[96mjavascript/group1/sub_c/item-_e.js[0m:[93m160[0m:[93m34[0m - [91merror[0m[90m TS2304: [0mCannot find name 'tlele'.

[7m160[0m  xarray.des_arr.push(e => delete tlele)
[7m   [0m [91m                                 ~~~~~[0m

[96mjavascript/group1/sub_c/item-_e.js[0m:[93m160[0m:[93m34[0m - [91merror[0m[90m TS2703: [0mThe operand of a 'delete' operator must be a property reference.

[7m160[0m  xarray.des_arr.push(e => delete tlele)
[7m   [0m [91m                                 ~~~~~[0m

[96mjavascript/group1/sub_c/item-_e.js[0m:[93m161[0m:[93m2[0m - [91merror[0m[90m TS2304: [0mCannot find name 'tlis'.

[7m161[0m  tlis=getEventListeners(tlele).click[0].listener
[7m   [0m [91m ~~~~[0m

[96mjavascript/group1/sub_c/item-_e.js[0m:[93m161[0m:[93m7[0m - [91merror[0m[90m TS2304: [0mCannot find name 'getEventListeners'.

[7m161[0m  tlis=getEventListeners(tlele).click[0].listener
[7m   [0m [91m      ~~~~~~~~~~~~~~~~~[0m

[96mjavascript/group1/sub_c/item-_e.js[0m:[93m161[0m:[93m25[0m - [91merror[0m[90m TS2304: [0mCannot find name 'tlele'.

[7m161[0m  tlis=getEventListeners(tlele).click[0].listener
[7m   [0m [91m                        ~~~~~[0m

[96mjavascript/group1/sub_c/item-_e.js[0m:[93m162[0m:[93m2[0m - [91merror[0m[90m TS2304: [0mCannot find name 'xarray'.

[7m162[0m  xarray.des_arr.push(e => delete tlis)
[7m   [0m [91m ~~~~~~[0m

[96mjavascript/group1/sub_c/item-_e.js[0m:[93m162[0m:[93m22[0m - [91merror[0m[90m TS6133: [0m'e' is declared but its value is never read.

[7m162[0m  xarray.des_arr.push(e => delete tlis)
[7m   [0m [91m                     ~[0m

[96mjavascript/group1/sub_c/item-_e.js[0m:[93m162[0m:[93m22[0m - [91merror[0m[90m TS7006: [0mParameter 'e' implicitly has an 'any' type.

[7m162[0m  xarray.des_arr.push(e => delete tlis)
[7m   [0m [91m                     ~[0m

[96mjavascript/group1/sub_c/item-_e.js[0m:[93m162[0m:[93m34[0m - [91merror[0m[90m TS1102: [0m'delete' cannot be called on an identifier in strict mode.

[7m162[0m  xarray.des_arr.push(e => delete tlis)
[7m   [0m [91m                                 ~~~~[0m

[96mjavascript/group1/sub_c/item-_e.js[0m:[93m162[0m:[93m34[0m - [91merror[0m[90m TS2304: [0mCannot find name 'tlis'.

[7m162[0m  xarray.des_arr.push(e => delete tlis)
[7m   [0m [91m                                 ~~~~[0m

[96mjavascript/group1/sub_c/item-_e.js[0m:[93m162[0m:[93m34[0m - [91merror[0m[90m TS2703: [0mThe operand of a 'delete' operator must be a property reference.

[7m162[0m  xarray.des_arr.push(e => delete tlis)
[7m   [0m [91m                                 ~~~~[0m

[96mjavascript/group1/sub_c/item-_e.js[0m:[93m163[0m:[93m2[0m - [91merror[0m[90m TS2304: [0mCannot find name 'xarray'.

[7m163[0m  xarray.anid=xarray.anid??0
[7m   [0m [91m ~~~~~~[0m

[96mjavascript/group1/sub_c/item-_e.js[0m:[93m163[0m:[93m14[0m - [91merror[0m[90m TS2304: [0mCannot find name 'xarray'.

[7m163[0m  xarray.anid=xarray.anid??0
[7m   [0m [91m             ~~~~~~[0m

[96mjavascript/group1/sub_c/item-_e.js[0m:[93m164[0m:[93m43[0m - [91merror[0m[90m TS2304: [0mCannot find name 'xarray'.

[7m164[0m  let g_msg_chan=new message_channel_class(xarray.des_arr)
[7m   [0m [91m                                          ~~~~~~[0m

[96mjavascript/group1/sub_c/item-_e.js[0m:[93m166[0m:[93m2[0m - [91merror[0m[90m TS2304: [0mCannot find name 'xarray'.

[7m166[0m  xarray.tfn=[]
[7m   [0m [91m ~~~~~~[0m

[96mjavascript/group1/sub_c/item-_e.js[0m:[93m167[0m:[93m2[0m - [91merror[0m[90m TS2304: [0mCannot find name 'xarray'.

[7m167[0m  xarray.tfn.push('Ji ex Qi',tlis)
[7m   [0m [91m ~~~~~~[0m

[96mjavascript/group1/sub_c/item-_e.js[0m:[93m167[0m:[93m29[0m - [91merror[0m[90m TS2304: [0mCannot find name 'tlis'.

[7m167[0m  xarray.tfn.push('Ji ex Qi',tlis)
[7m   [0m [91m                            ~~~~[0m

[96mjavascript/group1/sub_c/item-_e.js[0m:[93m168[0m:[93m2[0m - [91merror[0m[90m TS2304: [0mCannot find name 'pof'.

[7m168[0m  pof=(e) => Object.getPrototypeOf(e)
[7m   [0m [91m ~~~[0m

[96mjavascript/group1/sub_c/item-_e.js[0m:[93m168[0m:[93m7[0m - [91merror[0m[90m TS7006: [0mParameter 'e' implicitly has an 'any' type.

[7m168[0m  pof=(e) => Object.getPrototypeOf(e)
[7m   [0m [91m      ~[0m

[96mjavascript/group1/sub_c/item-_e.js[0m:[93m169[0m:[93m2[0m - [91merror[0m[90m TS2304: [0mCannot find name 'xarray'.

[7m169[0m  xarray.des_arr.push(e => delete pof)
[7m   [0m [91m ~~~~~~[0m

[96mjavascript/group1/sub_c/item-_e.js[0m:[93m169[0m:[93m22[0m - [91merror[0m[90m TS6133: [0m'e' is declared but its value is never read.

[7m169[0m  xarray.des_arr.push(e => delete pof)
[7m   [0m [91m                     ~[0m

[96mjavascript/group1/sub_c/item-_e.js[0m:[93m169[0m:[93m22[0m - [91merror[0m[90m TS7006: [0mParameter 'e' implicitly has an 'any' type.

[7m169[0m  xarray.des_arr.push(e => delete pof)
[7m   [0m [91m                     ~[0m

[96mjavascript/group1/sub_c/item-_e.js[0m:[93m169[0m:[93m34[0m - [91merror[0m[90m TS1102: [0m'delete' cannot be called on an identifier in strict mode.

[7m169[0m  xarray.des_arr.push(e => delete pof)
[7m   [0m [91m                                 ~~~[0m

[96mjavascript/group1/sub_c/item-_e.js[0m:[93m169[0m:[93m34[0m - [91merror[0m[90m TS2304: [0mCannot find name 'pof'.

[7m169[0m  xarray.des_arr.push(e => delete pof)
[7m   [0m [91m                                 ~~~[0m

[96mjavascript/group1/sub_c/item-_e.js[0m:[93m169[0m:[93m34[0m - [91merror[0m[90m TS2703: [0mThe operand of a 'delete' operator must be a property reference.

[7m169[0m  xarray.des_arr.push(e => delete pof)
[7m   [0m [91m                                 ~~~[0m

[96mjavascript/group1/sub_c/item-_e.js[0m:[93m170[0m:[93m2[0m - [91merror[0m[90m TS2304: [0mCannot find name 'xarray'.

[7m170[0m  xarray.chk=['Ji ex Qi',(e) => e&&e.constructor.name=='Ji'&&pof(e.constructor.prototype).constructor.name=='Qi']
[7m   [0m [91m ~~~~~~[0m

[96mjavascript/group1/sub_c/item-_e.js[0m:[93m170[0m:[93m26[0m - [91merror[0m[90m TS7006: [0mParameter 'e' implicitly has an 'any' type.

[7m170[0m  xarray.chk=['Ji ex Qi',(e) => e&&e.constructor.name=='Ji'&&pof(e.constructor.prototype).constructor.name=='Qi']
[7m   [0m [91m                         ~[0m

[96mjavascript/group1/sub_c/item-_e.js[0m:[93m170[0m:[93m61[0m - [91merror[0m[90m TS2304: [0mCannot find name 'pof'.

[7m170[0m  xarray.chk=['Ji ex Qi',(e) => e&&e.constructor.name=='Ji'&&pof(e.constructor.prototype).constructor.name=='Qi']
[7m   [0m [91m                                                            ~~~[0m

[96mjavascript/group1/sub_c/item-_e.js[0m:[93m171[0m:[93m2[0m - [91merror[0m[90m TS2304: [0mCannot find name 'get_arrmap'.

[7m171[0m  get_arrmap=(m,e) => m[m.indexOf(e)+1]
[7m   [0m [91m ~~~~~~~~~~[0m

[96mjavascript/group1/sub_c/item-_e.js[0m:[93m171[0m:[93m14[0m - [91merror[0m[90m TS7006: [0mParameter 'm' implicitly has an 'any' type.

[7m171[0m  get_arrmap=(m,e) => m[m.indexOf(e)+1]
[7m   [0m [91m             ~[0m

[96mjavascript/group1/sub_c/item-_e.js[0m:[93m171[0m:[93m16[0m - [91merror[0m[90m TS7006: [0mParameter 'e' implicitly has an 'any' type.

[7m171[0m  get_arrmap=(m,e) => m[m.indexOf(e)+1]
[7m   [0m [91m               ~[0m

[96mjavascript/group1/sub_c/item-_e.js[0m:[93m172[0m:[93m2[0m - [91merror[0m[90m TS2304: [0mCannot find name 'xarray'.

[7m172[0m  xarray.des_arr.push(e => delete get_arrmap)
[7m   [0m [91m ~~~~~~[0m

[96mjavascript/group1/sub_c/item-_e.js[0m:[93m172[0m:[93m22[0m - [91merror[0m[90m TS6133: [0m'e' is declared but its value is never read.

[7m172[0m  xarray.des_arr.push(e => delete get_arrmap)
[7m   [0m [91m                     ~[0m

[96mjavascript/group1/sub_c/item-_e.js[0m:[93m172[0m:[93m22[0m - [91merror[0m[90m TS7006: [0mParameter 'e' implicitly has an 'any' type.

[7m172[0m  xarray.des_arr.push(e => delete get_arrmap)
[7m   [0m [91m                     ~[0m

[96mjavascript/group1/sub_c/item-_e.js[0m:[93m172[0m:[93m34[0m - [91merror[0m[90m TS1102: [0m'delete' cannot be called on an identifier in strict mode.

[7m172[0m  xarray.des_arr.push(e => delete get_arrmap)
[7m   [0m [91m                                 ~~~~~~~~~~[0m

[96mjavascript/group1/sub_c/item-_e.js[0m:[93m172[0m:[93m34[0m - [91merror[0m[90m TS2304: [0mCannot find name 'get_arrmap'.

[7m172[0m  xarray.des_arr.push(e => delete get_arrmap)
[7m   [0m [91m                                 ~~~~~~~~~~[0m

[96mjavascript/group1/sub_c/item-_e.js[0m:[93m172[0m:[93m34[0m - [91merror[0m[90m TS2703: [0mThe operand of a 'delete' operator must be a property reference.

[7m172[0m  xarray.des_arr.push(e => delete get_arrmap)
[7m   [0m [91m                                 ~~~~~~~~~~[0m

[96mjavascript/group1/sub_c/item-_e.js[0m:[93m173[0m:[93m2[0m - [91merror[0m[90m TS2304: [0mCannot find name 'xarray'.

[7m173[0m  xarray.act_probj=[]
[7m   [0m [91m ~~~~~~[0m

[96mjavascript/group1/sub_c/item-_e.js[0m:[93m174[0m:[93m2[0m - [91merror[0m[90m TS2304: [0mCannot find name 'xarray'.

[7m174[0m  xarray.act_promise=[]
[7m   [0m [91m ~~~~~~[0m

[96mjavascript/group1/sub_c/item-_e.js[0m:[93m175[0m:[93m2[0m - [91merror[0m[90m TS2304: [0mCannot find name 'xarray'.

[7m175[0m  xarray.act_probj.push('Ji ex Qi',new Promise((e,fa) => {
[7m   [0m [91m ~~~~~~[0m

[96mjavascript/group1/sub_c/item-_e.js[0m:[93m176[0m:[93m3[0m - [91merror[0m[90m TS2304: [0mCannot find name 'xarray'.

[7m176[0m   xarray.act_promise.push('Ji ex Qi',e)
[7m   [0m [91m  ~~~~~~[0m

[96mjavascript/group1/sub_c/item-_e.js[0m:[93m177[0m:[93m3[0m - [91merror[0m[90m TS2304: [0mCannot find name 'xarray'.

[7m177[0m   xarray.des_arr.push(e => fa(new Error("Finished")))
[7m   [0m [91m  ~~~~~~[0m

[96mjavascript/group1/sub_c/item-_e.js[0m:[93m177[0m:[93m23[0m - [91merror[0m[90m TS6133: [0m'e' is declared but its value is never read.

[7m177[0m   xarray.des_arr.push(e => fa(new Error("Finished")))
[7m   [0m [91m                      ~[0m

[96mjavascript/group1/sub_c/item-_e.js[0m:[93m177[0m:[93m23[0m - [91merror[0m[90m TS7006: [0mParameter 'e' implicitly has an 'any' type.

[7m177[0m   xarray.des_arr.push(e => fa(new Error("Finished")))
[7m   [0m [91m                      ~[0m

[96mjavascript/group1/sub_c/item-_e.js[0m:[93m180[0m:[93m2[0m - [91merror[0m[90m TS2304: [0mCannot find name 'xarray'.

[7m180[0m  xarray.make_act=function(n,fn_make) {
[7m   [0m [91m ~~~~~~[0m

[96mjavascript/group1/sub_c/item-_e.js[0m:[93m180[0m:[93m27[0m - [91merror[0m[90m TS7006: [0mParameter 'n' implicitly has an 'any' type.

[7m180[0m  xarray.make_act=function(n,fn_make) {
[7m   [0m [91m                          ~[0m

[96mjavascript/group1/sub_c/item-_e.js[0m:[93m180[0m:[93m29[0m - [91merror[0m[90m TS7006: [0mParameter 'fn_make' implicitly has an 'any' type.

[7m180[0m  xarray.make_act=function(n,fn_make) {
[7m   [0m [91m                            ~~~~~~~[0m

[96mjavascript/group1/sub_c/item-_e.js[0m:[93m194[0m:[93m7[0m - [91merror[0m[90m TS6133: [0m'plen' is declared but its value is never read.

[7m194[0m   let plen=this.act.length
[7m   [0m [91m      ~~~~[0m

[96mjavascript/group1/sub_c/item-_e.js[0m:[93m199[0m:[93m2[0m - [91merror[0m[90m TS2304: [0mCannot find name 'xarray'.

[7m199[0m  xarray.act=[]
[7m   [0m [91m ~~~~~~[0m

[96mjavascript/group1/sub_c/item-_e.js[0m:[93m200[0m:[93m2[0m - [91merror[0m[90m TS2304: [0mCannot find name 'xarray'.

[7m200[0m  xarray.nxt=_e => xarray.chk.filter(e => e instanceof Function).filter(e => e(_e)).map(e => xarray.chk[xarray.chk.indexOf(e)-1])[0]
[7m   [0m [91m ~~~~~~[0m

[96mjavascript/group1/sub_c/item-_e.js[0m:[93m200[0m:[93m13[0m - [91merror[0m[90m TS7006: [0mParameter '_e' implicitly has an 'any' type.

[7m200[0m  xarray.nxt=_e => xarray.chk.filter(e => e instanceof Function).filter(e => e(_e)).map(e => xarray.chk[xarray.chk.indexOf(e)-1])[0]
[7m   [0m [91m            ~~[0m

[96mjavascript/group1/sub_c/item-_e.js[0m:[93m200[0m:[93m19[0m - [91merror[0m[90m TS2304: [0mCannot find name 'xarray'.

[7m200[0m  xarray.nxt=_e => xarray.chk.filter(e => e instanceof Function).filter(e => e(_e)).map(e => xarray.chk[xarray.chk.indexOf(e)-1])[0]
[7m   [0m [91m                  ~~~~~~[0m

[96mjavascript/group1/sub_c/item-_e.js[0m:[93m200[0m:[93m37[0m - [91merror[0m[90m TS7006: [0mParameter 'e' implicitly has an 'any' type.

[7m200[0m  xarray.nxt=_e => xarray.chk.filter(e => e instanceof Function).filter(e => e(_e)).map(e => xarray.chk[xarray.chk.indexOf(e)-1])[0]
[7m   [0m [91m                                    ~[0m

[96mjavascript/group1/sub_c/item-_e.js[0m:[93m200[0m:[93m72[0m - [91merror[0m[90m TS7006: [0mParameter 'e' implicitly has an 'any' type.

[7m200[0m  xarray.nxt=_e => xarray.chk.filter(e => e instanceof Function).filter(e => e(_e)).map(e => xarray.chk[xarray.chk.indexOf(e)-1])[0]
[7m   [0m [91m                                                                       ~[0m

[96mjavascript/group1/sub_c/item-_e.js[0m:[93m200[0m:[93m88[0m - [91merror[0m[90m TS7006: [0mParameter 'e' implicitly has an 'any' type.

[7m200[0m  xarray.nxt=_e => xarray.chk.filter(e => e instanceof Function).filter(e => e(_e)).map(e => xarray.chk[xarray.chk.indexOf(e)-1])[0]
[7m   [0m [91m                                                                                       ~[0m

[96mjavascript/group1/sub_c/item-_e.js[0m:[93m200[0m:[93m93[0m - [91merror[0m[90m TS2304: [0mCannot find name 'xarray'.

[7m200[0m  xarray.nxt=_e => xarray.chk.filter(e => e instanceof Function).filter(e => e(_e)).map(e => xarray.chk[xarray.chk.indexOf(e)-1])[0]
[7m   [0m [91m                                                                                            ~~~~~~[0m

[96mjavascript/group1/sub_c/item-_e.js[0m:[93m200[0m:[93m104[0m - [91merror[0m[90m TS2304: [0mCannot find name 'xarray'.

[7m200[0m  xarray.nxt=_e => xarray.chk.filter(e => e instanceof Function).filter(e => e(_e)).map(e => xarray.chk[xarray.chk.indexOf(e)-1])[0]
[7m   [0m [91m                                                                                                       ~~~~~~[0m

[96mjavascript/group1/sub_c/item-_e.js[0m:[93m201[0m:[93m24[0m - [91merror[0m[90m TS7006: [0mParameter 'fn' implicitly has an 'any' type.

[7m201[0m  var make_dbg=function(fn) {
[7m   [0m [91m                       ~~[0m

[96mjavascript/group1/sub_c/item-_e.js[0m:[93m202[0m:[93m3[0m - [91merror[0m[90m TS18048: [0m'debug' is possibly 'undefined'.

[7m202[0m   debug.tfn=fn
[7m   [0m [91m  ~~~~~[0m

[96mjavascript/group1/sub_c/item-_e.js[0m:[93m202[0m:[93m9[0m - [91merror[0m[90m TS2339: [0mProperty 'tfn' does not exist on type 'debug'.

[7m202[0m   debug.tfn=fn
[7m   [0m [91m        ~~~[0m

[96mjavascript/group1/sub_c/item-_e.js[0m:[93m203[0m:[93m3[0m - [91merror[0m[90m TS2304: [0mCannot find name 'xarray'.

[7m203[0m   xarray.anid++
[7m   [0m [91m  ~~~~~~[0m

[96mjavascript/group1/sub_c/item-_e.js[0m:[93m204[0m:[93m17[0m - [91merror[0m[90m TS18048: [0m'debug' is possibly 'undefined'.

[7m204[0m   let nx_l_name=debug.tfn.name? ("fn(\\\""+debug.tfn.name+'\\"):'+(xarray.anid)):("anon:"+(xarray.anid))
[7m   [0m [91m                ~~~~~[0m

[96mjavascript/group1/sub_c/item-_e.js[0m:[93m204[0m:[93m23[0m - [91merror[0m[90m TS2339: [0mProperty 'tfn' does not exist on type 'debug'.

[7m204[0m   let nx_l_name=debug.tfn.name? ("fn(\\\""+debug.tfn.name+'\\"):'+(xarray.anid)):("anon:"+(xarray.anid))
[7m   [0m [91m                      ~~~[0m

[96mjavascript/group1/sub_c/item-_e.js[0m:[93m204[0m:[93m44[0m - [91merror[0m[90m TS18048: [0m'debug' is possibly 'undefined'.

[7m204[0m   let nx_l_name=debug.tfn.name? ("fn(\\\""+debug.tfn.name+'\\"):'+(xarray.anid)):("anon:"+(xarray.anid))
[7m   [0m [91m                                           ~~~~~[0m

[96mjavascript/group1/sub_c/item-_e.js[0m:[93m204[0m:[93m50[0m - [91merror[0m[90m TS2339: [0mProperty 'tfn' does not exist on type 'debug'.

[7m204[0m   let nx_l_name=debug.tfn.name? ("fn(\\\""+debug.tfn.name+'\\"):'+(xarray.anid)):("anon:"+(xarray.anid))
[7m   [0m [91m                                                 ~~~[0m

[96mjavascript/group1/sub_c/item-_e.js[0m:[93m204[0m:[93m68[0m - [91merror[0m[90m TS2304: [0mCannot find name 'xarray'.

[7m204[0m   let nx_l_name=debug.tfn.name? ("fn(\\\""+debug.tfn.name+'\\"):'+(xarray.anid)):("anon:"+(xarray.anid))
[7m   [0m [91m                                                                   ~~~~~~[0m

[96mjavascript/group1/sub_c/item-_e.js[0m:[93m204[0m:[93m92[0m - [91merror[0m[90m TS2304: [0mCannot find name 'xarray'.

[7m204[0m   let nx_l_name=debug.tfn.name? ("fn(\\\""+debug.tfn.name+'\\"):'+(xarray.anid)):("anon:"+(xarray.anid))
[7m   [0m [91m                                                                                           ~~~~~~[0m

[96mjavascript/group1/sub_c/item-_e.js[0m:[93m205[0m:[93m6[0m - [91merror[0m[90m TS18048: [0m'debug' is possibly 'undefined'.

[7m205[0m   if(debug.tfn.name.indexOf('bound ')==0) {
[7m   [0m [91m     ~~~~~[0m

[96mjavascript/group1/sub_c/item-_e.js[0m:[93m205[0m:[93m12[0m - [91merror[0m[90m TS2339: [0mProperty 'tfn' does not exist on type 'debug'.

[7m205[0m   if(debug.tfn.name.indexOf('bound ')==0) {
[7m   [0m [91m           ~~~[0m

[96mjavascript/group1/sub_c/item-_e.js[0m:[93m206[0m:[93m28[0m - [91merror[0m[90m TS18048: [0m'debug' is possibly 'undefined'.

[7m206[0m    nx_l_name="fn_bnd(\\\""+debug.tfn.name.slice(5+1)+'\\"):'+(xarray.anid)
[7m   [0m [91m                           ~~~~~[0m

[96mjavascript/group1/sub_c/item-_e.js[0m:[93m206[0m:[93m34[0m - [91merror[0m[90m TS2339: [0mProperty 'tfn' does not exist on type 'debug'.

[7m206[0m    nx_l_name="fn_bnd(\\\""+debug.tfn.name.slice(5+1)+'\\"):'+(xarray.anid)
[7m   [0m [91m                                 ~~~[0m

[96mjavascript/group1/sub_c/item-_e.js[0m:[93m206[0m:[93m63[0m - [91merror[0m[90m TS2304: [0mCannot find name 'xarray'.

[7m206[0m    nx_l_name="fn_bnd(\\\""+debug.tfn.name.slice(5+1)+'\\"):'+(xarray.anid)
[7m   [0m [91m                                                              ~~~~~~[0m

[96mjavascript/group1/sub_c/item-_e.js[0m:[93m209[0m:[93m20[0m - [91merror[0m[90m TS7006: [0mParameter 'e' implicitly has an 'any' type.

[7m209[0m   let grc=function(e,...r) {
[7m   [0m [91m                   ~[0m

[96mjavascript/group1/sub_c/item-_e.js[0m:[93m209[0m:[93m22[0m - [91merror[0m[90m TS7019: [0mRest parameter 'r' implicitly has an 'any[]' type.

[7m209[0m   let grc=function(e,...r) {
[7m   [0m [91m                     ~~~~[0m

[96mjavascript/group1/sub_c/item-_e.js[0m:[93m222[0m:[93m3[0m - [91merror[0m[90m TS18048: [0m'debug' is possibly 'undefined'.

[7m222[0m   debug.str_code=grc`
[7m   [0m [91m  ~~~~~[0m

[96mjavascript/group1/sub_c/item-_e.js[0m:[93m222[0m:[93m9[0m - [91merror[0m[90m TS2339: [0mProperty 'str_code' does not exist on type 'debug'.

[7m222[0m   debug.str_code=grc`
[7m   [0m [91m        ~~~~~~~~[0m

[96mjavascript/group1/sub_c/item-_e.js[0m:[93m248[0m:[93m11[0m - [91merror[0m[90m TS2304: [0mCannot find name 'tlis'.

[7m248[0m  make_dbg(tlis)
[7m   [0m [91m          ~~~~[0m

[96mjavascript/group1/sub_c/item-_e.js[0m:[93m255[0m:[93m12[0m - [91merror[0m[90m TS2304: [0mCannot find name 'get_arrmap'.

[7m255[0m    var cur=get_arrmap(xarray.act_probj,'Ji ex Qi')
[7m   [0m [91m           ~~~~~~~~~~[0m

[96mjavascript/group1/sub_c/item-_e.js[0m:[93m255[0m:[93m23[0m - [91merror[0m[90m TS2304: [0mCannot find name 'xarray'.

[7m255[0m    var cur=get_arrmap(xarray.act_probj,'Ji ex Qi')
[7m   [0m [91m                      ~~~~~~[0m

[96mjavascript/group1/sub_c/item-_e.js[0m:[93m257[0m:[93m13[0m - [91merror[0m[90m TS2304: [0mCannot find name 'get_arrmap'.

[7m257[0m    let tfn_=get_arrmap(xarray.tfn,'Ji ex Qi')
[7m   [0m [91m            ~~~~~~~~~~[0m

[96mjavascript/group1/sub_c/item-_e.js[0m:[93m257[0m:[93m24[0m - [91merror[0m[90m TS2304: [0mCannot find name 'xarray'.

[7m257[0m    let tfn_=get_arrmap(xarray.tfn,'Ji ex Qi')
[7m   [0m [91m                       ~~~~~~[0m

[96mjavascript/group1/sub_c/item-_e.js[0m:[93m258[0m:[93m4[0m - [91merror[0m[90m TS2722: [0mCannot invoke an object which is possibly 'undefined'.

[7m258[0m    undebug(tfn_)
[7m   [0m [91m   ~~~~~~~[0m

[96mjavascript/group1/sub_c/item-_e.js[0m:[93m269[0m:[93m44[0m - [91merror[0m[90m TS2304: [0mCannot find name 'xarray'.

[7m269[0m     let msg_chan=new message_channel_class(xarray.des_arr)
[7m   [0m [91m                                           ~~~~~~[0m

[96mjavascript/group1/sub_c/item-_e.js[0m:[93m274[0m:[93m21[0m - [91merror[0m[90m TS6133: [0m'e' is declared but its value is never read.

[7m274[0m    let npr=tpr.then(e => {
[7m   [0m [91m                    ~[0m

[96mjavascript/group1/sub_c/item-_e.js[0m:[93m275[0m:[93m5[0m - [91merror[0m[90m TS2304: [0mCannot find name 'tlele'.

[7m275[0m     tlele.click()
[7m   [0m [91m    ~~~~~[0m

[96mjavascript/group1/sub_c/item-_e.js[0m:[93m279[0m:[93m23[0m - [91merror[0m[90m TS6133: [0m'e' is declared but its value is never read.

[7m279[0m    let retpr=npr.then(e => {
[7m   [0m [91m                      ~[0m

[96mjavascript/group1/sub_c/item-_e.js[0m:[93m280[0m:[93m17[0m - [91merror[0m[90m TS2531: [0mObject is possibly 'null'.

[7m280[0m     let ed_cont=document.querySelector("div#sources-panel-sources-view > div.sources-toolbar > div:nth-child(2)").parentElement.parentElement.__widget._editorContainer
[7m   [0m [91m                ~~~~~~~~~~~~~~~~~~~~~~~~~~~~~~~~~~~~~~~~~~~~~~~~~~~~~~~~~~~~~~~~~~~~~~~~~~~~~~~~~~~~~~~~~~~~~~~~~[0m

[96mjavascript/group1/sub_c/item-_e.js[0m:[93m280[0m:[93m17[0m - [91merror[0m[90m TS2531: [0mObject is possibly 'null'.

[7m280[0m     let ed_cont=document.querySelector("div#sources-panel-sources-view > div.sources-toolbar > div:nth-child(2)").parentElement.parentElement.__widget._editorContainer
[7m   [0m [91m                ~~~~~~~~~~~~~~~~~~~~~~~~~~~~~~~~~~~~~~~~~~~~~~~~~~~~~~~~~~~~~~~~~~~~~~~~~~~~~~~~~~~~~~~~~~~~~~~~~~~~~~~~~~~~~~~[0m

[96mjavascript/group1/sub_c/item-_e.js[0m:[93m280[0m:[93m17[0m - [91merror[0m[90m TS2531: [0mObject is possibly 'null'.

[7m280[0m     let ed_cont=document.querySelector("div#sources-panel-sources-view > div.sources-toolbar > div:nth-child(2)").parentElement.parentElement.__widget._editorContainer
[7m   [0m [91m                ~~~~~~~~~~~~~~~~~~~~~~~~~~~~~~~~~~~~~~~~~~~~~~~~~~~~~~~~~~~~~~~~~~~~~~~~~~~~~~~~~~~~~~~~~~~~~~~~~~~~~~~~~~~~~~~~~~~~~~~~~~~~~[0m

[96mjavascript/group1/sub_c/item-_e.js[0m:[93m280[0m:[93m143[0m - [91merror[0m[90m TS2339: [0mProperty '__widget' does not exist on type 'HTMLElement'.

[7m280[0m     let ed_cont=document.querySelector("div#sources-panel-sources-view > div.sources-toolbar > div:nth-child(2)").parentElement.parentElement.__widget._editorContainer
[7m   [0m [91m                                                                                                                                              ~~~~~~~~[0m

[96mjavascript/group1/sub_c/item-_e.js[0m:[93m292[0m:[93m15[0m - [91merror[0m[90m TS6133: [0m'e' is declared but its value is never read.

[7m292[0m    setTimeout(e => tlele.click())
[7m   [0m [91m              ~[0m

[96mjavascript/group1/sub_c/item-_e.js[0m:[93m292[0m:[93m15[0m - [91merror[0m[90m TS7006: [0mParameter 'e' implicitly has an 'any' type.

[7m292[0m    setTimeout(e => tlele.click())
[7m   [0m [91m              ~[0m

[96mjavascript/group1/sub_c/item-_e.js[0m:[93m292[0m:[93m20[0m - [91merror[0m[90m TS2304: [0mCannot find name 'tlele'.

[7m292[0m    setTimeout(e => tlele.click())
[7m   [0m [91m                   ~~~~~[0m

[96mjavascript/group1/sub_c/item-_e.js[0m:[93m296[0m:[93m2[0m - [91merror[0m[90m TS2304: [0mCannot find name 'xarray'.

[7m296[0m  xarray.make_act('Ji ex Qi',function(_e) {
[7m   [0m [91m ~~~~~~[0m

[96mjavascript/group1/sub_c/item-_e.js[0m:[93m296[0m:[93m38[0m - [91merror[0m[90m TS7006: [0mParameter '_e' implicitly has an 'any' type.

[7m296[0m  xarray.make_act('Ji ex Qi',function(_e) {
[7m   [0m [91m                                     ~~[0m

[96mjavascript/group1/sub_c/item-_e.js[0m:[93m297[0m:[93m12[0m - [91merror[0m[90m TS2304: [0mCannot find name 'get_arrmap'.

[7m297[0m   let asya=get_arrmap(xarray.act_promise,_e)
[7m   [0m [91m           ~~~~~~~~~~[0m

[96mjavascript/group1/sub_c/item-_e.js[0m:[93m297[0m:[93m23[0m - [91merror[0m[90m TS2304: [0mCannot find name 'xarray'.

[7m297[0m   let asya=get_arrmap(xarray.act_promise,_e)
[7m   [0m [91m                      ~~~~~~[0m

[96mjavascript/group1/sub_c/item-_e.js[0m:[93m298[0m:[93m19[0m - [91merror[0m[90m TS7006: [0mParameter 'e' implicitly has an 'any' type.

[7m298[0m   return function(e,evaler) {
[7m   [0m [91m                  ~[0m

[96mjavascript/group1/sub_c/item-_e.js[0m:[93m298[0m:[93m21[0m - [91merror[0m[90m TS7006: [0mParameter 'evaler' implicitly has an 'any' type.

[7m298[0m   return function(e,evaler) {
[7m   [0m [91m                    ~~~~~~[0m

[96mjavascript/group1/sub_c/item-_e.js[0m:[93m299[0m:[93m4[0m - [91merror[0m[90m TS2304: [0mCannot find name '_xx2'.

[7m299[0m    _xx2=e
[7m   [0m [91m   ~~~~[0m

[96mjavascript/group1/sub_c/item-_e.js[0m:[93m300[0m:[93m4[0m - [91merror[0m[90m TS2304: [0mCannot find name 'xarray'.

[7m300[0m    xarray.des_arr.push(e => delete _xx3)
[7m   [0m [91m   ~~~~~~[0m

[96mjavascript/group1/sub_c/item-_e.js[0m:[93m300[0m:[93m24[0m - [91merror[0m[90m TS6133: [0m'e' is declared but its value is never read.

[7m300[0m    xarray.des_arr.push(e => delete _xx3)
[7m   [0m [91m                       ~[0m

[96mjavascript/group1/sub_c/item-_e.js[0m:[93m300[0m:[93m24[0m - [91merror[0m[90m TS7006: [0mParameter 'e' implicitly has an 'any' type.

[7m300[0m    xarray.des_arr.push(e => delete _xx3)
[7m   [0m [91m                       ~[0m

[96mjavascript/group1/sub_c/item-_e.js[0m:[93m300[0m:[93m36[0m - [91merror[0m[90m TS1102: [0m'delete' cannot be called on an identifier in strict mode.

[7m300[0m    xarray.des_arr.push(e => delete _xx3)
[7m   [0m [91m                                   ~~~~[0m

[96mjavascript/group1/sub_c/item-_e.js[0m:[93m300[0m:[93m36[0m - [91merror[0m[90m TS2304: [0mCannot find name '_xx3'.

[7m300[0m    xarray.des_arr.push(e => delete _xx3)
[7m   [0m [91m                                   ~~~~[0m

[96mjavascript/group1/sub_c/item-_e.js[0m:[93m300[0m:[93m36[0m - [91merror[0m[90m TS2703: [0mThe operand of a 'delete' operator must be a property reference.

[7m300[0m    xarray.des_arr.push(e => delete _xx3)
[7m   [0m [91m                                   ~~~~[0m

[96mjavascript/group1/sub_c/item-_e.js[0m:[93m302[0m:[93m12[0m - [91merror[0m[90m TS2304: [0mCannot find name 'xarray'.

[7m302[0m    var cur=xarray.callbacks[xarray.callbacks.indexOf(nx_name)+1]
[7m   [0m [91m           ~~~~~~[0m

[96mjavascript/group1/sub_c/item-_e.js[0m:[93m302[0m:[93m29[0m - [91merror[0m[90m TS2304: [0mCannot find name 'xarray'.

[7m302[0m    var cur=xarray.callbacks[xarray.callbacks.indexOf(nx_name)+1]
[7m   [0m [91m                            ~~~~~~[0m

[96mjavascript/group1/sub_c/item-_e.js[0m:[93m306[0m:[93m2[0m - [91merror[0m[90m TS2304: [0mCannot find name 'xarray'.

[7m306[0m  xarray.callbacks=[]
[7m   [0m [91m ~~~~~~[0m

[96mjavascript/group1/sub_c/item-_e.js[0m:[93m307[0m:[93m2[0m - [91merror[0m[90m TS2304: [0mCannot find name 'xarray'.

[7m307[0m  xarray.callbacks.push('Ji ex Qi',function(_,evaler) {
[7m   [0m [91m ~~~~~~[0m

[96mjavascript/group1/sub_c/item-_e.js[0m:[93m307[0m:[93m44[0m - [91merror[0m[90m TS7006: [0mParameter '_' implicitly has an 'any' type.

[7m307[0m  xarray.callbacks.push('Ji ex Qi',function(_,evaler) {
[7m   [0m [91m                                           ~[0m

[96mjavascript/group1/sub_c/item-_e.js[0m:[93m307[0m:[93m46[0m - [91merror[0m[90m TS7006: [0mParameter 'evaler' implicitly has an 'any' type.

[7m307[0m  xarray.callbacks.push('Ji ex Qi',function(_,evaler) {
[7m   [0m [91m                                             ~~~~~~[0m

[96mjavascript/group1/sub_c/item-_e.js[0m:[93m308[0m:[93m3[0m - [91merror[0m[90m TS2304: [0mCannot find name 'xarray'.

[7m308[0m   xarray.eval_scope??=[]
[7m   [0m [91m  ~~~~~~[0m

[96mjavascript/group1/sub_c/item-_e.js[0m:[93m309[0m:[93m3[0m - [91merror[0m[90m TS2304: [0mCannot find name 'xarray'.

[7m309[0m   xarray.eval_scope.push(evaler)
[7m   [0m [91m  ~~~~~~[0m

[96mjavascript/group1/sub_c/item-_e.js[0m:[93m315[0m:[93m14[0m - [91merror[0m[90m TS2304: [0mCannot find name 'pof'.

[7m315[0m   let nx_pof=pof(nx)
[7m   [0m [91m             ~~~[0m

[96mjavascript/group1/sub_c/item-_e.js[0m:[93m317[0m:[93m7[0m - [91merror[0m[90m TS7034: [0mVariable 'tobj' implicitly has type 'any' in some locations where its type cannot be determined.

[7m317[0m   let tobj=null
[7m   [0m [91m      ~~~~[0m

[96mjavascript/group1/sub_c/item-_e.js[0m:[93m319[0m:[93m22[0m - [91merror[0m[90m TS6133: [0m'e' is declared but its value is never read.

[7m319[0m    clicked: function(e) {
[7m   [0m [91m                     ~[0m

[96mjavascript/group1/sub_c/item-_e.js[0m:[93m319[0m:[93m22[0m - [91merror[0m[90m TS7006: [0mParameter 'e' implicitly has an 'any' type.

[7m319[0m    clicked: function(e) {
[7m   [0m [91m                     ~[0m

[96mjavascript/group1/sub_c/item-_e.js[0m:[93m320[0m:[93m30[0m - [91merror[0m[90m TS7005: [0mVariable 'tobj' implicitly has an 'any' type.

[7m320[0m     let spc=tlis_arr.indexOf(tobj)
[7m   [0m [91m                             ~~~~[0m

[96mjavascript/group1/sub_c/item-_e.js[0m:[93m335[0m:[93m6[0m - [91merror[0m[90m TS2339: [0mProperty 'x' does not exist on type '{}'.

[7m335[0m    e.x=nx_str.indexOf("=>")
[7m   [0m [91m     ~[0m

[96mjavascript/group1/sub_c/item-_e.js[0m:[93m336[0m:[93m6[0m - [91merror[0m[90m TS2339: [0mProperty 'aend' does not exist on type '{}'.

[7m336[0m    e.aend=nx_str.indexOf(")")
[7m   [0m [91m     ~~~~[0m

[96mjavascript/group1/sub_c/item-_e.js[0m:[93m337[0m:[93m9[0m - [91merror[0m[90m TS2339: [0mProperty 'aend' does not exist on type '{}'.

[7m337[0m    if(e.aend==-1||e.aend>e.x) {
[7m   [0m [91m        ~~~~[0m

[96mjavascript/group1/sub_c/item-_e.js[0m:[93m337[0m:[93m21[0m - [91merror[0m[90m TS2339: [0mProperty 'aend' does not exist on type '{}'.

[7m337[0m    if(e.aend==-1||e.aend>e.x) {
[7m   [0m [91m                    ~~~~[0m

[96mjavascript/group1/sub_c/item-_e.js[0m:[93m337[0m:[93m28[0m - [91merror[0m[90m TS2339: [0mProperty 'x' does not exist on type '{}'.

[7m337[0m    if(e.aend==-1||e.aend>e.x) {
[7m   [0m [91m                           ~[0m

[96mjavascript/group1/sub_c/item-_e.js[0m:[93m338[0m:[93m7[0m - [91merror[0m[90m TS2339: [0mProperty 'skip' does not exist on type '{}'.

[7m338[0m     e.skip=2
[7m   [0m [91m      ~~~~[0m

[96mjavascript/group1/sub_c/item-_e.js[0m:[93m339[0m:[93m7[0m - [91merror[0m[90m TS2339: [0mProperty 'aend' does not exist on type '{}'.

[7m339[0m     e.aend=e.x
[7m   [0m [91m      ~~~~[0m

[96mjavascript/group1/sub_c/item-_e.js[0m:[93m339[0m:[93m14[0m - [91merror[0m[90m TS2339: [0mProperty 'x' does not exist on type '{}'.

[7m339[0m     e.aend=e.x
[7m   [0m [91m             ~[0m

[96mjavascript/group1/sub_c/item-_e.js[0m:[93m340[0m:[93m7[0m - [91merror[0m[90m TS2339: [0mProperty 'astart' does not exist on type '{}'.

[7m340[0m     e.astart=-1
[7m   [0m [91m      ~~~~~~[0m

[96mjavascript/group1/sub_c/item-_e.js[0m:[93m342[0m:[93m7[0m - [91merror[0m[90m TS2339: [0mProperty 'astart' does not exist on type '{}'.

[7m342[0m     e.astart=nx_str.indexOf("(")
[7m   [0m [91m      ~~~~~~[0m

[96mjavascript/group1/sub_c/item-_e.js[0m:[93m344[0m:[93m6[0m - [91merror[0m[90m TS2339: [0mProperty 'arg' does not exist on type '{}'.

[7m344[0m    e.arg=nx_str.slice(e.astart+1,e.aend)
[7m   [0m [91m     ~~~[0m

[96mjavascript/group1/sub_c/item-_e.js[0m:[93m344[0m:[93m25[0m - [91merror[0m[90m TS2339: [0mProperty 'astart' does not exist on type '{}'.

[7m344[0m    e.arg=nx_str.slice(e.astart+1,e.aend)
[7m   [0m [91m                        ~~~~~~[0m

[96mjavascript/group1/sub_c/item-_e.js[0m:[93m344[0m:[93m36[0m - [91merror[0m[90m TS2339: [0mProperty 'aend' does not exist on type '{}'.

[7m344[0m    e.arg=nx_str.slice(e.astart+1,e.aend)
[7m   [0m [91m                                   ~~~~[0m

[96mjavascript/group1/sub_c/item-_e.js[0m:[93m345[0m:[93m6[0m - [91merror[0m[90m TS2339: [0mProperty 'rest' does not exist on type '{}'.

[7m345[0m    e.rest=nx_str.slice(e.aend+e.skip+1,-1)
[7m   [0m [91m     ~~~~[0m

[96mjavascript/group1/sub_c/item-_e.js[0m:[93m345[0m:[93m26[0m - [91merror[0m[90m TS2339: [0mProperty 'aend' does not exist on type '{}'.

[7m345[0m    e.rest=nx_str.slice(e.aend+e.skip+1,-1)
[7m   [0m [91m                         ~~~~[0m

[96mjavascript/group1/sub_c/item-_e.js[0m:[93m345[0m:[93m33[0m - [91merror[0m[90m TS2339: [0mProperty 'skip' does not exist on type '{}'.

[7m345[0m    e.rest=nx_str.slice(e.aend+e.skip+1,-1)
[7m   [0m [91m                                ~~~~[0m

[96mjavascript/group1/sub_c/item-_e.js[0m:[93m347[0m:[93m36[0m - [91merror[0m[90m TS2339: [0mProperty 'arg' does not exist on type '{}'.

[7m347[0m   let nx_name=nx.name+' '+nx_parse.arg+"@"+nx_parse.rest
[7m   [0m [91m                                   ~~~[0m

[96mjavascript/group1/sub_c/item-_e.js[0m:[93m347[0m:[93m53[0m - [91merror[0m[90m TS2339: [0mProperty 'rest' does not exist on type '{}'.

[7m347[0m   let nx_name=nx.name+' '+nx_parse.arg+"@"+nx_parse.rest
[7m   [0m [91m                                                    ~~~~[0m

[96mjavascript/group1/sub_c/item-_e.js[0m:[93m348[0m:[93m3[0m - [91merror[0m[90m TS2304: [0mCannot find name 'xarray'.

[7m348[0m   xarray.act_probj.push(nx_name,new Promise(e => {
[7m   [0m [91m  ~~~~~~[0m

[96mjavascript/group1/sub_c/item-_e.js[0m:[93m349[0m:[93m4[0m - [91merror[0m[90m TS2304: [0mCannot find name 'xarray'.

[7m349[0m    xarray.act_promise.push(nx_name,e)
[7m   [0m [91m   ~~~~~~[0m

[96mjavascript/group1/sub_c/item-_e.js[0m:[93m353[0m:[93m3[0m - [91merror[0m[90m TS2304: [0mCannot find name 'xarray'.

[7m353[0m   xarray.make_act(nx_name,function(_e) {
[7m   [0m [91m  ~~~~~~[0m

[96mjavascript/group1/sub_c/item-_e.js[0m:[93m353[0m:[93m36[0m - [91merror[0m[90m TS7006: [0mParameter '_e' implicitly has an 'any' type.

[7m353[0m   xarray.make_act(nx_name,function(_e) {
[7m   [0m [91m                                   ~~[0m

[96mjavascript/group1/sub_c/item-_e.js[0m:[93m354[0m:[93m13[0m - [91merror[0m[90m TS2304: [0mCannot find name 'get_arrmap'.

[7m354[0m    let asya=get_arrmap(xarray.act_promise,_e)
[7m   [0m [91m            ~~~~~~~~~~[0m

[96mjavascript/group1/sub_c/item-_e.js[0m:[93m354[0m:[93m24[0m - [91merror[0m[90m TS2304: [0mCannot find name 'xarray'.

[7m354[0m    let asya=get_arrmap(xarray.act_promise,_e)
[7m   [0m [91m                       ~~~~~~[0m

[96mjavascript/group1/sub_c/item-_e.js[0m:[93m355[0m:[93m20[0m - [91merror[0m[90m TS7006: [0mParameter 'e' implicitly has an 'any' type.

[7m355[0m    return function(e,evaler) {
[7m   [0m [91m                   ~[0m

[96mjavascript/group1/sub_c/item-_e.js[0m:[93m355[0m:[93m22[0m - [91merror[0m[90m TS7006: [0mParameter 'evaler' implicitly has an 'any' type.

[7m355[0m    return function(e,evaler) {
[7m   [0m [91m                     ~~~~~~[0m

[96mjavascript/group1/sub_c/item-_e.js[0m:[93m356[0m:[93m5[0m - [91merror[0m[90m TS2304: [0mCannot find name '_xx3'.

[7m356[0m     _xx3=e
[7m   [0m [91m    ~~~~[0m

[96mjavascript/group1/sub_c/item-_e.js[0m:[93m357[0m:[93m5[0m - [91merror[0m[90m TS2304: [0mCannot find name 'xarray'.

[7m357[0m     xarray.des_arr.push(e => delete _xx3)
[7m   [0m [91m    ~~~~~~[0m

[96mjavascript/group1/sub_c/item-_e.js[0m:[93m357[0m:[93m25[0m - [91merror[0m[90m TS6133: [0m'e' is declared but its value is never read.

[7m357[0m     xarray.des_arr.push(e => delete _xx3)
[7m   [0m [91m                        ~[0m

[96mjavascript/group1/sub_c/item-_e.js[0m:[93m357[0m:[93m25[0m - [91merror[0m[90m TS7006: [0mParameter 'e' implicitly has an 'any' type.

[7m357[0m     xarray.des_arr.push(e => delete _xx3)
[7m   [0m [91m                        ~[0m

[96mjavascript/group1/sub_c/item-_e.js[0m:[93m357[0m:[93m37[0m - [91merror[0m[90m TS1102: [0m'delete' cannot be called on an identifier in strict mode.

[7m357[0m     xarray.des_arr.push(e => delete _xx3)
[7m   [0m [91m                                    ~~~~[0m

[96mjavascript/group1/sub_c/item-_e.js[0m:[93m357[0m:[93m37[0m - [91merror[0m[90m TS2304: [0mCannot find name '_xx3'.

[7m357[0m     xarray.des_arr.push(e => delete _xx3)
[7m   [0m [91m                                    ~~~~[0m

[96mjavascript/group1/sub_c/item-_e.js[0m:[93m357[0m:[93m37[0m - [91merror[0m[90m TS2703: [0mThe operand of a 'delete' operator must be a property reference.

[7m357[0m     xarray.des_arr.push(e => delete _xx3)
[7m   [0m [91m                                    ~~~~[0m

[96mjavascript/group1/sub_c/item-_e.js[0m:[93m359[0m:[93m13[0m - [91merror[0m[90m TS2304: [0mCannot find name 'get_arrmap'.

[7m359[0m     var cur=get_arrmap(xarray.callbacks,nx_name)
[7m   [0m [91m            ~~~~~~~~~~[0m

[96mjavascript/group1/sub_c/item-_e.js[0m:[93m359[0m:[93m24[0m - [91merror[0m[90m TS2304: [0mCannot find name 'xarray'.

[7m359[0m     var cur=get_arrmap(xarray.callbacks,nx_name)
[7m   [0m [91m                       ~~~~~~[0m

[96mjavascript/group1/sub_c/item-_e.js[0m:[93m365[0m:[93m3[0m - [91merror[0m[90m TS2304: [0mCannot find name 'xarray'.

[7m365[0m   xarray.chk.push(nx_name,e => e==nx)
[7m   [0m [91m  ~~~~~~[0m

[96mjavascript/group1/sub_c/item-_e.js[0m:[93m365[0m:[93m27[0m - [91merror[0m[90m TS7006: [0mParameter 'e' implicitly has an 'any' type.

[7m365[0m   xarray.chk.push(nx_name,e => e==nx)
[7m   [0m [91m                          ~[0m

[96mjavascript/group1/sub_c/item-_e.js[0m:[93m366[0m:[93m3[0m - [91merror[0m[90m TS2304: [0mCannot find name 'xarray'.

[7m366[0m   xarray.tfn.push(nx_name,nx)
[7m   [0m [91m  ~~~~~~[0m

[96mjavascript/group1/sub_c/item-_e.js[0m:[93m367[0m:[93m42[0m - [91merror[0m[90m TS2304: [0mCannot find name 'xarray'.

[7m367[0m   let msg_chan=new message_channel_class(xarray.des_arr)
[7m   [0m [91m                                         ~~~~~~[0m

[96mjavascript/group1/sub_c/item-_e.js[0m:[93m368[0m:[93m3[0m - [91merror[0m[90m TS2304: [0mCannot find name 'xarray'.

[7m368[0m   xarray.callbacks.push(nx_name,function(e,evaler) {
[7m   [0m [91m  ~~~~~~[0m

[96mjavascript/group1/sub_c/item-_e.js[0m:[93m368[0m:[93m42[0m - [91merror[0m[90m TS6133: [0m'e' is declared but its value is never read.

[7m368[0m   xarray.callbacks.push(nx_name,function(e,evaler) {
[7m   [0m [91m                                         ~[0m

[96mjavascript/group1/sub_c/item-_e.js[0m:[93m368[0m:[93m42[0m - [91merror[0m[90m TS7006: [0mParameter 'e' implicitly has an 'any' type.

[7m368[0m   xarray.callbacks.push(nx_name,function(e,evaler) {
[7m   [0m [91m                                         ~[0m

[96mjavascript/group1/sub_c/item-_e.js[0m:[93m368[0m:[93m44[0m - [91merror[0m[90m TS7006: [0mParameter 'evaler' implicitly has an 'any' type.

[7m368[0m   xarray.callbacks.push(nx_name,function(e,evaler) {
[7m   [0m [91m                                           ~~~~~~[0m

[96mjavascript/group1/sub_c/item-_e.js[0m:[93m370[0m:[93m4[0m - [91merror[0m[90m TS2304: [0mCannot find name 'xarray'.

[7m370[0m    xarray.eval_scope.push(evaler)
[7m   [0m [91m   ~~~~~~[0m

[96mjavascript/group1/sub_c/item-_e.js[0m:[93m371[0m:[93m29[0m - [91merror[0m[90m TS6133: [0m'e' is declared but its value is never read.

[7m371[0m    msg_chan.delayedCallback(e => {
[7m   [0m [91m                            ~[0m

[96mjavascript/group1/sub_c/item-_e.js[0m:[93m371[0m:[93m29[0m - [91merror[0m[90m TS7006: [0mParameter 'e' implicitly has an 'any' type.

[7m371[0m    msg_chan.delayedCallback(e => {
[7m   [0m [91m                            ~[0m

[96mjavascript/group1/sub_c/item-_e.js[0m:[93m372[0m:[93m5[0m - [91merror[0m[90m TS2722: [0mCannot invoke an object which is possibly 'undefined'.

[7m372[0m     undebug(get_arrmap(xarray.tfn,nx_name))
[7m   [0m [91m    ~~~~~~~[0m

[96mjavascript/group1/sub_c/item-_e.js[0m:[93m372[0m:[93m13[0m - [91merror[0m[90m TS2304: [0mCannot find name 'get_arrmap'.

[7m372[0m     undebug(get_arrmap(xarray.tfn,nx_name))
[7m   [0m [91m            ~~~~~~~~~~[0m

[96mjavascript/group1/sub_c/item-_e.js[0m:[93m372[0m:[93m24[0m - [91merror[0m[90m TS2304: [0mCannot find name 'xarray'.

[7m372[0m     undebug(get_arrmap(xarray.tfn,nx_name))
[7m   [0m [91m                       ~~~~~~[0m

[96mjavascript/group1/sub_c/item-_e.js[0m:[93m376[0m:[93m3[0m - [91merror[0m[90m TS2722: [0mCannot invoke an object which is possibly 'undefined'.

[7m376[0m   undebug(get_arrmap(xarray.tfn,nx_name))
[7m   [0m [91m  ~~~~~~~[0m

[96mjavascript/group1/sub_c/item-_e.js[0m:[93m376[0m:[93m11[0m - [91merror[0m[90m TS2304: [0mCannot find name 'get_arrmap'.

[7m376[0m   undebug(get_arrmap(xarray.tfn,nx_name))
[7m   [0m [91m          ~~~~~~~~~~[0m

[96mjavascript/group1/sub_c/item-_e.js[0m:[93m376[0m:[93m22[0m - [91merror[0m[90m TS2304: [0mCannot find name 'xarray'.

[7m376[0m   undebug(get_arrmap(xarray.tfn,nx_name))
[7m   [0m [91m                     ~~~~~~[0m

[96mjavascript/group1/sub_c/item-_e.js[0m:[93m377[0m:[93m3[0m - [91merror[0m[90m TS2304: [0mCannot find name 'xarray'.

[7m377[0m   xarray.anid++
[7m   [0m [91m  ~~~~~~[0m

[96mjavascript/group1/sub_c/item-_e.js[0m:[93m378[0m:[93m55[0m - [91merror[0m[90m TS2304: [0mCannot find name 'xarray'.

[7m378[0m   let nx_l_name=(nx.name? ("fn(\\\""+nx.name+'\\"):'+(xarray.anid)):("anon:"+(xarray.anid)))
[7m   [0m [91m                                                      ~~~~~~[0m

[96mjavascript/group1/sub_c/item-_e.js[0m:[93m378[0m:[93m79[0m - [91merror[0m[90m TS2304: [0mCannot find name 'xarray'.

[7m378[0m   let nx_l_name=(nx.name? ("fn(\\\""+nx.name+'\\"):'+(xarray.anid)):("anon:"+(xarray.anid)))
[7m   [0m [91m                                                                              ~~~~~~[0m

[96mjavascript/group1/sub_c/item-_e.js[0m:[93m380[0m:[93m20[0m - [91merror[0m[90m TS7006: [0mParameter 'e' implicitly has an 'any' type.

[7m380[0m   let grc=function(e,...r) {
[7m   [0m [91m                   ~[0m

[96mjavascript/group1/sub_c/item-_e.js[0m:[93m380[0m:[93m22[0m - [91merror[0m[90m TS7019: [0mRest parameter 'r' implicitly has an 'any[]' type.

[7m380[0m   let grc=function(e,...r) {
[7m   [0m [91m                     ~~~~[0m

[96mjavascript/group1/sub_c/item-_e.js[0m:[93m393[0m:[93m3[0m - [91merror[0m[90m TS18048: [0m'debug' is possibly 'undefined'.

[7m393[0m   debug.str_code=grc`
[7m   [0m [91m  ~~~~~[0m

[96mjavascript/group1/sub_c/item-_e.js[0m:[93m393[0m:[93m9[0m - [91merror[0m[90m TS2339: [0mProperty 'str_code' does not exist on type 'debug'.

[7m393[0m   debug.str_code=grc`
[7m   [0m [91m        ~~~~~~~~[0m

[96mjavascript/group1/sub_c/item-_e.js[0m:[93m452[0m:[93m3[0m - [91merror[0m[90m TS2304: [0mCannot find name 'xarray'.

[7m452[0m   xarray.act_probj.push(nx_name,new Promise(e => {
[7m   [0m [91m  ~~~~~~[0m

[96mjavascript/group1/sub_c/item-_e.js[0m:[93m453[0m:[93m4[0m - [91merror[0m[90m TS2304: [0mCannot find name 'xarray'.

[7m453[0m    xarray.act_promise.push(nx_name,e)
[7m   [0m [91m   ~~~~~~[0m

[96mjavascript/group1/sub_c/item-_e.js[0m:[93m457[0m:[93m3[0m - [91merror[0m[90m TS2722: [0mCannot invoke an object which is possibly 'undefined'.

[7m457[0m   debug(get_arrmap(xarray.tfn,nx_name),debug.str_code)
[7m   [0m [91m  ~~~~~[0m

[96mjavascript/group1/sub_c/item-_e.js[0m:[93m457[0m:[93m9[0m - [91merror[0m[90m TS2304: [0mCannot find name 'get_arrmap'.

[7m457[0m   debug(get_arrmap(xarray.tfn,nx_name),debug.str_code)
[7m   [0m [91m        ~~~~~~~~~~[0m

[96mjavascript/group1/sub_c/item-_e.js[0m:[93m457[0m:[93m20[0m - [91merror[0m[90m TS2304: [0mCannot find name 'xarray'.

[7m457[0m   debug(get_arrmap(xarray.tfn,nx_name),debug.str_code)
[7m   [0m [91m                   ~~~~~~[0m

[96mjavascript/group1/sub_c/item-_e.js[0m:[93m457[0m:[93m40[0m - [91merror[0m[90m TS18048: [0m'debug' is possibly 'undefined'.

[7m457[0m   debug(get_arrmap(xarray.tfn,nx_name),debug.str_code)
[7m   [0m [91m                                       ~~~~~[0m

[96mjavascript/group1/sub_c/item-_e.js[0m:[93m457[0m:[93m46[0m - [91merror[0m[90m TS2339: [0mProperty 'str_code' does not exist on type 'debug'.

[7m457[0m   debug(get_arrmap(xarray.tfn,nx_name),debug.str_code)
[7m   [0m [91m                                             ~~~~~~~~[0m

[96mjavascript/group1/sub_c/item-_e.js[0m:[93m460[0m:[93m2[0m - [91merror[0m[90m TS2722: [0mCannot invoke an object which is possibly 'undefined'.

[7m460[0m  undebug(get_arrmap(xarray.tfn,'Ji ex Qi'))
[7m   [0m [91m ~~~~~~~[0m

[96mjavascript/group1/sub_c/item-_e.js[0m:[93m460[0m:[93m10[0m - [91merror[0m[90m TS2304: [0mCannot find name 'get_arrmap'.

[7m460[0m  undebug(get_arrmap(xarray.tfn,'Ji ex Qi'))
[7m   [0m [91m         ~~~~~~~~~~[0m

[96mjavascript/group1/sub_c/item-_e.js[0m:[93m460[0m:[93m21[0m - [91merror[0m[90m TS2304: [0mCannot find name 'xarray'.

[7m460[0m  undebug(get_arrmap(xarray.tfn,'Ji ex Qi'))
[7m   [0m [91m                    ~~~~~~[0m

[96mjavascript/group1/sub_c/item-_e.js[0m:[93m461[0m:[93m15[0m - [91merror[0m[90m TS7005: [0mVariable 'smm_des' implicitly has an 'any[]' type.

[7m461[0m  for(let i of smm_des) {
[7m   [0m [91m              ~~~~~~~[0m

[96mjavascript/group1/sub_c/item-_e.js[0m:[93m465[0m:[93m2[0m - [91merror[0m[90m TS2722: [0mCannot invoke an object which is possibly 'undefined'.

[7m465[0m  debug(get_arrmap(xarray.tfn,'Ji ex Qi'),debug.str_code)
[7m   [0m [91m ~~~~~[0m

[96mjavascript/group1/sub_c/item-_e.js[0m:[93m465[0m:[93m8[0m - [91merror[0m[90m TS2304: [0mCannot find name 'get_arrmap'.

[7m465[0m  debug(get_arrmap(xarray.tfn,'Ji ex Qi'),debug.str_code)
[7m   [0m [91m       ~~~~~~~~~~[0m

[96mjavascript/group1/sub_c/item-_e.js[0m:[93m465[0m:[93m19[0m - [91merror[0m[90m TS2304: [0mCannot find name 'xarray'.

[7m465[0m  debug(get_arrmap(xarray.tfn,'Ji ex Qi'),debug.str_code)
[7m   [0m [91m                  ~~~~~~[0m

[96mjavascript/group1/sub_c/item-_e.js[0m:[93m465[0m:[93m42[0m - [91merror[0m[90m TS18048: [0m'debug' is possibly 'undefined'.

[7m465[0m  debug(get_arrmap(xarray.tfn,'Ji ex Qi'),debug.str_code)
[7m   [0m [91m                                         ~~~~~[0m

[96mjavascript/group1/sub_c/item-_e.js[0m:[93m465[0m:[93m48[0m - [91merror[0m[90m TS2339: [0mProperty 'str_code' does not exist on type 'debug'.

[7m465[0m  debug(get_arrmap(xarray.tfn,'Ji ex Qi'),debug.str_code)
[7m   [0m [91m                                               ~~~~~~~~[0m

[96mjavascript/group1/sub_c/item-_e.js[0m:[93m466[0m:[93m2[0m - [91merror[0m[90m TS2304: [0mCannot find name 'tlele'.

[7m466[0m  tlele.click()
[7m   [0m [91m ~~~~~[0m

[96mjavascript/group1/sub_c/item-_e.js[0m:[93m467[0m:[93m2[0m - [91merror[0m[90m TS2304: [0mCannot find name 'get_arrmap'.

[7m467[0m  get_arrmap(xarray.tfn,'Ji ex Qi')
[7m   [0m [91m ~~~~~~~~~~[0m

[96mjavascript/group1/sub_c/item-_e.js[0m:[93m467[0m:[93m13[0m - [91merror[0m[90m TS2304: [0mCannot find name 'xarray'.

[7m467[0m  get_arrmap(xarray.tfn,'Ji ex Qi')
[7m   [0m [91m            ~~~~~~[0m

[96mjavascript/group1/sub_c/item-_e.js[0m:[93m469[0m:[93m6[0m - [91merror[0m[90m TS2304: [0mCannot find name 'xarray'.

[7m469[0m  h.h=xarray[0]._listeners
[7m   [0m [91m     ~~~~~~[0m

[96mjavascript/group1/sub_c/item-_e.js[0m:[93m471[0m:[93m15[0m - [91merror[0m[90m TS18047: [0m'h.h' is possibly 'null'.

[7m471[0m   let got_lis=h.h.get(h.h.keys().next().value)[0]
[7m   [0m [91m              ~~~[0m

[96mjavascript/group1/sub_c/item-_e.js[0m:[93m471[0m:[93m23[0m - [91merror[0m[90m TS18047: [0m'h.h' is possibly 'null'.

[7m471[0m   let got_lis=h.h.get(h.h.keys().next().value)[0]
[7m   [0m [91m                      ~~~[0m

[96mjavascript/group1/sub_c/item-_e.js[0m:[93m474[0m:[93m14[0m - [91merror[0m[90m TS2304: [0mCannot find name 'pof'.

[7m474[0m   let nx_pof=pof(nx)
[7m   [0m [91m             ~~~[0m

[96mjavascript/group1/sub_c/item-_e.js[0m:[93m483[0m:[93m6[0m - [91merror[0m[90m TS2339: [0mProperty 'x' does not exist on type '{}'.

[7m483[0m    e.x=nx_str.indexOf("=>")
[7m   [0m [91m     ~[0m

[96mjavascript/group1/sub_c/item-_e.js[0m:[93m484[0m:[93m6[0m - [91merror[0m[90m TS2339: [0mProperty 'aend' does not exist on type '{}'.

[7m484[0m    e.aend=nx_str.indexOf(")")
[7m   [0m [91m     ~~~~[0m

[96mjavascript/group1/sub_c/item-_e.js[0m:[93m485[0m:[93m9[0m - [91merror[0m[90m TS2339: [0mProperty 'aend' does not exist on type '{}'.

[7m485[0m    if(e.aend==-1||e.aend>e.x) {
[7m   [0m [91m        ~~~~[0m

[96mjavascript/group1/sub_c/item-_e.js[0m:[93m485[0m:[93m21[0m - [91merror[0m[90m TS2339: [0mProperty 'aend' does not exist on type '{}'.

[7m485[0m    if(e.aend==-1||e.aend>e.x) {
[7m   [0m [91m                    ~~~~[0m

[96mjavascript/group1/sub_c/item-_e.js[0m:[93m485[0m:[93m28[0m - [91merror[0m[90m TS2339: [0mProperty 'x' does not exist on type '{}'.

[7m485[0m    if(e.aend==-1||e.aend>e.x) {
[7m   [0m [91m                           ~[0m

[96mjavascript/group1/sub_c/item-_e.js[0m:[93m486[0m:[93m7[0m - [91merror[0m[90m TS2339: [0mProperty 'skip' does not exist on type '{}'.

[7m486[0m     e.skip=2
[7m   [0m [91m      ~~~~[0m

[96mjavascript/group1/sub_c/item-_e.js[0m:[93m487[0m:[93m7[0m - [91merror[0m[90m TS2339: [0mProperty 'aend' does not exist on type '{}'.

[7m487[0m     e.aend=e.x
[7m   [0m [91m      ~~~~[0m

[96mjavascript/group1/sub_c/item-_e.js[0m:[93m487[0m:[93m14[0m - [91merror[0m[90m TS2339: [0mProperty 'x' does not exist on type '{}'.

[7m487[0m     e.aend=e.x
[7m   [0m [91m             ~[0m

[96mjavascript/group1/sub_c/item-_e.js[0m:[93m488[0m:[93m7[0m - [91merror[0m[90m TS2339: [0mProperty 'astart' does not exist on type '{}'.

[7m488[0m     e.astart=-1
[7m   [0m [91m      ~~~~~~[0m

[96mjavascript/group1/sub_c/item-_e.js[0m:[93m490[0m:[93m7[0m - [91merror[0m[90m TS2339: [0mProperty 'astart' does not exist on type '{}'.

[7m490[0m     e.astart=nx_str.indexOf("(")
[7m   [0m [91m      ~~~~~~[0m

[96mjavascript/group1/sub_c/item-_e.js[0m:[93m492[0m:[93m6[0m - [91merror[0m[90m TS2339: [0mProperty 'arg' does not exist on type '{}'.

[7m492[0m    e.arg=nx_str.slice(e.astart+1,e.aend)
[7m   [0m [91m     ~~~[0m

[96mjavascript/group1/sub_c/item-_e.js[0m:[93m492[0m:[93m25[0m - [91merror[0m[90m TS2339: [0mProperty 'astart' does not exist on type '{}'.

[7m492[0m    e.arg=nx_str.slice(e.astart+1,e.aend)
[7m   [0m [91m                        ~~~~~~[0m

[96mjavascript/group1/sub_c/item-_e.js[0m:[93m492[0m:[93m36[0m - [91merror[0m[90m TS2339: [0mProperty 'aend' does not exist on type '{}'.

[7m492[0m    e.arg=nx_str.slice(e.astart+1,e.aend)
[7m   [0m [91m                                   ~~~~[0m

[96mjavascript/group1/sub_c/item-_e.js[0m:[93m493[0m:[93m6[0m - [91merror[0m[90m TS2339: [0mProperty 'rest' does not exist on type '{}'.

[7m493[0m    e.rest=nx_str.slice(e.aend+e.skip+1,-1)
[7m   [0m [91m     ~~~~[0m

[96mjavascript/group1/sub_c/item-_e.js[0m:[93m493[0m:[93m26[0m - [91merror[0m[90m TS2339: [0mProperty 'aend' does not exist on type '{}'.

[7m493[0m    e.rest=nx_str.slice(e.aend+e.skip+1,-1)
[7m   [0m [91m                         ~~~~[0m

[96mjavascript/group1/sub_c/item-_e.js[0m:[93m493[0m:[93m33[0m - [91merror[0m[90m TS2339: [0mProperty 'skip' does not exist on type '{}'.

[7m493[0m    e.rest=nx_str.slice(e.aend+e.skip+1,-1)
[7m   [0m [91m                                ~~~~[0m

[96mjavascript/group1/sub_c/item-_e.js[0m:[93m495[0m:[93m36[0m - [91merror[0m[90m TS2339: [0mProperty 'arg' does not exist on type '{}'.

[7m495[0m   let nx_name=nx.name+' '+nx_parse.arg+"@"+nx_parse.rest
[7m   [0m [91m                                   ~~~[0m

[96mjavascript/group1/sub_c/item-_e.js[0m:[93m495[0m:[93m53[0m - [91merror[0m[90m TS2339: [0mProperty 'rest' does not exist on type '{}'.

[7m495[0m   let nx_name=nx.name+' '+nx_parse.arg+"@"+nx_parse.rest
[7m   [0m [91m                                                    ~~~~[0m

[96mjavascript/group1/sub_c/item-_e.js[0m:[93m500[0m:[93m3[0m - [91merror[0m[90m TS2304: [0mCannot find name 'xarray'.

[7m500[0m   xarray.g_promise=async_promise_run
[7m   [0m [91m  ~~~~~~[0m

[96mjavascript/group1/sub_c/item-_e.js[0m:[93m501[0m:[93m26[0m - [91merror[0m[90m TS6133: [0m'e' is declared but its value is never read.

[7m501[0m   async_promise_run.then(e => xarray.done=true).then(e => {
[7m   [0m [91m                         ~[0m

[96mjavascript/group1/sub_c/item-_e.js[0m:[93m501[0m:[93m31[0m - [91merror[0m[90m TS2304: [0mCannot find name 'xarray'.

[7m501[0m   async_promise_run.then(e => xarray.done=true).then(e => {
[7m   [0m [91m                              ~~~~~~[0m

[96mjavascript/group1/sub_c/item-_e.js[0m:[93m501[0m:[93m54[0m - [91merror[0m[90m TS6133: [0m'e' is declared but its value is never read.

[7m501[0m   async_promise_run.then(e => xarray.done=true).then(e => {
[7m   [0m [91m                                                     ~[0m

[96mjavascript/group1/sub_c/item-_e.js[0m:[93m502[0m:[93m7[0m - [91merror[0m[90m TS2304: [0mCannot find name 'xarray'.

[7m502[0m    if(xarray.length>6) {
[7m   [0m [91m      ~~~~~~[0m

[96mjavascript/group1/sub_c/item-_e.js[0m:[93m503[0m:[93m5[0m - [91merror[0m[90m TS2304: [0mCannot find name 'xarray'.

[7m503[0m     xarray.length-=2
[7m   [0m [91m    ~~~~~~[0m

[96mjavascript/group1/sub_c/item-_e.js[0m:[93m505[0m:[93m10[0m - [91merror[0m[90m TS2304: [0mCannot find name 'xarray'.

[7m505[0m    while(xarray.eval_scope.length>6) {
[7m   [0m [91m         ~~~~~~[0m

[96mjavascript/group1/sub_c/item-_e.js[0m:[93m506[0m:[93m5[0m - [91merror[0m[90m TS2304: [0mCannot find name 'xarray'.

[7m506[0m     xarray.eval_scope.length-=2
[7m   [0m [91m    ~~~~~~[0m

[96mjavascript/group1/sub_c/item-_e.js[0m:[93m508[0m:[93m4[0m - [91merror[0m[90m TS2304: [0mCannot find name 'xarray'.

[7m508[0m    xarray.finish()
[7m   [0m [91m   ~~~~~~[0m

[96mjavascript/group1/sub_c/item-_e.js[0m:[93m509[0m:[93m12[0m - [91merror[0m[90m TS2304: [0mCannot find name 'xarray'.

[7m509[0m    var xar=xarray
[7m   [0m [91m           ~~~~~~[0m

[96mjavascript/group1/sub_c/item-_e.js[0m:[93m510[0m:[93m4[0m - [91merror[0m[90m TS2304: [0mCannot find name 'xarray'.

[7m510[0m    xarray=[]
[7m   [0m [91m   ~~~~~~[0m

[96mjavascript/group1/sub_c/item-_e.js[0m:[93m511[0m:[93m4[0m - [91merror[0m[90m TS2304: [0mCannot find name 'xarray'.

[7m511[0m    xarray.done=xar.done
[7m   [0m [91m   ~~~~~~[0m

[96mjavascript/group1/sub_c/item-_e.js[0m:[93m518[0m:[93m1[0m - [91merror[0m[90m TS2304: [0mCannot find name 'perf_test'.

[7m518[0m perf_test=async function(n) {
[7m   [0m [91m~~~~~~~~~[0m

[96mjavascript/group1/sub_c/item-_e.js[0m:[93m518[0m:[93m26[0m - [91merror[0m[90m TS7006: [0mParameter 'n' implicitly has an 'any' type.

[7m518[0m perf_test=async function(n) {
[7m   [0m [91m                         ~[0m

[96mjavascript/group1/sub_c/item-_e.js[0m:[93m521[0m:[93m18[0m - [91merror[0m[90m TS2304: [0mCannot find name 'async_func'.

[7m521[0m    let res=await async_func()
[7m   [0m [91m                 ~~~~~~~~~~[0m

[96mjavascript/group1/sub_c/item-_e.js[0m:[93m530[0m:[93m2[0m - [91merror[0m[90m TS2304: [0mCannot find name 'perf_test'.

[7m530[0m  perf_test(3).then(e => console.log("DonePerf:"+(performance.now()-t_start)))
[7m   [0m [91m ~~~~~~~~~[0m

[96mjavascript/group1/sub_c/item-_e.js[0m:[93m530[0m:[93m20[0m - [91merror[0m[90m TS6133: [0m'e' is declared but its value is never read.

[7m530[0m  perf_test(3).then(e => console.log("DonePerf:"+(performance.now()-t_start)))
[7m   [0m [91m                   ~[0m

[96mjavascript/group1/sub_c/item-_e.js[0m:[93m530[0m:[93m20[0m - [91merror[0m[90m TS7006: [0mParameter 'e' implicitly has an 'any' type.

[7m530[0m  perf_test(3).then(e => console.log("DonePerf:"+(performance.now()-t_start)))
[7m   [0m [91m                   ~[0m

[96mjavascript/group1/sub_c/item-_f.js[0m:[93m4[0m:[93m6[0m - [91merror[0m[90m TS2304: [0mCannot find name 'svm'.

[7m4[0m   if(svm.si_update===undefined) {
[7m [0m [91m     ~~~[0m

[96mjavascript/group1/sub_c/item-_f.js[0m:[93m9[0m:[93m4[0m - [91merror[0m[90m TS18048: [0m'debug' is possibly 'undefined'.

[7m9[0m    debug.f=vm_render._s
[7m [0m [91m   ~~~~~[0m

[96mjavascript/group1/sub_c/item-_f.js[0m:[93m9[0m:[93m12[0m - [91merror[0m[90m TS2304: [0mCannot find name 'vm_render'.

[7m9[0m    debug.f=vm_render._s
[7m [0m [91m           ~~~~~~~~~[0m

[96mjavascript/group1/sub_c/item-_f.js[0m:[93m10[0m:[93m4[0m - [91merror[0m[90m TS2722: [0mCannot invoke an object which is possibly 'undefined'.

[7m10[0m    undebug(debug.f)
[7m  [0m [91m   ~~~~~~~[0m

[96mjavascript/group1/sub_c/item-_f.js[0m:[93m10[0m:[93m12[0m - [91merror[0m[90m TS18048: [0m'debug' is possibly 'undefined'.

[7m10[0m    undebug(debug.f)
[7m  [0m [91m           ~~~~~[0m

[96mjavascript/group1/sub_c/item-_f.js[0m:[93m12[0m:[93m5[0m - [91merror[0m[90m TS2304: [0mCannot find name 'val'.

[7m12[0m     val.save=_toString
[7m  [0m [91m    ~~~[0m

[96mjavascript/group1/sub_c/item-_f.js[0m:[93m12[0m:[93m14[0m - [91merror[0m[90m TS2304: [0mCannot find name '_toString'.

[7m12[0m     val.save=_toString
[7m  [0m [91m             ~~~~~~~~~[0m

[96mjavascript/group1/sub_c/item-_f.js[0m:[93m13[0m:[93m17[0m - [91merror[0m[90m TS2304: [0mCannot find name 'val'.

[7m13[0m     console.log(val)
[7m  [0m [91m                ~~~[0m

[96mjavascript/group1/sub_c/item-_f.js[0m:[93m14[0m:[93m54[0m - [91merror[0m[90m TS2722: [0mCannot invoke an object which is possibly 'undefined'.

[7m14[0m     Promise.resolve([debug,undebug]).then(([x,e]) => e(x.f))
[7m  [0m [91m                                                     ~[0m

[96mjavascript/group1/sub_c/item-_f.js[0m:[93m14[0m:[93m54[0m - [91merror[0m[90m TS2554: [0mExpected 2 arguments, but got 1.

[7m14[0m     Promise.resolve([debug,undebug]).then(([x,e]) => e(x.f))
[7m  [0m [91m                                                     ~~~~~~[0m

  [96mjavascript/final/named/__global.ts[0m:[93m88[0m:[93m30[0m
    [7m88[0m   (arg0: (...x:any[]) => any,code: string): void;
    [7m  [0m [96m                             ~~~~~~~~~~~~[0m
    An argument for 'code' was not provided.

[96mjavascript/group1/sub_c/item-_f.js[0m:[93m14[0m:[93m56[0m - [91merror[0m[90m TS18048: [0m'x' is possibly 'undefined'.

[7m14[0m     Promise.resolve([debug,undebug]).then(([x,e]) => e(x.f))
[7m  [0m [91m                                                       ~[0m

[96mjavascript/group1/sub_c/item-_f.js[0m:[93m14[0m:[93m58[0m - [91merror[0m[90m TS2339: [0mProperty 'f' does not exist on type 'debug | undebug'.
  Property 'f' does not exist on type 'undebug'.

[7m14[0m     Promise.resolve([debug,undebug]).then(([x,e]) => e(x.f))
[7m  [0m [91m                                                         ~[0m

[96mjavascript/group1/sub_c/item-_f.js[0m:[93m32[0m:[93m4[0m - [91merror[0m[90m TS2722: [0mCannot invoke an object which is possibly 'undefined'.

[7m32[0m    debug(debug.f,fn_bp_str+';0')
[7m  [0m [91m   ~~~~~[0m

[96mjavascript/group1/sub_c/item-_f.js[0m:[93m32[0m:[93m10[0m - [91merror[0m[90m TS18048: [0m'debug' is possibly 'undefined'.

[7m32[0m    debug(debug.f,fn_bp_str+';0')
[7m  [0m [91m         ~~~~~[0m

[96mjavascript/group1/sub_c/item-_f.js[0m:[93m33[0m:[93m4[0m - [91merror[0m[90m TS18048: [0m'debug' is possibly 'undefined'.

[7m33[0m    debug.a=[1,2,3]
[7m  [0m [91m   ~~~~~[0m

[96mjavascript/group1/sub_c/item-_f.js[0m:[93m33[0m:[93m10[0m - [91merror[0m[90m TS2339: [0mProperty 'a' does not exist on type 'debug'.

[7m33[0m    debug.a=[1,2,3]
[7m  [0m [91m         ~[0m

[96mjavascript/group1/sub_c/item-_f.js[0m:[93m35[0m:[93m14[0m - [91merror[0m[90m TS2304: [0mCannot find name 'vm_render'.

[7m35[0m   if((typeof vm_render)[0]=='u') {
[7m  [0m [91m             ~~~~~~~~~[0m

[96mjavascript/group1/sub_c/item-_f.js[0m:[93m40[0m:[93m24[0m - [91merror[0m[90m TS7006: [0mParameter 'idt' implicitly has an 'any' type.

[7m40[0m   let tag_gen=function(idt,...e) {
[7m  [0m [91m                       ~~~[0m

[96mjavascript/group1/sub_c/item-_f.js[0m:[93m40[0m:[93m28[0m - [91merror[0m[90m TS7019: [0mRest parameter 'e' implicitly has an 'any[]' type.

[7m40[0m   let tag_gen=function(idt,...e) {
[7m  [0m [91m                           ~~~~[0m

[96mjavascript/group1/sub_c/item-_f.js[0m:[93m44[0m:[93m17[0m - [91merror[0m[90m TS6133: [0m'x' is declared but its value is never read.

[7m44[0m    function rsg(x) {
[7m  [0m [91m                ~[0m

[96mjavascript/group1/sub_c/item-_f.js[0m:[93m44[0m:[93m17[0m - [91merror[0m[90m TS7006: [0mParameter 'x' implicitly has an 'any' type.

[7m44[0m    function rsg(x) {
[7m  [0m [91m                ~[0m

[96mjavascript/group1/sub_c/item-_f.js[0m:[93m66[0m:[93m10[0m - [91merror[0m[90m TS7019: [0mRest parameter 'e' implicitly has an 'any[]' type.

[7m66[0m   let x=(...e) => e
[7m  [0m [91m         ~~~~[0m

[96mjavascript/group1/sub_c/item-_f.js[0m:[93m68[0m:[93m28[0m - [91merror[0m[90m TS7006: [0mParameter 'o' implicitly has an 'any' type.

[7m68[0m   let virtual_gen=function(o,na) {
[7m  [0m [91m                           ~[0m

[96mjavascript/group1/sub_c/item-_f.js[0m:[93m68[0m:[93m30[0m - [91merror[0m[90m TS7006: [0mParameter 'na' implicitly has an 'any' type.

[7m68[0m   let virtual_gen=function(o,na) {
[7m  [0m [91m                             ~~[0m

[96mjavascript/group1/sub_c/item-_f.js[0m:[93m70[0m:[93m19[0m - [91merror[0m[90m TS7019: [0mRest parameter 'e' implicitly has an 'any[]' type.

[7m70[0m    o[na]=function(...e) {
[7m  [0m [91m                  ~~~~[0m

[96mjavascript/group1/sub_c/item-_f.js[0m:[93m78[0m:[93m5[0m - [91merror[0m[90m TS2339: [0mProperty '_c' does not exist on type '{}'.

[7m78[0m   c._c=t
[7m  [0m [91m    ~~[0m

[96mjavascript/group1/sub_c/item-_f.js[0m:[93m81[0m:[93m5[0m - [91merror[0m[90m TS2339: [0mProperty '_l' does not exist on type '{}'.

[7m81[0m   c._l=function(arr,iter) {
[7m  [0m [91m    ~~[0m

[96mjavascript/group1/sub_c/item-_f.js[0m:[93m81[0m:[93m17[0m - [91merror[0m[90m TS7006: [0mParameter 'arr' implicitly has an 'any' type.

[7m81[0m   c._l=function(arr,iter) {
[7m  [0m [91m                ~~~[0m

[96mjavascript/group1/sub_c/item-_f.js[0m:[93m81[0m:[93m21[0m - [91merror[0m[90m TS7006: [0mParameter 'iter' implicitly has an 'any' type.

[7m81[0m   c._l=function(arr,iter) {
[7m  [0m [91m                    ~~~~[0m

[96mjavascript/group1/sub_c/item-_f.js[0m:[93m83[0m:[93m8[0m - [91merror[0m[90m TS7034: [0mVariable 'out' implicitly has type 'any[]' in some locations where its type cannot be determined.

[7m83[0m    let out=[]
[7m  [0m [91m       ~~~[0m

[96mjavascript/group1/sub_c/item-_f.js[0m:[93m86[0m:[93m5[0m - [91merror[0m[90m TS7005: [0mVariable 'out' implicitly has an 'any[]' type.

[7m86[0m     out[i]=iter(arr[i])
[7m  [0m [91m    ~~~[0m

[96mjavascript/group1/sub_c/item-_f.js[0m:[93m86[0m:[93m9[0m - [91merror[0m[90m TS7015: [0mElement implicitly has an 'any' type because index expression is not of type 'number'.

[7m86[0m     out[i]=iter(arr[i])
[7m  [0m [91m        ~[0m

[96mjavascript/group1/sub_c/item-_f.js[0m:[93m88[0m:[93m11[0m - [91merror[0m[90m TS7005: [0mVariable 'out' implicitly has an 'any[]' type.

[7m88[0m    return out
[7m  [0m [91m          ~~~[0m

[96mjavascript/group1/sub_c/item-_f.js[0m:[93m90[0m:[93m5[0m - [91merror[0m[90m TS2339: [0mProperty '_e' does not exist on type '{}'.

[7m90[0m   c._e=(tx) => {
[7m  [0m [91m    ~~[0m

[96mjavascript/group1/sub_c/item-_f.js[0m:[93m90[0m:[93m9[0m - [91merror[0m[90m TS7006: [0mParameter 'tx' implicitly has an 'any' type.

[7m90[0m   c._e=(tx) => {
[7m  [0m [91m        ~~[0m

[96mjavascript/group1/sub_c/item-_f.js[0m:[93m98[0m:[93m18[0m - [91merror[0m[90m TS7006: [0mParameter 'e' implicitly has an 'any' type.

[7m98[0m      constructor(e) {
[7m  [0m [91m                 ~[0m

[96mjavascript/group1/sub_c/item-_f.js[0m:[93m106[0m:[93m5[0m - [91merror[0m[90m TS7053: [0mElement implicitly has an 'any' type because expression of type 'unique symbol' can't be used to index type '(Anonymous class)'.
  Property '[SymbolConstructor.toStringTag]' does not exist on type '(Anonymous class)'.

[7m106[0m     arr.prototype[Symbol.toStringTag]='null_comment'
[7m   [0m [91m    ~~~~~~~~~~~~~~~~~~~~~~~~~~~~~~~~~[0m

[96mjavascript/group1/sub_c/item-_f.js[0m:[93m108[0m:[93m5[0m - [91merror[0m[90m TS7053: [0mElement implicitly has an 'any' type because expression of type 'unique symbol' can't be used to index type '(Anonymous class)'.
  Property '[SymbolConstructor.toStringTag]' does not exist on type '(Anonymous class)'.

[7m108[0m     arr.prototype[Symbol.toStringTag]='comment'
[7m   [0m [91m    ~~~~~~~~~~~~~~~~~~~~~~~~~~~~~~~~~[0m

[96mjavascript/group1/sub_c/item-_f.js[0m:[93m111[0m:[93m3[0m - [91merror[0m[90m TS2304: [0mCannot find name 'vm_render'.

[7m111[0m   vm_render.$options.render.call(vm_scope)
[7m   [0m [91m  ~~~~~~~~~[0m

[96mjavascript/group1/sub_c/item-_f.js[0m:[93m113[0m:[93m5[0m - [91merror[0m[90m TS2304: [0mCannot find name 'svm'.

[7m113[0m  if(svm.update!==undefined) {
[7m   [0m [91m    ~~~[0m

[96mjavascript/group1/sub_c/item-_f.js[0m:[93m116[0m:[93m2[0m - [91merror[0m[90m TS2304: [0mCannot find name 'svm'.

[7m116[0m  svm.update=function() {
[7m   [0m [91m ~~~[0m

[96mjavascript/group1/sub_c/item-_f.js[0m:[93m120[0m:[93m11[0m - [91merror[0m[90m TS2531: [0mObject is possibly 'null'.

[7m120[0m    return document.querySelector('div#app > :nth-child(8)').childNodes[0]
[7m   [0m [91m          ~~~~~~~~~~~~~~~~~~~~~~~~~~~~~~~~~~~~~~~~~~~~~~~~~[0m

[96mjavascript/group1/sub_c/item-_g.js[0m:[93m3[0m:[93m24[0m - [91merror[0m[90m TS7006: [0mParameter 'arr' implicitly has an 'any' type.

[7m3[0m  function exclude_from(arr,remove_seq_vec) {
[7m [0m [91m                       ~~~[0m

[96mjavascript/group1/sub_c/item-_g.js[0m:[93m3[0m:[93m28[0m - [91merror[0m[90m TS7006: [0mParameter 'remove_seq_vec' implicitly has an 'any' type.

[7m3[0m  function exclude_from(arr,remove_seq_vec) {
[7m [0m [91m                           ~~~~~~~~~~~~~~[0m

[96mjavascript/group1/sub_c/item-_g.js[0m:[93m13[0m:[93m25[0m - [91merror[0m[90m TS7006: [0mParameter 'e' implicitly has an 'any' type.

[7m13[0m  function is_window_ctx(e) {
[7m  [0m [91m                        ~[0m

[96mjavascript/group1/sub_c/item-_g.js[0m:[93m26[0m:[93m11[0m - [91merror[0m[90m TS6133: [0m'is_context' is declared but its value is never read.

[7m26[0m  function is_context(a,b) {
[7m  [0m [91m          ~~~~~~~~~~[0m

[96mjavascript/group1/sub_c/item-_g.js[0m:[93m26[0m:[93m22[0m - [91merror[0m[90m TS7006: [0mParameter 'a' implicitly has an 'any' type.

[7m26[0m  function is_context(a,b) {
[7m  [0m [91m                     ~[0m

[96mjavascript/group1/sub_c/item-_g.js[0m:[93m26[0m:[93m24[0m - [91merror[0m[90m TS7006: [0mParameter 'b' implicitly has an 'any' type.

[7m26[0m  function is_context(a,b) {
[7m  [0m [91m                       ~[0m

[96mjavascript/group1/sub_c/item-_g.js[0m:[93m27[0m:[93m10[0m - [91merror[0m[90m TS2304: [0mCannot find name 'root_proto'.

[7m27[0m   return root_proto.run(a)===root_proto.run(b)
[7m  [0m [91m         ~~~~~~~~~~[0m

[96mjavascript/group1/sub_c/item-_g.js[0m:[93m27[0m:[93m30[0m - [91merror[0m[90m TS2304: [0mCannot find name 'root_proto'.

[7m27[0m   return root_proto.run(a)===root_proto.run(b)
[7m  [0m [91m                             ~~~~~~~~~~[0m

[96mjavascript/group1/sub_c/item-_g.js[0m:[93m33[0m:[93m18[0m - [91merror[0m[90m TS7006: [0mParameter 'a' implicitly has an 'any' type.

[7m33[0m  let gp=function(a,p) {
[7m  [0m [91m                 ~[0m

[96mjavascript/group1/sub_c/item-_g.js[0m:[93m33[0m:[93m20[0m - [91merror[0m[90m TS7006: [0mParameter 'p' implicitly has an 'any' type.

[7m33[0m  let gp=function(a,p) {
[7m  [0m [91m                   ~[0m

[96mjavascript/group1/sub_c/item-_g.js[0m:[93m37[0m:[93m14[0m - [91merror[0m[90m TS2339: [0mProperty 'root_proto' does not exist on type 'Window & typeof globalThis'.

[7m37[0m    if(window.root_proto) {
[7m  [0m [91m             ~~~~~~~~~~[0m

[96mjavascript/group1/sub_c/item-_g.js[0m:[93m41[0m:[93m12[0m - [91merror[0m[90m TS7023: [0m'run' implicitly has return type 'any' because it does not have a return type annotation and is referenced directly or indirectly in one of its return expressions.

[7m41[0m     static run() {
[7m  [0m [91m           ~~~[0m

[96mjavascript/group1/sub_c/item-_g.js[0m:[93m47[0m:[93m20[0m - [91merror[0m[90m TS2339: [0mProperty 'root_s' does not exist on type 'typeof root_proto'.

[7m47[0m        return this.root_s
[7m  [0m [91m                   ~~~~~~[0m

[96mjavascript/group1/sub_c/item-_g.js[0m:[93m53[0m:[93m24[0m - [91merror[0m[90m TS2554: [0mExpected 0 arguments, but got 2.

[7m53[0m        return this.run(Object.getPrototypeOf(a),a)
[7m  [0m [91m                       ~~~~~~~~~~~~~~~~~~~~~~~~~~[0m

[96mjavascript/group1/sub_c/item-_g.js[0m:[93m62[0m:[93m6[0m - [91merror[0m[90m TS2339: [0mProperty 'null_s' does not exist on type 'typeof root_proto'.

[7m62[0m    x.null_s=Symbol('null')
[7m  [0m [91m     ~~~~~~[0m

[96mjavascript/group1/sub_c/item-_g.js[0m:[93m64[0m:[93m10[0m - [91merror[0m[90m TS2339: [0mProperty 'root_proto' does not exist on type 'Window & typeof globalThis'.

[7m64[0m   window.root_proto=x
[7m  [0m [91m         ~~~~~~~~~~[0m

[96mjavascript/group1/sub_c/item-_g.js[0m:[93m70[0m:[93m12[0m - [91merror[0m[90m TS2339: [0mProperty 'all' does not exist on type '{ new (): Window; prototype: Window; }'.

[7m70[0m  if(Window.all===undefined) {
[7m  [0m [91m           ~~~[0m

[96mjavascript/group1/sub_c/item-_g.js[0m:[93m71[0m:[93m10[0m - [91merror[0m[90m TS2339: [0mProperty 'all' does not exist on type '{ new (): Window; prototype: Window; }'.

[7m71[0m   Window.all=Object.entries(window)
[7m  [0m [91m         ~~~[0m

[96mjavascript/group1/sub_c/item-_g.js[0m:[93m73[0m:[93m12[0m - [91merror[0m[90m TS2339: [0mProperty 'all' does not exist on type '{ new (): Window; prototype: Window; }'.

[7m73[0m  if(Window.all.length!==Object.keys(window).length) {
[7m  [0m [91m           ~~~[0m

[96mjavascript/group1/sub_c/item-_g.js[0m:[93m86[0m:[93m10[0m - [91merror[0m[90m TS2339: [0mProperty 'all' does not exist on type '{ new (): Window; prototype: Window; }'.

[7m86[0m   Window.all=Object.entries(window)
[7m  [0m [91m         ~~~[0m

[96mjavascript/group1/sub_c/item-_g.js[0m:[93m88[0m:[93m2[0m - [91merror[0m[90m TS2322: [0mType '(...e: any[]) => void' is not assignable to type 'string'.

[7m88[0m  p=function(...e) {
[7m  [0m [91m ~[0m

[96mjavascript/group1/sub_c/item-_g.js[0m:[93m88[0m:[93m13[0m - [91merror[0m[90m TS7019: [0mRest parameter 'e' implicitly has an 'any[]' type.

[7m88[0m  p=function(...e) {
[7m  [0m [91m            ~~~~[0m

[96mjavascript/group1/sub_c/item-_g.js[0m:[93m94[0m:[93m6[0m - [91merror[0m[90m TS2304: [0mCannot find name 'q'.

[7m94[0m  for(q of Window.all) {
[7m  [0m [91m     ~[0m

[96mjavascript/group1/sub_c/item-_g.js[0m:[93m94[0m:[93m18[0m - [91merror[0m[90m TS2339: [0mProperty 'all' does not exist on type '{ new (): Window; prototype: Window; }'.

[7m94[0m  for(q of Window.all) {
[7m  [0m [91m                 ~~~[0m

[96mjavascript/group1/sub_c/item-_g.js[0m:[93m95[0m:[93m9[0m - [91merror[0m[90m TS2304: [0mCannot find name 'q'.

[7m95[0m   let i=q[1]
[7m  [0m [91m        ~[0m

[96mjavascript/group1/sub_c/item-_g.js[0m:[93m97[0m:[93m20[0m - [91merror[0m[90m TS2304: [0mCannot find name 'q'.

[7m97[0m    undef_keys.push(q[0])
[7m  [0m [91m                   ~[0m

[96mjavascript/group1/sub_c/item-_g.js[0m:[93m101[0m:[93m19[0m - [91merror[0m[90m TS2304: [0mCannot find name 'q'.

[7m101[0m    null_keys.push(q[0])
[7m   [0m [91m                  ~[0m

[96mjavascript/group1/sub_c/item-_g.js[0m:[93m109[0m:[93m10[0m - [91merror[0m[90m TS6133: [0m'j' is declared but its value is never read.

[7m109[0m      let j=Object.getPrototypeOf(i.prototype)
[7m   [0m [91m         ~[0m

[96mjavascript/group1/sub_c/item-_g.js[0m:[93m114[0m:[93m29[0m - [91merror[0m[90m TS2304: [0mCannot find name 'q'.

[7m114[0m       console.log('cstruct',q[0])
[7m   [0m [91m                            ~[0m

[96mjavascript/group1/sub_c/item-_g.js[0m:[93m116[0m:[93m7[0m - [91merror[0m[90m TS2349: [0mThis expression is not callable.
  Type 'String' has no call signatures.

[7m116[0m       p('cres',q[0],len,e.name)
[7m   [0m [91m      ~[0m

[96mjavascript/group1/sub_c/item-_g.js[0m:[93m116[0m:[93m16[0m - [91merror[0m[90m TS2304: [0mCannot find name 'q'.

[7m116[0m       p('cres',q[0],len,e.name)
[7m   [0m [91m               ~[0m

[96mjavascript/group1/sub_c/item-_g.js[0m:[93m116[0m:[93m25[0m - [91merror[0m[90m TS18046: [0m'e' is of type 'unknown'.

[7m116[0m       p('cres',q[0],len,e.name)
[7m   [0m [91m                        ~[0m

[96mjavascript/group1/sub_c/item-_g.js[0m:[93m118[0m:[93m6[0m - [91merror[0m[90m TS2349: [0mThis expression is not callable.
  Type 'String' has no call signatures.

[7m118[0m      p('fp',fp)
[7m   [0m [91m     ~[0m

[96mjavascript/group1/sub_c/item-_g.js[0m:[93m122[0m:[93m17[0m - [91merror[0m[90m TS2304: [0mCannot find name 'q'.

[7m122[0m    q_keys.push([q[0],Object.getPrototypeOf(i)===Function.prototype])
[7m   [0m [91m                ~[0m

[96mjavascript/group1/sub_c/item-_g.js[0m:[93m130[0m:[93m9[0m - [91merror[0m[90m TS2339: [0mProperty 'key_types' does not exist on type '{ new (): Window; prototype: Window; }'.

[7m130[0m  Window.key_types={
[7m   [0m [91m        ~~~~~~~~~[0m

[96mjavascript/group1/sub_c/item-_h.js[0m:[93m1[0m:[93m1[0m - [91merror[0m[90m TS2741: [0mProperty 'f' is missing in type '{}' but required in type 'typeof __cur'.

[7m1[0m __cur={}
[7m [0m [91m~~~~~[0m

  [96mjavascript/group1/sub_c/item-_h.js[0m:[93m2[0m:[93m1[0m
    [7m2[0m __cur.f=function() {
    [7m [0m [96m~~~~~~~[0m
    'f' is declared here.

[96mjavascript/group1/sub_c/item-_h.js[0m:[93m4[0m:[93m2[0m - [91merror[0m[90m TS18048: [0m'debug' is possibly 'undefined'.

[7m4[0m  debug.u=undebug
[7m [0m [91m ~~~~~[0m

[96mjavascript/group1/sub_c/item-_h.js[0m:[93m7[0m:[93m3[0m - [91merror[0m[90m TS18048: [0m'x' is possibly 'undefined'.

[7m7[0m   x.fo=[]
[7m [0m [91m  ~[0m

[96mjavascript/group1/sub_c/item-_h.js[0m:[93m8[0m:[93m8[0m - [91merror[0m[90m TS18048: [0m'x' is possibly 'undefined'.

[7m8[0m   __fo=x.fo
[7m [0m [91m       ~[0m

[96mjavascript/group1/sub_c/item-_h.js[0m:[93m9[0m:[93m3[0m - [91merror[0m[90m TS18048: [0m'x' is possibly 'undefined'.

[7m9[0m   x.st=new Set
[7m [0m [91m  ~[0m

[96mjavascript/group1/sub_c/item-_h.js[0m:[93m10[0m:[93m3[0m - [91merror[0m[90m TS18048: [0m'x' is possibly 'undefined'.

[7m10[0m   x.sarr=[]
[7m  [0m [91m  ~[0m

[96mjavascript/group1/sub_c/item-_h.js[0m:[93m11[0m:[93m3[0m - [91merror[0m[90m TS18048: [0m'x' is possibly 'undefined'.

[7m11[0m   x.ne=[]
[7m  [0m [91m  ~[0m

[96mjavascript/group1/sub_c/item-_h.js[0m:[93m13[0m:[93m8[0m - [91merror[0m[90m TS2304: [0mCannot find name 'c'.

[7m13[0m    for(c of Object.keys(x.o)) {
[7m  [0m [91m       ~[0m

[96mjavascript/group1/sub_c/item-_h.js[0m:[93m13[0m:[93m25[0m - [91merror[0m[90m TS18048: [0m'x' is possibly 'undefined'.

[7m13[0m    for(c of Object.keys(x.o)) {
[7m  [0m [91m                        ~[0m

[96mjavascript/group1/sub_c/item-_h.js[0m:[93m14[0m:[93m11[0m - [91merror[0m[90m TS18048: [0m'x' is possibly 'undefined'.

[7m14[0m     let v=x.o[c]
[7m  [0m [91m          ~[0m

[96mjavascript/group1/sub_c/item-_h.js[0m:[93m14[0m:[93m15[0m - [91merror[0m[90m TS2304: [0mCannot find name 'c'.

[7m14[0m     let v=x.o[c]
[7m  [0m [91m              ~[0m

[96mjavascript/group1/sub_c/item-_h.js[0m:[93m15[0m:[93m9[0m - [91merror[0m[90m TS18048: [0m'x' is possibly 'undefined'.

[7m15[0m     if(!x.st.has(v)) {
[7m  [0m [91m        ~[0m

[96mjavascript/group1/sub_c/item-_h.js[0m:[93m16[0m:[93m6[0m - [91merror[0m[90m TS18048: [0m'x' is possibly 'undefined'.

[7m16[0m      x.st.add(v)
[7m  [0m [91m     ~[0m

[96mjavascript/group1/sub_c/item-_h.js[0m:[93m17[0m:[93m6[0m - [91merror[0m[90m TS18048: [0m'x' is possibly 'undefined'.

[7m17[0m      x.sarr.push(v)
[7m  [0m [91m     ~[0m

[96mjavascript/group1/sub_c/item-_h.js[0m:[93m18[0m:[93m6[0m - [91merror[0m[90m TS18048: [0m'x' is possibly 'undefined'.

[7m18[0m      x.ne.push(v)
[7m  [0m [91m     ~[0m

[96mjavascript/group1/sub_c/item-_h.js[0m:[93m23[0m:[93m8[0m - [91merror[0m[90m TS7034: [0mVariable 'a' implicitly has type 'any[]' in some locations where its type cannot be determined.

[7m23[0m    let a=[]
[7m  [0m [91m       ~[0m

[96mjavascript/group1/sub_c/item-_h.js[0m:[93m24[0m:[93m13[0m - [91merror[0m[90m TS7006: [0mParameter 'e' implicitly has an 'any' type.

[7m24[0m    let cca=(e => e.charCodeAt(0))
[7m  [0m [91m            ~[0m

[96mjavascript/group1/sub_c/item-_h.js[0m:[93m25[0m:[93m28[0m - [91merror[0m[90m TS7006: [0mParameter 'a' implicitly has an 'any' type.

[7m25[0m    let iter_chars=function(a,s) {
[7m  [0m [91m                           ~[0m

[96mjavascript/group1/sub_c/item-_h.js[0m:[93m25[0m:[93m30[0m - [91merror[0m[90m TS7006: [0mParameter 's' implicitly has an 'any' type.

[7m25[0m    let iter_chars=function(a,s) {
[7m  [0m [91m                             ~[0m

[96mjavascript/group1/sub_c/item-_h.js[0m:[93m30[0m:[93m15[0m - [91merror[0m[90m TS7005: [0mVariable 'a' implicitly has an 'any[]' type.

[7m30[0m    iter_chars(a,'az')
[7m  [0m [91m              ~[0m

[96mjavascript/group1/sub_c/item-_h.js[0m:[93m31[0m:[93m15[0m - [91merror[0m[90m TS7005: [0mVariable 'a' implicitly has an 'any[]' type.

[7m31[0m    iter_chars(a,'AZ')
[7m  [0m [91m              ~[0m

[96mjavascript/group1/sub_c/item-_h.js[0m:[93m35[0m:[93m4[0m - [91merror[0m[90m TS18048: [0m'x' is possibly 'undefined'.

[7m35[0m    x.__ident_start_chars=a
[7m  [0m [91m   ~[0m

[96mjavascript/group1/sub_c/item-_h.js[0m:[93m36[0m:[93m4[0m - [91merror[0m[90m TS18048: [0m'x' is possibly 'undefined'.

[7m36[0m    x.__ident_chars=b
[7m  [0m [91m   ~[0m

[96mjavascript/group1/sub_c/item-_h.js[0m:[93m39[0m:[93m3[0m - [91merror[0m[90m TS18048: [0m'x' is possibly 'undefined'.

[7m39[0m   x.__all_vars=`{
[7m  [0m [91m  ~[0m

[96mjavascript/group1/sub_c/item-_h.js[0m:[93m55[0m:[93m3[0m - [91merror[0m[90m TS18048: [0m'x' is possibly 'undefined'.

[7m55[0m   x.__getter_names=`{
[7m  [0m [91m  ~[0m

[96mjavascript/group1/sub_c/item-_h.js[0m:[93m82[0m:[93m3[0m - [91merror[0m[90m TS18048: [0m'x' is possibly 'undefined'.

[7m82[0m   x.__get_list=`{
[7m  [0m [91m  ~[0m

[96mjavascript/group1/sub_c/item-_h.js[0m:[93m94[0m:[93m3[0m - [91merror[0m[90m TS18048: [0m'x' is possibly 'undefined'.

[7m94[0m   x.rx={}
[7m  [0m [91m  ~[0m

[96mjavascript/group1/sub_c/item-_h.js[0m:[93m96[0m:[93m3[0m - [91merror[0m[90m TS18048: [0m'x' is possibly 'undefined'.

[7m96[0m   x.rx=w
[7m  [0m [91m  ~[0m

[96mjavascript/group1/sub_c/item-_h.js[0m:[93m98[0m:[93m3[0m - [91merror[0m[90m TS18048: [0m'x' is possibly 'undefined'.

[7m98[0m   x.f=jQuery
[7m  [0m [91m  ~[0m

[96mjavascript/group1/sub_c/item-_h.js[0m:[93m99[0m:[93m3[0m - [91merror[0m[90m TS2722: [0mCannot invoke an object which is possibly 'undefined'.

[7m99[0m   x(x.f,x.__all_vars)
[7m  [0m [91m  ~[0m

[96mjavascript/group1/sub_c/item-_h.js[0m:[93m99[0m:[93m5[0m - [91merror[0m[90m TS18048: [0m'x' is possibly 'undefined'.

[7m99[0m   x(x.f,x.__all_vars)
[7m  [0m [91m    ~[0m

[96mjavascript/group1/sub_c/item-_h.js[0m:[93m99[0m:[93m9[0m - [91merror[0m[90m TS18048: [0m'x' is possibly 'undefined'.

[7m99[0m   x(x.f,x.__all_vars)
[7m  [0m [91m        ~[0m

[96mjavascript/group1/sub_c/item-_h.js[0m:[93m100[0m:[93m3[0m - [91merror[0m[90m TS18048: [0m'x' is possibly 'undefined'.

[7m100[0m   x.f.call(null,"")
[7m   [0m [91m  ~[0m

[96mjavascript/group1/sub_c/item-_h.js[0m:[93m101[0m:[93m3[0m - [91merror[0m[90m TS18048: [0m'x' is possibly 'undefined'.

[7m101[0m   x.rx.jQuery=x.o
[7m   [0m [91m  ~[0m

[96mjavascript/group1/sub_c/item-_h.js[0m:[93m101[0m:[93m15[0m - [91merror[0m[90m TS18048: [0m'x' is possibly 'undefined'.

[7m101[0m   x.rx.jQuery=x.o
[7m   [0m [91m              ~[0m

[96mjavascript/group1/sub_c/item-_h.js[0m:[93m103[0m:[93m18[0m - [91merror[0m[90m TS7006: [0mParameter 'fn' implicitly has an 'any' type.

[7m103[0m   function __run(fn,bp_str,...args) {
[7m   [0m [91m                 ~~[0m

[96mjavascript/group1/sub_c/item-_h.js[0m:[93m103[0m:[93m21[0m - [91merror[0m[90m TS7006: [0mParameter 'bp_str' implicitly has an 'any' type.

[7m103[0m   function __run(fn,bp_str,...args) {
[7m   [0m [91m                    ~~~~~~[0m

[96mjavascript/group1/sub_c/item-_h.js[0m:[93m103[0m:[93m28[0m - [91merror[0m[90m TS7019: [0mRest parameter 'args' implicitly has an 'any[]' type.

[7m103[0m   function __run(fn,bp_str,...args) {
[7m   [0m [91m                           ~~~~~~~[0m

[96mjavascript/group1/sub_c/item-_h.js[0m:[93m104[0m:[93m4[0m - [91merror[0m[90m TS2722: [0mCannot invoke an object which is possibly 'undefined'.

[7m104[0m    x(fn,bp_str)
[7m   [0m [91m   ~[0m

[96mjavascript/group1/sub_c/item-_h.js[0m:[93m111[0m:[93m24[0m - [91merror[0m[90m TS7006: [0mParameter 'fn' implicitly has an 'any' type.

[7m111[0m   function __run_noisy(fn,bp_str,...args) {
[7m   [0m [91m                       ~~[0m

[96mjavascript/group1/sub_c/item-_h.js[0m:[93m111[0m:[93m27[0m - [91merror[0m[90m TS7006: [0mParameter 'bp_str' implicitly has an 'any' type.

[7m111[0m   function __run_noisy(fn,bp_str,...args) {
[7m   [0m [91m                          ~~~~~~[0m

[96mjavascript/group1/sub_c/item-_h.js[0m:[93m111[0m:[93m34[0m - [91merror[0m[90m TS7019: [0mRest parameter 'args' implicitly has an 'any[]' type.

[7m111[0m   function __run_noisy(fn,bp_str,...args) {
[7m   [0m [91m                                 ~~~~~~~[0m

[96mjavascript/group1/sub_c/item-_h.js[0m:[93m112[0m:[93m4[0m - [91merror[0m[90m TS2722: [0mCannot invoke an object which is possibly 'undefined'.

[7m112[0m    x(fn,bp_str)
[7m   [0m [91m   ~[0m

[96mjavascript/group1/sub_c/item-_h.js[0m:[93m134[0m:[93m9[0m - [91merror[0m[90m TS2790: [0mThe operand of a 'delete' operator must be optional.

[7m134[0m  delete ex.constructor
[7m   [0m [91m        ~~~~~~~~~~~~~~[0m

[96mjavascript/group1/sub_c/item-_h.js[0m:[93m135[0m:[93m9[0m - [91merror[0m[90m TS2790: [0mThe operand of a 'delete' operator must be optional.

[7m135[0m  delete ret.toString
[7m   [0m [91m        ~~~~~~~~~~~~[0m

[96mjavascript/group1/sub_c/item-_h.js[0m:[93m138[0m:[93m3[0m - [91merror[0m[90m TS7053: [0mElement implicitly has an 'any' type because expression of type 'string' can't be used to index type '(Anonymous class)'.
  No index signature with a parameter of type 'string' was found on type '(Anonymous class)'.

[7m138[0m   ex[i]=ret[i]
[7m   [0m [91m  ~~~~~[0m

[96mjavascript/group1/sub_c/item-_h.js[0m:[93m138[0m:[93m9[0m - [91merror[0m[90m TS7053: [0mElement implicitly has an 'any' type because expression of type 'string' can't be used to index type '{ u?: ((fn: (...x: any[]) => void) => void) | undefined; f?: ((...a: any[]) => any) | undefined; cb?: (() => any) | undefined; fo_test?: any; st?: Set<any> | undefined; sarr?: any[] | undefined; ne?: any[] | undefined; rx?: RxType | undefined; o?: any; fn?: (() => void) | undefined; get_from?: any; g?: any; fo?: any; gr?: any; __ident_start_chars?: string[] | undefined; __ident_chars?: string[] | undefined; __all_vars?: string | undefined; __getter_names?: string | undefined; __get_list?: string | undefined; __name_list?: string[] | undefined; __replace_func?: { S: () => never; } | undefined; __orig_func?: { S: any; } | undefined; }'.
  No index signature with a parameter of type 'string' was found on type '{ u?: ((fn: (...x: any[]) => void) => void) | undefined; f?: ((...a: any[]) => any) | undefined; cb?: (() => any) | undefined; fo_test?: any; st?: Set<any> | undefined; sarr?: any[] | undefined; ne?: any[] | undefined; rx?: RxType | undefined; o?: any; fn?: (() => void) | undefined; get_from?: any; g?: any; fo?: any; gr?: any; __ident_start_chars?: string[] | undefined; __ident_chars?: string[] | undefined; __all_vars?: string | undefined; __getter_names?: string | undefined; __get_list?: string | undefined; __name_list?: string[] | undefined; __replace_func?: { S: () => never; } | undefined; __orig_func?: { S: any; } | undefined; }'.

[7m138[0m   ex[i]=ret[i]
[7m   [0m [91m        ~~~~~~[0m

[96mjavascript/group1/sub_c/item-_h.js[0m:[93m142[0m:[93m1[0m - [91merror[0m[90m TS2322: [0mType '() => void' is not assignable to type '() => (Anonymous class)'.
  Type 'void' is not assignable to type '(Anonymous class)'.

[7m142[0m __cur.f=function() {
[7m   [0m [91m~~~~~~~[0m

[96mjavascript/group1/sub_c/item-_h.js[0m:[93m146[0m:[93m4[0m - [91merror[0m[90m TS2304: [0mCannot find name 'ast'.

[7m146[0m    ast=[]
[7m   [0m [91m   ~~~[0m

[96mjavascript/group1/sub_c/item-_h.js[0m:[93m147[0m:[93m4[0m - [91merror[0m[90m TS2304: [0mCannot find name 'lps'.

[7m147[0m    lps=[[],[]]
[7m   [0m [91m   ~~~[0m

[96mjavascript/group1/sub_c/item-_h.js[0m:[93m148[0m:[93m4[0m - [91merror[0m[90m TS2304: [0mCannot find name 'alens'.

[7m148[0m    alens=[]
[7m   [0m [91m   ~~~~~[0m

[96mjavascript/group1/sub_c/item-_h.js[0m:[93m149[0m:[93m4[0m - [91merror[0m[90m TS2304: [0mCannot find name 'sarr'.

[7m149[0m    sarr=[() => 76671+Math.floor(Math.random()*1024),e => Math.random()*1]
[7m   [0m [91m   ~~~~[0m

[96mjavascript/group1/sub_c/item-_h.js[0m:[93m149[0m:[93m53[0m - [91merror[0m[90m TS6133: [0m'e' is declared but its value is never read.

[7m149[0m    sarr=[() => 76671+Math.floor(Math.random()*1024),e => Math.random()*1]
[7m   [0m [91m                                                    ~[0m

[96mjavascript/group1/sub_c/item-_h.js[0m:[93m149[0m:[93m53[0m - [91merror[0m[90m TS7006: [0mParameter 'e' implicitly has an 'any' type.

[7m149[0m    sarr=[() => 76671+Math.floor(Math.random()*1024),e => Math.random()*1]
[7m   [0m [91m                                                    ~[0m

[96mjavascript/group1/sub_c/item-_h.js[0m:[93m150[0m:[93m8[0m - [91merror[0m[90m TS2304: [0mCannot find name 'sarr'.

[7m150[0m    arr=sarr.slice().map(e => e())
[7m   [0m [91m       ~~~~[0m

[96mjavascript/group1/sub_c/item-_h.js[0m:[93m150[0m:[93m25[0m - [91merror[0m[90m TS7006: [0mParameter 'e' implicitly has an 'any' type.

[7m150[0m    arr=sarr.slice().map(e => e())
[7m   [0m [91m                        ~[0m

[96mjavascript/group1/sub_c/item-_h.js[0m:[93m152[0m:[93m20[0m - [91merror[0m[90m TS2304: [0mCannot find name 'lps'.

[7m152[0m     for(let dc,i=0;lps.length<12;i+=1) {
[7m   [0m [91m                   ~~~[0m

[96mjavascript/group1/sub_c/item-_h.js[0m:[93m158[0m:[93m8[0m - [91merror[0m[90m TS2304: [0mCannot find name 'lc'.

[7m158[0m        lc++
[7m   [0m [91m       ~~[0m

[96mjavascript/group1/sub_c/item-_h.js[0m:[93m161[0m:[93m8[0m - [91merror[0m[90m TS2304: [0mCannot find name 'al'.

[7m161[0m        al=arr.length
[7m   [0m [91m       ~~[0m

[96mjavascript/group1/sub_c/item-_h.js[0m:[93m162[0m:[93m15[0m - [91merror[0m[90m TS2304: [0mCannot find name 'sarr'.

[7m162[0m        let nx=sarr.slice().map(e => e())
[7m   [0m [91m              ~~~~[0m

[96mjavascript/group1/sub_c/item-_h.js[0m:[93m162[0m:[93m32[0m - [91merror[0m[90m TS7006: [0mParameter 'e' implicitly has an 'any' type.

[7m162[0m        let nx=sarr.slice().map(e => e())
[7m   [0m [91m                               ~[0m

[96mjavascript/group1/sub_c/item-_h.js[0m:[93m186[0m:[93m11[0m - [91merror[0m[90m TS2304: [0mCannot find name 'lps'.

[7m186[0m        if(lps.length>8192) {
[7m   [0m [91m          ~~~[0m

[96mjavascript/group1/sub_c/item-_h.js[0m:[93m189[0m:[93m8[0m - [91merror[0m[90m TS2304: [0mCannot find name 'arc'.

[7m189[0m        arc=(() => class extends Array {
[7m   [0m [91m       ~~~[0m

[96mjavascript/group1/sub_c/item-_h.js[0m:[93m192[0m:[93m30[0m - [91merror[0m[90m TS2304: [0mCannot find name 'arc'.

[7m192[0m        Object.setPrototypeOf(arc,Array)
[7m   [0m [91m                             ~~~[0m

[96mjavascript/group1/sub_c/item-_h.js[0m:[93m193[0m:[93m30[0m - [91merror[0m[90m TS2304: [0mCannot find name 'arc'.

[7m193[0m        Object.setPrototypeOf(arc.prototype,Array.prototype)
[7m   [0m [91m                             ~~~[0m

[96mjavascript/group1/sub_c/item-_h.js[0m:[93m194[0m:[93m8[0m - [91merror[0m[90m TS2304: [0mCannot find name 'arc'.

[7m194[0m        arc.prototype[Symbol.toStringTag]='e'
[7m   [0m [91m       ~~~[0m

[96mjavascript/group1/sub_c/item-_h.js[0m:[93m195[0m:[93m8[0m - [91merror[0m[90m TS2304: [0mCannot find name 'lps'.

[7m195[0m        lps[lps.length-1]=new arc
[7m   [0m [91m       ~~~[0m

[96mjavascript/group1/sub_c/item-_h.js[0m:[93m195[0m:[93m12[0m - [91merror[0m[90m TS2304: [0mCannot find name 'lps'.

[7m195[0m        lps[lps.length-1]=new arc
[7m   [0m [91m           ~~~[0m

[96mjavascript/group1/sub_c/item-_h.js[0m:[93m195[0m:[93m30[0m - [91merror[0m[90m TS2304: [0mCannot find name 'arc'.

[7m195[0m        lps[lps.length-1]=new arc
[7m   [0m [91m                             ~~~[0m

[96mjavascript/group1/sub_c/item-_h.js[0m:[93m197[0m:[93m8[0m - [91merror[0m[90m TS2304: [0mCannot find name 'lps'.

[7m197[0m        lps[lps.length-1]
[7m   [0m [91m       ~~~[0m

[96mjavascript/group1/sub_c/item-_h.js[0m:[93m197[0m:[93m12[0m - [91merror[0m[90m TS2304: [0mCannot find name 'lps'.

[7m197[0m        lps[lps.length-1]
[7m   [0m [91m           ~~~[0m

[96mjavascript/group1/sub_c/item-_h.js[0m:[93m200[0m:[93m7[0m - [91merror[0m[90m TS2304: [0mCannot find name 'lps'.

[7m200[0m       lps.push(['c',a,dcl])
[7m   [0m [91m      ~~~[0m

[96mjavascript/group1/sub_c/item-_h.js[0m:[93m201[0m:[93m7[0m - [91merror[0m[90m TS2304: [0mCannot find name 'lps'.

[7m201[0m       lps.push([])
[7m   [0m [91m      ~~~[0m

[96mjavascript/group1/sub_c/item-_h.js[0m:[93m202[0m:[93m7[0m - [91merror[0m[90m TS2304: [0mCannot find name 'alens'.

[7m202[0m       alens.push([arr.length,dcl,sl,dc])
[7m   [0m [91m      ~~~~~[0m

[96mjavascript/group1/sub_c/item-_h.js[0m:[93m205[0m:[93m5[0m - [91merror[0m[90m TS2304: [0mCannot find name 'lps'.

[7m205[0m     lps.shift()
[7m   [0m [91m    ~~~[0m

[96mjavascript/group1/sub_c/item-_h.js[0m:[93m206[0m:[93m5[0m - [91merror[0m[90m TS2304: [0mCannot find name 'lps'.

[7m206[0m     lps.pop()
[7m   [0m [91m    ~~~[0m

[96mjavascript/group1/sub_c/item-_h.js[0m:[93m207[0m:[93m5[0m - [91merror[0m[90m TS2304: [0mCannot find name 'ast'.

[7m207[0m     ast[1]=1
[7m   [0m [91m    ~~~[0m

[96mjavascript/group1/sub_c/item-_h.js[0m:[93m208[0m:[93m12[0m - [91merror[0m[90m TS2304: [0mCannot find name 'alens'.

[7m208[0m     return alens
[7m   [0m [91m           ~~~~~[0m

[96mjavascript/group1/sub_c/item-_h.js[0m:[93m215[0m:[93m18[0m - [91merror[0m[90m TS2304: [0mCannot find name 'lps'.

[7m215[0m   console.log(...lps)
[7m   [0m [91m                 ~~~[0m

[96mjavascript/group1/sub_c/item-_i.js[0m:[93m1[0m:[93m1[0m - [91merror[0m[90m TS2304: [0mCannot find name 'str'.

[7m1[0m str="4qmFsgKkARIPRkV3aGF0X3RvX3dhdGNoGo4BQ0FWNlpFTnFSVUZCUjFaMVRGVmtRMEZCUmtSUlVVRkNVVEJGUVVGUlFrZFNXR1J2V1ZoU1ptUkhPV1prTWtZd1dUSm5RVUZSUVVGQlVVVkNRVUZCUWtGQlJVRkJRVVZDUlVGQldUUTRiVGN4ZFVkUU5IZEplVU4zYVVnMVNubExlVXczZEdwaFRVSSUzREIA"
[7m [0m [91m~~~[0m

[96mjavascript/group1/sub_c/item-_i.js[0m:[93m2[0m:[93m1[0m - [91merror[0m[90m TS2304: [0mCannot find name 'bytes'.

[7m2[0m bytes=atob(str)
[7m [0m [91m~~~~~[0m

[96mjavascript/group1/sub_c/item-_i.js[0m:[93m2[0m:[93m12[0m - [91merror[0m[90m TS2304: [0mCannot find name 'str'.

[7m2[0m bytes=atob(str)
[7m [0m [91m           ~~~[0m

[96mjavascript/group1/sub_c/item-_i.js[0m:[93m3[0m:[93m1[0m - [91merror[0m[90m TS2304: [0mCannot find name 'e_bytes'.

[7m3[0m e_bytes=bytes.split("")
[7m [0m [91m~~~~~~~[0m

[96mjavascript/group1/sub_c/item-_i.js[0m:[93m3[0m:[93m9[0m - [91merror[0m[90m TS2304: [0mCannot find name 'bytes'.

[7m3[0m e_bytes=bytes.split("")
[7m [0m [91m        ~~~~~[0m

[96mjavascript/group1/sub_c/item-_i.js[0m:[93m4[0m:[93m1[0m - [91merror[0m[90m TS2304: [0mCannot find name 'ar'.

[7m4[0m ar=e_bytes.map(e => e.charCodeAt(0))
[7m [0m [91m~~[0m

[96mjavascript/group1/sub_c/item-_i.js[0m:[93m4[0m:[93m4[0m - [91merror[0m[90m TS2304: [0mCannot find name 'e_bytes'.

[7m4[0m ar=e_bytes.map(e => e.charCodeAt(0))
[7m [0m [91m   ~~~~~~~[0m

[96mjavascript/group1/sub_c/item-_i.js[0m:[93m4[0m:[93m16[0m - [91merror[0m[90m TS7006: [0mParameter 'e' implicitly has an 'any' type.

[7m4[0m ar=e_bytes.map(e => e.charCodeAt(0))
[7m [0m [91m               ~[0m

[96mjavascript/group1/sub_c/item-_i.js[0m:[93m5[0m:[93m1[0m - [91merror[0m[90m TS2304: [0mCannot find name 'ar'.

[7m5[0m ar=ar.slice(3)
[7m [0m [91m~~[0m

[96mjavascript/group1/sub_c/item-_i.js[0m:[93m5[0m:[93m4[0m - [91merror[0m[90m TS2304: [0mCannot find name 'ar'.

[7m5[0m ar=ar.slice(3)
[7m [0m [91m   ~~[0m

[96mjavascript/group1/sub_c/item-_i.js[0m:[93m7[0m:[93m15[0m - [91merror[0m[90m TS2304: [0mCannot find name 'ar'.

[7m7[0m  var xt,nvitr=ar.values(),ar4=[],md4=0,running=true,rx=/[0-9A-Za-z_%-]/
[7m [0m [91m              ~~[0m

[96mjavascript/group1/sub_c/item-_i.js[0m:[93m9[0m:[93m3[0m - [91merror[0m[90m TS2304: [0mCannot find name 'nv'.

[7m9[0m   nv=nvitr.next()
[7m [0m [91m  ~~[0m

[96mjavascript/group1/sub_c/item-_i.js[0m:[93m11[0m:[93m6[0m - [91merror[0m[90m TS2304: [0mCannot find name 'nv'.

[7m11[0m   if(nv.done) {
[7m  [0m [91m     ~~[0m

[96mjavascript/group1/sub_c/item-_i.js[0m:[93m17[0m:[93m27[0m - [91merror[0m[90m TS2304: [0mCannot find name 'nv'.

[7m17[0m    xt=String.fromCharCode(nv.value)
[7m  [0m [91m                          ~~[0m

[96mjavascript/group1/sub_c/item-_i.js[0m:[93m21[0m:[93m14[0m - [91merror[0m[90m TS2304: [0mCannot find name 'nv'.

[7m21[0m     ar4.push(nv.value)
[7m  [0m [91m             ~~[0m

[96mjavascript/group1/sub_c/item-_i.js[0m:[93m28[0m:[93m26[0m - [91merror[0m[90m TS2304: [0mCannot find name 'nv'.

[7m28[0m   xt=String.fromCharCode(nv.value)
[7m  [0m [91m                         ~~[0m

[96mjavascript/group1/sub_c/item-_i.js[0m:[93m32[0m:[93m13[0m - [91merror[0m[90m TS2304: [0mCannot find name 'nv'.

[7m32[0m    ar4.push(nv.value)
[7m  [0m [91m            ~~[0m

[96mjavascript/group1/sub_c/item-_i.js[0m:[93m37[0m:[93m1[0m - [91merror[0m[90m TS2304: [0mCannot find name 'genret'.

[7m37[0m genret=genfunc()
[7m  [0m [91m~~~~~~[0m

[96mjavascript/group1/sub_c/item-_i.js[0m:[93m38[0m:[93m12[0m - [91merror[0m[90m TS2304: [0mCannot find name 'genret'.

[7m38[0m Array.from(genret)
[7m  [0m [91m           ~~~~~~[0m

[96mjavascript/group1/sub_c/item-_i.js[0m:[93m42[0m:[93m1[0m - [91merror[0m[90m TS2304: [0mCannot find name 'decpart'.

[7m42[0m decpart=decodeURIComponent(bytes.slice(4*6+3,-2))
[7m  [0m [91m~~~~~~~[0m

[96mjavascript/group1/sub_c/item-_i.js[0m:[93m42[0m:[93m28[0m - [91merror[0m[90m TS2304: [0mCannot find name 'bytes'.

[7m42[0m decpart=decodeURIComponent(bytes.slice(4*6+3,-2))
[7m  [0m [91m                           ~~~~~[0m

[96mjavascript/group1/sub_c/item-_i.js[0m:[93m43[0m:[93m1[0m - [91merror[0m[90m TS2304: [0mCannot find name 'ar'.

[7m43[0m ar=atob(decpart).split("").map(e => e.charCodeAt(0))
[7m  [0m [91m~~[0m

[96mjavascript/group1/sub_c/item-_i.js[0m:[93m43[0m:[93m9[0m - [91merror[0m[90m TS2304: [0mCannot find name 'decpart'.

[7m43[0m ar=atob(decpart).split("").map(e => e.charCodeAt(0))
[7m  [0m [91m        ~~~~~~~[0m

[96mjavascript/group1/sub_c/item-_i.js[0m:[93m45[0m:[93m1[0m - [91merror[0m[90m TS2304: [0mCannot find name 'next_part'.

[7m45[0m next_part=atob(atob(decpart).slice(4))
[7m  [0m [91m~~~~~~~~~[0m

[96mjavascript/group1/sub_c/item-_i.js[0m:[93m45[0m:[93m21[0m - [91merror[0m[90m TS2304: [0mCannot find name 'decpart'.

[7m45[0m next_part=atob(atob(decpart).slice(4))
[7m  [0m [91m                    ~~~~~~~[0m

[96mjavascript/group1/sub_c/item-_i.js[0m:[93m46[0m:[93m1[0m - [91merror[0m[90m TS2304: [0mCannot find name 'ar'.

[7m46[0m ar=next_part.split("").map(e => e.charCodeAt(0))
[7m  [0m [91m~~[0m

[96mjavascript/group1/sub_c/item-_i.js[0m:[93m46[0m:[93m4[0m - [91merror[0m[90m TS2304: [0mCannot find name 'next_part'.

[7m46[0m ar=next_part.split("").map(e => e.charCodeAt(0))
[7m  [0m [91m   ~~~~~~~~~[0m

[96mjavascript/group1/sub_c/item-_i.js[0m:[93m46[0m:[93m28[0m - [91merror[0m[90m TS7006: [0mParameter 'e' implicitly has an 'any' type.

[7m46[0m ar=next_part.split("").map(e => e.charCodeAt(0))
[7m  [0m [91m                           ~[0m

[96mjavascript/group1/sub_c/item-_j.js[0m:[93m2[0m:[93m12[0m - [91merror[0m[90m TS2304: [0mCannot find name 't'.

[7m2[0m  var fmstr=t.toString()
[7m [0m [91m           ~[0m

[96mjavascript/group1/sub_c/item-_j.js[0m:[93m8[0m:[93m6[0m - [91merror[0m[90m TS7022: [0m'fnm' implicitly has type 'any' because it does not have a type annotation and is referenced directly or indirectly in its own initializer.

[7m8[0m  var fnm=fnb.replace(/[{}]/g,""),idx_load
[7m [0m [91m     ~~~[0m

[96mjavascript/group1/sub_c/item-_j.js[0m:[93m12[0m:[93m6[0m - [91merror[0m[90m TS7022: [0m'fstr' implicitly has type 'any' because it does not have a type annotation and is referenced directly or indirectly in its own initializer.

[7m12[0m  var fstr=ars[idx_load].toString()
[7m  [0m [91m     ~~~~[0m

[96mjavascript/group1/sub_c/item-_j.js[0m:[93m12[0m:[93m11[0m - [91merror[0m[90m TS2304: [0mCannot find name 'ars'.

[7m12[0m  var fstr=ars[idx_load].toString()
[7m  [0m [91m          ~~~[0m

[96mjavascript/group1/sub_c/item-_j.js[0m:[93m14[0m:[93m6[0m - [91merror[0m[90m TS7022: [0m'fnb' implicitly has type 'any' because it does not have a type annotation and is referenced directly or indirectly in its own initializer.

[7m14[0m  var fnb=fstr.slice(fstr.indexOf("{}"[0]))
[7m  [0m [91m     ~~~[0m

[96mjavascript/group1/sub_c/item-_j.js[0m:[93m19[0m:[93m6[0m - [91merror[0m[90m TS7034: [0mVariable 'outar' implicitly has type 'any[]' in some locations where its type cannot be determined.

[7m19[0m  var outar=[]
[7m  [0m [91m     ~~~~~[0m

[96mjavascript/group1/sub_c/item-_j.js[0m:[93m20[0m:[93m25[0m - [91merror[0m[90m TS7006: [0mParameter 'e' implicitly has an 'any' type.

[7m20[0m  fnc.split("()"[0]).map(e => e.split("()"[1])).forEach(e => e.forEach(e => outar.push(e)))
[7m  [0m [91m                        ~[0m

[96mjavascript/group1/sub_c/item-_j.js[0m:[93m20[0m:[93m56[0m - [91merror[0m[90m TS7006: [0mParameter 'e' implicitly has an 'any' type.

[7m20[0m  fnc.split("()"[0]).map(e => e.split("()"[1])).forEach(e => e.forEach(e => outar.push(e)))
[7m  [0m [91m                                                       ~[0m

[96mjavascript/group1/sub_c/item-_j.js[0m:[93m20[0m:[93m71[0m - [91merror[0m[90m TS7006: [0mParameter 'e' implicitly has an 'any' type.

[7m20[0m  fnc.split("()"[0]).map(e => e.split("()"[1])).forEach(e => e.forEach(e => outar.push(e)))
[7m  [0m [91m                                                                      ~[0m

[96mjavascript/group1/sub_c/item-_j.js[0m:[93m21[0m:[93m13[0m - [91merror[0m[90m TS7005: [0mVariable 'outar' implicitly has an 'any[]' type.

[7m21[0m  var outar2=outar
[7m  [0m [91m            ~~~~~[0m

[96mjavascript/group1/sub_c/item-_j.js[0m:[93m23[0m:[93m55[0m - [91merror[0m[90m TS7006: [0mParameter 'e' implicitly has an 'any' type.

[7m23[0m  outar2.map(e => e.split(",")).forEach(e => e.forEach(e => outar.push(e)))
[7m  [0m [91m                                                      ~[0m

[96mjavascript/group1/sub_c/item-_j.js[0m:[93m27[0m:[93m5[0m - [91merror[0m[90m TS7005: [0mVariable 'outar' implicitly has an 'any[]' type.

[7m27[0m  if(outar.indexOf(custom_string)>0) {
[7m  [0m [91m    ~~~~~[0m

[96mjavascript/group1/sub_c/item-_k.js[0m:[93m4[0m:[93m10[0m - [91merror[0m[90m TS2339: [0mProperty 'max_layer' does not exist on type '{ dungeonHeroes?: any; addHero?: any; scrollDungeonHeroTo?: any; update?: any; }'.

[7m4[0m  if(game.max_layer.cache) {
[7m [0m [91m         ~~~~~~~~~[0m

[96mjavascript/group1/sub_c/item-_k.js[0m:[93m5[0m:[93m11[0m - [91merror[0m[90m TS2339: [0mProperty 'mlj' does not exist on type '{ dungeonHeroes?: any; addHero?: any; scrollDungeonHeroTo?: any; update?: any; }'.

[7m5[0m   jv=game.mlj
[7m [0m [91m          ~~~[0m

[96mjavascript/group1/sub_c/item-_k.js[0m:[93m7[0m:[93m11[0m - [91merror[0m[90m TS2339: [0mProperty 'mlj' does not exist on type '{ dungeonHeroes?: any; addHero?: any; scrollDungeonHeroTo?: any; update?: any; }'.

[7m7[0m   jv=game.mlj=JSON.stringify(game.max_layer)
[7m [0m [91m          ~~~[0m

[96mjavascript/group1/sub_c/item-_k.js[0m:[93m7[0m:[93m35[0m - [91merror[0m[90m TS2339: [0mProperty 'max_layer' does not exist on type '{ dungeonHeroes?: any; addHero?: any; scrollDungeonHeroTo?: any; update?: any; }'.

[7m7[0m   jv=game.mlj=JSON.stringify(game.max_layer)
[7m [0m [91m                                  ~~~~~~~~~[0m

[96mjavascript/group1/sub_c/item-_k.js[0m:[93m9[0m:[93m14[0m - [91merror[0m[90m TS2339: [0mProperty 'prestige' does not exist on type '{ dungeonHeroes?: any; addHero?: any; scrollDungeonHeroTo?: any; update?: any; }'.

[7m9[0m  var gp=game.prestige
[7m [0m [91m             ~~~~~~~~[0m

[96mjavascript/group1/sub_c/item-_k.js[0m:[93m12[0m:[93m13[0m - [91merror[0m[90m TS2339: [0mProperty 'max_layer' does not exist on type '{ dungeonHeroes?: any; addHero?: any; scrollDungeonHeroTo?: any; update?: any; }'.

[7m12[0m  let m=game.max_layer[0]
[7m  [0m [91m            ~~~~~~~~~[0m

[96mjavascript/group1/sub_c/item-_k.js[0m:[93m15[0m:[93m10[0m - [91merror[0m[90m TS2339: [0mProperty 'state' does not exist on type '{ dungeonHeroes?: any; addHero?: any; scrollDungeonHeroTo?: any; update?: any; }'.

[7m15[0m  if(game.state==1) {
[7m  [0m [91m         ~~~~~[0m

[96mjavascript/group1/sub_c/item-_k.js[0m:[93m17[0m:[93m12[0m - [91merror[0m[90m TS2304: [0mCannot find name 'n'.

[7m17[0m   let gain=n(10).pow(getPrestigeGain2(p,mx))
[7m  [0m [91m           ~[0m

[96mjavascript/group1/sub_c/item-_k.js[0m:[93m17[0m:[93m22[0m - [91merror[0m[90m TS2304: [0mCannot find name 'getPrestigeGain2'.

[7m17[0m   let gain=n(10).pow(getPrestigeGain2(p,mx))
[7m  [0m [91m                     ~~~~~~~~~~~~~~~~[0m

[96mjavascript/group1/sub_c/item-_k.js[0m:[93m18[0m:[93m7[0m - [91merror[0m[90m TS2403: [0mSubsequent variable declarations must have the same type.  Variable 'mlay' must be of type 'any', but here has type 'any[]'.

[7m18[0m   var mlay=[mx]
[7m  [0m [91m      ~~~~[0m

  [96mjavascript/group1/sub_c/item-_k.js[0m:[93m14[0m:[93m6[0m
    [7m14[0m  var mlay
    [7m  [0m [96m     ~~~~[0m
    'mlay' was also declared here.

[96mjavascript/group1/sub_c/item-_k.js[0m:[93m19[0m:[93m8[0m - [91merror[0m[90m TS2339: [0mProperty 'cache' does not exist on type 'any[]'.

[7m19[0m   mlay.cache=1
[7m  [0m [91m       ~~~~~[0m

[96mjavascript/group1/sub_c/item-_k.js[0m:[93m20[0m:[93m21[0m - [91merror[0m[90m TS2339: [0mProperty 'mlj' does not exist on type '{ dungeonHeroes?: any; addHero?: any; scrollDungeonHeroTo?: any; update?: any; }'.

[7m20[0m   var mlayjson=game.mlj=JSON.stringify(mlay)
[7m  [0m [91m                    ~~~[0m

[96mjavascript/group1/sub_c/item-_k.js[0m:[93m21[0m:[93m20[0m - [91merror[0m[90m TS2304: [0mCannot find name 'Layer'.

[7m21[0m   gp[mlayjson]=new Layer(mlay,gain.mul(10),pow)
[7m  [0m [91m                   ~~~~~[0m

[96mjavascript/group1/sub_c/item-_k.js[0m:[93m22[0m:[93m8[0m - [91merror[0m[90m TS2339: [0mProperty 'max_layer' does not exist on type '{ dungeonHeroes?: any; addHero?: any; scrollDungeonHeroTo?: any; update?: any; }'.

[7m22[0m   game.max_layer=mlay
[7m  [0m [91m       ~~~~~~~~~[0m

[96mjavascript/group1/sub_c/item-_l.js[0m:[93m2[0m:[93m1[0m - [91merror[0m[90m TS2322: [0mType 'HTMLElement | null' is not assignable to type 'typeof ib'.
  Type 'null' is not assignable to type 'typeof ib'.

[7m2[0m ib=document.getElementById("a")
[7m [0m [91m~~[0m

[96mjavascript/group1/sub_c/item-_l.js[0m:[93m3[0m:[93m1[0m - [91merror[0m[90m TS2304: [0mCannot find name 'txin'.

[7m3[0m txin=document.getElementById("in")
[7m [0m [91m~~~~[0m

[96mjavascript/group1/sub_c/item-_l.js[0m:[93m4[0m:[93m1[0m - [91merror[0m[90m TS2304: [0mCannot find name 'txout'.

[7m4[0m txout=document.getElementById("out")
[7m [0m [91m~~~~~[0m

[96mjavascript/group1/sub_c/item-_l.js[0m:[93m6[0m:[93m2[0m - [91merror[0m[90m TS2304: [0mCannot find name 'txin'.

[7m6[0m  txin.value=localStorage.str
[7m [0m [91m ~~~~[0m

[96mjavascript/group1/sub_c/item-_l.js[0m:[93m9[0m:[93m9[0m - [91merror[0m[90m TS2304: [0mCannot find name 'txin'.

[7m9[0m  var tv=txin.value
[7m [0m [91m        ~~~~[0m

[96mjavascript/group1/sub_c/item-_l.js[0m:[93m17[0m:[93m4[0m - [91merror[0m[90m TS2304: [0mCannot find name 'ar'.

[7m17[0m    ar=eval(tvaf.slice(0,tvaf.indexOf("]")))
[7m  [0m [91m   ~~[0m

[96mjavascript/group1/sub_c/item-_l.js[0m:[93m18[0m:[93m16[0m - [91merror[0m[90m TS2304: [0mCannot find name 'ar'.

[7m18[0m    console.log(ar)
[7m  [0m [91m               ~~[0m

[96mjavascript/group1/sub_c/item-_l.js[0m:[93m23[0m:[93m2[0m - [91merror[0m[90m TS2304: [0mCannot find name 'txout'.

[7m23[0m  txout.value=tvo
[7m  [0m [91m ~~~~~[0m

[96mjavascript/group2/item_02.js[0m:[93m7[0m:[93m13[0m - [91merror[0m[90m TS2339: [0mProperty 'temp1' does not exist on type 'Window & typeof globalThis'.

[7m7[0m  if(!window.temp1) {
[7m [0m [91m            ~~~~~[0m

[96mjavascript/group2/item_02.js[0m:[93m9[0m:[93m3[0m - [91merror[0m[90m TS2304: [0mCannot find name 'queryObjects'.

[7m9[0m   queryObjects(Function.prototype);
[7m [0m [91m  ~~~~~~~~~~~~[0m

[96mjavascript/group2/item_02.js[0m:[93m13[0m:[93m18[0m - [91merror[0m[90m TS2304: [0mCannot find name 'temp1'.

[7m13[0m  let not_proto = temp1.filter(e=>e !== Function.prototype && e !== GeneratorFunction && e !== GeneratorFunction.constructor);
[7m  [0m [91m                 ~~~~~[0m

[96mjavascript/group2/item_02.js[0m:[93m13[0m:[93m31[0m - [91merror[0m[90m TS7006: [0mParameter 'e' implicitly has an 'any' type.

[7m13[0m  let not_proto = temp1.filter(e=>e !== Function.prototype && e !== GeneratorFunction && e !== GeneratorFunction.constructor);
[7m  [0m [91m                              ~[0m

[96mjavascript/group2/item_02.js[0m:[93m14[0m:[93m45[0m - [91merror[0m[90m TS7006: [0mParameter 'e' implicitly has an 'any' type.

[7m14[0m  let fn_map_str = [...new Set(not_proto.map(e=>{
[7m  [0m [91m                                            ~[0m

[96mjavascript/group2/item_02.js[0m:[93m22[0m:[93m26[0m - [91merror[0m[90m TS7006: [0mParameter 'e' implicitly has an 'any' type.

[7m22[0m  let ids = not_proto.map(e=>{
[7m  [0m [91m                         ~[0m

[96mjavascript/group2/item_02.js[0m:[93m33[0m:[93m6[0m - [91merror[0m[90m TS6133: [0m'id_t' is declared but its value is never read.

[7m33[0m  let id_t = [];
[7m  [0m [91m     ~~~~[0m

[96mjavascript/group2/item_03.js[0m:[93m6[0m:[93m14[0m - [91merror[0m[90m TS7023: [0m'k' implicitly has return type 'any' because it does not have a return type annotation and is referenced directly or indirectly in one of its return expressions.

[7m6[0m   static get k() {
[7m [0m [91m             ~[0m

[96mjavascript/group2/item_03.js[0m:[93m10[0m:[93m4[0m - [91merror[0m[90m TS7022: [0m'lastKey' implicitly has type 'any' because it does not have a type annotation and is referenced directly or indirectly in its own initializer.

[7m10[0m    this.lastKey=key
[7m  [0m [91m   ~~~~~~~~~~~~~~~~[0m

[96mjavascript/group2/item_03.js[0m:[93m12[0m:[93m14[0m - [91merror[0m[90m TS2300: [0mDuplicate identifier 'v'.

[7m12[0m   static get v() {
[7m  [0m [91m             ~[0m

[96mjavascript/group2/item_03.js[0m:[93m12[0m:[93m14[0m - [91merror[0m[90m TS7023: [0m'v' implicitly has return type 'any' because it does not have a return type annotation and is referenced directly or indirectly in one of its return expressions.

[7m12[0m   static get v() {
[7m  [0m [91m             ~[0m

[96mjavascript/group2/item_03.js[0m:[93m15[0m:[93m14[0m - [91merror[0m[90m TS2300: [0mDuplicate identifier 'v'.

[7m15[0m   static set v(value) {
[7m  [0m [91m             ~[0m

[96mjavascript/group2/item_03.js[0m:[93m16[0m:[93m4[0m - [91merror[0m[90m TS7022: [0m'lastValue' implicitly has type 'any' because it does not have a type annotation and is referenced directly or indirectly in its own initializer.

[7m16[0m    this.lastValue=value
[7m  [0m [91m   ~~~~~~~~~~~~~~~~~~~~[0m

[96mjavascript/group2/item_03.js[0m:[93m22[0m:[93m21[0m - [91merror[0m[90m TS6133: [0m'key' is declared but its value is never read.

[7m22[0m   static keyIndexOf(key) {
[7m  [0m [91m                    ~~~[0m

[96mjavascript/group2/item_03.js[0m:[93m22[0m:[93m21[0m - [91merror[0m[90m TS7006: [0mParameter 'key' implicitly has an 'any' type.

[7m22[0m   static keyIndexOf(key) {
[7m  [0m [91m                    ~~~[0m

[96mjavascript/group2/item_03.js[0m:[93m23[0m:[93m11[0m - [91merror[0m[90m TS2532: [0mObject is possibly 'undefined'.

[7m23[0m    return this.keys.indexOf(name)
[7m  [0m [91m          ~~~~~~~~~[0m

[96mjavascript/group2/item_03.js[0m:[93m25[0m:[93m14[0m - [91merror[0m[90m TS7006: [0mParameter 'key' implicitly has an 'any' type.

[7m25[0m   static set(key,value) {
[7m  [0m [91m             ~~~[0m

[96mjavascript/group2/item_03.js[0m:[93m25[0m:[93m18[0m - [91merror[0m[90m TS7006: [0mParameter 'value' implicitly has an 'any' type.

[7m25[0m   static set(key,value) {
[7m  [0m [91m                 ~~~~~[0m

[96mjavascript/group2/item_03.js[0m:[93m27[0m:[93m5[0m - [91merror[0m[90m TS7008: [0mMember 'keys' implicitly has an 'any[]' type.

[7m27[0m     this.keys=[]
[7m  [0m [91m    ~~~~~~~~~~~~[0m

[96mjavascript/group2/item_03.js[0m:[93m28[0m:[93m5[0m - [91merror[0m[90m TS7008: [0mMember 'values' implicitly has an 'any[]' type.

[7m28[0m     this.values=[]
[7m  [0m [91m    ~~~~~~~~~~~~~~[0m

[96mjavascript/group2/item_03.js[0m:[93m34[0m:[93m4[0m - [91merror[0m[90m TS2532: [0mObject is possibly 'undefined'.

[7m34[0m    this.values.push(value)
[7m  [0m [91m   ~~~~~~~~~~~[0m

[96mjavascript/group2/item_03.js[0m:[93m36[0m:[93m14[0m - [91merror[0m[90m TS7006: [0mParameter 'id' implicitly has an 'any' type.

[7m36[0m   static run(id) {
[7m  [0m [91m             ~~[0m

[96mjavascript/group2/item_03.js[0m:[93m38[0m:[93m15[0m - [91merror[0m[90m TS2532: [0mObject is possibly 'undefined'.

[7m38[0m    var m_item=this.values[id]
[7m  [0m [91m              ~~~~~~~~~~~[0m

[96mjavascript/group2/item_03.js[0m:[93m44[0m:[93m18[0m - [91merror[0m[90m TS7006: [0mParameter 'id' implicitly has an 'any' type.

[7m44[0m   static execute(id) {
[7m  [0m [91m                 ~~[0m

[96mjavascript/group2/item_03.js[0m:[93m47[0m:[93m24[0m - [91merror[0m[90m TS7006: [0mParameter 'id' implicitly has an 'any' type.

[7m47[0m   static execute_async(id) {
[7m  [0m [91m                       ~~[0m

[96mjavascript/group2/item_03.js[0m:[93m49[0m:[93m18[0m - [91merror[0m[90m TS7006: [0mParameter 'e' implicitly has an 'any' type.

[7m49[0m    ret.then(null,e => console.error(e))
[7m  [0m [91m                 ~[0m

[96mjavascript/group2/item_03.js[0m:[93m52[0m:[93m10[0m - [91merror[0m[90m TS7030: [0mNot all code paths return a value.

[7m52[0m   static is_async(id) {
[7m  [0m [91m         ~~~~~~~~[0m

[96mjavascript/group2/item_03.js[0m:[93m52[0m:[93m19[0m - [91merror[0m[90m TS7006: [0mParameter 'id' implicitly has an 'any' type.

[7m52[0m   static is_async(id) {
[7m  [0m [91m                  ~~[0m

[96mjavascript/group2/item_03.js[0m:[93m53[0m:[93m7[0m - [91merror[0m[90m TS2532: [0mObject is possibly 'undefined'.

[7m53[0m    if(this.values[id] instanceof AsyncFunction) {
[7m  [0m [91m      ~~~~~~~~~~~[0m

[96mjavascript/group2/item_03.js[0m:[93m59[0m:[93m6[0m - [91merror[0m[90m TS2300: [0mDuplicate identifier 'v'.

[7m59[0m  cur.v=function() {
[7m  [0m [91m     ~[0m

[96mjavascript/group2/item_03.js[0m:[93m63[0m:[93m17[0m - [91merror[0m[90m TS2339: [0mProperty 'dispose' does not exist on type '{ lex_chunks: any[]; m_l_str: any; reset_count: boolean; }'.

[7m63[0m    if(old_state.dispose) {
[7m  [0m [91m                ~~~~~~~[0m

[96mjavascript/group2/item_03.js[0m:[93m64[0m:[93m15[0m - [91merror[0m[90m TS2339: [0mProperty 'dispose' does not exist on type '{ lex_chunks: any[]; m_l_str: any; reset_count: boolean; }'.

[7m64[0m     old_state.dispose()
[7m  [0m [91m              ~~~~~~~[0m

[96mjavascript/group2/item_03.js[0m:[93m68[0m:[93m3[0m - [91merror[0m[90m TS2739: [0mType '{}' is missing the following properties from type '{ lex_chunks: any[]; m_l_str: any; reset_count: boolean; }': lex_chunks, m_l_str, reset_count

[7m68[0m   window.__state=t
[7m  [0m [91m  ~~~~~~~~~~~~~~[0m

[96mjavascript/group2/item_03.js[0m:[93m111[0m:[93m6[0m - [91merror[0m[90m TS2300: [0mDuplicate identifier 'v'.

[7m111[0m  cur.v=async function() {
[7m   [0m [91m     ~[0m

[96mjavascript/group2/item_03.js[0m:[93m116[0m:[93m6[0m - [91merror[0m[90m TS2300: [0mDuplicate identifier 'v'.

[7m116[0m  cur.v=function() {
[7m   [0m [91m     ~[0m

[96mjavascript/group2/item_04.js[0m:[93m8[0m:[93m4[0m - [91merror[0m[90m TS2322: [0mType 'symbol' is not assignable to type 'null'.

[7m8[0m    this.last_sym_key=Symbol()
[7m [0m [91m   ~~~~~~~~~~~~~~~~~[0m

[96mjavascript/group2/item_04.js[0m:[93m12[0m:[93m7[0m - [91merror[0m[90m TS7006: [0mParameter 'sym_key' implicitly has an 'any' type.

[7m12[0m   set(sym_key,sym_id) {
[7m  [0m [91m      ~~~~~~~[0m

[96mjavascript/group2/item_04.js[0m:[93m12[0m:[93m15[0m - [91merror[0m[90m TS7006: [0mParameter 'sym_id' implicitly has an 'any' type.

[7m12[0m   set(sym_key,sym_id) {
[7m  [0m [91m              ~~~~~~[0m

[96mjavascript/group2/item_04.js[0m:[93m15[0m:[93m7[0m - [91merror[0m[90m TS7006: [0mParameter 'sym_key' implicitly has an 'any' type.

[7m15[0m   get(sym_key) {
[7m  [0m [91m      ~~~~~~~[0m

[96mjavascript/group2/item_04.js[0m:[93m18[0m:[93m7[0m - [91merror[0m[90m TS7006: [0mParameter 'sym_key' implicitly has an 'any' type.

[7m18[0m   has(sym_key) {
[7m  [0m [91m      ~~~~~~~[0m

[96mjavascript/group2/item_04.js[0m:[93m21[0m:[93m12[0m - [91merror[0m[90m TS7006: [0mParameter 'sym_key_a' implicitly has an 'any' type.

[7m21[0m   distance(sym_key_a,sym_key_b) {
[7m  [0m [91m           ~~~~~~~~~[0m

[96mjavascript/group2/item_04.js[0m:[93m21[0m:[93m22[0m - [91merror[0m[90m TS7006: [0mParameter 'sym_key_b' implicitly has an 'any' type.

[7m21[0m   distance(sym_key_a,sym_key_b) {
[7m  [0m [91m                     ~~~~~~~~~[0m

[96mjavascript/group2/item_04.js[0m:[93m28[0m:[93m3[0m - [91merror[0m[90m TS7008: [0mMember 'value_vec' implicitly has an 'any[]' type.

[7m28[0m   value_vec=[]
[7m  [0m [91m  ~~~~~~~~~[0m

[96mjavascript/group2/item_04.js[0m:[93m29[0m:[93m3[0m - [91merror[0m[90m TS7008: [0mMember 'key_vec' implicitly has an 'any[]' type.

[7m29[0m   key_vec=[]
[7m  [0m [91m  ~~~~~~~[0m

[96mjavascript/group2/item_04.js[0m:[93m30[0m:[93m3[0m - [91merror[0m[90m TS7008: [0mMember 'data_start_vec' implicitly has an 'any[]' type.

[7m30[0m   data_start_vec=[]
[7m  [0m [91m  ~~~~~~~~~~~~~~[0m

[96mjavascript/group2/item_04.js[0m:[93m31[0m:[93m3[0m - [91merror[0m[90m TS7008: [0mMember 'data_end_vec' implicitly has an 'any[]' type.

[7m31[0m   data_end_vec=[]
[7m  [0m [91m  ~~~~~~~~~~~~[0m

[96mjavascript/group2/item_04.js[0m:[93m32[0m:[93m3[0m - [91merror[0m[90m TS7008: [0mMember 'data_store_vec' implicitly has an 'any[]' type.

[7m32[0m   data_store_vec=[]
[7m  [0m [91m  ~~~~~~~~~~~~~~[0m

[96mjavascript/group2/item_04.js[0m:[93m33[0m:[93m15[0m - [91merror[0m[90m TS7006: [0mParameter 'key_generator' implicitly has an 'any' type.

[7m33[0m   constructor(key_generator) {
[7m  [0m [91m              ~~~~~~~~~~~~~[0m

[96mjavascript/group2/item_04.js[0m:[93m37[0m:[93m7[0m - [91merror[0m[90m TS7023: [0m'v' implicitly has return type 'any' because it does not have a return type annotation and is referenced directly or indirectly in one of its return expressions.

[7m37[0m   get v() {
[7m  [0m [91m      ~[0m

[96mjavascript/group2/item_04.js[0m:[93m41[0m:[93m4[0m - [91merror[0m[90m TS7022: [0m'lastValue' implicitly has type 'any' because it does not have a type annotation and is referenced directly or indirectly in its own initializer.

[7m41[0m    this.lastValue=value
[7m  [0m [91m   ~~~~~~~~~~~~~~~~~~~~[0m

[96mjavascript/group2/item_04.js[0m:[93m44[0m:[93m7[0m - [91merror[0m[90m TS7023: [0m'k' implicitly has return type 'any' because it does not have a return type annotation and is referenced directly or indirectly in one of its return expressions.

[7m44[0m   get k() {
[7m  [0m [91m      ~[0m

[96mjavascript/group2/item_04.js[0m:[93m48[0m:[93m4[0m - [91merror[0m[90m TS7022: [0m'lastKey' implicitly has type 'any' because it does not have a type annotation and is referenced directly or indirectly in its own initializer.

[7m48[0m    this.lastKey=key
[7m  [0m [91m   ~~~~~~~~~~~~~~~~[0m

[96mjavascript/group2/item_04.js[0m:[93m50[0m:[93m16[0m - [91merror[0m[90m TS7006: [0mParameter 'key' implicitly has an 'any' type.

[7m50[0m   add_function(key,value,data_vec) {
[7m  [0m [91m               ~~~[0m

[96mjavascript/group2/item_04.js[0m:[93m50[0m:[93m20[0m - [91merror[0m[90m TS7006: [0mParameter 'value' implicitly has an 'any' type.

[7m50[0m   add_function(key,value,data_vec) {
[7m  [0m [91m                   ~~~~~[0m

[96mjavascript/group2/item_04.js[0m:[93m50[0m:[93m26[0m - [91merror[0m[90m TS7006: [0mParameter 'data_vec' implicitly has an 'any' type.

[7m50[0m   add_function(key,value,data_vec) {
[7m  [0m [91m                         ~~~~~~~~[0m

[96mjavascript/group2/item_04.js[0m:[93m63[0m:[93m13[0m - [91merror[0m[90m TS7006: [0mParameter 'key' implicitly has an 'any' type.

[7m63[0m   key_index(key) {
[7m  [0m [91m            ~~~[0m

[96mjavascript/group2/item_04.js[0m:[93m66[0m:[93m20[0m - [91merror[0m[90m TS7006: [0mParameter 'inject_data' implicitly has an 'any' type.

[7m66[0m   append_auto_info(inject_data,data_vec,key) {
[7m  [0m [91m                   ~~~~~~~~~~~[0m

[96mjavascript/group2/item_04.js[0m:[93m66[0m:[93m32[0m - [91merror[0m[90m TS7006: [0mParameter 'data_vec' implicitly has an 'any' type.

[7m66[0m   append_auto_info(inject_data,data_vec,key) {
[7m  [0m [91m                               ~~~~~~~~[0m

[96mjavascript/group2/item_04.js[0m:[93m66[0m:[93m41[0m - [91merror[0m[90m TS7006: [0mParameter 'key' implicitly has an 'any' type.

[7m66[0m   append_auto_info(inject_data,data_vec,key) {
[7m  [0m [91m                                        ~~~[0m

[96mjavascript/group2/item_04.js[0m:[93m87[0m:[93m20[0m - [91merror[0m[90m TS7006: [0mParameter 'key' implicitly has an 'any' type.

[7m87[0m   execute_function(key,value,data_vec) {
[7m  [0m [91m                   ~~~[0m

[96mjavascript/group2/item_04.js[0m:[93m87[0m:[93m24[0m - [91merror[0m[90m TS7006: [0mParameter 'value' implicitly has an 'any' type.

[7m87[0m   execute_function(key,value,data_vec) {
[7m  [0m [91m                       ~~~~~[0m

[96mjavascript/group2/item_04.js[0m:[93m87[0m:[93m30[0m - [91merror[0m[90m TS7006: [0mParameter 'data_vec' implicitly has an 'any' type.

[7m87[0m   execute_function(key,value,data_vec) {
[7m  [0m [91m                             ~~~~~~~~[0m

[96mjavascript/group2/item_04.js[0m:[93m104[0m:[93m6[0m - [91merror[0m[90m TS2339: [0mProperty 'poll_fn' does not exist on type 'RustBasicExecutor'.

[7m104[0m  cur.poll_fn=function({delay}) {
[7m   [0m [91m     ~~~~~~~[0m

[96mjavascript/group2/item_04.js[0m:[93m104[0m:[93m24[0m - [91merror[0m[90m TS7031: [0mBinding element 'delay' implicitly has an 'any' type.

[7m104[0m  cur.poll_fn=function({delay}) {
[7m   [0m [91m                       ~~~~~[0m

[96mjavascript/group2/item_04.js[0m:[93m114[0m:[93m36[0m - [91merror[0m[90m TS6133: [0m'sym_distance' is declared but its value is never read.

[7m114[0m  cur.v=function req_$sym_distance$(sym_distance) {
[7m   [0m [91m                                   ~~~~~~~~~~~~[0m

[96mjavascript/group2/item_04.js[0m:[93m114[0m:[93m36[0m - [91merror[0m[90m TS7006: [0mParameter 'sym_distance' implicitly has an 'any' type.

[7m114[0m  cur.v=function req_$sym_distance$(sym_distance) {
[7m   [0m [91m                                   ~~~~~~~~~~~~[0m

[96mjavascript/group2/item_04.js[0m:[93m122[0m:[93m4[0m - [91merror[0m[90m TS7008: [0mMember 'define_vec' implicitly has an 'any[]' type.

[7m122[0m    define_vec=[]
[7m   [0m [91m   ~~~~~~~~~~[0m

[96mjavascript/group2/item_04.js[0m:[93m123[0m:[93m9[0m - [91merror[0m[90m TS7019: [0mRest parameter 'arg_vec' implicitly has an 'any[]' type.

[7m123[0m    type(...arg_vec) {
[7m   [0m [91m        ~~~~~~~~~~[0m

[96mjavascript/group2/item_04.js[0m:[93m127[0m:[93m11[0m - [91merror[0m[90m TS7019: [0mRest parameter 'arg_vec' implicitly has an 'any[]' type.

[7m127[0m    define(...arg_vec) {
[7m   [0m [91m          ~~~~~~~~~~[0m

[96mjavascript/group2/item_04.js[0m:[93m135[0m:[93m16[0m - [91merror[0m[90m TS7006: [0mParameter 'name' implicitly has an 'any' type.

[7m135[0m    constructor(name,info) {
[7m   [0m [91m               ~~~~[0m

[96mjavascript/group2/item_04.js[0m:[93m135[0m:[93m21[0m - [91merror[0m[90m TS7006: [0mParameter 'info' implicitly has an 'any' type.

[7m135[0m    constructor(name,info) {
[7m   [0m [91m                    ~~~~[0m

[96mjavascript/group2/item_04.js[0m:[93m141[0m:[93m16[0m - [91merror[0m[90m TS7006: [0mParameter 'var_name' implicitly has an 'any' type.

[7m141[0m    constructor(var_name,var_type) {
[7m   [0m [91m               ~~~~~~~~[0m

[96mjavascript/group2/item_04.js[0m:[93m141[0m:[93m25[0m - [91merror[0m[90m TS7006: [0mParameter 'var_type' implicitly has an 'any' type.

[7m141[0m    constructor(var_name,var_type) {
[7m   [0m [91m                        ~~~~~~~~[0m

[96mjavascript/group2/item_04.js[0m:[93m147[0m:[93m16[0m - [91merror[0m[90m TS7006: [0mParameter 'name' implicitly has an 'any' type.

[7m147[0m    constructor(name,type) {
[7m   [0m [91m               ~~~~[0m

[96mjavascript/group2/item_04.js[0m:[93m147[0m:[93m21[0m - [91merror[0m[90m TS7006: [0mParameter 'type' implicitly has an 'any' type.

[7m147[0m    constructor(name,type) {
[7m   [0m [91m                    ~~~~[0m

[96mjavascript/group2/item_04.js[0m:[93m153[0m:[93m16[0m - [91merror[0m[90m TS7006: [0mParameter 'qual' implicitly has an 'any' type.

[7m153[0m    constructor(qual,type) {
[7m   [0m [91m               ~~~~[0m

[96mjavascript/group2/item_04.js[0m:[93m153[0m:[93m21[0m - [91merror[0m[90m TS7006: [0mParameter 'type' implicitly has an 'any' type.

[7m153[0m    constructor(qual,type) {
[7m   [0m [91m                    ~~~~[0m

[96mjavascript/group2/item_04.js[0m:[93m159[0m:[93m16[0m - [91merror[0m[90m TS7006: [0mParameter 'type_info' implicitly has an 'any' type.

[7m159[0m    constructor(type_info,value) {
[7m   [0m [91m               ~~~~~~~~~[0m

[96mjavascript/group2/item_04.js[0m:[93m159[0m:[93m26[0m - [91merror[0m[90m TS7006: [0mParameter 'value' implicitly has an 'any' type.

[7m159[0m    constructor(type_info,value) {
[7m   [0m [91m                         ~~~~~[0m

[96mjavascript/group2/item_04.js[0m:[93m173[0m:[93m69[0m - [91merror[0m[90m TS7006: [0mParameter 'ptr' implicitly has an 'any' type.

[7m173[0m   rust_tmp.define('take','Option<T>','any T',take_def,function read(ptr) {
[7m   [0m [91m                                                                    ~~~[0m

[96mjavascript/group2/item_04.js[0m:[93m187[0m:[93m16[0m - [91merror[0m[90m TS7006: [0mParameter 'value' implicitly has an 'any' type.

[7m187[0m    constructor(value) {
[7m   [0m [91m               ~~~~~[0m

[96mjavascript/group2/item_04.js[0m:[93m199[0m:[93m21[0m - [91merror[0m[90m TS2339: [0mProperty 'start_syntax_transact' does not exist on type 'RustFakeVM'.

[7m199[0m      let tx=rust_vm.start_syntax_transact()
[7m   [0m [91m                    ~~~~~~~~~~~~~~~~~~~~~[0m

[96mjavascript/group2/item_04.js[0m:[93m210[0m:[93m21[0m - [91merror[0m[90m TS2554: [0mExpected 3 arguments, but got 2.

[7m210[0m      return Reflect.apply(fn,this)
[7m   [0m [91m                    ~~~~~~~~~~~~~~[0m

  [96mC:/Users/user/AppData/Roaming/npm/node_modules/typescript/lib/lib.es2015.reflect.d.ts[0m:[93m32[0m:[93m9[0m
    [7m32[0m         argumentsList: Readonly<A>,
    [7m  [0m [96m        ~~~~~~~~~~~~~~~~~~~~~~~~~~[0m
    An argument for 'argumentsList' was not provided.

[96mjavascript/group2/item_04.js[0m:[93m217[0m:[93m13[0m - [91merror[0m[90m TS7006: [0mParameter 'ref' implicitly has an 'any' type.

[7m217[0m    contains(ref) {
[7m   [0m [91m            ~~~[0m

[96mjavascript/group2/item_04.js[0m:[93m233[0m:[93m69[0m - [91merror[0m[90m TS7006: [0mParameter 'ptr' implicitly has an 'any' type.

[7m233[0m   rust_tmp.define('unsafe read()','Option<T>','any T',function read(ptr) {
[7m   [0m [91m                                                                    ~~~[0m

[96mjavascript/group2/item_04.js[0m:[93m238[0m:[93m70[0m - [91merror[0m[90m TS7006: [0mParameter 'trg_ptr' implicitly has an 'any' type.

[7m238[0m   rust_tmp.define('unsafe write()','Option<T>','any T',function read(trg_ptr,value) {
[7m   [0m [91m                                                                     ~~~~~~~[0m

[96mjavascript/group2/item_04.js[0m:[93m238[0m:[93m78[0m - [91merror[0m[90m TS7006: [0mParameter 'value' implicitly has an 'any' type.

[7m238[0m   rust_tmp.define('unsafe write()','Option<T>','any T',function read(trg_ptr,value) {
[7m   [0m [91m                                                                             ~~~~~[0m

[96mjavascript/group2/item_04.js[0m:[93m245[0m:[93m12[0m - [91merror[0m[90m TS2551: [0mProperty '__cint' does not exist on type 'Window & typeof globalThis'. Did you mean 'cint'?

[7m245[0m     window.__cint=-1
[7m   [0m [91m           ~~~~~~[0m

  [96mjavascript/final/named/__global.ts[0m:[93m66[0m:[93m3[0m
    [7m66[0m   cint?: ReturnType<typeof setTimeout>|number;
    [7m  [0m [96m  ~~~~[0m
    'cint' is declared here.

[96mjavascript/group2/item_04.js[0m:[93m251[0m:[93m9[0m - [91merror[0m[90m TS7006: [0mParameter 'self' implicitly has an 'any' type.

[7m251[0m    poll(self,cx) {
[7m   [0m [91m        ~~~~[0m

[96mjavascript/group2/item_04.js[0m:[93m251[0m:[93m14[0m - [91merror[0m[90m TS7006: [0mParameter 'cx' implicitly has an 'any' type.

[7m251[0m    poll(self,cx) {
[7m   [0m [91m             ~~[0m

[96mjavascript/group2/item_04.js[0m:[93m253[0m:[93m9[0m - [91merror[0m[90m TS7022: [0m'poll_scope' implicitly has type 'any' because it does not have a type annotation and is referenced directly or indirectly in its own initializer.

[7m253[0m     let poll_scope=cur.poll_fn({
[7m   [0m [91m        ~~~~~~~~~~[0m

[96mjavascript/group2/item_04.js[0m:[93m253[0m:[93m24[0m - [91merror[0m[90m TS2339: [0mProperty 'poll_fn' does not exist on type 'RustBasicExecutor'.

[7m253[0m     let poll_scope=cur.poll_fn({
[7m   [0m [91m                       ~~~~~~~[0m

[96mjavascript/group2/item_04.js[0m:[93m256[0m:[93m14[0m - [91merror[0m[90m TS2448: [0mBlock-scoped variable 'poll_scope' used before its declaration.

[7m256[0m     ({delay}=poll_scope)
[7m   [0m [91m             ~~~~~~~~~~[0m

  [96mjavascript/group2/item_04.js[0m:[93m253[0m:[93m9[0m
    [7m253[0m     let poll_scope=cur.poll_fn({
    [7m   [0m [96m        ~~~~~~~~~~[0m
    'poll_scope' is declared here.

[96mjavascript/group2/item_04.js[0m:[93m257[0m:[93m23[0m - [91merror[0m[90m TS2551: [0mProperty '__cint' does not exist on type 'Window & typeof globalThis'. Did you mean 'cint'?

[7m257[0m     let __cint=window.__cint
[7m   [0m [91m                      ~~~~~~[0m

  [96mjavascript/final/named/__global.ts[0m:[93m66[0m:[93m3[0m
    [7m66[0m   cint?: ReturnType<typeof setTimeout>|number;
    [7m  [0m [96m  ~~~~[0m
    'cint' is declared here.

[96mjavascript/group2/item_04.js[0m:[93m264[0m:[93m15[0m - [91merror[0m[90m TS2339: [0mProperty '__active_task' does not exist on type 'Window & typeof globalThis'.

[7m264[0m     if(window.__active_task) {
[7m   [0m [91m              ~~~~~~~~~~~~~[0m

[96mjavascript/group2/item_04.js[0m:[93m265[0m:[93m20[0m - [91merror[0m[90m TS2339: [0mProperty '__active_task' does not exist on type 'Window & typeof globalThis'.

[7m265[0m      let at=window.__active_task
[7m   [0m [91m                   ~~~~~~~~~~~~~[0m

[96mjavascript/group2/item_04.js[0m:[93m275[0m:[93m15[0m - [91merror[0m[90m TS2683: [0m'this' implicitly has type 'any' because it does not have a type annotation.

[7m275[0m      cancel(f=this.future) {
[7m   [0m [91m              ~~~~[0m

  [96mjavascript/group2/item_04.js[0m:[93m275[0m:[93m6[0m
    [7m275[0m      cancel(f=this.future) {
    [7m   [0m [96m     ~~~~~~[0m
    An outer value of 'this' is shadowed by this container.

[96mjavascript/group2/item_04.js[0m:[93m281[0m:[93m12[0m - [91merror[0m[90m TS2339: [0mProperty '__active_task' does not exist on type 'Window & typeof globalThis'.

[7m281[0m     window.__active_task=current_task
[7m   [0m [91m           ~~~~~~~~~~~~~[0m

[96mjavascript/group2/item_04.js[0m:[93m283[0m:[93m13[0m - [91merror[0m[90m TS2551: [0mProperty '__cint' does not exist on type 'Window & typeof globalThis'. Did you mean 'cint'?

[7m283[0m      window.__cint=-1
[7m   [0m [91m            ~~~~~~[0m

  [96mjavascript/final/named/__global.ts[0m:[93m66[0m:[93m3[0m
    [7m66[0m   cint?: ReturnType<typeof setTimeout>|number;
    [7m  [0m [96m  ~~~~[0m
    'cint' is declared here.

[96mjavascript/group2/item_04.js[0m:[93m292[0m:[93m16[0m - [91merror[0m[90m TS7006: [0mParameter 'data' implicitly has an 'any' type.

[7m292[0m    constructor(data) {
[7m   [0m [91m               ~~~~[0m

[96mjavascript/group2/item_04.js[0m:[93m316[0m:[93m16[0m - [91merror[0m[90m TS7006: [0mParameter 'a' implicitly has an 'any' type.

[7m316[0m    wake(t=this,a,b,c) {
[7m   [0m [91m               ~[0m

[96mjavascript/group2/item_04.js[0m:[93m316[0m:[93m18[0m - [91merror[0m[90m TS7006: [0mParameter 'b' implicitly has an 'any' type.

[7m316[0m    wake(t=this,a,b,c) {
[7m   [0m [91m                 ~[0m

[96mjavascript/group2/item_04.js[0m:[93m316[0m:[93m20[0m - [91merror[0m[90m TS7006: [0mParameter 'c' implicitly has an 'any' type.

[7m316[0m    wake(t=this,a,b,c) {
[7m   [0m [91m                   ~[0m

[96mjavascript/group2/item_04.js[0m:[93m325[0m:[93m16[0m - [91merror[0m[90m TS7006: [0mParameter 'waker' implicitly has an 'any' type.

[7m325[0m    constructor(waker) {
[7m   [0m [91m               ~~~~~[0m

[96mjavascript/group2/item_04.js[0m:[93m331[0m:[93m16[0m - [91merror[0m[90m TS7006: [0mParameter 'cap' implicitly has an 'any' type.

[7m331[0m    constructor(cap) {
[7m   [0m [91m               ~~~[0m

[96mjavascript/group2/item_04.js[0m:[93m338[0m:[93m14[0m - [91merror[0m[90m TS7006: [0mParameter 'value' implicitly has an 'any' type.

[7m338[0m    push_back(value) {
[7m   [0m [91m             ~~~~~[0m

[96mjavascript/group2/item_04.js[0m:[93m364[0m:[93m16[0m - [91merror[0m[90m TS7006: [0mParameter 'vtable' implicitly has an 'any' type.

[7m364[0m    constructor(vtable,data) {
[7m   [0m [91m               ~~~~~~[0m

[96mjavascript/group2/item_04.js[0m:[93m364[0m:[93m23[0m - [91merror[0m[90m TS7006: [0mParameter 'data' implicitly has an 'any' type.

[7m364[0m    constructor(vtable,data) {
[7m   [0m [91m                      ~~~~[0m

[96mjavascript/group2/item_04.js[0m:[93m376[0m:[93m16[0m - [91merror[0m[90m TS7006: [0mParameter 'wake_callback' implicitly has an 'any' type.

[7m376[0m    constructor(wake_callback) {
[7m   [0m [91m               ~~~~~~~~~~~~~[0m

[96mjavascript/group2/item_04.js[0m:[93m379[0m:[93m9[0m - [91merror[0m[90m TS7006: [0mParameter 'data' implicitly has an 'any' type.

[7m379[0m    wake(data) {
[7m   [0m [91m        ~~~~[0m

[96mjavascript/group2/item_04.js[0m:[93m385[0m:[93m27[0m - [91merror[0m[90m TS7006: [0mParameter 'notifier' implicitly has an 'any' type.

[7m385[0m    static promise_execute(notifier,accept,reject) {
[7m   [0m [91m                          ~~~~~~~~[0m

[96mjavascript/group2/item_04.js[0m:[93m385[0m:[93m36[0m - [91merror[0m[90m TS7006: [0mParameter 'accept' implicitly has an 'any' type.

[7m385[0m    static promise_execute(notifier,accept,reject) {
[7m   [0m [91m                                   ~~~~~~[0m

[96mjavascript/group2/item_04.js[0m:[93m385[0m:[93m43[0m - [91merror[0m[90m TS6133: [0m'reject' is declared but its value is never read.

[7m385[0m    static promise_execute(notifier,accept,reject) {
[7m   [0m [91m                                          ~~~~~~[0m

[96mjavascript/group2/item_04.js[0m:[93m385[0m:[93m43[0m - [91merror[0m[90m TS7006: [0mParameter 'reject' implicitly has an 'any' type.

[7m385[0m    static promise_execute(notifier,accept,reject) {
[7m   [0m [91m                                          ~~~~~~[0m

[96mjavascript/group2/item_04.js[0m:[93m391[0m:[93m5[0m - [91merror[0m[90m TS7008: [0mMember 'waker' implicitly has an 'any' type.

[7m391[0m     this.waker=null
[7m   [0m [91m    ~~~~~~~~~~~~~~~[0m

[96mjavascript/group2/item_04.js[0m:[93m393[0m:[93m5[0m - [91merror[0m[90m TS7008: [0mMember 'inner' implicitly has an 'any' type.

[7m393[0m     this.inner=null
[7m   [0m [91m    ~~~~~~~~~~~~~~~[0m

[96mjavascript/group2/item_04.js[0m:[93m420[0m:[93m4[0m - [91merror[0m[90m TS7008: [0mMember 'active' implicitly has an 'any[]' type.

[7m420[0m    active=[]
[7m   [0m [91m   ~~~~~~[0m

[96mjavascript/group2/item_04.js[0m:[93m433[0m:[93m10[0m - [91merror[0m[90m TS7006: [0mParameter 'fut' implicitly has an 'any' type.

[7m433[0m    spawn(fut) {
[7m   [0m [91m         ~~~[0m

[96mjavascript/group2/item_04.js[0m:[93m434[0m:[93m9[0m - [91merror[0m[90m TS6133: [0m't' is declared but its value is never read.

[7m434[0m     let t=this
[7m   [0m [91m        ~[0m

[96mjavascript/group2/item_04.js[0m:[93m437[0m:[93m12[0m - [91merror[0m[90m TS7006: [0mParameter 'fut' implicitly has an 'any' type.

[7m437[0m    run_one(fut) {
[7m   [0m [91m           ~~~[0m

[96mjavascript/group2/item_04.js[0m:[93m484[0m:[93m13[0m - [91merror[0m[90m TS2339: [0mProperty '__cur_task' does not exist on type 'Window & typeof globalThis'.

[7m484[0m   if(window.__cur_task) {}
[7m   [0m [91m            ~~~~~~~~~~[0m

[96mjavascript/group2/item_04.js[0m:[93m488[0m:[93m10[0m - [91merror[0m[90m TS2339: [0mProperty '__cur_task' does not exist on type 'Window & typeof globalThis'.

[7m488[0m   window.__cur_task=cur_executer
[7m   [0m [91m         ~~~~~~~~~~[0m

[96mjavascript/group2/item_05.js[0m:[93m4[0m:[93m21[0m - [91merror[0m[90m TS7006: [0mParameter 'str' implicitly has an 'any' type.

[7m4[0m  function chunk_str(str,len) {
[7m [0m [91m                    ~~~[0m

[96mjavascript/group2/item_05.js[0m:[93m4[0m:[93m25[0m - [91merror[0m[90m TS7006: [0mParameter 'len' implicitly has an 'any' type.

[7m4[0m  function chunk_str(str,len) {
[7m [0m [91m                        ~~~[0m

[96mjavascript/group2/item_05.js[0m:[93m13[0m:[93m9[0m - [91merror[0m[90m TS2339: [0mProperty 'buffer_vec' does not exist on type 'Window & typeof globalThis'.

[7m13[0m  window.buffer_vec=new ArrayBuffer(8)
[7m  [0m [91m        ~~~~~~~~~~[0m

[96mjavascript/group2/item_05.js[0m:[93m14[0m:[93m9[0m - [91merror[0m[90m TS2339: [0mProperty 'float_32_vec' does not exist on type 'Window & typeof globalThis'.

[7m14[0m  window.float_32_vec=new Float32Array(window.buffer_vec)
[7m  [0m [91m        ~~~~~~~~~~~~[0m

[96mjavascript/group2/item_05.js[0m:[93m14[0m:[93m46[0m - [91merror[0m[90m TS2339: [0mProperty 'buffer_vec' does not exist on type 'Window & typeof globalThis'.

[7m14[0m  window.float_32_vec=new Float32Array(window.buffer_vec)
[7m  [0m [91m                                             ~~~~~~~~~~[0m

[96mjavascript/group2/item_05.js[0m:[93m15[0m:[93m9[0m - [91merror[0m[90m TS2339: [0mProperty 'uint8_vec' does not exist on type 'Window & typeof globalThis'.

[7m15[0m  window.uint8_vec=new Uint8Array(window.buffer_vec)
[7m  [0m [91m        ~~~~~~~~~[0m

[96mjavascript/group2/item_05.js[0m:[93m15[0m:[93m41[0m - [91merror[0m[90m TS2339: [0mProperty 'buffer_vec' does not exist on type 'Window & typeof globalThis'.

[7m15[0m  window.uint8_vec=new Uint8Array(window.buffer_vec)
[7m  [0m [91m                                        ~~~~~~~~~~[0m

[96mjavascript/group2/item_05.js[0m:[93m17[0m:[93m6[0m - [91merror[0m[90m TS6133: [0m'u8_data' is declared but its value is never read.

[7m17[0m  let u8_data=new Uint8Array(f32_diff.buffer)
[7m  [0m [91m     ~~~~~~~[0m

[96mjavascript/group2/item_05.js[0m:[93m18[0m:[93m6[0m - [91merror[0m[90m TS7034: [0mVariable 'long_tick_log' implicitly has type 'any[]' in some locations where its type cannot be determined.

[7m18[0m  let long_tick_log=[]
[7m  [0m [91m     ~~~~~~~~~~~~~[0m

[96mjavascript/group2/item_05.js[0m:[93m19[0m:[93m21[0m - [91merror[0m[90m TS7006: [0mParameter 'num' implicitly has an 'any' type.

[7m19[0m  function ceil_near(num) {
[7m  [0m [91m                    ~~~[0m

[96mjavascript/group2/item_05.js[0m:[93m22[0m:[93m22[0m - [91merror[0m[90m TS7006: [0mParameter 'num' implicitly has an 'any' type.

[7m22[0m  function round_near(num) {
[7m  [0m [91m                     ~~~[0m

[96mjavascript/group2/item_05.js[0m:[93m25[0m:[93m22[0m - [91merror[0m[90m TS7006: [0mParameter 'num' implicitly has an 'any' type.

[7m25[0m  function floor_near(num) {
[7m  [0m [91m                     ~~~[0m

[96mjavascript/group2/item_05.js[0m:[93m28[0m:[93m11[0m - [91merror[0m[90m TS6133: [0m'math_near' is declared but its value is never read.

[7m28[0m  function math_near(num) {
[7m  [0m [91m          ~~~~~~~~~[0m

[96mjavascript/group2/item_05.js[0m:[93m28[0m:[93m21[0m - [91merror[0m[90m TS7006: [0mParameter 'num' implicitly has an 'any' type.

[7m28[0m  function math_near(num) {
[7m  [0m [91m                    ~~~[0m

[96mjavascript/group2/item_05.js[0m:[93m35[0m:[93m24[0m - [91merror[0m[90m TS7006: [0mParameter 'g' implicitly has an 'any' type.

[7m35[0m  function worker_scope(g) {
[7m  [0m [91m                       ~[0m

[96mjavascript/group2/item_05.js[0m:[93m51[0m:[93m4[0m - [91merror[0m[90m TS7008: [0mMember 'result_vec' implicitly has an 'any[]' type.

[7m51[0m    result_vec=[]
[7m  [0m [91m   ~~~~~~~~~~[0m

[96mjavascript/group2/item_05.js[0m:[93m52[0m:[93m4[0m - [91merror[0m[90m TS7008: [0mMember 'overflow_vec' implicitly has an 'any[]' type.

[7m52[0m    overflow_vec=[]
[7m  [0m [91m   ~~~~~~~~~~~~[0m

[96mjavascript/group2/item_05.js[0m:[93m56[0m:[93m20[0m - [91merror[0m[90m TS7006: [0mParameter 'start_index' implicitly has an 'any' type.

[7m56[0m    set_start_index(start_index) {
[7m  [0m [91m                   ~~~~~~~~~~~[0m

[96mjavascript/group2/item_05.js[0m:[93m116[0m:[93m26[0m - [91merror[0m[90m TS7006: [0mParameter 'range_f64' implicitly has an 'any' type.

[7m116[0m    next_larger_perf_time(range_f64) {
[7m   [0m [91m                         ~~~~~~~~~[0m

[96mjavascript/group2/item_05.js[0m:[93m129[0m:[93m16[0m - [91merror[0m[90m TS7006: [0mParameter 'message' implicitly has an 'any' type.

[7m129[0m    set_message(message) {
[7m   [0m [91m               ~~~~~~~[0m

[96mjavascript/group2/item_05.js[0m:[93m136[0m:[93m31[0m - [91merror[0m[90m TS2339: [0mProperty 'type' does not exist on type 'never'.

[7m136[0m     let run_type=this.message.type
[7m   [0m [91m                              ~~~~[0m

[96mjavascript/group2/item_05.js[0m:[93m137[0m:[93m5[0m - [91merror[0m[90m TS2322: [0mType '{ type: string; source: any; }' is not assignable to type 'null'.

[7m137[0m     this.reply={
[7m   [0m [91m    ~~~~~~~~~~[0m

[96mjavascript/group2/item_05.js[0m:[93m146[0m:[93m6[0m - [91merror[0m[90m TS7029: [0mFallthrough case in switch.

[7m146[0m      case 'process':
[7m   [0m [91m     ~~~~~~~~~~~~~~~[0m

[96mjavascript/group2/item_05.js[0m:[93m148[0m:[93m41[0m - [91merror[0m[90m TS2339: [0mProperty 'data_vec' does not exist on type 'never'.

[7m148[0m       this.set_start_index(this.message.data_vec[0])
[7m   [0m [91m                                        ~~~~~~~~[0m

[96mjavascript/group2/item_05.js[0m:[93m153[0m:[93m20[0m - [91merror[0m[90m TS2339: [0mProperty 'unhandled' does not exist on type 'never'.

[7m153[0m       this.message.unhandled=true
[7m   [0m [91m                   ~~~~~~~~~[0m

[96mjavascript/group2/item_05.js[0m:[93m158[0m:[93m4[0m - [91merror[0m[90m TS4119: [0mThis member must have a JSDoc comment with an '@override' tag because it overrides a member in the base class 'BaseWorkProcessor'.

[7m158[0m    init() {
[7m   [0m [91m   ~~~~[0m

[96mjavascript/group2/item_05.js[0m:[93m160[0m:[93m5[0m - [91merror[0m[90m TS2531: [0mObject is possibly 'null'.

[7m160[0m     this.reply.response.result_vec=this.result_vec
[7m   [0m [91m    ~~~~~~~~~~[0m

[96mjavascript/group2/item_05.js[0m:[93m166[0m:[93m5[0m - [91merror[0m[90m TS2531: [0mObject is possibly 'null'.

[7m166[0m     this.reply.response={
[7m   [0m [91m    ~~~~~~~~~~[0m

[96mjavascript/group2/item_05.js[0m:[93m172[0m:[93m5[0m - [91merror[0m[90m TS2531: [0mObject is possibly 'null'.

[7m172[0m     this.reply.response={
[7m   [0m [91m    ~~~~~~~~~~[0m

[96mjavascript/group2/item_05.js[0m:[93m178[0m:[93m4[0m - [91merror[0m[90m TS4119: [0mThis member must have a JSDoc comment with an '@override' tag because it overrides a member in the base class 'BaseWorkProcessor'.

[7m178[0m    process() {
[7m   [0m [91m   ~~~~~~~[0m

[96mjavascript/group2/item_05.js[0m:[93m195[0m:[93m17[0m - [91merror[0m[90m TS7006: [0mParameter 'report_object' implicitly has an 'any' type.

[7m195[0m    report_reply(report_object) {
[7m   [0m [91m                ~~~~~~~~~~~~~[0m

[96mjavascript/group2/item_05.js[0m:[93m196[0m:[93m5[0m - [91merror[0m[90m TS2531: [0mObject is possibly 'null'.

[7m196[0m     this.reply.response.count=this.count
[7m   [0m [91m    ~~~~~~~~~~[0m

[96mjavascript/group2/item_05.js[0m:[93m197[0m:[93m5[0m - [91merror[0m[90m TS2531: [0mObject is possibly 'null'.

[7m197[0m     this.reply.response.type=report_object.type
[7m   [0m [91m    ~~~~~~~~~~[0m

[96mjavascript/group2/item_05.js[0m:[93m201[0m:[93m7[0m - [91merror[0m[90m TS2531: [0mObject is possibly 'null'.

[7m201[0m       this.reply.response.error=null
[7m   [0m [91m      ~~~~~~~~~~[0m

[96mjavascript/group2/item_05.js[0m:[93m205[0m:[93m7[0m - [91merror[0m[90m TS2531: [0mObject is possibly 'null'.

[7m205[0m       this.reply.response.error=report_object.error
[7m   [0m [91m      ~~~~~~~~~~[0m

[96mjavascript/group2/item_05.js[0m:[93m208[0m:[93m7[0m - [91merror[0m[90m TS2531: [0mObject is possibly 'null'.

[7m208[0m       this.reply.response.detail=report_object
[7m   [0m [91m      ~~~~~~~~~~[0m

[96mjavascript/group2/item_05.js[0m:[93m213[0m:[93m15[0m - [91merror[0m[90m TS7006: [0mParameter 'error' implicitly has an 'any' type.

[7m213[0m    on_failure(error) {
[7m   [0m [91m              ~~~~~[0m

[96mjavascript/group2/item_05.js[0m:[93m228[0m:[93m24[0m - [91merror[0m[90m TS7006: [0mParameter 'e' implicitly has an 'any' type.

[7m228[0m   g.onmessage=function(e) {
[7m   [0m [91m                       ~[0m

[96mjavascript/group2/item_05.js[0m:[93m234[0m:[93m6[0m - [91merror[0m[90m TS7034: [0mVariable 'min_arr' implicitly has type 'any[]' in some locations where its type cannot be determined.

[7m234[0m  let min_arr=[]
[7m   [0m [91m     ~~~~~~~[0m

[96mjavascript/group2/item_05.js[0m:[93m238[0m:[93m22[0m - [91merror[0m[90m TS7006: [0mParameter 'self' implicitly has an 'any' type.

[7m238[0m   static on_interval(self) {
[7m   [0m [91m                     ~~~~[0m

[96mjavascript/group2/item_05.js[0m:[93m248[0m:[93m13[0m - [91merror[0m[90m TS7006: [0mParameter 'delay' implicitly has an 'any' type.

[7m248[0m   set_delay(delay) {
[7m   [0m [91m            ~~~~~[0m

[96mjavascript/group2/item_05.js[0m:[93m252[0m:[93m20[0m - [91merror[0m[90m TS7006: [0mParameter 'type' implicitly has an 'any' type.

[7m252[0m   set_handler_fptr(type,fptr) {
[7m   [0m [91m                   ~~~~[0m

[96mjavascript/group2/item_05.js[0m:[93m252[0m:[93m25[0m - [91merror[0m[90m TS7006: [0mParameter 'fptr' implicitly has an 'any' type.

[7m252[0m   set_handler_fptr(type,fptr) {
[7m   [0m [91m                        ~~~~[0m

[96mjavascript/group2/item_05.js[0m:[93m255[0m:[93m18[0m - [91merror[0m[90m TS7006: [0mParameter 'type' implicitly has an 'any' type.

[7m255[0m   delete_handler(type,fptr) {
[7m   [0m [91m                 ~~~~[0m

[96mjavascript/group2/item_05.js[0m:[93m255[0m:[93m23[0m - [91merror[0m[90m TS7006: [0mParameter 'fptr' implicitly has an 'any' type.

[7m255[0m   delete_handler(type,fptr) {
[7m   [0m [91m                      ~~~~[0m

[96mjavascript/group2/item_05.js[0m:[93m283[0m:[93m34[0m - [91merror[0m[90m TS7006: [0mParameter 'type' implicitly has an 'any' type.

[7m283[0m  function worker_message_factory(type,data_vec) {
[7m   [0m [91m                                 ~~~~[0m

[96mjavascript/group2/item_05.js[0m:[93m283[0m:[93m39[0m - [91merror[0m[90m TS7006: [0mParameter 'data_vec' implicitly has an 'any' type.

[7m283[0m  function worker_message_factory(type,data_vec) {
[7m   [0m [91m                                      ~~~~~~~~[0m

[96mjavascript/group2/item_05.js[0m:[93m316[0m:[93m11[0m - [91merror[0m[90m TS2551: [0mProperty '__worker' does not exist on type 'Window & typeof globalThis'. Did you mean 'Worker'?

[7m316[0m    window.__worker=this.inner
[7m   [0m [91m          ~~~~~~~~[0m

  [96mC:/Users/user/AppData/Roaming/npm/node_modules/typescript/lib/lib.dom.d.ts[0m:[93m17003[0m:[93m13[0m
    [7m17003[0m declare var Worker: {
    [7m     [0m [96m            ~~~~~~[0m
    'Worker' is declared here.

[96mjavascript/group2/item_05.js[0m:[93m319[0m:[93m15[0m - [91merror[0m[90m TS6133: [0m'user_message' is declared but its value is never read.

[7m319[0m   on_response(user_message) {
[7m   [0m [91m              ~~~~~~~~~~~~[0m

[96mjavascript/group2/item_05.js[0m:[93m319[0m:[93m15[0m - [91merror[0m[90m TS7006: [0mParameter 'user_message' implicitly has an 'any' type.

[7m319[0m   on_response(user_message) {
[7m   [0m [91m              ~~~~~~~~~~~~[0m

[96mjavascript/group2/item_05.js[0m:[93m321[0m:[93m7[0m - [91merror[0m[90m TS2304: [0mCannot find name 'response'.

[7m321[0m    if(response!==void 0&&can_not_handle) {
[7m   [0m [91m      ~~~~~~~~[0m

[96mjavascript/group2/item_05.js[0m:[93m322[0m:[93m28[0m - [91merror[0m[90m TS2304: [0mCannot find name 'source'.

[7m322[0m     console.log('response',source,response)
[7m   [0m [91m                           ~~~~~~[0m

[96mjavascript/group2/item_05.js[0m:[93m322[0m:[93m35[0m - [91merror[0m[90m TS2304: [0mCannot find name 'response'.

[7m322[0m     console.log('response',source,response)
[7m   [0m [91m                                  ~~~~~~~~[0m

[96mjavascript/group2/item_05.js[0m:[93m324[0m:[93m28[0m - [91merror[0m[90m TS2304: [0mCannot find name 'source'.

[7m324[0m     console.log('response',source)
[7m   [0m [91m                           ~~~~~~[0m

[96mjavascript/group2/item_05.js[0m:[93m325[0m:[93m14[0m - [91merror[0m[90m TS2304: [0mCannot find name 'response'.

[7m325[0m    } else if(response!==void 0) {
[7m   [0m [91m             ~~~~~~~~[0m

[96mjavascript/group2/item_05.js[0m:[93m326[0m:[93m28[0m - [91merror[0m[90m TS2304: [0mCannot find name 'response'.

[7m326[0m     worker_state.do_accept(response)
[7m   [0m [91m                           ~~~~~~~~[0m

[96mjavascript/group2/item_05.js[0m:[93m331[0m:[93m25[0m - [91merror[0m[90m TS7006: [0mParameter 'event' implicitly has an 'any' type.

[7m331[0m   message_event_handler(event) {
[7m   [0m [91m                        ~~~~~[0m

[96mjavascript/group2/item_05.js[0m:[93m354[0m:[93m29[0m - [91merror[0m[90m TS2304: [0mCannot find name 'e'.

[7m354[0m      console.log("Received",e.data)
[7m   [0m [91m                            ~[0m

[96mjavascript/group2/item_05.js[0m:[93m360[0m:[93m16[0m - [91merror[0m[90m TS7006: [0mParameter 'type' implicitly has an 'any' type.

[7m360[0m   send_request(type,...data_vec) {
[7m   [0m [91m               ~~~~[0m

[96mjavascript/group2/item_05.js[0m:[93m360[0m:[93m21[0m - [91merror[0m[90m TS7019: [0mRest parameter 'data_vec' implicitly has an 'any[]' type.

[7m360[0m   send_request(type,...data_vec) {
[7m   [0m [91m                    ~~~~~~~~~~~[0m

[96mjavascript/group2/item_05.js[0m:[93m369[0m:[93m24[0m - [91merror[0m[90m TS7006: [0mParameter 'index' implicitly has an 'any' type.

[7m369[0m   send_process_request(index) {
[7m   [0m [91m                       ~~~~~[0m

[96mjavascript/group2/item_05.js[0m:[93m372[0m:[93m15[0m - [91merror[0m[90m TS7006: [0mParameter 'key' implicitly has an 'any' type.

[7m372[0m   set_handler(key,handler) {
[7m   [0m [91m              ~~~[0m

[96mjavascript/group2/item_05.js[0m:[93m372[0m:[93m19[0m - [91merror[0m[90m TS7006: [0mParameter 'handler' implicitly has an 'any' type.

[7m372[0m   set_handler(key,handler) {
[7m   [0m [91m                  ~~~~~~~[0m

[96mjavascript/group2/item_05.js[0m:[93m388[0m:[93m14[0m - [91merror[0m[90m TS7006: [0mParameter 'user_message' implicitly has an 'any' type.

[7m388[0m   on_failure(user_message) {
[7m   [0m [91m             ~~~~~~~~~~~~[0m

[96mjavascript/group2/item_05.js[0m:[93m391[0m:[93m15[0m - [91merror[0m[90m TS7006: [0mParameter 'user_message' implicitly has an 'any' type.

[7m391[0m   on_response(user_message) {
[7m   [0m [91m              ~~~~~~~~~~~~[0m

[96mjavascript/group2/item_05.js[0m:[93m399[0m:[93m5[0m - [91merror[0m[90m TS7029: [0mFallthrough case in switch.

[7m399[0m     case 'shutdown':
[7m   [0m [91m    ~~~~~~~~~~~~~~~~[0m

[96mjavascript/group2/item_05.js[0m:[93m409[0m:[93m30[0m - [91merror[0m[90m TS7006: [0mParameter 'accept' implicitly has an 'any' type.

[7m409[0m   maybe_tag_promise_resolver(accept,tag) {
[7m   [0m [91m                             ~~~~~~[0m

[96mjavascript/group2/item_05.js[0m:[93m409[0m:[93m37[0m - [91merror[0m[90m TS7006: [0mParameter 'tag' implicitly has an 'any' type.

[7m409[0m   maybe_tag_promise_resolver(accept,tag) {
[7m   [0m [91m                                    ~~~[0m

[96mjavascript/group2/item_05.js[0m:[93m414[0m:[93m32[0m - [91merror[0m[90m TS7006: [0mParameter 'self' implicitly has an 'any' type.

[7m414[0m   static init_request_executor(self,accept,reject) {
[7m   [0m [91m                               ~~~~[0m

[96mjavascript/group2/item_05.js[0m:[93m414[0m:[93m37[0m - [91merror[0m[90m TS7006: [0mParameter 'accept' implicitly has an 'any' type.

[7m414[0m   static init_request_executor(self,accept,reject) {
[7m   [0m [91m                                    ~~~~~~[0m

[96mjavascript/group2/item_05.js[0m:[93m414[0m:[93m44[0m - [91merror[0m[90m TS7006: [0mParameter 'reject' implicitly has an 'any' type.

[7m414[0m   static init_request_executor(self,accept,reject) {
[7m   [0m [91m                                           ~~~~~~[0m

[96mjavascript/group2/item_05.js[0m:[93m422[0m:[93m36[0m - [91merror[0m[90m TS7006: [0mParameter 'self' implicitly has an 'any' type.

[7m422[0m   static shutdown_request_executor(self,accept,reject) {
[7m   [0m [91m                                   ~~~~[0m

[96mjavascript/group2/item_05.js[0m:[93m422[0m:[93m41[0m - [91merror[0m[90m TS7006: [0mParameter 'accept' implicitly has an 'any' type.

[7m422[0m   static shutdown_request_executor(self,accept,reject) {
[7m   [0m [91m                                        ~~~~~~[0m

[96mjavascript/group2/item_05.js[0m:[93m422[0m:[93m48[0m - [91merror[0m[90m TS7006: [0mParameter 'reject' implicitly has an 'any' type.

[7m422[0m   static shutdown_request_executor(self,accept,reject) {
[7m   [0m [91m                                               ~~~~~~[0m

[96mjavascript/group2/item_05.js[0m:[93m435[0m:[93m35[0m - [91merror[0m[90m TS7006: [0mParameter 'self' implicitly has an 'any' type.

[7m435[0m   static process_request_executor(self,index,accept,reject) {
[7m   [0m [91m                                  ~~~~[0m

[96mjavascript/group2/item_05.js[0m:[93m435[0m:[93m40[0m - [91merror[0m[90m TS7006: [0mParameter 'index' implicitly has an 'any' type.

[7m435[0m   static process_request_executor(self,index,accept,reject) {
[7m   [0m [91m                                       ~~~~~[0m

[96mjavascript/group2/item_05.js[0m:[93m435[0m:[93m46[0m - [91merror[0m[90m TS7006: [0mParameter 'accept' implicitly has an 'any' type.

[7m435[0m   static process_request_executor(self,index,accept,reject) {
[7m   [0m [91m                                             ~~~~~~[0m

[96mjavascript/group2/item_05.js[0m:[93m435[0m:[93m53[0m - [91merror[0m[90m TS7006: [0mParameter 'reject' implicitly has an 'any' type.

[7m435[0m   static process_request_executor(self,index,accept,reject) {
[7m   [0m [91m                                                    ~~~~~~[0m

[96mjavascript/group2/item_05.js[0m:[93m441[0m:[93m14[0m - [91merror[0m[90m TS7006: [0mParameter 'promise_executor' implicitly has an 'any' type.

[7m441[0m   into_async(promise_executor,...argument_vec) {
[7m   [0m [91m             ~~~~~~~~~~~~~~~~[0m

[96mjavascript/group2/item_05.js[0m:[93m441[0m:[93m31[0m - [91merror[0m[90m TS7019: [0mRest parameter 'argument_vec' implicitly has an 'any[]' type.

[7m441[0m   into_async(promise_executor,...argument_vec) {
[7m   [0m [91m                              ~~~~~~~~~~~~~~~[0m

[96mjavascript/group2/item_05.js[0m:[93m444[0m:[93m19[0m - [91merror[0m[90m TS7006: [0mParameter 'index' implicitly has an 'any' type.

[7m444[0m   request_process(index) {
[7m   [0m [91m                  ~~~~~[0m

[96mjavascript/group2/item_05.js[0m:[93m456[0m:[93m13[0m - [91merror[0m[90m TS7006: [0mParameter 'reason' implicitly has an 'any' type.

[7m456[0m   do_reject(reason) {
[7m   [0m [91m            ~~~~~~[0m

[96mjavascript/group2/item_05.js[0m:[93m458[0m:[93m26[0m - [91merror[0m[90m TS2531: [0mObject is possibly 'null'.

[7m458[0m     console.log('rj tag',this.accept.tag)
[7m   [0m [91m                         ~~~~~~~~~~~[0m

[96mjavascript/group2/item_05.js[0m:[93m460[0m:[93m4[0m - [91merror[0m[90m TS2721: [0mCannot invoke an object which is possibly 'null'.

[7m460[0m    this.reject(reason)
[7m   [0m [91m   ~~~~~~~~~~~[0m

[96mjavascript/group2/item_05.js[0m:[93m463[0m:[93m13[0m - [91merror[0m[90m TS7006: [0mParameter 'response' implicitly has an 'any' type.

[7m463[0m   do_accept(response) {
[7m   [0m [91m            ~~~~~~~~[0m

[96mjavascript/group2/item_05.js[0m:[93m465[0m:[93m26[0m - [91merror[0m[90m TS2531: [0mObject is possibly 'null'.

[7m465[0m     console.log('ac tag',this.accept.tag)
[7m   [0m [91m                         ~~~~~~~~~~~[0m

[96mjavascript/group2/item_05.js[0m:[93m467[0m:[93m4[0m - [91merror[0m[90m TS2721: [0mCannot invoke an object which is possibly 'null'.

[7m467[0m    this.accept(response)
[7m   [0m [91m   ~~~~~~~~~~~[0m

[96mjavascript/group2/item_05.js[0m:[93m473[0m:[93m9[0m - [91merror[0m[90m TS7006: [0mParameter 'reason' implicitly has an 'any' type.

[7m473[0m   abort(reason) {
[7m   [0m [91m        ~~~~~~[0m

[96mjavascript/group2/item_05.js[0m:[93m495[0m:[93m28[0m - [91merror[0m[90m TS7006: [0mParameter 'self' implicitly has an 'any' type.

[7m495[0m   static on_clock_interval(self) {
[7m   [0m [91m                           ~~~~[0m

[96mjavascript/group2/item_05.js[0m:[93m498[0m:[93m17[0m - [91merror[0m[90m TS7006: [0mParameter 'clock_diff' implicitly has an 'any' type.

[7m498[0m   check_timeout(clock_diff) {
[7m   [0m [91m                ~~~~~~~~~~[0m

[96mjavascript/group2/item_05.js[0m:[93m500[0m:[93m21[0m - [91merror[0m[90m TS2362: [0mThe left-hand side of an arithmetic operation must be of type 'any', 'number', 'bigint' or an enum type.

[7m500[0m    console.log('sd',sec_diff.toFixed(2)-0)
[7m   [0m [91m                    ~~~~~~~~~~~~~~~~~~~[0m

[96mjavascript/group2/item_05.js[0m:[93m501[0m:[93m7[0m - [91merror[0m[90m TS2304: [0mCannot find name 'diff'.

[7m501[0m    if(diff<this.timeout_delay) {
[7m   [0m [91m      ~~~~[0m

[96mjavascript/group2/item_05.js[0m:[93m506[0m:[93m22[0m - [91merror[0m[90m TS7006: [0mParameter 'clock_delay' implicitly has an 'any' type.

[7m506[0m   set_clock_interval(clock_delay) {
[7m   [0m [91m                     ~~~~~~~~~~~[0m

[96mjavascript/group2/item_05.js[0m:[93m516[0m:[93m21[0m - [91merror[0m[90m TS7006: [0mParameter 'timeout_delay' implicitly has an 'any' type.

[7m516[0m   set_timeout_delay(timeout_delay) {
[7m   [0m [91m                    ~~~~~~~~~~~~~[0m

[96mjavascript/group2/item_05.js[0m:[93m521[0m:[93m17[0m - [91merror[0m[90m TS7030: [0mNot all code paths return a value.

[7m521[0m  async function on_worker_async_work() {
[7m   [0m [91m                ~~~~~~~~~~~~~~~~~~~~[0m

[96mjavascript/group2/item_05.js[0m:[93m537[0m:[93m8[0m - [91merror[0m[90m TS18046: [0m'promise_rejection' is of type 'unknown'.

[7m537[0m     if(promise_rejection.type==='timeout') {
[7m   [0m [91m       ~~~~~~~~~~~~~~~~~[0m

[96mjavascript/group2/item_05.js[0m:[93m546[0m:[93m15[0m - [91merror[0m[90m TS7005: [0mVariable 'min_arr' implicitly has an 'any[]' type.

[7m546[0m   console.log(min_arr,long_tick_log)
[7m   [0m [91m              ~~~~~~~[0m

[96mjavascript/group2/item_05.js[0m:[93m546[0m:[93m23[0m - [91merror[0m[90m TS7005: [0mVariable 'long_tick_log' implicitly has an 'any[]' type.

[7m546[0m   console.log(min_arr,long_tick_log)
[7m   [0m [91m                      ~~~~~~~~~~~~~[0m

[96mjavascript/group2/item_05.js[0m:[93m547[0m:[93m10[0m - [91merror[0m[90m TS2339: [0mProperty '__tick_log' does not exist on type 'Window & typeof globalThis'.

[7m547[0m   window.__tick_log=[...new Set(long_tick_log)].sort((a,b) => a-b)
[7m   [0m [91m         ~~~~~~~~~~[0m

[96mjavascript/group2/item_05.js[0m:[93m547[0m:[93m33[0m - [91merror[0m[90m TS7005: [0mVariable 'long_tick_log' implicitly has an 'any[]' type.

[7m547[0m   window.__tick_log=[...new Set(long_tick_log)].sort((a,b) => a-b)
[7m   [0m [91m                                ~~~~~~~~~~~~~[0m

[96mjavascript/group2/item_05.js[0m:[93m548[0m:[93m10[0m - [91merror[0m[90m TS2339: [0mProperty '__result_vec' does not exist on type 'Window & typeof globalThis'.

[7m548[0m   window.__result_vec=min_arr
[7m   [0m [91m         ~~~~~~~~~~~~[0m

[96mjavascript/group2/item_05.js[0m:[93m548[0m:[93m23[0m - [91merror[0m[90m TS7005: [0mVariable 'min_arr' implicitly has an 'any[]' type.

[7m548[0m   window.__result_vec=min_arr
[7m   [0m [91m                      ~~~~~~~[0m

[96mjavascript/group2/item_05.js[0m:[93m549[0m:[93m22[0m - [91merror[0m[90m TS2339: [0mProperty '__tick_log' does not exist on type 'Window & typeof globalThis'.

[7m549[0m   console.log(window.__tick_log)
[7m   [0m [91m                     ~~~~~~~~~~[0m

[96mjavascript/group2/item_05.js[0m:[93m553[0m:[93m25[0m - [91merror[0m[90m TS7006: [0mParameter 'cx' implicitly has an 'any' type.

[7m553[0m  async function min_try(cx,gg) {
[7m   [0m [91m                        ~~[0m

[96mjavascript/group2/item_05.js[0m:[93m553[0m:[93m28[0m - [91merror[0m[90m TS7006: [0mParameter 'gg' implicitly has an 'any' type.

[7m553[0m  async function min_try(cx,gg) {
[7m   [0m [91m                           ~~[0m

[96mjavascript/group2/item_05.js[0m:[93m566[0m:[93m8[0m - [91merror[0m[90m TS18046: [0m'promise_rejection' is of type 'unknown'.

[7m566[0m     if(promise_rejection.type==='timeout') {
[7m   [0m [91m       ~~~~~~~~~~~~~~~~~[0m

[96mjavascript/group2/item_06.js[0m:[93m107[0m:[93m14[0m - [91merror[0m[90m TS1110: [0mType expected.

[7m107[0m    /**@type {} */
[7m   [0m [91m             ~[0m

[96mjavascript/group2/item_06.js[0m:[93m113[0m:[93m20[0m - [91merror[0m[90m TS7006: [0mParameter 'event_type' implicitly has an 'any' type.

[7m113[0m   addEventListener(event_type,event_listener) {
[7m   [0m [91m                   ~~~~~~~~~~[0m

[96mjavascript/group2/item_06.js[0m:[93m113[0m:[93m31[0m - [91merror[0m[90m TS7006: [0mParameter 'event_listener' implicitly has an 'any' type.

[7m113[0m   addEventListener(event_type,event_listener) {
[7m   [0m [91m                              ~~~~~~~~~~~~~~[0m

[96mjavascript/group2/item_06.js[0m:[93m121[0m:[93m23[0m - [91merror[0m[90m TS7006: [0mParameter 'event_type' implicitly has an 'any' type.

[7m121[0m   removeEventListener(event_type,event_listener) {
[7m   [0m [91m                      ~~~~~~~~~~[0m

[96mjavascript/group2/item_06.js[0m:[93m121[0m:[93m34[0m - [91merror[0m[90m TS7006: [0mParameter 'event_listener' implicitly has an 'any' type.

[7m121[0m   removeEventListener(event_type,event_listener) {
[7m   [0m [91m                                 ~~~~~~~~~~~~~~[0m

[96mjavascript/group2/item_06.js[0m:[93m139[0m:[93m17[0m - [91merror[0m[90m TS7006: [0mParameter 'event' implicitly has an 'any' type.

[7m139[0m   dispatchEvent(event) {
[7m   [0m [91m                ~~~~~[0m

[96mjavascript/group2/item_06.js[0m:[93m166[0m:[93m5[0m - [91merror[0m[90m TS2322: [0mType 'null' is not assignable to type 'any[]'.

[7m166[0m     dirty_vec=null
[7m   [0m [91m    ~~~~~~~~~[0m

[96mjavascript/group2/item_06.js[0m:[93m174[0m:[93m4[0m - [91merror[0m[90m TS7008: [0mMember 'task_vec' implicitly has an 'any[]' type.

[7m174[0m    this.task_vec=[]
[7m   [0m [91m   ~~~~~~~~~~~~~~~~[0m

[96mjavascript/group2/item_06.js[0m:[93m175[0m:[93m4[0m - [91merror[0m[90m TS7008: [0mMember 'active_task_vec' implicitly has an 'any[]' type.

[7m175[0m    this.active_task_vec=[]
[7m   [0m [91m   ~~~~~~~~~~~~~~~~~~~~~~~[0m

[96mjavascript/group2/item_06.js[0m:[93m176[0m:[93m4[0m - [91merror[0m[90m TS7008: [0mMember 'references' implicitly has an 'any[]' type.

[7m176[0m    this.references=[]
[7m   [0m [91m   ~~~~~~~~~~~~~~~~~~[0m

[96mjavascript/group2/item_06.js[0m:[93m179[0m:[93m4[0m - [91merror[0m[90m TS7008: [0mMember 'on_shutdown_vec' implicitly has an 'any[]' type.

[7m179[0m    this.on_shutdown_vec=[]
[7m   [0m [91m   ~~~~~~~~~~~~~~~~~~~~~~~[0m

[96mjavascript/group2/item_06.js[0m:[93m180[0m:[93m4[0m - [91merror[0m[90m TS7008: [0mMember 'shutdown_waiter' implicitly has an 'any' type.

[7m180[0m    this.shutdown_waiter=null
[7m   [0m [91m   ~~~~~~~~~~~~~~~~~~~~~~~~~[0m

[96mjavascript/group2/item_06.js[0m:[93m182[0m:[93m15[0m - [91merror[0m[90m TS7006: [0mParameter 'task_class' implicitly has an 'any' type.

[7m182[0m   spawn_class(task_class) {
[7m   [0m [91m              ~~~~~~~~~~[0m

[96mjavascript/group2/item_06.js[0m:[93m213[0m:[93m25[0m - [91merror[0m[90m TS7006: [0mParameter 'func' implicitly has an 'any' type.

[7m213[0m   add_shutdown_callback(func) {
[7m   [0m [91m                        ~~~~[0m

[96mjavascript/group2/item_06.js[0m:[93m226[0m:[93m28[0m - [91merror[0m[90m TS7006: [0mParameter 'runtime' implicitly has an 'any' type.

[7m226[0m   static wait_into_promise(runtime,accept,reject) {
[7m   [0m [91m                           ~~~~~~~[0m

[96mjavascript/group2/item_06.js[0m:[93m226[0m:[93m36[0m - [91merror[0m[90m TS7006: [0mParameter 'accept' implicitly has an 'any' type.

[7m226[0m   static wait_into_promise(runtime,accept,reject) {
[7m   [0m [91m                                   ~~~~~~[0m

[96mjavascript/group2/item_06.js[0m:[93m226[0m:[93m43[0m - [91merror[0m[90m TS6133: [0m'reject' is declared but its value is never read.

[7m226[0m   static wait_into_promise(runtime,accept,reject) {
[7m   [0m [91m                                          ~~~~~~[0m

[96mjavascript/group2/item_06.js[0m:[93m226[0m:[93m43[0m - [91merror[0m[90m TS7006: [0mParameter 'reject' implicitly has an 'any' type.

[7m226[0m   static wait_into_promise(runtime,accept,reject) {
[7m   [0m [91m                                          ~~~~~~[0m

[96mjavascript/group2/item_06.js[0m:[93m240[0m:[93m13[0m - [91merror[0m[90m TS7006: [0mParameter 'class_constructor' implicitly has an 'any' type.

[7m240[0m   class_ref(class_constructor,...rest) {
[7m   [0m [91m            ~~~~~~~~~~~~~~~~~[0m

[96mjavascript/group2/item_06.js[0m:[93m240[0m:[93m31[0m - [91merror[0m[90m TS7019: [0mRest parameter 'rest' implicitly has an 'any[]' type.

[7m240[0m   class_ref(class_constructor,...rest) {
[7m   [0m [91m                              ~~~~~~~[0m

[96mjavascript/group2/item_06.js[0m:[93m240[0m:[93m34[0m - [91merror[0m[90m TS6133: [0m'rest' is declared but its value is never read.

[7m240[0m   class_ref(class_constructor,...rest) {
[7m   [0m [91m                                 ~~~~[0m

[96mjavascript/group2/item_06.js[0m:[93m243[0m:[93m7[0m - [91merror[0m[90m TS7006: [0mParameter 'task' implicitly has an 'any' type.

[7m243[0m   ref(task) {
[7m   [0m [91m      ~~~~[0m

[96mjavascript/group2/item_06.js[0m:[93m249[0m:[93m9[0m - [91merror[0m[90m TS7006: [0mParameter 'task' implicitly has an 'any' type.

[7m249[0m   unref(task) {
[7m   [0m [91m        ~~~~[0m

[96mjavascript/group2/item_06.js[0m:[93m277[0m:[93m15[0m - [91merror[0m[90m TS7006: [0mParameter 'value' implicitly has an 'any' type.

[7m277[0m   constructor(value) {
[7m   [0m [91m              ~~~~~[0m

[96mjavascript/group2/item_06.js[0m:[93m289[0m:[93m11[0m - [91merror[0m[90m TS7006: [0mParameter 'other' implicitly has an 'any' type.

[7m289[0m   replace(other) {
[7m   [0m [91m          ~~~~~[0m

[96mjavascript/group2/item_06.js[0m:[93m302[0m:[93m15[0m - [91merror[0m[90m TS7006: [0mParameter 'notifier' implicitly has an 'any' type.

[7m302[0m   constructor(notifier) {
[7m   [0m [91m              ~~~~~~~~[0m

[96mjavascript/group2/item_06.js[0m:[93m317[0m:[93m15[0m - [91merror[0m[90m TS6133: [0m'runtime' is declared but its value is never read.

[7m317[0m   constructor(runtime,accept,reject) {
[7m   [0m [91m              ~~~~~~~[0m

[96mjavascript/group2/item_06.js[0m:[93m317[0m:[93m15[0m - [91merror[0m[90m TS7006: [0mParameter 'runtime' implicitly has an 'any' type.

[7m317[0m   constructor(runtime,accept,reject) {
[7m   [0m [91m              ~~~~~~~[0m

[96mjavascript/group2/item_06.js[0m:[93m317[0m:[93m23[0m - [91merror[0m[90m TS7006: [0mParameter 'accept' implicitly has an 'any' type.

[7m317[0m   constructor(runtime,accept,reject) {
[7m   [0m [91m                      ~~~~~~[0m

[96mjavascript/group2/item_06.js[0m:[93m317[0m:[93m30[0m - [91merror[0m[90m TS7006: [0mParameter 'reject' implicitly has an 'any' type.

[7m317[0m   constructor(runtime,accept,reject) {
[7m   [0m [91m                             ~~~~~~[0m

[96mjavascript/group2/item_06.js[0m:[93m326[0m:[93m15[0m - [91merror[0m[90m TS7006: [0mParameter 'runtime' implicitly has an 'any' type.

[7m326[0m   constructor(runtime) {
[7m   [0m [91m              ~~~~~~~[0m

[96mjavascript/group2/item_06.js[0m:[93m331[0m:[93m25[0m - [91merror[0m[90m TS7006: [0mParameter 'obj' implicitly has an 'any' type.

[7m331[0m   static create_promise(obj,accept,reject) {
[7m   [0m [91m                        ~~~[0m

[96mjavascript/group2/item_06.js[0m:[93m331[0m:[93m29[0m - [91merror[0m[90m TS7006: [0mParameter 'accept' implicitly has an 'any' type.

[7m331[0m   static create_promise(obj,accept,reject) {
[7m   [0m [91m                            ~~~~~~[0m

[96mjavascript/group2/item_06.js[0m:[93m331[0m:[93m36[0m - [91merror[0m[90m TS7006: [0mParameter 'reject' implicitly has an 'any' type.

[7m331[0m   static create_promise(obj,accept,reject) {
[7m   [0m [91m                                   ~~~~~~[0m

[96mjavascript/group2/item_06.js[0m:[93m341[0m:[93m4[0m - [91merror[0m[90m TS2531: [0mObject is possibly 'null'.

[7m341[0m    this.inner.notify()
[7m   [0m [91m   ~~~~~~~~~~[0m

[96mjavascript/group2/item_06.js[0m:[93m351[0m:[93m15[0m - [91merror[0m[90m TS7006: [0mParameter 'runtime' implicitly has an 'any' type.

[7m351[0m   constructor(runtime) {
[7m   [0m [91m              ~~~~~~~[0m

[96mjavascript/group2/item_06.js[0m:[93m372[0m:[93m9[0m - [91merror[0m[90m TS2339: [0mProperty '__rust_runtime' does not exist on type 'Window & typeof globalThis'.

[7m372[0m  window.__rust_runtime=runtime
[7m   [0m [91m        ~~~~~~~~~~~~~~[0m

[96mjavascript/group2/item_06.js[0m:[93m373[0m:[93m16[0m - [91merror[0m[90m TS2339: [0mProperty 'dbg' does not exist on type '{}'.

[7m373[0m  runtime.state.dbg={
[7m   [0m [91m               ~~~[0m

[96mjavascript/group2/item_06.js[0m:[93m376[0m:[93m3[0m - [91merror[0m[90m TS18004: [0mNo value exists in scope for the shorthand property 'getEventListeners'. Either declare one or provide an initializer.

[7m376[0m   getEventListeners
[7m   [0m [91m  ~~~~~~~~~~~~~~~~~[0m

[96mjavascript/group2/item_06.js[0m:[93m382[0m:[93m23[0m - [91merror[0m[90m TS7006: [0mParameter 'cc' implicitly has an 'any' type.

[7m382[0m    let get_cost_ratio=cc => player.c.points.div(tmp.c.buyables[cc].cost)
[7m   [0m [91m                      ~~[0m

[96mjavascript/group2/item_06.js[0m:[93m382[0m:[93m36[0m - [91merror[0m[90m TS2339: [0mProperty 'c' does not exist on type '{}'.

[7m382[0m    let get_cost_ratio=cc => player.c.points.div(tmp.c.buyables[cc].cost)
[7m   [0m [91m                                   ~[0m

[96mjavascript/group2/item_06.js[0m:[93m382[0m:[93m49[0m - [91merror[0m[90m TS2304: [0mCannot find name 'tmp'.

[7m382[0m    let get_cost_ratio=cc => player.c.points.div(tmp.c.buyables[cc].cost)
[7m   [0m [91m                                                ~~~[0m

[96mjavascript/group2/item_06.js[0m:[93m383[0m:[93m40[0m - [91merror[0m[90m TS2339: [0mProperty 'c' does not exist on type '{}'.

[7m383[0m    let c_buy_ent=Object.entries(player.c.buyables)
[7m   [0m [91m                                       ~[0m

[96mjavascript/group2/item_06.js[0m:[93m396[0m:[93m8[0m - [91merror[0m[90m TS6133: [0m'flag_not_done' is declared but its value is never read.

[7m396[0m    let flag_not_done=[]
[7m   [0m [91m       ~~~~~~~~~~~~~[0m

[96mjavascript/group2/item_06.js[0m:[93m398[0m:[93m42[0m - [91merror[0m[90m TS2339: [0mProperty 'c' does not exist on type '{}'.

[7m398[0m     let fl=[+(min_cost_dist>100),+player.c.points.gt(1e30),+(player.c.points.div(tmp.c.getResetGain).toNumber()>100)]
[7m   [0m [91m                                         ~[0m

[96mjavascript/group2/item_06.js[0m:[93m398[0m:[93m69[0m - [91merror[0m[90m TS2339: [0mProperty 'c' does not exist on type '{}'.

[7m398[0m     let fl=[+(min_cost_dist>100),+player.c.points.gt(1e30),+(player.c.points.div(tmp.c.getResetGain).toNumber()>100)]
[7m   [0m [91m                                                                    ~[0m

[96mjavascript/group2/item_06.js[0m:[93m398[0m:[93m82[0m - [91merror[0m[90m TS2304: [0mCannot find name 'tmp'.

[7m398[0m     let fl=[+(min_cost_dist>100),+player.c.points.gt(1e30),+(player.c.points.div(tmp.c.getResetGain).toNumber()>100)]
[7m   [0m [91m                                                                                 ~~~[0m

[96mjavascript/group2/item_06.js[0m:[93m399[0m:[93m48[0m - [91merror[0m[90m TS2304: [0mCannot find name 'temp'.

[7m399[0m     console.log('md',fl.join(''),min_cost_dist,temp.pointGen.div(getPointGen()).toNumber())
[7m   [0m [91m                                               ~~~~[0m

[96mjavascript/group2/item_06.js[0m:[93m399[0m:[93m66[0m - [91merror[0m[90m TS2304: [0mCannot find name 'getPointGen'.

[7m399[0m     console.log('md',fl.join(''),min_cost_dist,temp.pointGen.div(getPointGen()).toNumber())
[7m   [0m [91m                                                                 ~~~~~~~~~~~[0m

[96mjavascript/group2/item_06.js[0m:[93m403[0m:[93m8[0m - [91merror[0m[90m TS7034: [0mVariable 'c_can_buy_arr' implicitly has type 'any[]' in some locations where its type cannot be determined.

[7m403[0m    let c_can_buy_arr=[]
[7m   [0m [91m       ~~~~~~~~~~~~~[0m

[96mjavascript/group2/item_06.js[0m:[93m404[0m:[93m34[0m - [91merror[0m[90m TS7006: [0mParameter 'target' implicitly has an 'any' type.

[7m404[0m    function process_buyables_arr(target,src_arr,target_arr) {
[7m   [0m [91m                                 ~~~~~~[0m

[96mjavascript/group2/item_06.js[0m:[93m404[0m:[93m41[0m - [91merror[0m[90m TS7006: [0mParameter 'src_arr' implicitly has an 'any' type.

[7m404[0m    function process_buyables_arr(target,src_arr,target_arr) {
[7m   [0m [91m                                        ~~~~~~~[0m

[96mjavascript/group2/item_06.js[0m:[93m404[0m:[93m49[0m - [91merror[0m[90m TS7006: [0mParameter 'target_arr' implicitly has an 'any' type.

[7m404[0m    function process_buyables_arr(target,src_arr,target_arr) {
[7m   [0m [91m                                                ~~~~~~~~~~[0m

[96mjavascript/group2/item_06.js[0m:[93m407[0m:[93m13[0m - [91merror[0m[90m TS2304: [0mCannot find name 'tmp'.

[7m407[0m      let tb=tmp[target].buyables[x]
[7m   [0m [91m            ~~~[0m

[96mjavascript/group2/item_06.js[0m:[93m415[0m:[93m59[0m - [91merror[0m[90m TS7005: [0mVariable 'c_can_buy_arr' implicitly has an 'any[]' type.

[7m415[0m    let c_can_buy_count=process_buyables_arr('c',c_buy_arr,c_can_buy_arr)
[7m   [0m [91m                                                          ~~~~~~~~~~~~~[0m

[96mjavascript/group2/item_06.js[0m:[93m421[0m:[93m15[0m - [91merror[0m[90m TS2339: [0mProperty 'c' does not exist on type '{}'.

[7m421[0m     if(player.c.points.lt(1e30)) {
[7m   [0m [91m              ~[0m

[96mjavascript/group2/item_06.js[0m:[93m424[0m:[93m15[0m - [91merror[0m[90m TS2339: [0mProperty 'c' does not exist on type '{}'.

[7m424[0m     if(player.c.points.div(tmp.c.getResetGain).toNumber()<100) {
[7m   [0m [91m              ~[0m

[96mjavascript/group2/item_06.js[0m:[93m424[0m:[93m28[0m - [91merror[0m[90m TS2304: [0mCannot find name 'tmp'.

[7m424[0m     if(player.c.points.div(tmp.c.getResetGain).toNumber()<100) {
[7m   [0m [91m                           ~~~[0m

[96mjavascript/group2/item_06.js[0m:[93m427[0m:[93m15[0m - [91merror[0m[90m TS2339: [0mProperty 's' does not exist on type '{}'.

[7m427[0m     if(player.s.points.lt(5000)) {
[7m   [0m [91m              ~[0m

[96mjavascript/group2/item_06.js[0m:[93m436[0m:[93m8[0m - [91merror[0m[90m TS2304: [0mCannot find name 'temp'.

[7m436[0m     if(temp.pointGen.div(getPointGen()).toNumber()===1) {
[7m   [0m [91m       ~~~~[0m

[96mjavascript/group2/item_06.js[0m:[93m436[0m:[93m26[0m - [91merror[0m[90m TS2304: [0mCannot find name 'getPointGen'.

[7m436[0m     if(temp.pointGen.div(getPointGen()).toNumber()===1) {
[7m   [0m [91m                         ~~~~~~~~~~~[0m

[96mjavascript/group2/item_06.js[0m:[93m441[0m:[93m26[0m - [91merror[0m[90m TS7006: [0mParameter 'arr' implicitly has an 'any' type.

[7m441[0m    function buyable_iter(arr,target) {
[7m   [0m [91m                         ~~~[0m

[96mjavascript/group2/item_06.js[0m:[93m441[0m:[93m30[0m - [91merror[0m[90m TS7006: [0mParameter 'target' implicitly has an 'any' type.

[7m441[0m    function buyable_iter(arr,target) {
[7m   [0m [91m                             ~~~~~~[0m

[96mjavascript/group2/item_06.js[0m:[93m443[0m:[93m13[0m - [91merror[0m[90m TS2304: [0mCannot find name 'tmp'.

[7m443[0m      let tb=tmp[target].buyables[x]
[7m   [0m [91m            ~~~[0m

[96mjavascript/group2/item_06.js[0m:[93m451[0m:[93m26[0m - [91merror[0m[90m TS7006: [0mParameter 'arr' implicitly has an 'any' type.

[7m451[0m    function upgrade_iter(arr,target) {
[7m   [0m [91m                         ~~~[0m

[96mjavascript/group2/item_06.js[0m:[93m451[0m:[93m30[0m - [91merror[0m[90m TS7006: [0mParameter 'target' implicitly has an 'any' type.

[7m451[0m    function upgrade_iter(arr,target) {
[7m   [0m [91m                             ~~~~~~[0m

[96mjavascript/group2/item_06.js[0m:[93m453[0m:[93m9[0m - [91merror[0m[90m TS7053: [0mElement implicitly has an 'any' type because expression of type 'any' can't be used to index type '{}'.

[7m453[0m      if(player[target].upgrades.includes(x)) {
[7m   [0m [91m        ~~~~~~~~~~~~~~[0m

[96mjavascript/group2/item_06.js[0m:[93m456[0m:[93m10[0m - [91merror[0m[90m TS2304: [0mCannot find name 'tmp'.

[7m456[0m      if(!tmp.a.upgrades[11].unlocked) {
[7m   [0m [91m         ~~~[0m

[96mjavascript/group2/item_06.js[0m:[93m459[0m:[93m9[0m - [91merror[0m[90m TS7053: [0mElement implicitly has an 'any' type because expression of type 'any' can't be used to index type '{}'.

[7m459[0m      if(player[target].points.lt(tmp[target].upgrades[x].cost)) {
[7m   [0m [91m        ~~~~~~~~~~~~~~[0m

[96mjavascript/group2/item_06.js[0m:[93m459[0m:[93m34[0m - [91merror[0m[90m TS2304: [0mCannot find name 'tmp'.

[7m459[0m      if(player[target].points.lt(tmp[target].upgrades[x].cost)) {
[7m   [0m [91m                                 ~~~[0m

[96mjavascript/group2/item_06.js[0m:[93m462[0m:[93m6[0m - [91merror[0m[90m TS2304: [0mCannot find name 'buyUpg'.

[7m462[0m      buyUpg(target,x)
[7m   [0m [91m     ~~~~~~[0m

[96mjavascript/group2/item_06.js[0m:[93m468[0m:[93m28[0m - [91merror[0m[90m TS2339: [0mProperty 'points' does not exist on type '{}'.

[7m468[0m     if(Number.isNaN(player.points.toNumber())) {
[7m   [0m [91m                           ~~~~~~[0m

[96mjavascript/group2/item_06.js[0m:[93m469[0m:[93m13[0m - [91merror[0m[90m TS2339: [0mProperty 'points' does not exist on type '{}'.

[7m469[0m      player.points=new Decimal(0)
[7m   [0m [91m            ~~~~~~[0m

[96mjavascript/group2/item_06.js[0m:[93m470[0m:[93m13[0m - [91merror[0m[90m TS2339: [0mProperty 'c' does not exist on type '{}'.

[7m470[0m      player.c.points=new Decimal(0)
[7m   [0m [91m            ~[0m

[96mjavascript/group2/item_06.js[0m:[93m473[0m:[93m28[0m - [91merror[0m[90m TS2339: [0mProperty 'c' does not exist on type '{}'.

[7m473[0m     if(Number.isNaN(player.c.points.toNumber())) {
[7m   [0m [91m                           ~[0m

[96mjavascript/group2/item_06.js[0m:[93m474[0m:[93m13[0m - [91merror[0m[90m TS2339: [0mProperty 'c' does not exist on type '{}'.

[7m474[0m      player.c.points=new Decimal(0)
[7m   [0m [91m            ~[0m

[96mjavascript/group2/item_06.js[0m:[93m489[0m:[93m21[0m - [91merror[0m[90m TS7005: [0mVariable 'c_can_buy_arr' implicitly has an 'any[]' type.

[7m489[0m     if(buyable_iter(c_can_buy_arr,'c')) {
[7m   [0m [91m                    ~~~~~~~~~~~~~[0m

[96mjavascript/group2/item_06.js[0m:[93m492[0m:[93m12[0m - [91merror[0m[90m TS2304: [0mCannot find name 'getResetGain'.

[7m492[0m     ib: if(getResetGain('s').gt(50)) {
[7m   [0m [91m           ~~~~~~~~~~~~[0m

[96mjavascript/group2/item_06.js[0m:[93m493[0m:[93m16[0m - [91merror[0m[90m TS2339: [0mProperty 's' does not exist on type '{}'.

[7m493[0m      if(player.s.points.gt(1000)&&!player.s.upgrades.includes(11)) {
[7m   [0m [91m               ~[0m

[96mjavascript/group2/item_06.js[0m:[93m493[0m:[93m43[0m - [91merror[0m[90m TS2339: [0mProperty 's' does not exist on type '{}'.

[7m493[0m      if(player.s.points.gt(1000)&&!player.s.upgrades.includes(11)) {
[7m   [0m [91m                                          ~[0m

[96mjavascript/group2/item_06.js[0m:[93m496[0m:[93m16[0m - [91merror[0m[90m TS2339: [0mProperty 's' does not exist on type '{}'.

[7m496[0m      if(player.s.points.gt(5000)&&!player.s.upgrades.includes(12)) {
[7m   [0m [91m               ~[0m

[96mjavascript/group2/item_06.js[0m:[93m496[0m:[93m43[0m - [91merror[0m[90m TS2339: [0mProperty 's' does not exist on type '{}'.

[7m496[0m      if(player.s.points.gt(5000)&&!player.s.upgrades.includes(12)) {
[7m   [0m [91m                                          ~[0m

[96mjavascript/group2/item_06.js[0m:[93m499[0m:[93m16[0m - [91merror[0m[90m TS2339: [0mProperty 's' does not exist on type '{}'.

[7m499[0m      if(player.s.points.gt(5000)) {
[7m   [0m [91m               ~[0m

[96mjavascript/group2/item_06.js[0m:[93m502[0m:[93m6[0m - [91merror[0m[90m TS2304: [0mCannot find name 'doReset'.

[7m502[0m      doReset('s')
[7m   [0m [91m     ~~~~~~~[0m

[96mjavascript/group2/item_06.js[0m:[93m509[0m:[93m19[0m - [91merror[0m[90m TS2339: [0mProperty 's' does not exist on type '{}'.

[7m509[0m     ib: if(player.s.upgrades.includes(12)) {
[7m   [0m [91m                  ~[0m

[96mjavascript/group2/item_06.js[0m:[93m510[0m:[93m16[0m - [91merror[0m[90m TS2339: [0mProperty 's' does not exist on type '{}'.

[7m510[0m      if(player.s.points.lt(5000)) {
[7m   [0m [91m               ~[0m

[96mjavascript/group2/item_06.js[0m:[93m521[0m:[93m15[0m - [91merror[0m[90m TS2339: [0mProperty 's' does not exist on type '{}'.

[7m521[0m    if(!player.s.points.gt(5000)) {
[7m   [0m [91m              ~[0m

[96mjavascript/group2/item_06.js[0m:[93m527[0m:[93m14[0m - [91merror[0m[90m TS2339: [0mProperty 'h' does not exist on type '{}'.

[7m527[0m    if(player.h.activeChallenge===12) {
[7m   [0m [91m             ~[0m

[96mjavascript/group2/item_06.js[0m:[93m530[0m:[93m14[0m - [91merror[0m[90m TS2339: [0mProperty 'c' does not exist on type '{}'.

[7m530[0m    if(player.c.buyables[82].toNumber()>120) {
[7m   [0m [91m             ~[0m

[96mjavascript/group2/item_06.js[0m:[93m531[0m:[93m32[0m - [91merror[0m[90m TS2339: [0mProperty 'points' does not exist on type '{}'.

[7m531[0m     return 'cus:'+(1000+player.points.div(getPointGen()).toNumber())
[7m   [0m [91m                               ~~~~~~[0m

[96mjavascript/group2/item_06.js[0m:[93m531[0m:[93m43[0m - [91merror[0m[90m TS2304: [0mCannot find name 'getPointGen'.

[7m531[0m     return 'cus:'+(1000+player.points.div(getPointGen()).toNumber())
[7m   [0m [91m                                          ~~~~~~~~~~~[0m

[96mjavascript/group2/item_06.js[0m:[93m533[0m:[93m14[0m - [91merror[0m[90m TS2339: [0mProperty 'c' does not exist on type '{}'.

[7m533[0m    if(player.c.buyables[82].toNumber()>80) {
[7m   [0m [91m             ~[0m

[96mjavascript/group2/item_06.js[0m:[93m536[0m:[93m14[0m - [91merror[0m[90m TS2339: [0mProperty 'c' does not exist on type '{}'.

[7m536[0m    if(player.c.buyables[82].toNumber()>55) {
[7m   [0m [91m             ~[0m

[96mjavascript/group2/item_06.js[0m:[93m543[0m:[93m12[0m - [91merror[0m[90m TS2339: [0mProperty '__root_future' does not exist on type 'Window & typeof globalThis'.

[7m543[0m  if(window.__root_future) {
[7m   [0m [91m           ~~~~~~~~~~~~~[0m

[96mjavascript/group2/item_06.js[0m:[93m544[0m:[93m10[0m - [91merror[0m[90m TS2339: [0mProperty '__root_future' does not exist on type 'Window & typeof globalThis'.

[7m544[0m   window.__root_future.running=false
[7m   [0m [91m         ~~~~~~~~~~~~~[0m

[96mjavascript/group2/item_06.js[0m:[93m546[0m:[93m9[0m - [91merror[0m[90m TS2339: [0mProperty '__root_future' does not exist on type 'Window & typeof globalThis'.

[7m546[0m  window.__root_future=root_future
[7m   [0m [91m        ~~~~~~~~~~~~~[0m

[96mjavascript/group2/item_06.js[0m:[93m554[0m:[93m9[0m - [91merror[0m[90m TS2339: [0mProperty 'Poll' does not exist on type 'Window & typeof globalThis'.

[7m554[0m  window.Poll=Poll
[7m   [0m [91m        ~~~~[0m

[96mjavascript/group2/item_06.js[0m:[93m556[0m:[93m15[0m - [91merror[0m[90m TS7006: [0mParameter 'timeout' implicitly has an 'any' type.

[7m556[0m   constructor(timeout) {
[7m   [0m [91m              ~~~~~~~[0m

[96mjavascript/group2/item_06.js[0m:[93m563[0m:[93m9[0m - [91merror[0m[90m TS2339: [0mProperty 'reject' does not exist on type 'DelayFuture'.

[7m563[0m    this.reject?.()
[7m   [0m [91m        ~~~~~~[0m

[96mjavascript/group2/item_06.js[0m:[93m571[0m:[93m21[0m - [91merror[0m[90m TS7006: [0mParameter 'self' implicitly has an 'any' type.

[7m571[0m   static on_timeout(self) {
[7m   [0m [91m                    ~~~~[0m

[96mjavascript/group2/item_06.js[0m:[93m584[0m:[93m8[0m - [91merror[0m[90m TS7006: [0mParameter 'self' implicitly has an 'any' type.

[7m584[0m   poll(self,cx) {
[7m   [0m [91m       ~~~~[0m

[96mjavascript/group2/item_06.js[0m:[93m584[0m:[93m13[0m - [91merror[0m[90m TS7006: [0mParameter 'cx' implicitly has an 'any' type.

[7m584[0m   poll(self,cx) {
[7m   [0m [91m            ~~[0m

[96mjavascript/group2/item_06.js[0m:[93m593[0m:[93m11[0m - [91merror[0m[90m TS2339: [0mProperty '__active_future' does not exist on type 'Window & typeof globalThis'.

[7m593[0m    window.__active_future=this
[7m   [0m [91m          ~~~~~~~~~~~~~~~[0m

[96mjavascript/group2/item_06.js[0m:[93m600[0m:[93m30[0m - [91merror[0m[90m TS7006: [0mParameter 'runtime' implicitly has an 'any' type.

[7m600[0m  function async_delay_future(runtime,delay) {
[7m   [0m [91m                             ~~~~~~~[0m

[96mjavascript/group2/item_06.js[0m:[93m600[0m:[93m38[0m - [91merror[0m[90m TS7006: [0mParameter 'delay' implicitly has an 'any' type.

[7m600[0m  function async_delay_future(runtime,delay) {
[7m   [0m [91m                                     ~~~~~[0m

[96mjavascript/group2/item_06.js[0m:[93m607[0m:[93m43[0m - [91merror[0m[90m TS7006: [0mParameter 'runtime' implicitly has an 'any' type.

[7m607[0m  async function async_loop_function_inner(runtime,i) {
[7m   [0m [91m                                          ~~~~~~~[0m

[96mjavascript/group2/item_06.js[0m:[93m607[0m:[93m51[0m - [91merror[0m[90m TS7006: [0mParameter 'i' implicitly has an 'any' type.

[7m607[0m  async function async_loop_function_inner(runtime,i) {
[7m   [0m [91m                                                  ~[0m

[96mjavascript/group2/item_06.js[0m:[93m612[0m:[93m12[0m - [91merror[0m[90m TS2531: [0mObject is possibly 'null'.

[7m612[0m    let btn=document.querySelector('#app').querySelector(':scope > .tab > div > div > div > div > div > div.upgTable.instant > div.upgCol > div > div.upgTable > div.upgRow > div > div.upgAlign > div > button.buyable.can')
[7m   [0m [91m           ~~~~~~~~~~~~~~~~~~~~~~~~~~~~~~[0m

[96mjavascript/group2/item_06.js[0m:[93m617[0m:[93m15[0m - [91merror[0m[90m TS2339: [0mProperty 'TokenGenerator' does not exist on type 'Window & typeof globalThis'.

[7m617[0m     if(window.TokenGenerator) {
[7m   [0m [91m              ~~~~~~~~~~~~~~[0m

[96mjavascript/group2/item_06.js[0m:[93m623[0m:[93m22[0m - [91merror[0m[90m TS2339: [0mProperty 'get_event_listener_var_vec_1' does not exist on type 'typeof DebugAPI'.

[7m623[0m     let res=DebugAPI.get_event_listener_var_vec_1(debug,undebug,fn,'o')
[7m   [0m [91m                     ~~~~~~~~~~~~~~~~~~~~~~~~~~~~[0m

[96mjavascript/group2/item_06.js[0m:[93m625[0m:[93m22[0m - [91merror[0m[90m TS2339: [0mProperty 'parseFunctionString' does not exist on type 'String'.

[7m625[0m     String.prototype.parseFunctionString=function() {
[7m   [0m [91m                     ~~~~~~~~~~~~~~~~~~~[0m

[96mjavascript/group2/item_06.js[0m:[93m627[0m:[93m35[0m - [91merror[0m[90m TS2339: [0mProperty 'simple_js_parser' does not exist on type 'typeof DebugAPI'.

[7m627[0m      let token_generator=DebugAPI.simple_js_parser.token_generator
[7m   [0m [91m                                  ~~~~~~~~~~~~~~~~[0m

[96mjavascript/group2/item_06.js[0m:[93m630[0m:[93m10[0m - [91merror[0m[90m TS6133: [0m'eof' is declared but its value is never read.

[7m630[0m      let eof=false
[7m   [0m [91m         ~~~[0m

[96mjavascript/group2/item_06.js[0m:[93m633[0m:[93m13[0m - [91merror[0m[90m TS2339: [0mProperty 'TokenGenerator' does not exist on type 'Window & typeof globalThis'.

[7m633[0m      window.TokenGenerator=tok_gen_class
[7m   [0m [91m            ~~~~~~~~~~~~~~[0m

[96mjavascript/group2/item_06.js[0m:[93m646[0m:[93m39[0m - [91merror[0m[90m TS7006: [0mParameter 'e' implicitly has an 'any' type.

[7m646[0m     let fn_start=token_vec.findIndex((e) => e[1]==='{}'[0])
[7m   [0m [91m                                      ~[0m

[96mjavascript/group2/item_06.js[0m:[93m648[0m:[93m42[0m - [91merror[0m[90m TS7006: [0mParameter 'e' implicitly has an 'any' type.

[7m648[0m     let fn_ref_token_vec=fn_inner.filter(e => e[0]==="IdentifierName")
[7m   [0m [91m                                         ~[0m

[96mjavascript/group2/item_06.js[0m:[93m649[0m:[93m41[0m - [91merror[0m[90m TS7006: [0mParameter 'e' implicitly has an 'any' type.

[7m649[0m     let fn_ref_vec=fn_ref_token_vec.map(e => e[1])
[7m   [0m [91m                                        ~[0m

[96mjavascript/group2/item_06.js[0m:[93m652[0m:[93m22[0m - [91merror[0m[90m TS2339: [0mProperty '_PrivInstance' does not exist on type 'typeof DebugAPI'.

[7m652[0m     let __d=DebugAPI._PrivInstance
[7m   [0m [91m                     ~~~~~~~~~~~~~[0m

[96mjavascript/group2/item_06.js[0m:[93m654[0m:[93m26[0m - [91merror[0m[90m TS7006: [0mParameter 'func' implicitly has an 'any' type.

[7m654[0m     function do_activate(func,f_this,c_args) {
[7m   [0m [91m                         ~~~~[0m

[96mjavascript/group2/item_06.js[0m:[93m654[0m:[93m31[0m - [91merror[0m[90m TS7006: [0mParameter 'f_this' implicitly has an 'any' type.

[7m654[0m     function do_activate(func,f_this,c_args) {
[7m   [0m [91m                              ~~~~~~[0m

[96mjavascript/group2/item_06.js[0m:[93m654[0m:[93m38[0m - [91merror[0m[90m TS7006: [0mParameter 'c_args' implicitly has an 'any' type.

[7m654[0m     function do_activate(func,f_this,c_args) {
[7m   [0m [91m                                     ~~~~~~[0m

[96mjavascript/group2/item_06.js[0m:[93m679[0m:[93m36[0m - [91merror[0m[90m TS2554: [0mExpected 0 arguments, but got 1.

[7m679[0m      let poll_res=root_future.poll(runtime)
[7m   [0m [91m                                   ~~~~~~~[0m

[96mjavascript/group2/item_06.js[0m:[93m680[0m:[93m13[0m - [91merror[0m[90m TS2339: [0mProperty '__export_info' does not exist on type 'Window & typeof globalThis'.

[7m680[0m      window.__export_info??={
[7m   [0m [91m            ~~~~~~~~~~~~~[0m

[96mjavascript/group2/item_06.js[0m:[93m685[0m:[93m29[0m - [91merror[0m[90m TS2339: [0mProperty '__export_info' does not exist on type 'Window & typeof globalThis'.

[7m685[0m      let export_info=window.__export_info
[7m   [0m [91m                            ~~~~~~~~~~~~~[0m

[96mjavascript/group2/item_06.js[0m:[93m723[0m:[93m31[0m - [91merror[0m[90m TS7006: [0mParameter 'runtime' implicitly has an 'any' type.

[7m723[0m  async function async_process(runtime) {
[7m   [0m [91m                              ~~~~~~~[0m

[96mjavascript/group2/item_06.js[0m:[93m734[0m:[93m37[0m - [91merror[0m[90m TS7006: [0mParameter 'runtime' implicitly has an 'any' type.

[7m734[0m  async function async_loop_function(runtime) {
[7m   [0m [91m                                    ~~~~~~~[0m

[96mjavascript/group2/item_06.js[0m:[93m739[0m:[93m18[0m - [91merror[0m[90m TS2339: [0mProperty 'dispose' does not exist on type 'never'.

[7m739[0m      this.active.dispose()
[7m   [0m [91m                 ~~~~~~~[0m

[96mjavascript/group2/item_06.js[0m:[93m756[0m:[93m15[0m - [91merror[0m[90m TS7006: [0mParameter 'runtime' implicitly has an 'any' type.

[7m756[0m   constructor(runtime) {
[7m   [0m [91m              ~~~~~~~[0m

[96mjavascript/group2/item_06.js[0m:[93m765[0m:[93m15[0m - [91merror[0m[90m TS7006: [0mParameter 'runtime' implicitly has an 'any' type.

[7m765[0m   constructor(runtime) {
[7m   [0m [91m              ~~~~~~~[0m

[96mjavascript/group2/item_06.js[0m:[93m781[0m:[93m15[0m - [91merror[0m[90m TS7006: [0mParameter 'runtime' implicitly has an 'any' type.

[7m781[0m   constructor(runtime) {
[7m   [0m [91m              ~~~~~~~[0m

[96mjavascript/group2/item_06.js[0m:[93m782[0m:[93m14[0m - [91merror[0m[90m TS2339: [0mProperty '__obj' does not exist on type 'Window & typeof globalThis'.

[7m782[0m    if(window.__obj) {
[7m   [0m [91m             ~~~~~[0m

[96mjavascript/group2/item_06.js[0m:[93m783[0m:[93m12[0m - [91merror[0m[90m TS2339: [0mProperty '__obj' does not exist on type 'Window & typeof globalThis'.

[7m783[0m     window.__obj.shutdown()
[7m   [0m [91m           ~~~~~[0m

[96mjavascript/group2/item_06.js[0m:[93m784[0m:[93m19[0m - [91merror[0m[90m TS2339: [0mProperty '__obj' does not exist on type 'Window & typeof globalThis'.

[7m784[0m     delete window.__obj
[7m   [0m [91m                  ~~~~~[0m

[96mjavascript/group2/item_06.js[0m:[93m786[0m:[93m11[0m - [91merror[0m[90m TS2339: [0mProperty '__obj' does not exist on type 'Window & typeof globalThis'.

[7m786[0m    window.__obj=runtime
[7m   [0m [91m          ~~~~~[0m

[96mjavascript/group2/item_06.js[0m:[93m789[0m:[93m18[0m - [91merror[0m[90m TS2339: [0mProperty '__obj' does not exist on type 'Window & typeof globalThis'.

[7m789[0m    delete window.__obj
[7m   [0m [91m                 ~~~~~[0m

[96mjavascript/group2/item_07.js[0m:[93m52[0m:[93m18[0m - [91merror[0m[90m TS7006: [0mParameter 'obj' implicitly has an 'any' type.

[7m52[0m   info_log_value(obj) {
[7m  [0m [91m                 ~~~[0m

[96mjavascript/group2/item_07.js[0m:[93m59[0m:[93m15[0m - [91merror[0m[90m TS7006: [0mParameter 'obj' implicitly has an 'any' type.

[7m59[0m   info_object(obj) {
[7m  [0m [91m              ~~~[0m

[96mjavascript/group2/item_07.js[0m:[93m70[0m:[93m8[0m - [91merror[0m[90m TS7006: [0mParameter 'in_obj' implicitly has an 'any' type.

[7m70[0m   info(in_obj) {
[7m  [0m [91m       ~~~~~~[0m

[96mjavascript/group2/item_07.js[0m:[93m76[0m:[93m8[0m - [91merror[0m[90m TS6196: [0m'Rust_std' is declared but never used.

[7m76[0m  class Rust_std {
[7m  [0m [91m       ~~~~~~~~[0m

[96mjavascript/group2/item_07.js[0m:[93m78[0m:[93m8[0m - [91merror[0m[90m TS6196: [0m'Rust' is declared but never used.

[7m78[0m  class Rust {
[7m  [0m [91m       ~~~~[0m

[96mjavascript/group2/item_07.js[0m:[93m81[0m:[93m8[0m - [91merror[0m[90m TS6196: [0m'Rust_crate_std_mem' is declared but never used.

[7m81[0m  class Rust_crate_std_mem {
[7m  [0m [91m       ~~~~~~~~~~~~~~~~~~[0m

[96mjavascript/group2/item_07.js[0m:[93m88[0m:[93m29[0m - [91merror[0m[90m TS7006: [0mParameter 'str' implicitly has an 'any' type.

[7m88[0m   parse_first_class_comment(str) {
[7m  [0m [91m                            ~~~[0m

[96mjavascript/group2/item_07.js[0m:[93m93[0m:[93m6[0m - [91merror[0m[90m TS7053: [0mElement implicitly has an 'any' type because expression of type '"rust block"' can't be used to index type '{}'.
  Property 'rust block' does not exist on type '{}'.

[7m93[0m      this.on_parse_type['rust block']=(str,index) => this.parse_rust_cont(str,index)
[7m  [0m [91m     ~~~~~~~~~~~~~~~~~~~~~~~~~~~~~~~~[0m

[96mjavascript/group2/item_07.js[0m:[93m93[0m:[93m40[0m - [91merror[0m[90m TS7006: [0mParameter 'str' implicitly has an 'any' type.

[7m93[0m      this.on_parse_type['rust block']=(str,index) => this.parse_rust_cont(str,index)
[7m  [0m [91m                                       ~~~[0m

[96mjavascript/group2/item_07.js[0m:[93m93[0m:[93m44[0m - [91merror[0m[90m TS7006: [0mParameter 'index' implicitly has an 'any' type.

[7m93[0m      this.on_parse_type['rust block']=(str,index) => this.parse_rust_cont(str,index)
[7m  [0m [91m                                           ~~~~~[0m

[96mjavascript/group2/item_07.js[0m:[93m105[0m:[93m18[0m - [91merror[0m[90m TS7006: [0mParameter 'str' implicitly has an 'any' type.

[7m105[0m        handler: (str,index) => this.parse_unix_file(str,index)
[7m   [0m [91m                 ~~~[0m

[96mjavascript/group2/item_07.js[0m:[93m105[0m:[93m22[0m - [91merror[0m[90m TS7006: [0mParameter 'index' implicitly has an 'any' type.

[7m105[0m        handler: (str,index) => this.parse_unix_file(str,index)
[7m   [0m [91m                     ~~~~~[0m

[96mjavascript/group2/item_07.js[0m:[93m105[0m:[93m37[0m - [91merror[0m[90m TS2339: [0mProperty 'parse_unix_file' does not exist on type 'FirstClassCommentParser'.

[7m105[0m        handler: (str,index) => this.parse_unix_file(str,index)
[7m   [0m [91m                                    ~~~~~~~~~~~~~~~[0m

[96mjavascript/group2/item_07.js[0m:[93m111[0m:[93m39[0m - [91merror[0m[90m TS2304: [0mCannot find name 'index'.

[7m111[0m      let hb_line_end=str.indexOf('\n',index)
[7m   [0m [91m                                      ~~~~~[0m

[96mjavascript/group2/item_07.js[0m:[93m112[0m:[93m40[0m - [91merror[0m[90m TS2304: [0mCannot find name 'index'.

[7m112[0m      console.log('hash_bang',str.slice(index,hb_line_end))
[7m   [0m [91m                                       ~~~~~[0m

[96mjavascript/group2/item_07.js[0m:[93m114[0m:[93m17[0m - [91merror[0m[90m TS7006: [0mParameter 'com_type' implicitly has an 'any' type.

[7m114[0m     accept_type(com_type,str,index) {
[7m   [0m [91m                ~~~~~~~~[0m

[96mjavascript/group2/item_07.js[0m:[93m114[0m:[93m26[0m - [91merror[0m[90m TS7006: [0mParameter 'str' implicitly has an 'any' type.

[7m114[0m     accept_type(com_type,str,index) {
[7m   [0m [91m                         ~~~[0m

[96mjavascript/group2/item_07.js[0m:[93m114[0m:[93m30[0m - [91merror[0m[90m TS7006: [0mParameter 'index' implicitly has an 'any' type.

[7m114[0m     accept_type(com_type,str,index) {
[7m   [0m [91m                             ~~~~~[0m

[96mjavascript/group2/item_07.js[0m:[93m115[0m:[93m19[0m - [91merror[0m[90m TS7053: [0mElement implicitly has an 'any' type because expression of type 'any' can't be used to index type '{}'.

[7m115[0m      let parse_cb=this.on_parse_type[com_type]
[7m   [0m [91m                  ~~~~~~~~~~~~~~~~~~~~~~~~~~~~[0m

[96mjavascript/group2/item_07.js[0m:[93m118[0m:[93m23[0m - [91merror[0m[90m TS7006: [0mParameter 'str' implicitly has an 'any' type.

[7m118[0m     strip_tab_padding(str) {
[7m   [0m [91m                      ~~~[0m

[96mjavascript/group2/item_07.js[0m:[93m132[0m:[93m48[0m - [91merror[0m[90m TS7006: [0mParameter 'a' implicitly has an 'any' type.

[7m132[0m      let indent_len=ws_start.split('').reduce((a,b) => {
[7m   [0m [91m                                               ~[0m

[96mjavascript/group2/item_07.js[0m:[93m132[0m:[93m50[0m - [91merror[0m[90m TS7006: [0mParameter 'b' implicitly has an 'any' type.

[7m132[0m      let indent_len=ws_start.split('').reduce((a,b) => {
[7m   [0m [91m                                                 ~[0m

[96mjavascript/group2/item_07.js[0m:[93m142[0m:[93m40[0m - [91merror[0m[90m TS7006: [0mParameter 'e' implicitly has an 'any' type.

[7m142[0m      let no_indent=str.split('\n').map(e => {
[7m   [0m [91m                                       ~[0m

[96mjavascript/group2/item_07.js[0m:[93m170[0m:[93m20[0m - [91merror[0m[90m TS7006: [0mParameter 'str' implicitly has an 'any' type.

[7m170[0m     get_ss_comment(str) {
[7m   [0m [91m                   ~~~[0m

[96mjavascript/group2/item_07.js[0m:[93m173[0m:[93m21[0m - [91merror[0m[90m TS7006: [0mParameter 'str' implicitly has an 'any' type.

[7m173[0m     parse_rust_cont(str,index) {
[7m   [0m [91m                    ~~~[0m

[96mjavascript/group2/item_07.js[0m:[93m173[0m:[93m25[0m - [91merror[0m[90m TS7006: [0mParameter 'index' implicitly has an 'any' type.

[7m173[0m     parse_rust_cont(str,index) {
[7m   [0m [91m                        ~~~~~[0m

[96mjavascript/group2/item_07.js[0m:[93m177[0m:[93m13[0m - [91merror[0m[90m TS2339: [0mProperty 'nx_line' does not exist on type 'Window & typeof globalThis'.

[7m177[0m      window.nx_line=nx_line
[7m   [0m [91m            ~~~~~~~[0m

[96mjavascript/group2/item_08.js[0m:[93m28[0m:[93m3[0m - [91merror[0m[90m TS2322: [0mType 'symbol' is not assignable to type 'null'.

[7m28[0m   this.last_sym_key=Symbol()
[7m  [0m [91m  ~~~~~~~~~~~~~~~~~[0m

[96mjavascript/group2/item_08.js[0m:[93m32[0m:[93m6[0m - [91merror[0m[90m TS7006: [0mParameter 'sym_key' implicitly has an 'any' type.

[7m32[0m  set(sym_key,sym_id) {
[7m  [0m [91m     ~~~~~~~[0m

[96mjavascript/group2/item_08.js[0m:[93m32[0m:[93m14[0m - [91merror[0m[90m TS7006: [0mParameter 'sym_id' implicitly has an 'any' type.

[7m32[0m  set(sym_key,sym_id) {
[7m  [0m [91m             ~~~~~~[0m

[96mjavascript/group2/item_08.js[0m:[93m35[0m:[93m6[0m - [91merror[0m[90m TS7006: [0mParameter 'sym_key' implicitly has an 'any' type.

[7m35[0m  get(sym_key) {
[7m  [0m [91m     ~~~~~~~[0m

[96mjavascript/group2/item_08.js[0m:[93m38[0m:[93m6[0m - [91merror[0m[90m TS7006: [0mParameter 'sym_key' implicitly has an 'any' type.

[7m38[0m  has(sym_key) {
[7m  [0m [91m     ~~~~~~~[0m

[96mjavascript/group2/item_08.js[0m:[93m41[0m:[93m11[0m - [91merror[0m[90m TS7006: [0mParameter 'sym_key_a' implicitly has an 'any' type.

[7m41[0m  distance(sym_key_a,sym_key_b) {
[7m  [0m [91m          ~~~~~~~~~[0m

[96mjavascript/group2/item_08.js[0m:[93m41[0m:[93m21[0m - [91merror[0m[90m TS7006: [0mParameter 'sym_key_b' implicitly has an 'any' type.

[7m41[0m  distance(sym_key_a,sym_key_b) {
[7m  [0m [91m                    ~~~~~~~~~[0m

[96mjavascript/group2/item_08.js[0m:[93m48[0m:[93m2[0m - [91merror[0m[90m TS7008: [0mMember 'value_vec' implicitly has an 'any[]' type.

[7m48[0m  value_vec=[]
[7m  [0m [91m ~~~~~~~~~[0m

[96mjavascript/group2/item_08.js[0m:[93m49[0m:[93m2[0m - [91merror[0m[90m TS7008: [0mMember 'key_vec' implicitly has an 'any[]' type.

[7m49[0m  key_vec=[]
[7m  [0m [91m ~~~~~~~[0m

[96mjavascript/group2/item_08.js[0m:[93m50[0m:[93m2[0m - [91merror[0m[90m TS7008: [0mMember 'data_start_vec' implicitly has an 'any[]' type.

[7m50[0m  data_start_vec=[]
[7m  [0m [91m ~~~~~~~~~~~~~~[0m

[96mjavascript/group2/item_08.js[0m:[93m51[0m:[93m2[0m - [91merror[0m[90m TS7008: [0mMember 'data_end_vec' implicitly has an 'any[]' type.

[7m51[0m  data_end_vec=[]
[7m  [0m [91m ~~~~~~~~~~~~[0m

[96mjavascript/group2/item_08.js[0m:[93m52[0m:[93m2[0m - [91merror[0m[90m TS7008: [0mMember 'data_store_vec' implicitly has an 'any[]' type.

[7m52[0m  data_store_vec=[]
[7m  [0m [91m ~~~~~~~~~~~~~~[0m

[96mjavascript/group2/item_08.js[0m:[93m53[0m:[93m14[0m - [91merror[0m[90m TS7006: [0mParameter 'key_generator' implicitly has an 'any' type.

[7m53[0m  constructor(key_generator) {
[7m  [0m [91m             ~~~~~~~~~~~~~[0m

[96mjavascript/group2/item_08.js[0m:[93m57[0m:[93m6[0m - [91merror[0m[90m TS7023: [0m'v' implicitly has return type 'any' because it does not have a return type annotation and is referenced directly or indirectly in one of its return expressions.

[7m57[0m  get v() {
[7m  [0m [91m     ~[0m

[96mjavascript/group2/item_08.js[0m:[93m61[0m:[93m3[0m - [91merror[0m[90m TS7022: [0m'lastValue' implicitly has type 'any' because it does not have a type annotation and is referenced directly or indirectly in its own initializer.

[7m61[0m   this.lastValue=value
[7m  [0m [91m  ~~~~~~~~~~~~~~~~~~~~[0m

[96mjavascript/group2/item_08.js[0m:[93m64[0m:[93m6[0m - [91merror[0m[90m TS7023: [0m'k' implicitly has return type 'any' because it does not have a return type annotation and is referenced directly or indirectly in one of its return expressions.

[7m64[0m  get k() {
[7m  [0m [91m     ~[0m

[96mjavascript/group2/item_08.js[0m:[93m68[0m:[93m3[0m - [91merror[0m[90m TS7022: [0m'lastKey' implicitly has type 'any' because it does not have a type annotation and is referenced directly or indirectly in its own initializer.

[7m68[0m   this.lastKey=key
[7m  [0m [91m  ~~~~~~~~~~~~~~~~[0m

[96mjavascript/group2/item_08.js[0m:[93m70[0m:[93m15[0m - [91merror[0m[90m TS7006: [0mParameter 'key' implicitly has an 'any' type.

[7m70[0m  add_function(key,value,data_vec) {
[7m  [0m [91m              ~~~[0m

[96mjavascript/group2/item_08.js[0m:[93m70[0m:[93m19[0m - [91merror[0m[90m TS7006: [0mParameter 'value' implicitly has an 'any' type.

[7m70[0m  add_function(key,value,data_vec) {
[7m  [0m [91m                  ~~~~~[0m

[96mjavascript/group2/item_08.js[0m:[93m70[0m:[93m25[0m - [91merror[0m[90m TS7006: [0mParameter 'data_vec' implicitly has an 'any' type.

[7m70[0m  add_function(key,value,data_vec) {
[7m  [0m [91m                        ~~~~~~~~[0m

[96mjavascript/group2/item_08.js[0m:[93m83[0m:[93m12[0m - [91merror[0m[90m TS7006: [0mParameter 'key' implicitly has an 'any' type.

[7m83[0m  key_index(key) {
[7m  [0m [91m           ~~~[0m

[96mjavascript/group2/item_08.js[0m:[93m86[0m:[93m19[0m - [91merror[0m[90m TS7006: [0mParameter 'inject_data' implicitly has an 'any' type.

[7m86[0m  append_auto_info(inject_data,data_vec,key) {
[7m  [0m [91m                  ~~~~~~~~~~~[0m

[96mjavascript/group2/item_08.js[0m:[93m86[0m:[93m31[0m - [91merror[0m[90m TS7006: [0mParameter 'data_vec' implicitly has an 'any' type.

[7m86[0m  append_auto_info(inject_data,data_vec,key) {
[7m  [0m [91m                              ~~~~~~~~[0m

[96mjavascript/group2/item_08.js[0m:[93m86[0m:[93m40[0m - [91merror[0m[90m TS7006: [0mParameter 'key' implicitly has an 'any' type.

[7m86[0m  append_auto_info(inject_data,data_vec,key) {
[7m  [0m [91m                                       ~~~[0m

[96mjavascript/group2/item_08.js[0m:[93m107[0m:[93m19[0m - [91merror[0m[90m TS7006: [0mParameter 'key' implicitly has an 'any' type.

[7m107[0m  execute_function(key,value,data_vec) {
[7m   [0m [91m                  ~~~[0m

[96mjavascript/group2/item_08.js[0m:[93m107[0m:[93m23[0m - [91merror[0m[90m TS7006: [0mParameter 'value' implicitly has an 'any' type.

[7m107[0m  execute_function(key,value,data_vec) {
[7m   [0m [91m                      ~~~~~[0m

[96mjavascript/group2/item_08.js[0m:[93m107[0m:[93m29[0m - [91merror[0m[90m TS7006: [0mParameter 'data_vec' implicitly has an 'any' type.

[7m107[0m  execute_function(key,value,data_vec) {
[7m   [0m [91m                            ~~~~~~~~[0m

[96mjavascript/group2/item_08.js[0m:[93m127[0m:[93m36[0m - [91merror[0m[90m TS7006: [0mParameter 'sym_distance' implicitly has an 'any' type.

[7m127[0m  cur.v=function req_$sym_distance$(sym_distance) {
[7m   [0m [91m                                   ~~~~~~~~~~~~[0m

[96mjavascript/group2/item_09.js[0m:[93m2[0m:[93m2[0m - [91merror[0m[90m TS7008: [0mMember 'types' implicitly has an 'any[]' type.

[7m2[0m  types=[]
[7m [0m [91m ~~~~~[0m

[96mjavascript/group2/item_09.js[0m:[93m3[0m:[93m11[0m - [91merror[0m[90m TS7006: [0mParameter 'value' implicitly has an 'any' type.

[7m3[0m  addAxiom(value) {
[7m [0m [91m          ~~~~~[0m

[96mjavascript/group2/item_09.js[0m:[93m4[0m:[93m8[0m - [91merror[0m[90m TS2339: [0mProperty 'axioms' does not exist on type 'RustTypeTheory'.

[7m4[0m   this.axioms.push(value)
[7m [0m [91m       ~~~~~~[0m

[96mjavascript/group2/item_09.js[0m:[93m6[0m:[93m10[0m - [91merror[0m[90m TS7006: [0mParameter 'value' implicitly has an 'any' type.

[7m6[0m  addType(value) {
[7m [0m [91m         ~~~~~[0m

[96mjavascript/group2/item_09.js[0m:[93m15[0m:[93m21[0m - [91merror[0m[90m TS7006: [0mParameter 'type_name' implicitly has an 'any' type.

[7m15[0m  addTypeDescription(type_name,description) {
[7m  [0m [91m                    ~~~~~~~~~[0m

[96mjavascript/group2/item_09.js[0m:[93m15[0m:[93m31[0m - [91merror[0m[90m TS7006: [0mParameter 'description' implicitly has an 'any' type.

[7m15[0m  addTypeDescription(type_name,description) {
[7m  [0m [91m                              ~~~~~~~~~~~[0m

[96mjavascript/group2/item_09.js[0m:[93m22[0m:[93m8[0m - [91merror[0m[90m TS6133: [0m'value' is declared but its value is never read.

[7m22[0m  prove(value) {
[7m  [0m [91m       ~~~~~[0m

[96mjavascript/group2/item_09.js[0m:[93m22[0m:[93m8[0m - [91merror[0m[90m TS7006: [0mParameter 'value' implicitly has an 'any' type.

[7m22[0m  prove(value) {
[7m  [0m [91m       ~~~~~[0m

[96mjavascript/group2/item_09.js[0m:[93m49[0m:[93m35[0m - [91merror[0m[90m TS2554: [0mExpected 0 arguments, but got 1.

[7m49[0m  interface: new RustTypeInterface("Bool"),
[7m  [0m [91m                                  ~~~~~~[0m

[96mjavascript/group2/item_09.js[0m:[93m51[0m:[93m13[0m - [91merror[0m[90m TS6133: [0m'type_description' is declared but its value is never read.

[7m51[0m  defineType(type_description) {
[7m  [0m [91m            ~~~~~~~~~~~~~~~~[0m

[96mjavascript/group2/item_09.js[0m:[93m51[0m:[93m13[0m - [91merror[0m[90m TS7006: [0mParameter 'type_description' implicitly has an 'any' type.

[7m51[0m  defineType(type_description) {
[7m  [0m [91m            ~~~~~~~~~~~~~~~~[0m

[96mjavascript/group2/item_09.js[0m:[93m65[0m:[93m3[0m - [91merror[0m[90m TS7023: [0m'S' implicitly has return type 'any' because it does not have a return type annotation and is referenced directly or indirectly in one of its return expressions.

[7m65[0m   S(nat_val_m,nat_val_n) {
[7m  [0m [91m  ~[0m

[96mjavascript/group2/item_09.js[0m:[93m65[0m:[93m5[0m - [91merror[0m[90m TS7006: [0mParameter 'nat_val_m' implicitly has an 'any' type.

[7m65[0m   S(nat_val_m,nat_val_n) {
[7m  [0m [91m    ~~~~~~~~~[0m

[96mjavascript/group2/item_09.js[0m:[93m65[0m:[93m15[0m - [91merror[0m[90m TS7006: [0mParameter 'nat_val_n' implicitly has an 'any' type.

[7m65[0m   S(nat_val_m,nat_val_n) {
[7m  [0m [91m              ~~~~~~~~~[0m

[96mjavascript/group2/item_09.js[0m:[93m80[0m:[93m14[0m - [91merror[0m[90m TS7006: [0mParameter 'nat_val' implicitly has an 'any' type.

[7m80[0m  predecessor(nat_val) {
[7m  [0m [91m             ~~~~~~~[0m

[96mjavascript/group2/item_09.js[0m:[93m87[0m:[93m12[0m - [91merror[0m[90m TS7006: [0mParameter 'nat_val' implicitly has an 'any' type.

[7m87[0m  successor(nat_val) {
[7m  [0m [91m           ~~~~~~~[0m

[96mjavascript/group2/item_09.js[0m:[93m96[0m:[93m8[0m - [91merror[0m[90m TS7006: [0mParameter 'nat_a' implicitly has an 'any' type.

[7m96[0m    sum(nat_a,nat_b) {
[7m  [0m [91m       ~~~~~[0m

[96mjavascript/group2/item_09.js[0m:[93m96[0m:[93m14[0m - [91merror[0m[90m TS7006: [0mParameter 'nat_b' implicitly has an 'any' type.

[7m96[0m    sum(nat_a,nat_b) {
[7m  [0m [91m             ~~~~~[0m

[96mjavascript/group2/item_09.js[0m:[93m103[0m:[93m17[0m - [91merror[0m[90m TS7006: [0mParameter 'nat_sum_res' implicitly has an 'any' type.

[7m103[0m     let d_step=(nat_sum_res) => {
[7m   [0m [91m                ~~~~~~~~~~~[0m

[96mjavascript/group2/item_09.js[0m:[93m139[0m:[93m23[0m - [91merror[0m[90m TS7006: [0mParameter 'types' implicitly has an 'any' type.

[7m139[0m function types_to_map(types) {
[7m   [0m [91m                      ~~~~~[0m

[96mjavascript/group2/item_09.js[0m:[93m140[0m:[93m27[0m - [91merror[0m[90m TS7006: [0mParameter 'e' implicitly has an 'any' type.

[7m140[0m  return new Map(types.map(e => {
[7m   [0m [91m                          ~[0m

[96mjavascript/group2/item_10.js[0m:[93m3[0m:[93m19[0m - [91merror[0m[90m TS7006: [0mParameter 'state' implicitly has an 'any' type.

[7m3[0m  static merge_tok(state,str) {
[7m [0m [91m                  ~~~~~[0m

[96mjavascript/group2/item_10.js[0m:[93m3[0m:[93m25[0m - [91merror[0m[90m TS7006: [0mParameter 'str' implicitly has an 'any' type.

[7m3[0m  static merge_tok(state,str) {
[7m [0m [91m                        ~~~[0m

[96mjavascript/group2/item_10.js[0m:[93m24[0m:[93m9[0m - [91merror[0m[90m TS7030: [0mNot all code paths return a value.

[7m24[0m  static next_token(str,index) {
[7m  [0m [91m        ~~~~~~~~~~[0m

[96mjavascript/group2/item_10.js[0m:[93m24[0m:[93m20[0m - [91merror[0m[90m TS7006: [0mParameter 'str' implicitly has an 'any' type.

[7m24[0m  static next_token(str,index) {
[7m  [0m [91m                   ~~~[0m

[96mjavascript/group2/item_10.js[0m:[93m24[0m:[93m24[0m - [91merror[0m[90m TS7006: [0mParameter 'index' implicitly has an 'any' type.

[7m24[0m  static next_token(str,index) {
[7m  [0m [91m                       ~~~~~[0m

[96mjavascript/group2/item_10.js[0m:[93m122[0m:[93m24[0m - [91merror[0m[90m TS7006: [0mParameter 'str' implicitly has an 'any' type.

[7m122[0m  static parse_rust_use(str) {
[7m   [0m [91m                       ~~~[0m

[96mjavascript/group2/item_10.js[0m:[93m129[0m:[93m7[0m - [91merror[0m[90m TS7034: [0mVariable 'tok_cur' implicitly has type 'any' in some locations where its type cannot be determined.

[7m129[0m   let tok_cur,tok_next
[7m   [0m [91m      ~~~~~~~[0m

[96mjavascript/group2/item_10.js[0m:[93m129[0m:[93m15[0m - [91merror[0m[90m TS7034: [0mVariable 'tok_next' implicitly has type 'any' in some locations where its type cannot be determined.

[7m129[0m   let tok_cur,tok_next
[7m   [0m [91m              ~~~~~~~~[0m

[96mjavascript/group2/item_10.js[0m:[93m130[0m:[93m24[0m - [91merror[0m[90m TS7006: [0mParameter 'vt' implicitly has an 'any' type.

[7m130[0m   function tok_cur_get(vt) {
[7m   [0m [91m                       ~~[0m

[96mjavascript/group2/item_10.js[0m:[93m135[0m:[93m23[0m - [91merror[0m[90m TS2345: [0mArgument of type 'any' is not assignable to parameter of type 'never'.

[7m135[0m    state.tok_arr.push(tok_cur)
[7m   [0m [91m                      ~~~~~~~[0m

[96mjavascript/group2/item_10.js[0m:[93m137[0m:[93m37[0m - [91merror[0m[90m TS7006: [0mParameter 'vt' implicitly has an 'any' type.

[7m137[0m   function parse_inner_token_tree_8(vt) {
[7m   [0m [91m                                    ~~[0m

[96mjavascript/group2/item_10.js[0m:[93m139[0m:[93m10[0m - [91merror[0m[90m TS7005: [0mVariable 'tok_cur' implicitly has an 'any' type.

[7m139[0m    while(tok_cur[0]!=9||dep>0) {
[7m   [0m [91m         ~~~~~~~[0m

[96mjavascript/group2/item_10.js[0m:[93m141[0m:[93m8[0m - [91merror[0m[90m TS7005: [0mVariable 'tok_cur' implicitly has an 'any' type.

[7m141[0m     if(tok_cur[0]==8) {
[7m   [0m [91m       ~~~~~~~[0m

[96mjavascript/group2/item_10.js[0m:[93m144[0m:[93m8[0m - [91merror[0m[90m TS7005: [0mVariable 'tok_cur' implicitly has an 'any' type.

[7m144[0m     if(tok_cur[0]==9) {
[7m   [0m [91m       ~~~~~~~[0m

[96mjavascript/group2/item_10.js[0m:[93m149[0m:[93m37[0m - [91merror[0m[90m TS7006: [0mParameter 'vt' implicitly has an 'any' type.

[7m149[0m   function parse_inner_token_tree_3(vt) {
[7m   [0m [91m                                    ~~[0m

[96mjavascript/group2/item_10.js[0m:[93m151[0m:[93m10[0m - [91merror[0m[90m TS7005: [0mVariable 'tok_cur' implicitly has an 'any' type.

[7m151[0m    while(tok_cur[0]!=15||dep>0) {
[7m   [0m [91m         ~~~~~~~[0m

[96mjavascript/group2/item_10.js[0m:[93m153[0m:[93m8[0m - [91merror[0m[90m TS7005: [0mVariable 'tok_cur' implicitly has an 'any' type.

[7m153[0m     if(tok_cur[1]=="//") {
[7m   [0m [91m       ~~~~~~~[0m

[96mjavascript/group2/item_10.js[0m:[93m160[0m:[93m25[0m - [91merror[0m[90m TS2345: [0mArgument of type 'any[]' is not assignable to parameter of type 'never'.

[7m160[0m      state.tok_arr.push([-1,str.slice(com_start,state.index)])
[7m   [0m [91m                        ~~~~~~~~~~~~~~~~~~~~~~~~~~~~~~~~~~~~~[0m

[96mjavascript/group2/item_10.js[0m:[93m162[0m:[93m8[0m - [91merror[0m[90m TS7005: [0mVariable 'tok_cur' implicitly has an 'any' type.

[7m162[0m     if(tok_cur[0]==3) {
[7m   [0m [91m       ~~~~~~~[0m

[96mjavascript/group2/item_10.js[0m:[93m165[0m:[93m8[0m - [91merror[0m[90m TS7005: [0mVariable 'tok_cur' implicitly has an 'any' type.

[7m165[0m     if(tok_cur[0]==15) {
[7m   [0m [91m       ~~~~~~~[0m

[96mjavascript/group2/item_10.js[0m:[93m170[0m:[93m12[0m - [91merror[0m[90m TS7030: [0mNot all code paths return a value.

[7m170[0m   function parse_inner_token_tree_7(vt) {
[7m   [0m [91m           ~~~~~~~~~~~~~~~~~~~~~~~~[0m

[96mjavascript/group2/item_10.js[0m:[93m170[0m:[93m37[0m - [91merror[0m[90m TS7006: [0mParameter 'vt' implicitly has an 'any' type.

[7m170[0m   function parse_inner_token_tree_7(vt) {
[7m   [0m [91m                                    ~~[0m

[96mjavascript/group2/item_10.js[0m:[93m172[0m:[93m7[0m - [91merror[0m[90m TS7005: [0mVariable 'tok_next' implicitly has an 'any' type.

[7m172[0m    if(tok_next[0]!=8) {
[7m   [0m [91m      ~~~~~~~~[0m

[96mjavascript/group2/item_10.js[0m:[93m173[0m:[93m17[0m - [91merror[0m[90m TS7005: [0mVariable 'tok_cur' implicitly has an 'any' type.

[7m173[0m     console.log(tok_cur,tok_next)
[7m   [0m [91m                ~~~~~~~[0m

[96mjavascript/group2/item_10.js[0m:[93m173[0m:[93m25[0m - [91merror[0m[90m TS7005: [0mVariable 'tok_next' implicitly has an 'any' type.

[7m173[0m     console.log(tok_cur,tok_next)
[7m   [0m [91m                        ~~~~~~~~[0m

[96mjavascript/group2/item_10.js[0m:[93m176[0m:[93m30[0m - [91merror[0m[90m TS2345: [0mArgument of type 'never[]' is not assignable to parameter of type 'never'.

[7m176[0m    state.tok_tree_stack.push(state.tok_arr)
[7m   [0m [91m                             ~~~~~~~~~~~~~[0m

[96mjavascript/group2/item_10.js[0m:[93m179[0m:[93m7[0m - [91merror[0m[90m TS7005: [0mVariable 'tok_cur' implicitly has an 'any' type.

[7m179[0m    if(tok_cur[0]==8) {
[7m   [0m [91m      ~~~~~~~[0m

[96mjavascript/group2/item_10.js[0m:[93m182[0m:[93m8[0m - [91merror[0m[90m TS7005: [0mVariable 'item' implicitly has an 'any[]' type.

[7m182[0m    let item=state.tok_arr
[7m   [0m [91m       ~~~~[0m

[96mjavascript/group2/item_10.js[0m:[93m184[0m:[93m4[0m - [91merror[0m[90m TS2322: [0mType 'undefined' is not assignable to type 'never[]'.

[7m184[0m    state.tok_arr=state.tok_tree_stack.pop()
[7m   [0m [91m   ~~~~~~~~~~~~~[0m

[96mjavascript/group2/item_10.js[0m:[93m185[0m:[93m23[0m - [91merror[0m[90m TS2345: [0mArgument of type 'any[]' is not assignable to parameter of type 'never'.

[7m185[0m    state.tok_arr.push(item)
[7m   [0m [91m                      ~~~~[0m

[96mjavascript/group2/item_10.js[0m:[93m193[0m:[93m7[0m - [91merror[0m[90m TS18048: [0m'tok_next' is possibly 'undefined'.

[7m193[0m    if(tok_next[0]!=7) {
[7m   [0m [91m      ~~~~~~~~[0m

[96mjavascript/group2/item_10.js[0m:[93m197[0m:[93m30[0m - [91merror[0m[90m TS2345: [0mArgument of type 'never[]' is not assignable to parameter of type 'never'.

[7m197[0m    state.tok_tree_stack.push(state.tok_arr)
[7m   [0m [91m                             ~~~~~~~~~~~~~[0m

[96mjavascript/group2/item_10.js[0m:[93m203[0m:[93m8[0m - [91merror[0m[90m TS7005: [0mVariable 'item' implicitly has an 'any[]' type.

[7m203[0m    let item=state.tok_arr
[7m   [0m [91m       ~~~~[0m

[96mjavascript/group2/item_10.js[0m:[93m204[0m:[93m4[0m - [91merror[0m[90m TS2322: [0mType 'undefined' is not assignable to type 'never[]'.

[7m204[0m    state.tok_arr=state.tok_tree_stack.pop()
[7m   [0m [91m   ~~~~~~~~~~~~~[0m

[96mjavascript/group2/item_10.js[0m:[93m205[0m:[93m23[0m - [91merror[0m[90m TS2345: [0mArgument of type 'any[]' is not assignable to parameter of type 'never'.

[7m205[0m    state.tok_arr.push(item)
[7m   [0m [91m                      ~~~~[0m

[96mjavascript/group2/item_10.js[0m:[93m225[0m:[93m8[0m - [91merror[0m[90m TS18048: [0m'tok_next' is possibly 'undefined'.

[7m225[0m     if(tok_next[0]!=3) {
[7m   [0m [91m       ~~~~~~~~[0m

[96mjavascript/group2/item_10.js[0m:[93m229[0m:[93m31[0m - [91merror[0m[90m TS2345: [0mArgument of type 'never[]' is not assignable to parameter of type 'never'.

[7m229[0m     state.tok_tree_stack.push(state.tok_arr)
[7m   [0m [91m                              ~~~~~~~~~~~~~[0m

[96mjavascript/group2/item_10.js[0m:[93m235[0m:[93m9[0m - [91merror[0m[90m TS7005: [0mVariable 'item' implicitly has an 'any[]' type.

[7m235[0m     let item=state.tok_arr
[7m   [0m [91m        ~~~~[0m

[96mjavascript/group2/item_10.js[0m:[93m237[0m:[93m5[0m - [91merror[0m[90m TS2322: [0mType 'undefined' is not assignable to type 'never[]'.

[7m237[0m     state.tok_arr=state.tok_tree_stack.pop()
[7m   [0m [91m    ~~~~~~~~~~~~~[0m

[96mjavascript/group2/item_10.js[0m:[93m238[0m:[93m24[0m - [91merror[0m[90m TS2345: [0mArgument of type 'any[]' is not assignable to parameter of type 'never'.

[7m238[0m     state.tok_arr.push(item)
[7m   [0m [91m                       ~~~~[0m

[96mjavascript/group2/item_10.js[0m:[93m265[0m:[93m8[0m - [91merror[0m[90m TS18048: [0m'tok_next' is possibly 'undefined'.

[7m265[0m     if(tok_next[0]!=3) {
[7m   [0m [91m       ~~~~~~~~[0m

[96mjavascript/group2/item_10.js[0m:[93m269[0m:[93m31[0m - [91merror[0m[90m TS2345: [0mArgument of type 'never[]' is not assignable to parameter of type 'never'.

[7m269[0m     state.tok_tree_stack.push(state.tok_arr)
[7m   [0m [91m                              ~~~~~~~~~~~~~[0m

[96mjavascript/group2/item_10.js[0m:[93m275[0m:[93m9[0m - [91merror[0m[90m TS7005: [0mVariable 'item' implicitly has an 'any[]' type.

[7m275[0m     let item=state.tok_arr
[7m   [0m [91m        ~~~~[0m

[96mjavascript/group2/item_10.js[0m:[93m277[0m:[93m5[0m - [91merror[0m[90m TS2322: [0mType 'undefined' is not assignable to type 'never[]'.

[7m277[0m     state.tok_arr=state.tok_tree_stack.pop()
[7m   [0m [91m    ~~~~~~~~~~~~~[0m

[96mjavascript/group2/item_10.js[0m:[93m278[0m:[93m24[0m - [91merror[0m[90m TS2345: [0mArgument of type 'any[]' is not assignable to parameter of type 'never'.

[7m278[0m     state.tok_arr.push(item)
[7m   [0m [91m                       ~~~~[0m

[96mjavascript/group2/item_10.js[0m:[93m305[0m:[93m4[0m - [91merror[0m[90m TS2304: [0mCannot find name 'parse_inner_token_tree'.

[7m305[0m    parse_inner_token_tree(this)
[7m   [0m [91m   ~~~~~~~~~~~~~~~~~~~~~~[0m

[96mjavascript/group2/item_10.js[0m:[93m323[0m:[93m4[0m - [91merror[0m[90m TS6133: [0m'e' is declared but its value is never read.

[7m323[0m ${(e => {
[7m   [0m [91m   ~[0m

[96mjavascript/group2/item_10.js[0m:[93m390[0m:[93m14[0m - [91merror[0m[90m TS2695: [0mLeft side of comma operator is unused and has no side effects.

[7m390[0m       return 0,
[7m   [0m [91m             ~[0m

[96mjavascript/group2/item_10.js[0m:[93m424[0m:[93m7[0m - [91merror[0m[90m TS7005: [0mVariable 'parse_list' implicitly has an 'any[]' type.

[7m424[0m   let parse_list=parse_obj.tok_arr
[7m   [0m [91m      ~~~~~~~~~~[0m

[96mjavascript/group2/item_10.js[0m:[93m425[0m:[93m26[0m - [91merror[0m[90m TS7006: [0mParameter 'e' implicitly has an 'any' type.

[7m425[0m   function tok_to_string(e) {
[7m   [0m [91m                         ~[0m

[96mjavascript/group2/item_10.js[0m:[93m437[0m:[93m25[0m - [91merror[0m[90m TS6133: [0m'e' is declared but its value is never read.

[7m437[0m   let pta=str_list.map((e,i) => {
[7m   [0m [91m                        ~[0m

[96mjavascript/group2/item_10.js[0m:[93m438[0m:[93m4[0m - [91merror[0m[90m TS2365: [0mOperator '+=' cannot be applied to types 'number' and 'boolean'.

[7m438[0m    acc_val+=ic_at[i]
[7m   [0m [91m   ~~~~~~~~~~~~~~~~~[0m

[96mjavascript/group2/item_10.js[0m:[93m445[0m:[93m48[0m - [91merror[0m[90m TS6133: [0m'e' is declared but its value is never read.

[7m445[0m   let out_arr=Array(acc_val+1).fill(null).map((e,i) => str_list.filter((y,j) => pta[j]==i))
[7m   [0m [91m                                               ~[0m

[96mjavascript/group2/item_10.js[0m:[93m445[0m:[93m73[0m - [91merror[0m[90m TS6133: [0m'y' is declared but its value is never read.

[7m445[0m   let out_arr=Array(acc_val+1).fill(null).map((e,i) => str_list.filter((y,j) => pta[j]==i))
[7m   [0m [91m                                                                        ~[0m

[96mjavascript/group2/item_11.js[0m:[93m13[0m:[93m15[0m - [91merror[0m[90m TS7006: [0mParameter 'name' implicitly has an 'any' type.

[7m13[0m   constructor(name,content) {
[7m  [0m [91m              ~~~~[0m

[96mjavascript/group2/item_11.js[0m:[93m13[0m:[93m20[0m - [91merror[0m[90m TS7006: [0mParameter 'content' implicitly has an 'any' type.

[7m13[0m   constructor(name,content) {
[7m  [0m [91m                   ~~~~~~~[0m

[96mjavascript/group2/item_11.js[0m:[93m21[0m:[93m3[0m - [91merror[0m[90m TS4119: [0mThis member must have a JSDoc comment with an '@override' tag because it overrides a member in the base class 'FSObject'.

[7m21[0m   class_name() {
[7m  [0m [91m  ~~~~~~~~~~[0m

[96mjavascript/group2/item_11.js[0m:[93m26[0m:[93m15[0m - [91merror[0m[90m TS7006: [0mParameter 'name' implicitly has an 'any' type.

[7m26[0m   constructor(name,init_func) {
[7m  [0m [91m              ~~~~[0m

[96mjavascript/group2/item_11.js[0m:[93m26[0m:[93m20[0m - [91merror[0m[90m TS7006: [0mParameter 'init_func' implicitly has an 'any' type.

[7m26[0m   constructor(name,init_func) {
[7m  [0m [91m                   ~~~~~~~~~[0m

[96mjavascript/group2/item_11.js[0m:[93m29[0m:[93m4[0m - [91merror[0m[90m TS7008: [0mMember 'children' implicitly has an 'any[]' type.

[7m29[0m    this.children=[]
[7m  [0m [91m   ~~~~~~~~~~~~~~~~[0m

[96mjavascript/group2/item_11.js[0m:[93m34[0m:[93m8[0m - [91merror[0m[90m TS7006: [0mParameter 'dir_child' implicitly has an 'any' type.

[7m34[0m   push(dir_child) {
[7m  [0m [91m       ~~~~~~~~~[0m

[96mjavascript/group2/item_11.js[0m:[93m45[0m:[93m3[0m - [91merror[0m[90m TS4119: [0mThis member must have a JSDoc comment with an '@override' tag because it overrides a member in the base class 'FSObject'.

[7m45[0m   class_name() {
[7m  [0m [91m  ~~~~~~~~~~[0m

[96mjavascript/group2/item_11.js[0m:[93m49[0m:[93m25[0m - [91merror[0m[90m TS7006: [0mParameter 'dir' implicitly has an 'any' type.

[7m49[0m  function dir_add_child(dir,dir_child) {
[7m  [0m [91m                        ~~~[0m

[96mjavascript/group2/item_11.js[0m:[93m49[0m:[93m29[0m - [91merror[0m[90m TS7006: [0mParameter 'dir_child' implicitly has an 'any' type.

[7m49[0m  function dir_add_child(dir,dir_child) {
[7m  [0m [91m                            ~~~~~~~~~[0m

[96mjavascript/group2/item_11.js[0m:[93m52[0m:[93m41[0m - [91merror[0m[90m TS7006: [0mParameter 'dir' implicitly has an 'any' type.

[7m52[0m  let fs_root=new Directory("/",function(dir) {
[7m  [0m [91m                                        ~~~[0m

[96mjavascript/group2/item_11.js[0m:[93m58[0m:[93m57[0m - [91merror[0m[90m TS7006: [0mParameter 'dir' implicitly has an 'any' type.

[7m58[0m   dir_add_child(ex_dir,new Directory("banking",function(dir) {
[7m  [0m [91m                                                        ~~~[0m

[96mjavascript/group2/item_12.js[0m:[93m4[0m:[93m15[0m - [91merror[0m[90m TS2531: [0mObject is possibly 'null'.

[7m4[0m   let tmp=[...document.querySelector('tbody').children]
[7m [0m [91m              ~~~~~~~~~~~~~~~~~~~~~~~~~~~~~~~[0m

[96mjavascript/group2/item_12.js[0m:[93m4[0m:[93m15[0m - [91merror[0m[90m TS2488: [0mType 'HTMLCollection' must have a '[Symbol.iterator]()' method that returns an iterator.

[7m4[0m   let tmp=[...document.querySelector('tbody').children]
[7m [0m [91m              ~~~~~~~~~~~~~~~~~~~~~~~~~~~~~~~~~~~~~~~~[0m

[96mjavascript/group2/item_12.js[0m:[93m17[0m:[93m52[0m - [91merror[0m[90m TS2339: [0mProperty 'click' does not exist on type 'Element'.

[7m17[0m   document_query_result[0].children[2].children[0].click()
[7m  [0m [91m                                                   ~~~~~[0m

[96mjavascript/group3/_deparsejs.js[0m:[93m6[0m:[93m2[0m - [91merror[0m[90m TS2304: [0mCannot find name 'v8'.

[7m6[0m  v8=require("v8")
[7m [0m [91m ~~[0m

[96mjavascript/group3/_deparsejs.js[0m:[93m6[0m:[93m13[0m - [91merror[0m[90m TS2307: [0mCannot find module 'v8' or its corresponding type declarations.

[7m6[0m  v8=require("v8")
[7m [0m [91m            ~~~~[0m

[96mjavascript/group3/_deparsejs.js[0m:[93m7[0m:[93m2[0m - [91merror[0m[90m TS2304: [0mCannot find name 'util'.

[7m7[0m  util=require("util")
[7m [0m [91m ~~~~[0m

[96mjavascript/group3/_deparsejs.js[0m:[93m7[0m:[93m15[0m - [91merror[0m[90m TS2307: [0mCannot find module 'util' or its corresponding type declarations.

[7m7[0m  util=require("util")
[7m [0m [91m              ~~~~~~[0m

[96mjavascript/group3/_deparsejs.js[0m:[93m9[0m:[93m11[0m - [91merror[0m[90m TS2304: [0mCannot find name 'code'.

[7m9[0m if(typeof code=="undefined") {
[7m [0m [91m          ~~~~[0m

[96mjavascript/group3/_deparsejs.js[0m:[93m10[0m:[93m2[0m - [91merror[0m[90m TS2304: [0mCannot find name 'code'.

[7m10[0m  code="function d(t){return Boolean(t&&t[vr])}"
[7m  [0m [91m ~~~~[0m

[96mjavascript/group3/_deparsejs.js[0m:[93m13[0m:[93m5[0m - [91merror[0m[90m TS6133: [0m'rx' is declared but its value is never read.

[7m13[0m var rx=0
[7m  [0m [91m    ~~[0m

[96mjavascript/group3/_deparsejs.js[0m:[93m15[0m:[93m8[0m - [91merror[0m[90m TS2339: [0mProperty 'bp' does not exist on type 'Window & typeof globalThis'.

[7m15[0m window.bp=0
[7m  [0m [91m       ~~[0m

[96mjavascript/group3/_deparsejs.js[0m:[93m17[0m:[93m14[0m - [91merror[0m[90m TS7006: [0mParameter 's' implicitly has an 'any' type.

[7m17[0m  constructor(s) {
[7m  [0m [91m             ~[0m

[96mjavascript/group3/_deparsejs.js[0m:[93m28[0m:[93m4[0m - [91merror[0m[90m TS7023: [0m'[Symbol.iterator]' implicitly has return type 'any' because it does not have a return type annotation and is referenced directly or indirectly in one of its return expressions.

[7m28[0m    [Symbol.iterator]: function*() {
[7m  [0m [91m   ~~~~~~~~~~~~~~~~~[0m

[96mjavascript/group3/_deparsejs.js[0m:[93m31[0m:[93m12[0m - [91merror[0m[90m TS7053: [0mElement implicitly has an 'any' type because expression of type 'string' can't be used to index type '{ [Symbol.iterator]: () => any; a: string; c: string; d: string; e: string; f: string; i: string; l: string; n: string; o: string; r: string; s: string; t: string; v: string; w: string; y: string; z: never[]; }'.
  No index signature with a parameter of type 'string' was found on type '{ [Symbol.iterator]: () => any; a: string; c: string; d: string; e: string; f: string; i: string; l: string; n: string; o: string; r: string; s: string; t: string; v: string; w: string; y: string; z: never[]; }'.

[7m31[0m      yield this[i]
[7m  [0m [91m           ~~~~~~~[0m

[96mjavascript/group3/_deparsejs.js[0m:[93m51[0m:[93m11[0m - [91merror[0m[90m TS7022: [0m'i' implicitly has type 'any' because it does not have a type annotation and is referenced directly or indirectly in its own initializer.

[7m51[0m   for(var i of kwo) {
[7m  [0m [91m          ~[0m

[96mjavascript/group3/_deparsejs.js[0m:[93m53[0m:[93m16[0m - [91merror[0m[90m TS2345: [0mArgument of type 'any' is not assignable to parameter of type 'never'.

[7m53[0m     kwo.z.push(i)
[7m  [0m [91m               ~[0m

[96mjavascript/group3/_deparsejs.js[0m:[93m54[0m:[93m16[0m - [91merror[0m[90m TS2339: [0mProperty 'keywords' does not exist on type '{ getargs: number; parsebody: number; parsebracket: number; pt: number; parast: never[]; tok: never[]; idents: never[]; }'.

[7m54[0m     this.state.keywords=new Set(kwo.z)
[7m  [0m [91m               ~~~~~~~~[0m

[96mjavascript/group3/_deparsejs.js[0m:[93m61[0m:[93m16[0m - [91merror[0m[90m TS2345: [0mArgument of type 'any' is not assignable to parameter of type 'never'.

[7m61[0m     kwo.z.push(i)
[7m  [0m [91m               ~[0m

[96mjavascript/group3/_deparsejs.js[0m:[93m68[0m:[93m42[0m - [91merror[0m[90m TS7053: [0mElement implicitly has an 'any' type because expression of type 'any' can't be used to index type 'parsejs'.

[7m68[0m     this.keywordhandlers.set(i.substr(4),this[i].bind(this))
[7m  [0m [91m                                         ~~~~~~~[0m

[96mjavascript/group3/_deparsejs.js[0m:[93m71[0m:[93m14[0m - [91merror[0m[90m TS2339: [0mProperty 'primitives' does not exist on type '{ getargs: number; parsebody: number; parsebracket: number; pt: number; parast: never[]; tok: never[]; idents: never[]; }'.

[7m71[0m   this.state.primitives=["null","undefined","true","false","NaN","Infinity","-Infinity","String"]
[7m  [0m [91m             ~~~~~~~~~~[0m

[96mjavascript/group3/_deparsejs.js[0m:[93m73[0m:[93m28[0m - [91merror[0m[90m TS7006: [0mParameter 'n' implicitly has an 'any' type.

[7m73[0m    let sethandler=function(n,fn) {
[7m  [0m [91m                           ~[0m

[96mjavascript/group3/_deparsejs.js[0m:[93m73[0m:[93m30[0m - [91merror[0m[90m TS7006: [0mParameter 'fn' implicitly has an 'any' type.

[7m73[0m    let sethandler=function(n,fn) {
[7m  [0m [91m                             ~~[0m

[96mjavascript/group3/_deparsejs.js[0m:[93m74[0m:[93m8[0m - [91merror[0m[90m TS2358: [0mThe left-hand side of an 'instanceof' expression must be of type 'any', an object type or a type parameter.

[7m74[0m     if(!this instanceof mclass) {
[7m  [0m [91m       ~~~~~[0m

[96mjavascript/group3/_deparsejs.js[0m:[93m74[0m:[93m9[0m - [91merror[0m[90m TS2683: [0m'this' implicitly has type 'any' because it does not have a type annotation.

[7m74[0m     if(!this instanceof mclass) {
[7m  [0m [91m        ~~~~[0m

  [96mjavascript/group3/_deparsejs.js[0m:[93m73[0m:[93m19[0m
    [7m73[0m    let sethandler=function(n,fn) {
    [7m  [0m [96m                  ~~~~~~~~[0m
    An outer value of 'this' is shadowed by this container.

[96mjavascript/group3/_deparsejs.js[0m:[93m80[0m:[93m5[0m - [91merror[0m[90m TS2683: [0m'this' implicitly has type 'any' because it does not have a type annotation.

[7m80[0m     this.keywordhandlers.set(n,fn.bind(this))
[7m  [0m [91m    ~~~~[0m

  [96mjavascript/group3/_deparsejs.js[0m:[93m73[0m:[93m19[0m
    [7m73[0m    let sethandler=function(n,fn) {
    [7m  [0m [96m                  ~~~~~~~~[0m
    An outer value of 'this' is shadowed by this container.

[96mjavascript/group3/_deparsejs.js[0m:[93m80[0m:[93m40[0m - [91merror[0m[90m TS2683: [0m'this' implicitly has type 'any' because it does not have a type annotation.

[7m80[0m     this.keywordhandlers.set(n,fn.bind(this))
[7m  [0m [91m                                       ~~~~[0m

  [96mjavascript/group3/_deparsejs.js[0m:[93m73[0m:[93m19[0m
    [7m73[0m    let sethandler=function(n,fn) {
    [7m  [0m [96m                  ~~~~~~~~[0m
    An outer value of 'this' is shadowed by this container.

[96mjavascript/group3/_deparsejs.js[0m:[93m82[0m:[93m28[0m - [91merror[0m[90m TS7006: [0mParameter 'g' implicitly has an 'any' type.

[7m82[0m    let gethandler=function(g) {
[7m  [0m [91m                           ~[0m

[96mjavascript/group3/_deparsejs.js[0m:[93m83[0m:[93m8[0m - [91merror[0m[90m TS2358: [0mThe left-hand side of an 'instanceof' expression must be of type 'any', an object type or a type parameter.

[7m83[0m     if(!this instanceof mclass) {
[7m  [0m [91m       ~~~~~[0m

[96mjavascript/group3/_deparsejs.js[0m:[93m83[0m:[93m9[0m - [91merror[0m[90m TS2683: [0m'this' implicitly has type 'any' because it does not have a type annotation.

[7m83[0m     if(!this instanceof mclass) {
[7m  [0m [91m        ~~~~[0m

  [96mjavascript/group3/_deparsejs.js[0m:[93m82[0m:[93m19[0m
    [7m82[0m    let gethandler=function(g) {
    [7m  [0m [96m                  ~~~~~~~~[0m
    An outer value of 'this' is shadowed by this container.

[96mjavascript/group3/_deparsejs.js[0m:[93m86[0m:[93m5[0m - [91merror[0m[90m TS2683: [0m'this' implicitly has type 'any' because it does not have a type annotation.

[7m86[0m     this.keywordhandlers.get(g)
[7m  [0m [91m    ~~~~[0m

  [96mjavascript/group3/_deparsejs.js[0m:[93m82[0m:[93m19[0m
    [7m82[0m    let gethandler=function(g) {
    [7m  [0m [96m                  ~~~~~~~~[0m
    An outer value of 'this' is shadowed by this container.

[96mjavascript/group3/_deparsejs.js[0m:[93m91[0m:[93m15[0m - [91merror[0m[90m TS7006: [0mParameter 's' implicitly has an 'any' type.

[7m91[0m  eat_function(s,state) {
[7m  [0m [91m              ~[0m

[96mjavascript/group3/_deparsejs.js[0m:[93m91[0m:[93m17[0m - [91merror[0m[90m TS7006: [0mParameter 'state' implicitly has an 'any' type.

[7m91[0m  eat_function(s,state) {
[7m  [0m [91m                ~~~~~[0m

[96mjavascript/group3/_deparsejs.js[0m:[93m153[0m:[93m10[0m - [91merror[0m[90m TS7006: [0mParameter 's' implicitly has an 'any' type.

[7m153[0m  eat_try(s,state) {
[7m   [0m [91m         ~[0m

[96mjavascript/group3/_deparsejs.js[0m:[93m153[0m:[93m12[0m - [91merror[0m[90m TS7006: [0mParameter 'state' implicitly has an 'any' type.

[7m153[0m  eat_try(s,state) {
[7m   [0m [91m           ~~~~~[0m

[96mjavascript/group3/_deparsejs.js[0m:[93m183[0m:[93m12[0m - [91merror[0m[90m TS7006: [0mParameter 's' implicitly has an 'any' type.

[7m183[0m  eat_catch(s,state,tryobj) {
[7m   [0m [91m           ~[0m

[96mjavascript/group3/_deparsejs.js[0m:[93m183[0m:[93m14[0m - [91merror[0m[90m TS7006: [0mParameter 'state' implicitly has an 'any' type.

[7m183[0m  eat_catch(s,state,tryobj) {
[7m   [0m [91m             ~~~~~[0m

[96mjavascript/group3/_deparsejs.js[0m:[93m183[0m:[93m20[0m - [91merror[0m[90m TS7006: [0mParameter 'tryobj' implicitly has an 'any' type.

[7m183[0m  eat_catch(s,state,tryobj) {
[7m   [0m [91m                   ~~~~~~[0m

[96mjavascript/group3/_deparsejs.js[0m:[93m188[0m:[93m7[0m - [91merror[0m[90m TS6133: [0m'save' is declared but its value is never read.

[7m188[0m   var save=state.tok
[7m   [0m [91m      ~~~~[0m

[96mjavascript/group3/_deparsejs.js[0m:[93m201[0m:[93m14[0m - [91merror[0m[90m TS7006: [0mParameter 's' implicitly has an 'any' type.

[7m201[0m  eat_finally(s,state,tryobj) {
[7m   [0m [91m             ~[0m

[96mjavascript/group3/_deparsejs.js[0m:[93m201[0m:[93m16[0m - [91merror[0m[90m TS7006: [0mParameter 'state' implicitly has an 'any' type.

[7m201[0m  eat_finally(s,state,tryobj) {
[7m   [0m [91m               ~~~~~[0m

[96mjavascript/group3/_deparsejs.js[0m:[93m201[0m:[93m22[0m - [91merror[0m[90m TS7006: [0mParameter 'tryobj' implicitly has an 'any' type.

[7m201[0m  eat_finally(s,state,tryobj) {
[7m   [0m [91m                     ~~~~~~[0m

[96mjavascript/group3/_deparsejs.js[0m:[93m206[0m:[93m7[0m - [91merror[0m[90m TS6133: [0m'save' is declared but its value is never read.

[7m206[0m   var save=state.tok
[7m   [0m [91m      ~~~~[0m

[96mjavascript/group3/_deparsejs.js[0m:[93m215[0m:[93m8[0m - [91merror[0m[90m TS7006: [0mParameter 's' implicitly has an 'any' type.

[7m215[0m  parse(s,state,d) {
[7m   [0m [91m       ~[0m

[96mjavascript/group3/_deparsejs.js[0m:[93m215[0m:[93m10[0m - [91merror[0m[90m TS7006: [0mParameter 'state' implicitly has an 'any' type.

[7m215[0m  parse(s,state,d) {
[7m   [0m [91m         ~~~~~[0m

[96mjavascript/group3/_deparsejs.js[0m:[93m215[0m:[93m16[0m - [91merror[0m[90m TS7006: [0mParameter 'd' implicitly has an 'any' type.

[7m215[0m  parse(s,state,d) {
[7m   [0m [91m               ~[0m

[96mjavascript/group3/_deparsejs.js[0m:[93m698[0m:[93m16[0m - [91merror[0m[90m TS2339: [0mProperty 'outobj' does not exist on type 'Window & typeof globalThis'.

[7m698[0m         window.outobj=0
[7m   [0m [91m               ~~~~~~[0m

[96mjavascript/group3/_deparsejs.js[0m:[93m699[0m:[93m17[0m - [91merror[0m[90m TS7053: [0mElement implicitly has an 'any' type because expression of type 'string' can't be used to index type 'parsejs'.
  No index signature with a parameter of type 'string' was found on type 'parsejs'.

[7m699[0m         var pre=this["eat_"+hit].toString().slice("eat_".length+hit.length)
[7m   [0m [91m                ~~~~~~~~~~~~~~~~[0m

[96mjavascript/group3/_deparsejs.js[0m:[93m729[0m:[93m16[0m - [91merror[0m[90m TS2339: [0mProperty 'tok' does not exist on type '{}'.

[7m729[0m   return state.tok
[7m   [0m [91m               ~~~[0m

[96mjavascript/group3/_deparsejs.js[0m:[93m733[0m:[93m2[0m - [91merror[0m[90m TS2304: [0mCannot find name 'parser'.

[7m733[0m  parser=new parsejs()
[7m   [0m [91m ~~~~~~[0m

[96mjavascript/group3/_deparsejs.js[0m:[93m734[0m:[93m2[0m - [91merror[0m[90m TS2304: [0mCannot find name 'parser'.

[7m734[0m  parser.parse(code,parser.state)
[7m   [0m [91m ~~~~~~[0m

[96mjavascript/group3/_deparsejs.js[0m:[93m734[0m:[93m15[0m - [91merror[0m[90m TS2304: [0mCannot find name 'code'.

[7m734[0m  parser.parse(code,parser.state)
[7m   [0m [91m              ~~~~[0m

[96mjavascript/group3/_deparsejs.js[0m:[93m734[0m:[93m20[0m - [91merror[0m[90m TS2304: [0mCannot find name 'parser'.

[7m734[0m  parser.parse(code,parser.state)
[7m   [0m [91m                   ~~~~~~[0m

[96mjavascript/group3/_deparsejs.js[0m:[93m735[0m:[93m2[0m - [91merror[0m[90m TS2304: [0mCannot find name 'parser'.

[7m735[0m  parser.state.tok
[7m   [0m [91m ~~~~~~[0m

[96mjavascript/group3/_x64dbg.js[0m:[93m1[0m:[93m1[0m - [91merror[0m[90m TS2304: [0mCannot find name 'done'.

[7m1[0m done=0
[7m [0m [91m~~~~[0m

[96mjavascript/group3/_x64dbg.js[0m:[93m3[0m:[93m9[0m - [91merror[0m[90m TS2339: [0mProperty 't' does not exist on type 'Console'.

[7m3[0m console.t={}
[7m [0m [91m        ~[0m

[96mjavascript/group3/_x64dbg.js[0m:[93m5[0m:[93m25[0m - [91merror[0m[90m TS7006: [0mParameter 'e' implicitly has an 'any' type.

[7m5[0m function todo_debug_api(e) {
[7m [0m [91m                        ~[0m

[96mjavascript/group3/_x64dbg.js[0m:[93m138[0m:[93m3[0m - [91merror[0m[90m TS2304: [0mCannot find name '_'.

[7m138[0m   _.getThreadInfoList(1)
[7m   [0m [91m  ~[0m

[96mjavascript/group3/_x64dbg.js[0m:[93m143[0m:[93m23[0m - [91merror[0m[90m TS7006: [0mParameter 'size' implicitly has an 'any' type.

[7m143[0m  function BridgeAlloc(size) {
[7m   [0m [91m                      ~~~~[0m

[96mjavascript/group3/_x64dbg.js[0m:[93m146[0m:[93m22[0m - [91merror[0m[90m TS7006: [0mParameter 'ptr' implicitly has an 'any' type.

[7m146[0m  function BridgeFree(ptr) {
[7m   [0m [91m                     ~~~[0m

[96mjavascript/group3/_x64dbg.js[0m:[93m149[0m:[93m28[0m - [91merror[0m[90m TS7006: [0mParameter 'section' implicitly has an 'any' type.

[7m149[0m  function BridgeSettingGet(section,key,value) {
[7m   [0m [91m                           ~~~~~~~[0m

[96mjavascript/group3/_x64dbg.js[0m:[93m149[0m:[93m36[0m - [91merror[0m[90m TS7006: [0mParameter 'key' implicitly has an 'any' type.

[7m149[0m  function BridgeSettingGet(section,key,value) {
[7m   [0m [91m                                   ~~~[0m

[96mjavascript/group3/_x64dbg.js[0m:[93m149[0m:[93m40[0m - [91merror[0m[90m TS7006: [0mParameter 'value' implicitly has an 'any' type.

[7m149[0m  function BridgeSettingGet(section,key,value) {
[7m   [0m [91m                                       ~~~~~[0m

[96mjavascript/group3/_x64dbg.js[0m:[93m152[0m:[93m32[0m - [91merror[0m[90m TS7006: [0mParameter 'section' implicitly has an 'any' type.

[7m152[0m  function BridgeSettingGetUint(section,key,value) {
[7m   [0m [91m                               ~~~~~~~[0m

[96mjavascript/group3/_x64dbg.js[0m:[93m152[0m:[93m40[0m - [91merror[0m[90m TS7006: [0mParameter 'key' implicitly has an 'any' type.

[7m152[0m  function BridgeSettingGetUint(section,key,value) {
[7m   [0m [91m                                       ~~~[0m

[96mjavascript/group3/_x64dbg.js[0m:[93m152[0m:[93m44[0m - [91merror[0m[90m TS7006: [0mParameter 'value' implicitly has an 'any' type.

[7m152[0m  function BridgeSettingGetUint(section,key,value) {
[7m   [0m [91m                                           ~~~~~[0m

[96mjavascript/group3/_x64dbg.js[0m:[93m155[0m:[93m28[0m - [91merror[0m[90m TS7006: [0mParameter 'section' implicitly has an 'any' type.

[7m155[0m  function BridgeSettingSet(section,key,value) {
[7m   [0m [91m                           ~~~~~~~[0m

[96mjavascript/group3/_x64dbg.js[0m:[93m155[0m:[93m36[0m - [91merror[0m[90m TS7006: [0mParameter 'key' implicitly has an 'any' type.

[7m155[0m  function BridgeSettingSet(section,key,value) {
[7m   [0m [91m                                   ~~~[0m

[96mjavascript/group3/_x64dbg.js[0m:[93m155[0m:[93m40[0m - [91merror[0m[90m TS7006: [0mParameter 'value' implicitly has an 'any' type.

[7m155[0m  function BridgeSettingSet(section,key,value) {
[7m   [0m [91m                                       ~~~~~[0m

[96mjavascript/group3/_x64dbg.js[0m:[93m158[0m:[93m32[0m - [91merror[0m[90m TS7006: [0mParameter 'section' implicitly has an 'any' type.

[7m158[0m  function BridgeSettingSetUint(section,key,value) {
[7m   [0m [91m                               ~~~~~~~[0m

[96mjavascript/group3/_x64dbg.js[0m:[93m158[0m:[93m40[0m - [91merror[0m[90m TS7006: [0mParameter 'key' implicitly has an 'any' type.

[7m158[0m  function BridgeSettingSetUint(section,key,value) {
[7m   [0m [91m                                       ~~~[0m

[96mjavascript/group3/_x64dbg.js[0m:[93m158[0m:[93m44[0m - [91merror[0m[90m TS7006: [0mParameter 'value' implicitly has an 'any' type.

[7m158[0m  function BridgeSettingSetUint(section,key,value) {
[7m   [0m [91m                                           ~~~~~[0m

[96mjavascript/group3/_x64dbg.js[0m:[93m162[0m:[93m29[0m - [91merror[0m[90m TS7006: [0mParameter 'errorLine' implicitly has an 'any' type.

[7m162[0m  function BridgeSettingRead(errorLine) {
[7m   [0m [91m                            ~~~~~~~~~[0m

[96mjavascript/group3/_x64dbg.js[0m:[93m183[0m:[93m11[0m - [91merror[0m[90m TS7006: [0mParameter 'value' implicitly has an 'any' type.

[7m183[0m   eval_fn(value) {
[7m   [0m [91m          ~~~~~[0m

[96mjavascript/group3/_x64dbg.js[0m:[93m190[0m:[93m8[0m - [91merror[0m[90m TS2304: [0mCannot find name 'done'.

[7m190[0m while(!done) {
[7m   [0m [91m       ~~~~[0m

[96mjavascript/group3/_x64dbg.js[0m:[93m192[0m:[93m3[0m - [91merror[0m[90m TS2322: [0mType 'void' is not assignable to type 'number'.

[7m192[0m   res=todo_debug_api((function() {
[7m   [0m [91m  ~~~[0m

[96mjavascript/group3/_x64dbg.js[0m:[93m193[0m:[93m20[0m - [91merror[0m[90m TS7006: [0mParameter 'e' implicitly has an 'any' type.

[7m193[0m    var fn=function(e) {
[7m   [0m [91m                   ~[0m

[96mjavascript/group3/_x64dbg.js[0m:[93m197[0m:[93m10[0m - [91merror[0m[90m TS7034: [0mVariable 'results' implicitly has type 'any[]' in some locations where its type cannot be determined.

[7m197[0m      var results=[]
[7m   [0m [91m         ~~~~~~~[0m

[96mjavascript/group3/_x64dbg.js[0m:[93m198[0m:[93m17[0m - [91merror[0m[90m TS7006: [0mParameter 'e' implicitly has an 'any' type.

[7m198[0m      ar.forEach(e => {
[7m   [0m [91m                ~[0m

[96mjavascript/group3/_x64dbg.js[0m:[93m199[0m:[93m10[0m - [91merror[0m[90m TS7005: [0mVariable 'results' implicitly has an 'any[]' type.

[7m199[0m       if(results.indexOf(e.slice(0,dist))==-1) {
[7m   [0m [91m         ~~~~~~~[0m

[96mjavascript/group3/_x64dbg.js[0m:[93m204[0m:[93m18[0m - [91merror[0m[90m TS7005: [0mVariable 'results' implicitly has an 'any[]' type.

[7m204[0m      console.log(results)
[7m   [0m [91m                 ~~~~~~~[0m

[96mjavascript/group3/_x64dbg.js[0m:[93m213[0m:[93m3[0m - [91merror[0m[90m TS2304: [0mCannot find name 'done'.

[7m213[0m   done=1
[7m   [0m [91m  ~~~~[0m

[96mjavascript/group3/_x64dbg.js[0m:[93m215[0m:[93m24[0m - [91merror[0m[90m TS7006: [0mParameter 'e' implicitly has an 'any' type.

[7m215[0m   function add_message(e) {
[7m   [0m [91m                       ~[0m

[96mjavascript/group3/_x64dbg.js[0m:[93m218[0m:[93m23[0m - [91merror[0m[90m TS2538: [0mType '{}' cannot be used as an index type.

[7m218[0m     if(typeof unk_obj[unk_obj]=="undefined")
[7m   [0m [91m                      ~~~~~~~[0m

[96mjavascript/group3/_x64dbg.js[0m:[93m219[0m:[93m14[0m - [91merror[0m[90m TS2538: [0mType '{}' cannot be used as an index type.

[7m219[0m      unk_obj[unk_obj]={}
[7m   [0m [91m             ~~~~~~~[0m

[96mjavascript/group3/_x64dbg.js[0m:[93m220[0m:[93m35[0m - [91merror[0m[90m TS2538: [0mType '{}' cannot be used as an index type.

[7m220[0m     Object.defineProperty(unk_obj[unk_obj],unq_name,{
[7m   [0m [91m                                  ~~~~~~~[0m

[96mjavascript/group3/_x64dbg.js[0m:[93m222[0m:[93m15[0m - [91merror[0m[90m TS2339: [0mProperty 't' does not exist on type 'Console'.

[7m222[0m       console.t=+"."+unq_name
[7m   [0m [91m              ~[0m

[96mjavascript/group3/_x64dbg.js[0m:[93m228[0m:[93m5[0m - [91merror[0m[90m TS2304: [0mCannot find name 'done'.

[7m228[0m     done=0
[7m   [0m [91m    ~~~~[0m

[96mjavascript/group3/_x64dbg.js[0m:[93m232[0m:[93m7[0m - [91merror[0m[90m TS18046: [0m'e' is of type 'unknown'.

[7m232[0m    if(e.message.indexOf(" is not defined")>-1) {
[7m   [0m [91m      ~[0m

[96mjavascript/group3/_x64dbg.js[0m:[93m233[0m:[93m19[0m - [91merror[0m[90m TS18046: [0m'e' is of type 'unknown'.

[7m233[0m     var unq_obj_t=e.message.slice(0,e.message.indexOf(" is not defined"))
[7m   [0m [91m                  ~[0m

[96mjavascript/group3/_x64dbg.js[0m:[93m233[0m:[93m37[0m - [91merror[0m[90m TS18046: [0m'e' is of type 'unknown'.

[7m233[0m     var unq_obj_t=e.message.slice(0,e.message.indexOf(" is not defined"))
[7m   [0m [91m                                    ~[0m

[96mjavascript/group3/_x64dbg.js[0m:[93m236[0m:[93m27[0m - [91merror[0m[90m TS2339: [0mProperty 't' does not exist on type 'Console'.

[7m236[0m       console.log(console.t)
[7m   [0m [91m                          ~[0m

[96mjavascript/group3/_x64dbg.js[0m:[93m237[0m:[93m15[0m - [91merror[0m[90m TS2339: [0mProperty 't' does not exist on type 'Console'.

[7m237[0m       console.t=unq_obj_t
[7m   [0m [91m              ~[0m

[96mjavascript/group3/_x64dbg.js[0m:[93m243[0m:[93m5[0m - [91merror[0m[90m TS2304: [0mCannot find name 'done'.

[7m243[0m     done=1
[7m   [0m [91m    ~~~~[0m

[96mjavascript/group3/_x64dbg.js[0m:[93m246[0m:[93m11[0m - [91merror[0m[90m TS2554: [0mExpected 0 arguments, but got 1.

[7m246[0m   add_def(e)
[7m   [0m [91m          ~[0m

[96mjavascript/group3/_x64dbg.js[0m:[93m249[0m:[93m3[0m - [91merror[0m[90m TS2304: [0mCannot find name 't'.

[7m249[0m   t=e
[7m   [0m [91m  ~[0m

[96mjavascript/group3/_x64dbg.js[0m:[93m253[0m:[93m6[0m - [91merror[0m[90m TS6133: [0m'logger' is declared but its value is never read.

[7m253[0m  var logger=function() {
[7m   [0m [91m     ~~~~~~[0m

[96mjavascript/group3/_x64dbg.js[0m:[93m258[0m:[93m28[0m - [91merror[0m[90m TS7006: [0mParameter 'cnt' implicitly has an 'any' type.

[7m258[0m  var wait_for_api=function(cnt) {
[7m   [0m [91m                           ~~~[0m

[96mjavascript/group3/_x64dbg.js[0m:[93m261[0m:[93m11[0m - [91merror[0m[90m TS2339: [0mProperty 'before' does not exist on type 'Console'.

[7m261[0m   console.before=ar.slice(ard)
[7m   [0m [91m          ~~~~~~[0m

[96mjavascript/group3/_x64dbg.js[0m:[93m262[0m:[93m14[0m - [91merror[0m[90m TS2339: [0mProperty 'notify_get' does not exist on type 'Console'.

[7m262[0m   if(console.notify_get) {
[7m   [0m [91m             ~~~~~~~~~~[0m

[96mjavascript/group3/_x64dbg.js[0m:[93m263[0m:[93m23[0m - [91merror[0m[90m TS2339: [0mProperty 'notify_get' does not exist on type 'Console'.

[7m263[0m    var result=console.notify_get()
[7m   [0m [91m                      ~~~~~~~~~~[0m

[96mjavascript/group3/_x64dbg.js[0m:[93m274[0m:[93m6[0m - [91merror[0m[90m TS7034: [0mVariable 'c_api' implicitly has type 'any' in some locations where its type cannot be determined.

[7m274[0m  var c_api
[7m   [0m [91m     ~~~~~[0m

[96mjavascript/group3/_x64dbg.js[0m:[93m275[0m:[93m6[0m - [91merror[0m[90m TS7034: [0mVariable 'gc_api' implicitly has type 'any' in some locations where its type cannot be determined.

[7m275[0m  var gc_api
[7m   [0m [91m     ~~~~~~[0m

[96mjavascript/group3/_x64dbg.js[0m:[93m276[0m:[93m6[0m - [91merror[0m[90m TS7034: [0mVariable 'sc_api' implicitly has type 'any' in some locations where its type cannot be determined.

[7m276[0m  var sc_api
[7m   [0m [91m     ~~~~~~[0m

[96mjavascript/group3/_x64dbg.js[0m:[93m287[0m:[93m7[0m - [91merror[0m[90m TS18048: [0m'dsc' is possibly 'undefined'.

[7m287[0m    if(dsc.get) {
[7m   [0m [91m      ~~~[0m

[96mjavascript/group3/_x64dbg.js[0m:[93m288[0m:[93m5[0m - [91merror[0m[90m TS7053: [0mElement implicitly has an 'any' type because expression of type 'string' can't be used to index type '{}'.
  No index signature with a parameter of type 'string' was found on type '{}'.

[7m288[0m     gc_api[i]=dsc.get
[7m   [0m [91m    ~~~~~~~~~[0m

[96mjavascript/group3/_x64dbg.js[0m:[93m288[0m:[93m15[0m - [91merror[0m[90m TS18048: [0m'dsc' is possibly 'undefined'.

[7m288[0m     gc_api[i]=dsc.get
[7m   [0m [91m              ~~~[0m

[96mjavascript/group3/_x64dbg.js[0m:[93m291[0m:[93m7[0m - [91merror[0m[90m TS18048: [0m'dsc' is possibly 'undefined'.

[7m291[0m    if(dsc.set) {
[7m   [0m [91m      ~~~[0m

[96mjavascript/group3/_x64dbg.js[0m:[93m292[0m:[93m5[0m - [91merror[0m[90m TS7053: [0mElement implicitly has an 'any' type because expression of type 'string' can't be used to index type '{}'.
  No index signature with a parameter of type 'string' was found on type '{}'.

[7m292[0m     sc_api[i]=dsc.set
[7m   [0m [91m    ~~~~~~~~~[0m

[96mjavascript/group3/_x64dbg.js[0m:[93m292[0m:[93m15[0m - [91merror[0m[90m TS18048: [0m'dsc' is possibly 'undefined'.

[7m292[0m     sc_api[i]=dsc.set
[7m   [0m [91m              ~~~[0m

[96mjavascript/group3/_x64dbg.js[0m:[93m296[0m:[93m5[0m - [91merror[0m[90m TS7053: [0mElement implicitly has an 'any' type because expression of type 'string' can't be used to index type '{}'.
  No index signature with a parameter of type 'string' was found on type '{}'.

[7m296[0m     c_api[i]=dsc.value
[7m   [0m [91m    ~~~~~~~~[0m

[96mjavascript/group3/_x64dbg.js[0m:[93m296[0m:[93m14[0m - [91merror[0m[90m TS18048: [0m'dsc' is possibly 'undefined'.

[7m296[0m     c_api[i]=dsc.value
[7m   [0m [91m             ~~~[0m

[96mjavascript/group3/_x64dbg.js[0m:[93m300[0m:[93m13[0m - [91merror[0m[90m TS2339: [0mProperty 'before' does not exist on type 'Console'.

[7m300[0m  if(console.before) {
[7m   [0m [91m            ~~~~~~[0m

[96mjavascript/group3/_x64dbg.js[0m:[93m301[0m:[93m11[0m - [91merror[0m[90m TS2339: [0mProperty 'notify_get' does not exist on type 'Console'.

[7m301[0m   console.notify_get=function() {
[7m   [0m [91m          ~~~~~~~~~~[0m

[96mjavascript/group3/_x64dbg.js[0m:[93m308[0m:[93m8[0m - [91merror[0m[90m TS7005: [0mVariable 'c_api' implicitly has an 'any' type.

[7m308[0m     n: c_api,
[7m   [0m [91m       ~~~~~[0m

[96mjavascript/group3/_x64dbg.js[0m:[93m309[0m:[93m8[0m - [91merror[0m[90m TS7005: [0mVariable 'gc_api' implicitly has an 'any' type.

[7m309[0m     g: gc_api,
[7m   [0m [91m       ~~~~~~[0m

[96mjavascript/group3/_x64dbg.js[0m:[93m310[0m:[93m8[0m - [91merror[0m[90m TS7005: [0mVariable 'sc_api' implicitly has an 'any' type.

[7m310[0m     s: sc_api
[7m   [0m [91m       ~~~~~~[0m

[96mjavascript/group3/base_parser_js.js[0m:[93m2[0m:[93m2[0m - [91merror[0m[90m TS2304: [0mCannot find name 'v8'.

[7m2[0m  v8=require("v8")
[7m [0m [91m ~~[0m

[96mjavascript/group3/base_parser_js.js[0m:[93m2[0m:[93m13[0m - [91merror[0m[90m TS2307: [0mCannot find module 'v8' or its corresponding type declarations.

[7m2[0m  v8=require("v8")
[7m [0m [91m            ~~~~[0m

[96mjavascript/group3/base_parser_js.js[0m:[93m3[0m:[93m2[0m - [91merror[0m[90m TS2304: [0mCannot find name 'util'.

[7m3[0m  util=require("util")
[7m [0m [91m ~~~~[0m

[96mjavascript/group3/base_parser_js.js[0m:[93m3[0m:[93m15[0m - [91merror[0m[90m TS2307: [0mCannot find module 'util' or its corresponding type declarations.

[7m3[0m  util=require("util")
[7m [0m [91m              ~~~~~~[0m

[96mjavascript/group3/base_parser_js.js[0m:[93m22[0m:[93m7[0m - [91merror[0m[90m TS7005: [0mVariable 'ci' implicitly has an 'any[]' type.

[7m22[0m   let ci=this.state.u_kwd
[7m  [0m [91m      ~~[0m

[96mjavascript/group3/base_parser_js.js[0m:[93m28[0m:[93m43[0m - [91merror[0m[90m TS7053: [0mElement implicitly has an 'any' type because expression of type 'string' can't be used to index type 'parser_base'.
  No index signature with a parameter of type 'string' was found on type 'parser_base'.

[7m28[0m     this.keyword_handlers.set(i.substr(4),this[i].bind(this))
[7m  [0m [91m                                          ~~~~~~~[0m

[96mjavascript/group3/base_parser_js.js[0m:[93m33[0m:[93m25[0m - [91merror[0m[90m TS7006: [0mParameter 'n' implicitly has an 'any' type.

[7m33[0m    function set_handler(n,fn) {
[7m  [0m [91m                        ~[0m

[96mjavascript/group3/base_parser_js.js[0m:[93m33[0m:[93m27[0m - [91merror[0m[90m TS7006: [0mParameter 'fn' implicitly has an 'any' type.

[7m33[0m    function set_handler(n,fn) {
[7m  [0m [91m                          ~~[0m

[96mjavascript/group3/base_parser_js.js[0m:[93m34[0m:[93m8[0m - [91merror[0m[90m TS2358: [0mThe left-hand side of an 'instanceof' expression must be of type 'any', an object type or a type parameter.

[7m34[0m     if(!this instanceof m_class) {
[7m  [0m [91m       ~~~~~[0m

[96mjavascript/group3/base_parser_js.js[0m:[93m43[0m:[93m25[0m - [91merror[0m[90m TS7006: [0mParameter 'g' implicitly has an 'any' type.

[7m43[0m    function get_handler(g) {
[7m  [0m [91m                        ~[0m

[96mjavascript/group3/base_parser_js.js[0m:[93m44[0m:[93m8[0m - [91merror[0m[90m TS2358: [0mThe left-hand side of an 'instanceof' expression must be of type 'any', an object type or a type parameter.

[7m44[0m     if(!this instanceof m_class) {
[7m  [0m [91m       ~~~~~[0m

[96mjavascript/group3/base_parser_js.js[0m:[93m54[0m:[93m8[0m - [91merror[0m[90m TS7006: [0mParameter 's' implicitly has an 'any' type.

[7m54[0m  parse(s,d) {
[7m  [0m [91m       ~[0m

[96mjavascript/group3/base_parser_js.js[0m:[93m54[0m:[93m10[0m - [91merror[0m[90m TS7006: [0mParameter 'd' implicitly has an 'any' type.

[7m54[0m  parse(s,d) {
[7m  [0m [91m         ~[0m

[96mjavascript/group3/base_parser_js.js[0m:[93m58[0m:[93m7[0m - [91merror[0m[90m TS7005: [0mVariable 'char' implicitly has an 'any[]' type.

[7m58[0m   var char=state.char
[7m  [0m [91m      ~~~~[0m

[96mjavascript/group3/base_parser_js.js[0m:[93m64[0m:[93m7[0m - [91merror[0m[90m TS7005: [0mVariable 'stk' implicitly has an 'any[]' type.

[7m64[0m   var stk=state.stk
[7m  [0m [91m      ~~~[0m

[96mjavascript/group3/base_parser_js.js[0m:[93m65[0m:[93m7[0m - [91merror[0m[90m TS7034: [0mVariable 'stk_a' implicitly has type 'any[]' in some locations where its type cannot be determined.

[7m65[0m   var stk_a=[]
[7m  [0m [91m      ~~~~~[0m

[96mjavascript/group3/base_parser_js.js[0m:[93m73[0m:[93m8[0m - [91merror[0m[90m TS6133: [0m'len' is declared but its value is never read.

[7m73[0m    var len=1
[7m  [0m [91m       ~~~[0m

[96mjavascript/group3/base_parser_js.js[0m:[93m74[0m:[93m8[0m - [91merror[0m[90m TS6133: [0m'td' is declared but its value is never read.

[7m74[0m    var td=0
[7m  [0m [91m       ~~[0m

[96mjavascript/group3/base_parser_js.js[0m:[93m89[0m:[93m18[0m - [91merror[0m[90m TS7005: [0mVariable 'stk_a' implicitly has an 'any[]' type.

[7m89[0m       stk_a.push(stk_a.pop()+c)
[7m  [0m [91m                 ~~~~~[0m

[96mjavascript/group3/base_parser_js.js[0m:[93m94[0m:[93m21[0m - [91merror[0m[90m TS2345: [0mArgument of type '{ t: string; r: any; }' is not assignable to parameter of type 'never'.

[7m94[0m      state.tok.push({
[7m  [0m [91m                    ~[0m
[7m95[0m       t: "I",
[7m  [0m [91m~~~~~~~~~~~~~[0m
[7m96[0m       r: rs
[7m  [0m [91m~~~~~~~~~~~[0m
[7m97[0m      })
[7m  [0m [91m~~~~~~[0m

[96mjavascript/group3/base_parser_js.js[0m:[93m99[0m:[93m11[0m - [91merror[0m[90m TS6133: [0m'as' is declared but its value is never read.

[7m99[0m       var as=s.slice(ptr,ptr+1000)
[7m  [0m [91m          ~~[0m

[96mjavascript/group3/base_parser_js.js[0m:[93m104[0m:[93m165[0m - [91merror[0m[90m TS2339: [0mProperty 't' does not exist on type 'never'.

[7m104[0m      if(Object.prototype.isPrototypeOf(state.tok[state.tok.length-1])&&!Array.prototype.isPrototypeOf(state.tok[state.tok.length-1])&&state.tok[state.tok.length-1].t=="?N") {
[7m   [0m [91m                                                                                                                                                                    ~[0m

[96mjavascript/group3/base_parser_js.js[0m:[93m105[0m:[93m9[0m - [91merror[0m[90m TS2532: [0mObject is possibly 'undefined'.

[7m105[0m       c=state.tok.pop().i_num+c
[7m   [0m [91m        ~~~~~~~~~~~~~~~[0m

[96mjavascript/group3/base_parser_js.js[0m:[93m107[0m:[93m21[0m - [91merror[0m[90m TS2345: [0mArgument of type '{ t: string; i_num: any; }' is not assignable to parameter of type 'never'.

[7m107[0m      state.tok.push({
[7m   [0m [91m                    ~[0m
[7m108[0m       t: "?N",
[7m   [0m [91m~~~~~~~~~~~~~~[0m
[7m109[0m       i_num: c
[7m   [0m [91m~~~~~~~~~~~~~~[0m
[7m110[0m      })
[7m   [0m [91m~~~~~~[0m

[96mjavascript/group3/base_parser_js.js[0m:[93m117[0m:[93m22[0m - [91merror[0m[90m TS2345: [0mArgument of type '{ t: string; r: string; }' is not assignable to parameter of type 'never'.

[7m117[0m       state.tok.push({
[7m   [0m [91m                     ~[0m
[7m118[0m        t: "R",
[7m   [0m [91m~~~~~~~~~~~~~~[0m
[7m119[0m        r: "()"[0]
[7m   [0m [91m~~~~~~~~~~~~~~~~~[0m
[7m120[0m       })
[7m   [0m [91m~~~~~~~[0m

[96mjavascript/group3/base_parser_js.js[0m:[93m124[0m:[93m11[0m - [91merror[0m[90m TS7005: [0mVariable 'nj' implicitly has an 'any[]' type.

[7m124[0m       var nj=state.tok
[7m   [0m [91m          ~~[0m

[96mjavascript/group3/base_parser_js.js[0m:[93m126[0m:[93m22[0m - [91merror[0m[90m TS2345: [0mArgument of type 'any[]' is not assignable to parameter of type 'never'.

[7m126[0m       state.tok.push(nj)
[7m   [0m [91m                     ~~[0m

[96mjavascript/group3/base_parser_js.js[0m:[93m127[0m:[93m22[0m - [91merror[0m[90m TS2345: [0mArgument of type '{ t: string; r: string; }' is not assignable to parameter of type 'never'.

[7m127[0m       state.tok.push({
[7m   [0m [91m                     ~[0m
[7m128[0m        t: "R",
[7m   [0m [91m~~~~~~~~~~~~~~[0m
[7m129[0m        r: "()"[1]
[7m   [0m [91m~~~~~~~~~~~~~~~~~[0m
[7m130[0m       })
[7m   [0m [91m~~~~~~~[0m

[96mjavascript/group3/base_parser_js.js[0m:[93m136[0m:[93m22[0m - [91merror[0m[90m TS2345: [0mArgument of type '{ t: string; r: string; }' is not assignable to parameter of type 'never'.

[7m136[0m       state.tok.push({
[7m   [0m [91m                     ~[0m
[7m137[0m        t: "R",
[7m   [0m [91m~~~~~~~~~~~~~~[0m
[7m138[0m        r: "{}"[0]
[7m   [0m [91m~~~~~~~~~~~~~~~~~[0m
[7m139[0m       })
[7m   [0m [91m~~~~~~~[0m

[96mjavascript/group3/base_parser_js.js[0m:[93m143[0m:[93m11[0m - [91merror[0m[90m TS7005: [0mVariable 'nj' implicitly has an 'any[]' type.

[7m143[0m       var nj=state.tok
[7m   [0m [91m          ~~[0m

[96mjavascript/group3/base_parser_js.js[0m:[93m145[0m:[93m22[0m - [91merror[0m[90m TS2345: [0mArgument of type 'any[]' is not assignable to parameter of type 'never'.

[7m145[0m       state.tok.push(nj)
[7m   [0m [91m                     ~~[0m

[96mjavascript/group3/base_parser_js.js[0m:[93m146[0m:[93m22[0m - [91merror[0m[90m TS2345: [0mArgument of type '{ t: string; r: string; }' is not assignable to parameter of type 'never'.

[7m146[0m       state.tok.push({
[7m   [0m [91m                     ~[0m
[7m147[0m        t: "R",
[7m   [0m [91m~~~~~~~~~~~~~~[0m
[7m148[0m        r: "{}"[1]
[7m   [0m [91m~~~~~~~~~~~~~~~~~[0m
[7m149[0m       })
[7m   [0m [91m~~~~~~~[0m

[96mjavascript/group3/base_parser_js.js[0m:[93m153[0m:[93m22[0m - [91merror[0m[90m TS2345: [0mArgument of type '{ t: string; r: string; }' is not assignable to parameter of type 'never'.

[7m153[0m       state.tok.push({
[7m   [0m [91m                     ~[0m
[7m154[0m        t: "R",
[7m   [0m [91m~~~~~~~~~~~~~~[0m
[7m155[0m        r: "[]"[0]
[7m   [0m [91m~~~~~~~~~~~~~~~~~[0m
[7m156[0m       })
[7m   [0m [91m~~~~~~~[0m

[96mjavascript/group3/base_parser_js.js[0m:[93m160[0m:[93m11[0m - [91merror[0m[90m TS7005: [0mVariable 'nj' implicitly has an 'any[]' type.

[7m160[0m       var nj=state.tok
[7m   [0m [91m          ~~[0m

[96mjavascript/group3/base_parser_js.js[0m:[93m162[0m:[93m22[0m - [91merror[0m[90m TS2345: [0mArgument of type 'any[]' is not assignable to parameter of type 'never'.

[7m162[0m       state.tok.push(nj)
[7m   [0m [91m                     ~~[0m

[96mjavascript/group3/base_parser_js.js[0m:[93m163[0m:[93m22[0m - [91merror[0m[90m TS2345: [0mArgument of type '{ t: string; r: string; }' is not assignable to parameter of type 'never'.

[7m163[0m       state.tok.push({
[7m   [0m [91m                     ~[0m
[7m164[0m        t: "R",
[7m   [0m [91m~~~~~~~~~~~~~~[0m
[7m165[0m        r: "[]"[1]
[7m   [0m [91m~~~~~~~~~~~~~~~~~[0m
[7m166[0m       })
[7m   [0m [91m~~~~~~~[0m

[96mjavascript/group3/base_parser_js.js[0m:[93m173[0m:[93m22[0m - [91merror[0m[90m TS2345: [0mArgument of type '{ t: string; r: any; }' is not assignable to parameter of type 'never'.

[7m173[0m       state.tok.push({
[7m   [0m [91m                     ~[0m
[7m174[0m        t: "S",
[7m   [0m [91m~~~~~~~~~~~~~~[0m
[7m175[0m        r: res_str
[7m   [0m [91m~~~~~~~~~~~~~~~~~[0m
[7m176[0m       })
[7m   [0m [91m~~~~~~~[0m

[96mjavascript/group3/base_parser_js.js[0m:[93m183[0m:[93m22[0m - [91merror[0m[90m TS2345: [0mArgument of type '{ t: string; r: any; }' is not assignable to parameter of type 'never'.

[7m183[0m       state.tok.push({
[7m   [0m [91m                     ~[0m
[7m184[0m        t: "SS",
[7m   [0m [91m~~~~~~~~~~~~~~~[0m
[7m185[0m        r: res_str
[7m   [0m [91m~~~~~~~~~~~~~~~~~[0m
[7m186[0m       })
[7m   [0m [91m~~~~~~~[0m

[96mjavascript/group3/base_parser_js.js[0m:[93m190[0m:[93m22[0m - [91merror[0m[90m TS2345: [0mArgument of type '{ t: string; r: string; }' is not assignable to parameter of type 'never'.

[7m190[0m       state.tok.push({
[7m   [0m [91m                     ~[0m
[7m191[0m        t: "O",
[7m   [0m [91m~~~~~~~~~~~~~~[0m
[7m192[0m        r: "."
[7m   [0m [91m~~~~~~~~~~~~~[0m
[7m193[0m       })
[7m   [0m [91m~~~~~~~[0m

[96mjavascript/group3/base_parser_js.js[0m:[93m196[0m:[93m22[0m - [91merror[0m[90m TS2345: [0mArgument of type 'string' is not assignable to parameter of type 'never'.

[7m196[0m       state.tok.push(" ")
[7m   [0m [91m                     ~~~[0m

[96mjavascript/group3/base_parser_js.js[0m:[93m199[0m:[93m22[0m - [91merror[0m[90m TS2345: [0mArgument of type 'string' is not assignable to parameter of type 'never'.

[7m199[0m       state.tok.push("=")
[7m   [0m [91m                     ~~~[0m

[96mjavascript/group3/base_parser_js.js[0m:[93m202[0m:[93m22[0m - [91merror[0m[90m TS2345: [0mArgument of type 'string' is not assignable to parameter of type 'never'.

[7m202[0m       state.tok.push("-")
[7m   [0m [91m                     ~~~[0m

[96mjavascript/group3/base_parser_js.js[0m:[93m205[0m:[93m22[0m - [91merror[0m[90m TS2345: [0mArgument of type 'string' is not assignable to parameter of type 'never'.

[7m205[0m       state.tok.push("+")
[7m   [0m [91m                     ~~~[0m

[96mjavascript/group3/base_parser_js.js[0m:[93m208[0m:[93m22[0m - [91merror[0m[90m TS2345: [0mArgument of type 'string' is not assignable to parameter of type 'never'.

[7m208[0m       state.tok.push(";")
[7m   [0m [91m                     ~~~[0m

[96mjavascript/group3/base_parser_js.js[0m:[93m211[0m:[93m22[0m - [91merror[0m[90m TS2345: [0mArgument of type 'string' is not assignable to parameter of type 'never'.

[7m211[0m       state.tok.push("\n")
[7m   [0m [91m                     ~~~~[0m

[96mjavascript/group3/base_parser_js.js[0m:[93m214[0m:[93m22[0m - [91merror[0m[90m TS2345: [0mArgument of type 'string' is not assignable to parameter of type 'never'.

[7m214[0m       state.tok.push(":")
[7m   [0m [91m                     ~~~[0m

[96mjavascript/group3/base_parser_js.js[0m:[93m217[0m:[93m22[0m - [91merror[0m[90m TS2345: [0mArgument of type 'string' is not assignable to parameter of type 'never'.

[7m217[0m       state.tok.push("?")
[7m   [0m [91m                     ~~~[0m

[96mjavascript/group3/base_parser_js.js[0m:[93m220[0m:[93m22[0m - [91merror[0m[90m TS2345: [0mArgument of type 'string' is not assignable to parameter of type 'never'.

[7m220[0m       state.tok.push("|")
[7m   [0m [91m                     ~~~[0m

[96mjavascript/group3/base_parser_js.js[0m:[93m223[0m:[93m22[0m - [91merror[0m[90m TS2345: [0mArgument of type 'string' is not assignable to parameter of type 'never'.

[7m223[0m       state.tok.push("&")
[7m   [0m [91m                     ~~~[0m

[96mjavascript/group3/base_parser_js.js[0m:[93m226[0m:[93m22[0m - [91merror[0m[90m TS2345: [0mArgument of type 'string' is not assignable to parameter of type 'never'.

[7m226[0m       state.tok.push("!")
[7m   [0m [91m                     ~~~[0m

[96mjavascript/group3/base_parser_js.js[0m:[93m229[0m:[93m22[0m - [91merror[0m[90m TS2345: [0mArgument of type 'string' is not assignable to parameter of type 'never'.

[7m229[0m       state.tok.push("*")
[7m   [0m [91m                     ~~~[0m

[96mjavascript/group3/base_parser_js.js[0m:[93m232[0m:[93m22[0m - [91merror[0m[90m TS2345: [0mArgument of type 'string' is not assignable to parameter of type 'never'.

[7m232[0m       state.tok.push(",")
[7m   [0m [91m                     ~~~[0m

[96mjavascript/group3/base_parser_js.js[0m:[93m235[0m:[93m22[0m - [91merror[0m[90m TS2345: [0mArgument of type 'string' is not assignable to parameter of type 'never'.

[7m235[0m       state.tok.push("<")
[7m   [0m [91m                     ~~~[0m

[96mjavascript/group3/base_parser_js.js[0m:[93m238[0m:[93m22[0m - [91merror[0m[90m TS2345: [0mArgument of type 'string' is not assignable to parameter of type 'never'.

[7m238[0m       state.tok.push(">")
[7m   [0m [91m                     ~~~[0m

[96mjavascript/group3/base_parser_js.js[0m:[93m241[0m:[93m22[0m - [91merror[0m[90m TS2345: [0mArgument of type 'string' is not assignable to parameter of type 'never'.

[7m241[0m       state.tok.push("^")
[7m   [0m [91m                     ~~~[0m

[96mjavascript/group3/base_parser_js.js[0m:[93m244[0m:[93m22[0m - [91merror[0m[90m TS2345: [0mArgument of type 'string' is not assignable to parameter of type 'never'.

[7m244[0m       state.tok.push("%")
[7m   [0m [91m                     ~~~[0m

[96mjavascript/group3/base_parser_js.js[0m:[93m247[0m:[93m22[0m - [91merror[0m[90m TS2345: [0mArgument of type 'string' is not assignable to parameter of type 'never'.

[7m247[0m       state.tok.push("~")
[7m   [0m [91m                     ~~~[0m

[96mjavascript/group3/base_parser_js.js[0m:[93m250[0m:[93m11[0m - [91merror[0m[90m TS6133: [0m'bs' is declared but its value is never read.

[7m250[0m       var bs=s.slice(ptr-1,ptr+50)
[7m   [0m [91m          ~~[0m

[96mjavascript/group3/base_parser_js.js[0m:[93m266[0m:[93m10[0m - [91merror[0m[90m TS2447: [0mThe '&' operator is not allowed for boolean types. Consider using '&&' instead.

[7m266[0m       if(state.tok.length>0&state.tok[state.tok.length-1]==" ") {
[7m   [0m [91m         ~~~~~~~~~~~~~~~~~~~~~~~~~~~~~~~~~~~~~~~~~~~~~~~~~~~~~[0m

[96mjavascript/group3/base_parser_js.js[0m:[93m276[0m:[93m10[0m - [91merror[0m[90m TS2447: [0mThe '&' operator is not allowed for boolean types. Consider using '&&' instead.

[7m276[0m       if(state.tok.length>0&state.tok[state.tok.length-1]=="=") {
[7m   [0m [91m         ~~~~~~~~~~~~~~~~~~~~~~~~~~~~~~~~~~~~~~~~~~~~~~~~~~~~~[0m

[96mjavascript/group3/base_parser_js.js[0m:[93m279[0m:[93m10[0m - [91merror[0m[90m TS2447: [0mThe '&' operator is not allowed for boolean types. Consider using '&&' instead.

[7m279[0m       if(state.tok.length>0&state.tok[state.tok.length-1]=="!") {
[7m   [0m [91m         ~~~~~~~~~~~~~~~~~~~~~~~~~~~~~~~~~~~~~~~~~~~~~~~~~~~~~[0m

[96mjavascript/group3/base_parser_js.js[0m:[93m282[0m:[93m10[0m - [91merror[0m[90m TS2447: [0mThe '&' operator is not allowed for boolean types. Consider using '&&' instead.

[7m282[0m       if(state.tok.length>0&state.tok[state.tok.length-1]==",") {
[7m   [0m [91m         ~~~~~~~~~~~~~~~~~~~~~~~~~~~~~~~~~~~~~~~~~~~~~~~~~~~~~[0m

[96mjavascript/group3/base_parser_js.js[0m:[93m285[0m:[93m10[0m - [91merror[0m[90m TS2447: [0mThe '&' operator is not allowed for boolean types. Consider using '&&' instead.

[7m285[0m       if(state.tok.length>0&state.tok[state.tok.length-1]==":") {
[7m   [0m [91m         ~~~~~~~~~~~~~~~~~~~~~~~~~~~~~~~~~~~~~~~~~~~~~~~~~~~~~[0m

[96mjavascript/group3/base_parser_js.js[0m:[93m289[0m:[93m34[0m - [91merror[0m[90m TS2454: [0mVariable 'f_x' is used before being assigned.

[7m289[0m        if(stk_a[stk_a.length-1]==f_x) {
[7m   [0m [91m                                 ~~~[0m

[96mjavascript/group3/base_parser_js.js[0m:[93m292[0m:[93m38[0m - [91merror[0m[90m TS2454: [0mVariable 'f_x' is used before being assigned.

[7m292[0m         while(stk_a[stk_a.length-1]!=f_x) {
[7m   [0m [91m                                     ~~~[0m

[96mjavascript/group3/base_parser_js.js[0m:[93m293[0m:[93m25[0m - [91merror[0m[90m TS2345: [0mArgument of type 'any' is not assignable to parameter of type 'never'.

[7m293[0m          state.tok.push(stk_a.pop())
[7m   [0m [91m                        ~~~~~~~~~~~[0m

[96mjavascript/group3/base_parser_js.js[0m:[93m305[0m:[93m23[0m - [91merror[0m[90m TS2345: [0mArgument of type '{ t: string; r: any; }' is not assignable to parameter of type 'never'.

[7m305[0m        state.tok.push({
[7m   [0m [91m                      ~[0m
[7m306[0m         t: "rx/m",
[7m   [0m [91m~~~~~~~~~~~~~~~~~~[0m
[7m307[0m         r: c
[7m   [0m [91m~~~~~~~~~~~~[0m
[7m308[0m        })
[7m   [0m [91m~~~~~~~~[0m

[96mjavascript/group3/base_parser_js.js[0m:[93m314[0m:[93m23[0m - [91merror[0m[90m TS2345: [0mArgument of type 'string' is not assignable to parameter of type 'never'.

[7m314[0m        state.tok.push("\\")
[7m   [0m [91m                      ~~~~[0m

[96mjavascript/group3/base_parser_js.js[0m:[93m328[0m:[93m19[0m - [91merror[0m[90m TS2345: [0mArgument of type '{ t: string; r: any; }' is not assignable to parameter of type 'never'.

[7m328[0m    state.tok.push({
[7m   [0m [91m                  ~[0m
[7m329[0m     t: "I",
[7m   [0m [91m~~~~~~~~~~~[0m
[7m330[0m     r: stk_a.pop()
[7m   [0m [91m~~~~~~~~~~~~~~~~~~[0m
[7m331[0m    })
[7m   [0m [91m~~~~[0m

[96mjavascript/group3/base_parser_js.js[0m:[93m336[0m:[93m16[0m - [91merror[0m[90m TS2339: [0mProperty 'tok' does not exist on type '{}'.

[7m336[0m   return state.tok
[7m   [0m [91m               ~~~[0m

[96mjavascript/group3/base_parser_js.js[0m:[93m338[0m:[93m25[0m - [91merror[0m[90m TS7006: [0mParameter 's' implicitly has an 'any' type.

[7m338[0m  switch_parser_fn_regex(s,ptr,state) {
[7m   [0m [91m                        ~[0m

[96mjavascript/group3/base_parser_js.js[0m:[93m338[0m:[93m27[0m - [91merror[0m[90m TS7006: [0mParameter 'ptr' implicitly has an 'any' type.

[7m338[0m  switch_parser_fn_regex(s,ptr,state) {
[7m   [0m [91m                          ~~~[0m

[96mjavascript/group3/base_parser_js.js[0m:[93m338[0m:[93m31[0m - [91merror[0m[90m TS7006: [0mParameter 'state' implicitly has an 'any' type.

[7m338[0m  switch_parser_fn_regex(s,ptr,state) {
[7m   [0m [91m                              ~~~~~[0m

[96mjavascript/group3/base_parser_js.js[0m:[93m365[0m:[93m28[0m - [91merror[0m[90m TS7006: [0mParameter 's' implicitly has an 'any' type.

[7m365[0m  switch_parser_fn_string_d(s) {
[7m   [0m [91m                           ~[0m

[96mjavascript/group3/base_parser_js.js[0m:[93m368[0m:[93m14[0m - [91merror[0m[90m TS7006: [0mParameter 'e' implicitly has an 'any' type.

[7m368[0m    s=sar.map(e => {
[7m   [0m [91m             ~[0m

[96mjavascript/group3/base_parser_js.js[0m:[93m377[0m:[93m28[0m - [91merror[0m[90m TS7006: [0mParameter 's' implicitly has an 'any' type.

[7m377[0m  switch_parser_fn_string_s(s) {
[7m   [0m [91m                           ~[0m

[96mjavascript/group3/base_parser_js.js[0m:[93m386[0m:[93m7[0m - [91merror[0m[90m TS7034: [0mVariable 'kwo' implicitly has type 'any[]' in some locations where its type cannot be determined.

[7m386[0m   let kwo=[]
[7m   [0m [91m      ~~~[0m

[96mjavascript/group3/base_parser_js.js[0m:[93m387[0m:[93m3[0m - [91merror[0m[90m TS2322: [0mType '(a: any) => void' is not assignable to type 'string'.

[7m387[0m   p=function(a) {
[7m   [0m [91m  ~[0m

[96mjavascript/group3/base_parser_js.js[0m:[93m387[0m:[93m14[0m - [91merror[0m[90m TS7006: [0mParameter 'a' implicitly has an 'any' type.

[7m387[0m   p=function(a) {
[7m   [0m [91m             ~[0m

[96mjavascript/group3/base_parser_js.js[0m:[93m391[0m:[93m3[0m - [91merror[0m[90m TS2349: [0mThis expression is not callable.
  Type 'String' has no call signatures.

[7m391[0m   p("async,await")
[7m   [0m [91m  ~[0m

[96mjavascript/group3/base_parser_js.js[0m:[93m392[0m:[93m3[0m - [91merror[0m[90m TS2349: [0mThis expression is not callable.
  Type 'String' has no call signatures.

[7m392[0m   p("case,catch,class,const,continue")
[7m   [0m [91m  ~[0m

[96mjavascript/group3/base_parser_js.js[0m:[93m393[0m:[93m3[0m - [91merror[0m[90m TS2349: [0mThis expression is not callable.
  Type 'String' has no call signatures.

[7m393[0m   p("debugger,default,delete,do")
[7m   [0m [91m  ~[0m

[96mjavascript/group3/base_parser_js.js[0m:[93m394[0m:[93m3[0m - [91merror[0m[90m TS2349: [0mThis expression is not callable.
  Type 'String' has no call signatures.

[7m394[0m   p("else,exports,extends")
[7m   [0m [91m  ~[0m

[96mjavascript/group3/base_parser_js.js[0m:[93m395[0m:[93m3[0m - [91merror[0m[90m TS2349: [0mThis expression is not callable.
  Type 'String' has no call signatures.

[7m395[0m   p("finally,for,function")
[7m   [0m [91m  ~[0m

[96mjavascript/group3/base_parser_js.js[0m:[93m396[0m:[93m3[0m - [91merror[0m[90m TS2349: [0mThis expression is not callable.
  Type 'String' has no call signatures.

[7m396[0m   p("if,import,in,instanceof")
[7m   [0m [91m  ~[0m

[96mjavascript/group3/base_parser_js.js[0m:[93m397[0m:[93m3[0m - [91merror[0m[90m TS2349: [0mThis expression is not callable.
  Type 'String' has no call signatures.

[7m397[0m   p("let")
[7m   [0m [91m  ~[0m

[96mjavascript/group3/base_parser_js.js[0m:[93m398[0m:[93m3[0m - [91merror[0m[90m TS2349: [0mThis expression is not callable.
  Type 'String' has no call signatures.

[7m398[0m   p("new")
[7m   [0m [91m  ~[0m

[96mjavascript/group3/base_parser_js.js[0m:[93m399[0m:[93m3[0m - [91merror[0m[90m TS2349: [0mThis expression is not callable.
  Type 'String' has no call signatures.

[7m399[0m   p("of")
[7m   [0m [91m  ~[0m

[96mjavascript/group3/base_parser_js.js[0m:[93m400[0m:[93m3[0m - [91merror[0m[90m TS2349: [0mThis expression is not callable.
  Type 'String' has no call signatures.

[7m400[0m   p("return")
[7m   [0m [91m  ~[0m

[96mjavascript/group3/base_parser_js.js[0m:[93m401[0m:[93m3[0m - [91merror[0m[90m TS2349: [0mThis expression is not callable.
  Type 'String' has no call signatures.

[7m401[0m   p("static,super,switch")
[7m   [0m [91m  ~[0m

[96mjavascript/group3/base_parser_js.js[0m:[93m402[0m:[93m3[0m - [91merror[0m[90m TS2349: [0mThis expression is not callable.
  Type 'String' has no call signatures.

[7m402[0m   p("this,throw,try,typeof")
[7m   [0m [91m  ~[0m

[96mjavascript/group3/base_parser_js.js[0m:[93m403[0m:[93m3[0m - [91merror[0m[90m TS2349: [0mThis expression is not callable.
  Type 'String' has no call signatures.

[7m403[0m   p("var,void")
[7m   [0m [91m  ~[0m

[96mjavascript/group3/base_parser_js.js[0m:[93m404[0m:[93m3[0m - [91merror[0m[90m TS2349: [0mThis expression is not callable.
  Type 'String' has no call signatures.

[7m404[0m   p("while,with")
[7m   [0m [91m  ~[0m

[96mjavascript/group3/base_parser_js.js[0m:[93m405[0m:[93m3[0m - [91merror[0m[90m TS2349: [0mThis expression is not callable.
  Type 'String' has no call signatures.

[7m405[0m   p("yield")
[7m   [0m [91m  ~[0m

[96mjavascript/group3/base_parser_js.js[0m:[93m406[0m:[93m6[0m - [91merror[0m[90m TS2339: [0mProperty 'keywords' does not exist on type '{ tok: never[]; stk: never[]; kwd: never[]; idc: never[]; u_kwd: never[]; refs: never[]; prim: never[]; char: never[]; primitives: never[]; }'.

[7m406[0m   ts.keywords=kwo
[7m   [0m [91m     ~~~~~~~~[0m

[96mjavascript/group3/base_parser_js.js[0m:[93m406[0m:[93m15[0m - [91merror[0m[90m TS7005: [0mVariable 'kwo' implicitly has an 'any[]' type.

[7m406[0m   ts.keywords=kwo
[7m   [0m [91m              ~~~[0m

[96mjavascript/group3/base_parser_js.js[0m:[93m407[0m:[93m3[0m - [91merror[0m[90m TS2322: [0mType 'string' is not assignable to type 'never[]'.

[7m407[0m   ts.char="ABCDEFGHIJKLMNOPQRSTUVWXYZabcdefghijklmnopqrstuvwxyz_$"
[7m   [0m [91m  ~~~~~~~[0m

[96mjavascript/group3/base_parser_js.js[0m:[93m413[0m:[93m2[0m - [91merror[0m[90m TS2304: [0mCannot find name 'parser'.

[7m413[0m  parser=new parser_base(gen_parsejs)
[7m   [0m [91m ~~~~~~[0m

[96mjavascript/group3/base_parser_js.js[0m:[93m414[0m:[93m10[0m - [91merror[0m[90m TS2304: [0mCannot find name 'parser'.

[7m414[0m  var res=parser.parse(code)
[7m   [0m [91m         ~~~~~~[0m

[96mjavascript/group3/base_parser_js.js[0m:[93m414[0m:[93m23[0m - [91merror[0m[90m TS2304: [0mCannot find name 'code'.

[7m414[0m  var res=parser.parse(code)
[7m   [0m [91m                      ~~~~[0m

[96mjavascript/group3/base_parser_js.js[0m:[93m416[0m:[93m14[0m - [91merror[0m[90m TS2304: [0mCannot find name 'parser'.

[7m416[0m  console.log(parser.state.stk)
[7m   [0m [91m             ~~~~~~[0m

[96mjavascript/group3/base_parser_js.js[0m:[93m417[0m:[93m9[0m - [91merror[0m[90m TS2339: [0mProperty 'tok' does not exist on type 'Window & typeof globalThis'.

[7m417[0m  window.tok=parser.state.tok
[7m   [0m [91m        ~~~[0m

[96mjavascript/group3/base_parser_js.js[0m:[93m417[0m:[93m13[0m - [91merror[0m[90m TS2304: [0mCannot find name 'parser'.

[7m417[0m  window.tok=parser.state.tok
[7m   [0m [91m            ~~~~~~[0m

[96mjavascript/group3/base_parser_js.js[0m:[93m418[0m:[93m9[0m - [91merror[0m[90m TS2304: [0mCannot find name 'parser'.

[7m418[0m  return parser.state.tok
[7m   [0m [91m        ~~~~~~[0m

[96mjavascript/group3/base_parser_js.js[0m:[93m423[0m:[93m2[0m - [91merror[0m[90m TS2303: [0mCircular definition of import alias 'parsejs'.

[7m423[0m  exports.parsejs=parsejs
[7m   [0m [91m ~~~~~~~~~~~~~~~[0m

[96mjavascript/group3/base_parser_js.js[0m:[93m423[0m:[93m18[0m - [91merror[0m[90m TS2304: [0mCannot find name 'parsejs'.

[7m423[0m  exports.parsejs=parsejs
[7m   [0m [91m                 ~~~~~~~[0m

[96mjavascript/group3/base_parser_states.js[0m:[93m2[0m:[93m4[0m - [91merror[0m[90m TS2304: [0mCannot find name 'bracket_open'.

[7m2[0m  1,bracket_open, //
[7m [0m [91m   ~~~~~~~~~~~~[0m

[96mjavascript/group3/base_parser_states.js[0m:[93m3[0m:[93m4[0m - [91merror[0m[90m TS2304: [0mCannot find name 'bracket_close'.

[7m3[0m  2,bracket_close, //
[7m [0m [91m   ~~~~~~~~~~~~~[0m

[96mjavascript/group3/js_enc_crypt_static_to_code.js[0m:[93m4[0m:[93m27[0m - [91merror[0m[90m TS7006: [0mParameter 'a' implicitly has an 'any' type.

[7m4[0m   ret.push([[4],[function(a) {
[7m [0m [91m                          ~[0m

[96mjavascript/group3/js_enc_crypt_static_to_code.js[0m:[93m18[0m:[93m19[0m - [91merror[0m[90m TS7006: [0mParameter 'root' implicitly has an 'any' type.

[7m18[0m    static _attach(root) {
[7m  [0m [91m                  ~~~~[0m

[96mjavascript/group3/js_enc_crypt_static_to_code.js[0m:[93m21[0m:[93m15[0m - [91merror[0m[90m TS7006: [0mParameter 'str' implicitly has an 'any' type.

[7m21[0m    WhiteSpace(str,index) {
[7m  [0m [91m              ~~~[0m

[96mjavascript/group3/js_enc_crypt_static_to_code.js[0m:[93m21[0m:[93m19[0m - [91merror[0m[90m TS7006: [0mParameter 'index' implicitly has an 'any' type.

[7m21[0m    WhiteSpace(str,index) {
[7m  [0m [91m                  ~~~~~[0m

[96mjavascript/group3/js_enc_crypt_static_to_code.js[0m:[93m32[0m:[93m11[0m - [91merror[0m[90m TS7030: [0mNot all code paths return a value.

[7m32[0m    static the() {
[7m  [0m [91m          ~~~[0m

[96mjavascript/group3/js_enc_crypt_static_to_code.js[0m:[93m37[0m:[93m19[0m - [91merror[0m[90m TS7006: [0mParameter 'root' implicitly has an 'any' type.

[7m37[0m    static _attach(root) {
[7m  [0m [91m                  ~~~~[0m

[96mjavascript/group3/js_enc_crypt_static_to_code.js[0m:[93m40[0m:[93m19[0m - [91merror[0m[90m TS7006: [0mParameter 'str' implicitly has an 'any' type.

[7m40[0m    LineTerminator(str,index) {
[7m  [0m [91m                  ~~~[0m

[96mjavascript/group3/js_enc_crypt_static_to_code.js[0m:[93m40[0m:[93m23[0m - [91merror[0m[90m TS7006: [0mParameter 'index' implicitly has an 'any' type.

[7m40[0m    LineTerminator(str,index) {
[7m  [0m [91m                      ~~~~~[0m

[96mjavascript/group3/js_enc_crypt_static_to_code.js[0m:[93m62[0m:[93m19[0m - [91merror[0m[90m TS7006: [0mParameter 'root' implicitly has an 'any' type.

[7m62[0m    static _attach(root) {
[7m  [0m [91m                  ~~~~[0m

[96mjavascript/group3/js_enc_crypt_static_to_code.js[0m:[93m67[0m:[93m12[0m - [91merror[0m[90m TS7006: [0mParameter 'str' implicitly has an 'any' type.

[7m67[0m    Comment(str,index) {
[7m  [0m [91m           ~~~[0m

[96mjavascript/group3/js_enc_crypt_static_to_code.js[0m:[93m67[0m:[93m16[0m - [91merror[0m[90m TS7006: [0mParameter 'index' implicitly has an 'any' type.

[7m67[0m    Comment(str,index) {
[7m  [0m [91m               ~~~~~[0m

[96mjavascript/group3/js_enc_crypt_static_to_code.js[0m:[93m70[0m:[93m8[0m - [91merror[0m[90m TS2531: [0mObject is possibly 'null'.

[7m70[0m     if(ml_len[1]>0) {
[7m  [0m [91m       ~~~~~~~~~[0m

[96mjavascript/group3/js_enc_crypt_static_to_code.js[0m:[93m73[0m:[93m8[0m - [91merror[0m[90m TS2531: [0mObject is possibly 'null'.

[7m73[0m     if(sl_len[1]>0) {
[7m  [0m [91m       ~~~~~~~~~[0m

[96mjavascript/group3/js_enc_crypt_static_to_code.js[0m:[93m78[0m:[93m21[0m - [91merror[0m[90m TS7006: [0mParameter 'str' implicitly has an 'any' type.

[7m78[0m    MultiLineComment(str,index) {
[7m  [0m [91m                    ~~~[0m

[96mjavascript/group3/js_enc_crypt_static_to_code.js[0m:[93m78[0m:[93m25[0m - [91merror[0m[90m TS7006: [0mParameter 'index' implicitly has an 'any' type.

[7m78[0m    MultiLineComment(str,index) {
[7m  [0m [91m                        ~~~~~[0m

[96mjavascript/group3/js_enc_crypt_static_to_code.js[0m:[93m84[0m:[93m9[0m - [91merror[0m[90m TS6133: [0m'eof_off' is declared but its value is never read.

[7m84[0m     let eof_off=str.length-1;
[7m  [0m [91m        ~~~~~~~[0m

[96mjavascript/group3/js_enc_crypt_static_to_code.js[0m:[93m104[0m:[93m26[0m - [91merror[0m[90m TS7006: [0mParameter 'str' implicitly has an 'any' type.

[7m104[0m    MultiLineCommentChars(str,index) {
[7m   [0m [91m                         ~~~[0m

[96mjavascript/group3/js_enc_crypt_static_to_code.js[0m:[93m104[0m:[93m30[0m - [91merror[0m[90m TS7006: [0mParameter 'index' implicitly has an 'any' type.

[7m104[0m    MultiLineCommentChars(str,index) {
[7m   [0m [91m                             ~~~~~[0m

[96mjavascript/group3/js_enc_crypt_static_to_code.js[0m:[93m105[0m:[93m10[0m - [91merror[0m[90m TS2339: [0mProperty 'dep' does not exist on type 'ecma_12_4'.

[7m105[0m     this.dep??=0;
[7m   [0m [91m         ~~~[0m

[96mjavascript/group3/js_enc_crypt_static_to_code.js[0m:[93m107[0m:[93m13[0m - [91merror[0m[90m TS2339: [0mProperty 'dep' does not exist on type 'ecma_12_4'.

[7m107[0m     if(this.dep>64) {
[7m   [0m [91m            ~~~[0m

[96mjavascript/group3/js_enc_crypt_static_to_code.js[0m:[93m110[0m:[93m10[0m - [91merror[0m[90m TS2339: [0mProperty 'dep' does not exist on type 'ecma_12_4'.

[7m110[0m     this.dep++;
[7m   [0m [91m         ~~~[0m

[96mjavascript/group3/js_enc_crypt_static_to_code.js[0m:[93m137[0m:[93m10[0m - [91merror[0m[90m TS2339: [0mProperty 'dep' does not exist on type 'ecma_12_4'.

[7m137[0m     this.dep--;
[7m   [0m [91m         ~~~[0m

[96mjavascript/group3/js_enc_crypt_static_to_code.js[0m:[93m143[0m:[93m4[0m - [91merror[0m[90m TS7023: [0m'PostAsteriskCommentChars' implicitly has return type 'any' because it does not have a return type annotation and is referenced directly or indirectly in one of its return expressions.

[7m143[0m    PostAsteriskCommentChars(str,index) {
[7m   [0m [91m   ~~~~~~~~~~~~~~~~~~~~~~~~[0m

[96mjavascript/group3/js_enc_crypt_static_to_code.js[0m:[93m143[0m:[93m29[0m - [91merror[0m[90m TS7006: [0mParameter 'str' implicitly has an 'any' type.

[7m143[0m    PostAsteriskCommentChars(str,index) {
[7m   [0m [91m                            ~~~[0m

[96mjavascript/group3/js_enc_crypt_static_to_code.js[0m:[93m143[0m:[93m33[0m - [91merror[0m[90m TS7006: [0mParameter 'index' implicitly has an 'any' type.

[7m143[0m    PostAsteriskCommentChars(str,index) {
[7m   [0m [91m                                ~~~~~[0m

[96mjavascript/group3/js_enc_crypt_static_to_code.js[0m:[93m155[0m:[93m11[0m - [91merror[0m[90m TS7022: [0m'len' implicitly has type 'any' because it does not have a type annotation and is referenced directly or indirectly in its own initializer.

[7m155[0m       let len=this.PostAsteriskCommentChars(str,index+idxoff);
[7m   [0m [91m          ~~~[0m

[96mjavascript/group3/js_enc_crypt_static_to_code.js[0m:[93m165[0m:[93m29[0m - [91merror[0m[90m TS7006: [0mParameter 'str' implicitly has an 'any' type.

[7m165[0m    MultiLineNotAsteriskChar(str,index) {
[7m   [0m [91m                            ~~~[0m

[96mjavascript/group3/js_enc_crypt_static_to_code.js[0m:[93m165[0m:[93m33[0m - [91merror[0m[90m TS7006: [0mParameter 'index' implicitly has an 'any' type.

[7m165[0m    MultiLineNotAsteriskChar(str,index) {
[7m   [0m [91m                                ~~~~~[0m

[96mjavascript/group3/js_enc_crypt_static_to_code.js[0m:[93m171[0m:[93m43[0m - [91merror[0m[90m TS7006: [0mParameter 'str' implicitly has an 'any' type.

[7m171[0m    MultiLineNotForwardSlashOrAsteriskChar(str,index) {
[7m   [0m [91m                                          ~~~[0m

[96mjavascript/group3/js_enc_crypt_static_to_code.js[0m:[93m171[0m:[93m47[0m - [91merror[0m[90m TS7006: [0mParameter 'index' implicitly has an 'any' type.

[7m171[0m    MultiLineNotForwardSlashOrAsteriskChar(str,index) {
[7m   [0m [91m                                              ~~~~~[0m

[96mjavascript/group3/js_enc_crypt_static_to_code.js[0m:[93m177[0m:[93m22[0m - [91merror[0m[90m TS7006: [0mParameter 'str' implicitly has an 'any' type.

[7m177[0m    SingleLineComment(str,index) {
[7m   [0m [91m                     ~~~[0m

[96mjavascript/group3/js_enc_crypt_static_to_code.js[0m:[93m177[0m:[93m26[0m - [91merror[0m[90m TS7006: [0mParameter 'index' implicitly has an 'any' type.

[7m177[0m    SingleLineComment(str,index) {
[7m   [0m [91m                         ~~~~~[0m

[96mjavascript/group3/js_enc_crypt_static_to_code.js[0m:[93m186[0m:[93m27[0m - [91merror[0m[90m TS7006: [0mParameter 'str' implicitly has an 'any' type.

[7m186[0m    SingleLineCommentChars(str,index) {
[7m   [0m [91m                          ~~~[0m

[96mjavascript/group3/js_enc_crypt_static_to_code.js[0m:[93m186[0m:[93m31[0m - [91merror[0m[90m TS7006: [0mParameter 'index' implicitly has an 'any' type.

[7m186[0m    SingleLineCommentChars(str,index) {
[7m   [0m [91m                              ~~~~~[0m

[96mjavascript/group3/js_enc_crypt_static_to_code.js[0m:[93m198[0m:[93m19[0m - [91merror[0m[90m TS7006: [0mParameter 'root' implicitly has an 'any' type.

[7m198[0m    static _attach(root) {
[7m   [0m [91m                  ~~~~[0m

[96mjavascript/group3/js_enc_crypt_static_to_code.js[0m:[93m210[0m:[93m16[0m - [91merror[0m[90m TS7006: [0mParameter 'str' implicitly has an 'any' type.

[7m210[0m    CommonToken(str,index) {
[7m   [0m [91m               ~~~[0m

[96mjavascript/group3/js_enc_crypt_static_to_code.js[0m:[93m210[0m:[93m20[0m - [91merror[0m[90m TS7006: [0mParameter 'index' implicitly has an 'any' type.

[7m210[0m    CommonToken(str,index) {
[7m   [0m [91m                   ~~~~~[0m

[96mjavascript/group3/js_enc_crypt_static_to_code.js[0m:[93m214[0m:[93m14[0m - [91merror[0m[90m TS2339: [0mProperty 'IdentifierName' does not exist on type 'ecma_12_5'.

[7m214[0m     cur=this.IdentifierName(str,index);
[7m   [0m [91m             ~~~~~~~~~~~~~~[0m

[96mjavascript/group3/js_enc_crypt_static_to_code.js[0m:[93m219[0m:[93m14[0m - [91merror[0m[90m TS2339: [0mProperty 'PrivateIdentifier' does not exist on type 'ecma_12_5'.

[7m219[0m     cur=this.PrivateIdentifier(str,index);
[7m   [0m [91m             ~~~~~~~~~~~~~~~~~[0m

[96mjavascript/group3/js_enc_crypt_static_to_code.js[0m:[93m224[0m:[93m14[0m - [91merror[0m[90m TS2339: [0mProperty 'Punctuator' does not exist on type 'ecma_12_5'.

[7m224[0m     cur=this.Punctuator(str,index);
[7m   [0m [91m             ~~~~~~~~~~[0m

[96mjavascript/group3/js_enc_crypt_static_to_code.js[0m:[93m229[0m:[93m14[0m - [91merror[0m[90m TS2339: [0mProperty 'NumericLiteral' does not exist on type 'ecma_12_5'.

[7m229[0m     cur=this.NumericLiteral(str,index);
[7m   [0m [91m             ~~~~~~~~~~~~~~[0m

[96mjavascript/group3/js_enc_crypt_static_to_code.js[0m:[93m234[0m:[93m14[0m - [91merror[0m[90m TS2339: [0mProperty 'StringLiteral' does not exist on type 'ecma_12_5'.

[7m234[0m     cur=this.StringLiteral(str,index);
[7m   [0m [91m             ~~~~~~~~~~~~~[0m

[96mjavascript/group3/js_enc_crypt_static_to_code.js[0m:[93m239[0m:[93m14[0m - [91merror[0m[90m TS2339: [0mProperty 'Template' does not exist on type 'ecma_12_5'.

[7m239[0m     cur=this.Template(str,index);
[7m   [0m [91m             ~~~~~~~~[0m

[96mjavascript/group3/js_enc_crypt_static_to_code.js[0m:[93m248[0m:[93m19[0m - [91merror[0m[90m TS7006: [0mParameter 'root' implicitly has an 'any' type.

[7m248[0m    static _attach(root) {
[7m   [0m [91m                  ~~~~[0m

[96mjavascript/group3/js_enc_crypt_static_to_code.js[0m:[93m279[0m:[93m22[0m - [91merror[0m[90m TS7006: [0mParameter 'str' implicitly has an 'any' type.

[7m279[0m    PrivateIdentifier(str,index) {
[7m   [0m [91m                     ~~~[0m

[96mjavascript/group3/js_enc_crypt_static_to_code.js[0m:[93m279[0m:[93m26[0m - [91merror[0m[90m TS7006: [0mParameter 'index' implicitly has an 'any' type.

[7m279[0m    PrivateIdentifier(str,index) {
[7m   [0m [91m                         ~~~~~[0m

[96mjavascript/group3/js_enc_crypt_static_to_code.js[0m:[93m282[0m:[93m33[0m - [91merror[0m[90m TS2304: [0mCannot find name 'src'.

[7m282[0m     let cur=this.IdentifierName(src,index+1);
[7m   [0m [91m                                ~~~[0m

[96mjavascript/group3/js_enc_crypt_static_to_code.js[0m:[93m283[0m:[93m12[0m - [91merror[0m[90m TS2531: [0mObject is possibly 'null'.

[7m283[0m     return cur[1]+1;
[7m   [0m [91m           ~~~~~~[0m

[96mjavascript/group3/js_enc_crypt_static_to_code.js[0m:[93m283[0m:[93m12[0m - [91merror[0m[90m TS2365: [0mOperator '+' cannot be applied to types 'string | number' and 'number'.

[7m283[0m     return cur[1]+1;
[7m   [0m [91m           ~~~~~~~~[0m

[96mjavascript/group3/js_enc_crypt_static_to_code.js[0m:[93m285[0m:[93m19[0m - [91merror[0m[90m TS7006: [0mParameter 'str' implicitly has an 'any' type.

[7m285[0m    IdentifierName(str,index) {
[7m   [0m [91m                  ~~~[0m

[96mjavascript/group3/js_enc_crypt_static_to_code.js[0m:[93m285[0m:[93m23[0m - [91merror[0m[90m TS7006: [0mParameter 'index' implicitly has an 'any' type.

[7m285[0m    IdentifierName(str,index) {
[7m   [0m [91m                      ~~~~~[0m

[96mjavascript/group3/js_enc_crypt_static_to_code.js[0m:[93m299[0m:[93m20[0m - [91merror[0m[90m TS7006: [0mParameter 'str' implicitly has an 'any' type.

[7m299[0m    IdentifierStart(str,index) {
[7m   [0m [91m                   ~~~[0m

[96mjavascript/group3/js_enc_crypt_static_to_code.js[0m:[93m299[0m:[93m24[0m - [91merror[0m[90m TS7006: [0mParameter 'index' implicitly has an 'any' type.

[7m299[0m    IdentifierStart(str,index) {
[7m   [0m [91m                       ~~~~~[0m

[96mjavascript/group3/js_enc_crypt_static_to_code.js[0m:[93m305[0m:[93m19[0m - [91merror[0m[90m TS7006: [0mParameter 'str' implicitly has an 'any' type.

[7m305[0m    IdentifierPart(str,index) {
[7m   [0m [91m                  ~~~[0m

[96mjavascript/group3/js_enc_crypt_static_to_code.js[0m:[93m305[0m:[93m23[0m - [91merror[0m[90m TS7006: [0mParameter 'index' implicitly has an 'any' type.

[7m305[0m    IdentifierPart(str,index) {
[7m   [0m [91m                      ~~~~~[0m

[96mjavascript/group3/js_enc_crypt_static_to_code.js[0m:[93m313[0m:[93m19[0m - [91merror[0m[90m TS7006: [0mParameter 'root' implicitly has an 'any' type.

[7m313[0m    static _attach(root) {
[7m   [0m [91m                  ~~~~[0m

[96mjavascript/group3/js_enc_crypt_static_to_code.js[0m:[93m319[0m:[93m6[0m - [91merror[0m[90m TS7053: [0mElement implicitly has an 'any' type because expression of type 'string' can't be used to index type 'ecma_12_7'.
  No index signature with a parameter of type 'string' was found on type 'ecma_12_7'.

[7m319[0m      this.prototype[x]=test_class[x];
[7m   [0m [91m     ~~~~~~~~~~~~~~~~~[0m

[96mjavascript/group3/js_enc_crypt_static_to_code.js[0m:[93m319[0m:[93m24[0m - [91merror[0m[90m TS7053: [0mElement implicitly has an 'any' type because expression of type 'string' can't be used to index type 'ecma_12_7'.
  No index signature with a parameter of type 'string' was found on type 'ecma_12_7'.

[7m319[0m      this.prototype[x]=test_class[x];
[7m   [0m [91m                       ~~~~~~~~~~~~~[0m

[96mjavascript/group3/js_enc_crypt_static_to_code.js[0m:[93m323[0m:[93m15[0m - [91merror[0m[90m TS7006: [0mParameter 'str' implicitly has an 'any' type.

[7m323[0m    Punctuator(str,index) {
[7m   [0m [91m              ~~~[0m

[96mjavascript/group3/js_enc_crypt_static_to_code.js[0m:[93m323[0m:[93m19[0m - [91merror[0m[90m TS7006: [0mParameter 'index' implicitly has an 'any' type.

[7m323[0m    Punctuator(str,index) {
[7m   [0m [91m                  ~~~~~[0m

[96mjavascript/group3/js_enc_crypt_static_to_code.js[0m:[93m330[0m:[93m31[0m - [91merror[0m[90m TS7006: [0mParameter 'str' implicitly has an 'any' type.

[7m330[0m    OptionalChainingPunctuator(str,index) {
[7m   [0m [91m                              ~~~[0m

[96mjavascript/group3/js_enc_crypt_static_to_code.js[0m:[93m330[0m:[93m35[0m - [91merror[0m[90m TS7006: [0mParameter 'index' implicitly has an 'any' type.

[7m330[0m    OptionalChainingPunctuator(str,index) {
[7m   [0m [91m                                  ~~~~~[0m

[96mjavascript/group3/js_enc_crypt_static_to_code.js[0m:[93m332[0m:[93m23[0m - [91merror[0m[90m TS2339: [0mProperty 'DecimalDigit' does not exist on type 'ecma_12_7'.

[7m332[0m      let num_len=this.DecimalDigit(str,index+2);
[7m   [0m [91m                      ~~~~~~~~~~~~[0m

[96mjavascript/group3/js_enc_crypt_static_to_code.js[0m:[93m345[0m:[93m20[0m - [91merror[0m[90m TS7006: [0mParameter 'str' implicitly has an 'any' type.

[7m345[0m    OtherPunctuator(str,index) {
[7m   [0m [91m                   ~~~[0m

[96mjavascript/group3/js_enc_crypt_static_to_code.js[0m:[93m345[0m:[93m24[0m - [91merror[0m[90m TS7006: [0mParameter 'index' implicitly has an 'any' type.

[7m345[0m    OtherPunctuator(str,index) {
[7m   [0m [91m                       ~~~~~[0m

[96mjavascript/group3/js_enc_crypt_static_to_code.js[0m:[93m358[0m:[93m18[0m - [91merror[0m[90m TS7006: [0mParameter 'str' implicitly has an 'any' type.

[7m358[0m    DivPunctuator(str,index) {
[7m   [0m [91m                 ~~~[0m

[96mjavascript/group3/js_enc_crypt_static_to_code.js[0m:[93m358[0m:[93m22[0m - [91merror[0m[90m TS7006: [0mParameter 'index' implicitly has an 'any' type.

[7m358[0m    DivPunctuator(str,index) {
[7m   [0m [91m                     ~~~~~[0m

[96mjavascript/group3/js_enc_crypt_static_to_code.js[0m:[93m370[0m:[93m25[0m - [91merror[0m[90m TS7006: [0mParameter 'str' implicitly has an 'any' type.

[7m370[0m    RightBracePunctuator(str,index) {
[7m   [0m [91m                        ~~~[0m

[96mjavascript/group3/js_enc_crypt_static_to_code.js[0m:[93m370[0m:[93m29[0m - [91merror[0m[90m TS7006: [0mParameter 'index' implicitly has an 'any' type.

[7m370[0m    RightBracePunctuator(str,index) {
[7m   [0m [91m                            ~~~~~[0m

[96mjavascript/group3/js_enc_crypt_static_to_code.js[0m:[93m379[0m:[93m18[0m - [91merror[0m[90m TS2551: [0mProperty '_the' does not exist on type 'typeof ecma_12_8'. Did you mean 'the'?

[7m379[0m     if(ecma_12_8._the)
[7m   [0m [91m                 ~~~~[0m

  [96mjavascript/group3/js_enc_crypt_static_to_code.js[0m:[93m378[0m:[93m11[0m
    [7m378[0m    static the() {
    [7m   [0m [96m          ~~~[0m
    'the' is declared here.

[96mjavascript/group3/js_enc_crypt_static_to_code.js[0m:[93m380[0m:[93m23[0m - [91merror[0m[90m TS2551: [0mProperty '_the' does not exist on type 'typeof ecma_12_8'. Did you mean 'the'?

[7m380[0m      return ecma_12_8._the;
[7m   [0m [91m                      ~~~~[0m

  [96mjavascript/group3/js_enc_crypt_static_to_code.js[0m:[93m378[0m:[93m11[0m
    [7m378[0m    static the() {
    [7m   [0m [96m          ~~~[0m
    'the' is declared here.

[96mjavascript/group3/js_enc_crypt_static_to_code.js[0m:[93m381[0m:[93m15[0m - [91merror[0m[90m TS2551: [0mProperty '_the' does not exist on type 'typeof ecma_12_8'. Did you mean 'the'?

[7m381[0m     ecma_12_8._the=new ecma_12_8;
[7m   [0m [91m              ~~~~[0m

  [96mjavascript/group3/js_enc_crypt_static_to_code.js[0m:[93m378[0m:[93m11[0m
    [7m378[0m    static the() {
    [7m   [0m [96m          ~~~[0m
    'the' is declared here.

[96mjavascript/group3/js_enc_crypt_static_to_code.js[0m:[93m384[0m:[93m28[0m - [91merror[0m[90m TS7006: [0mParameter 'root' implicitly has an 'any' type.

[7m384[0m    static _forward_imports(root) {
[7m   [0m [91m                           ~~~~[0m

[96mjavascript/group3/js_enc_crypt_static_to_code.js[0m:[93m388[0m:[93m35[0m - [91merror[0m[90m TS7006: [0mParameter 'str' implicitly has an 'any' type.

[7m388[0m    RegularExpressionNonTerminator(str) {
[7m   [0m [91m                                  ~~~[0m

[96mjavascript/group3/js_enc_crypt_static_to_code.js[0m:[93m389[0m:[93m19[0m - [91merror[0m[90m TS2339: [0mProperty 'LineTerminator' does not exist on type 'ecma_12_8'.

[7m389[0m     let _val=this.LineTerminator(str);
[7m   [0m [91m                  ~~~~~~~~~~~~~~[0m

[96mjavascript/group3/js_enc_crypt_static_to_code.js[0m:[93m397[0m:[93m19[0m - [91merror[0m[90m TS7006: [0mParameter 'root' implicitly has an 'any' type.

[7m397[0m    static _attach(root) {
[7m   [0m [91m                  ~~~~[0m

[96mjavascript/group3/js_enc_crypt_static_to_code.js[0m:[93m401[0m:[93m17[0m - [91merror[0m[90m TS7006: [0mParameter 'str' implicitly has an 'any' type.

[7m401[0m    DecimalDigit(str,index) {
[7m   [0m [91m                ~~~[0m

[96mjavascript/group3/js_enc_crypt_static_to_code.js[0m:[93m401[0m:[93m21[0m - [91merror[0m[90m TS7006: [0mParameter 'index' implicitly has an 'any' type.

[7m401[0m    DecimalDigit(str,index) {
[7m   [0m [91m                    ~~~~~[0m

[96mjavascript/group3/js_enc_crypt_static_to_code.js[0m:[93m407[0m:[93m19[0m - [91merror[0m[90m TS7006: [0mParameter 'str' implicitly has an 'any' type.

[7m407[0m    NumericLiteral(str,index) {
[7m   [0m [91m                  ~~~[0m

[96mjavascript/group3/js_enc_crypt_static_to_code.js[0m:[93m407[0m:[93m23[0m - [91merror[0m[90m TS7006: [0mParameter 'index' implicitly has an 'any' type.

[7m407[0m    NumericLiteral(str,index) {
[7m   [0m [91m                      ~~~~~[0m

[96mjavascript/group3/js_enc_crypt_static_to_code.js[0m:[93m414[0m:[93m19[0m - [91merror[0m[90m TS7006: [0mParameter 'str' implicitly has an 'any' type.

[7m414[0m    DecimalLiteral(str,index) {
[7m   [0m [91m                  ~~~[0m

[96mjavascript/group3/js_enc_crypt_static_to_code.js[0m:[93m414[0m:[93m23[0m - [91merror[0m[90m TS7006: [0mParameter 'index' implicitly has an 'any' type.

[7m414[0m    DecimalLiteral(str,index) {
[7m   [0m [91m                      ~~~~~[0m

[96mjavascript/group3/js_enc_crypt_static_to_code.js[0m:[93m431[0m:[93m18[0m - [91merror[0m[90m TS7006: [0mParameter 'str' implicitly has an 'any' type.

[7m431[0m    DecimalDigits(str,index) {
[7m   [0m [91m                 ~~~[0m

[96mjavascript/group3/js_enc_crypt_static_to_code.js[0m:[93m431[0m:[93m22[0m - [91merror[0m[90m TS7006: [0mParameter 'index' implicitly has an 'any' type.

[7m431[0m    DecimalDigits(str,index) {
[7m   [0m [91m                     ~~~~~[0m

[96mjavascript/group3/js_enc_crypt_static_to_code.js[0m:[93m452[0m:[93m17[0m - [91merror[0m[90m TS7006: [0mParameter 'str' implicitly has an 'any' type.

[7m452[0m    NonZeroDigit(str,index) {
[7m   [0m [91m                ~~~[0m

[96mjavascript/group3/js_enc_crypt_static_to_code.js[0m:[93m452[0m:[93m21[0m - [91merror[0m[90m TS7006: [0mParameter 'index' implicitly has an 'any' type.

[7m452[0m    NonZeroDigit(str,index) {
[7m   [0m [91m                    ~~~~~[0m

[96mjavascript/group3/js_enc_crypt_static_to_code.js[0m:[93m458[0m:[93m28[0m - [91merror[0m[90m TS7006: [0mParameter 'str' implicitly has an 'any' type.

[7m458[0m    NumericLiteralSeparator(str,index) {
[7m   [0m [91m                           ~~~[0m

[96mjavascript/group3/js_enc_crypt_static_to_code.js[0m:[93m458[0m:[93m32[0m - [91merror[0m[90m TS7006: [0mParameter 'index' implicitly has an 'any' type.

[7m458[0m    NumericLiteralSeparator(str,index) {
[7m   [0m [91m                               ~~~~~[0m

[96mjavascript/group3/js_enc_crypt_static_to_code.js[0m:[93m464[0m:[93m26[0m - [91merror[0m[90m TS6133: [0m'str' is declared but its value is never read.

[7m464[0m    DecimalIntegerLiteral(str,index) {
[7m   [0m [91m                         ~~~[0m

[96mjavascript/group3/js_enc_crypt_static_to_code.js[0m:[93m464[0m:[93m26[0m - [91merror[0m[90m TS7006: [0mParameter 'str' implicitly has an 'any' type.

[7m464[0m    DecimalIntegerLiteral(str,index) {
[7m   [0m [91m                         ~~~[0m

[96mjavascript/group3/js_enc_crypt_static_to_code.js[0m:[93m464[0m:[93m30[0m - [91merror[0m[90m TS6133: [0m'index' is declared but its value is never read.

[7m464[0m    DecimalIntegerLiteral(str,index) {
[7m   [0m [91m                             ~~~~~[0m

[96mjavascript/group3/js_enc_crypt_static_to_code.js[0m:[93m464[0m:[93m30[0m - [91merror[0m[90m TS7006: [0mParameter 'index' implicitly has an 'any' type.

[7m464[0m    DecimalIntegerLiteral(str,index) {
[7m   [0m [91m                             ~~~~~[0m

[96mjavascript/group3/js_enc_crypt_static_to_code.js[0m:[93m468[0m:[93m19[0m - [91merror[0m[90m TS7006: [0mParameter 'root' implicitly has an 'any' type.

[7m468[0m    static _attach(root) {
[7m   [0m [91m                  ~~~~[0m

[96mjavascript/group3/js_enc_crypt_static_to_code.js[0m:[93m475[0m:[93m19[0m - [91merror[0m[90m TS7006: [0mParameter 'root' implicitly has an 'any' type.

[7m475[0m    static _attach(root) {
[7m   [0m [91m                  ~~~~[0m

[96mjavascript/group3/js_enc_crypt_static_to_code.js[0m:[93m515[0m:[93m18[0m - [91merror[0m[90m TS7006: [0mParameter 'str' implicitly has an 'any' type.

[7m515[0m    StringLiteral(str,index) {
[7m   [0m [91m                 ~~~[0m

[96mjavascript/group3/js_enc_crypt_static_to_code.js[0m:[93m515[0m:[93m22[0m - [91merror[0m[90m TS7006: [0mParameter 'index' implicitly has an 'any' type.

[7m515[0m    StringLiteral(str,index) {
[7m   [0m [91m                     ~~~~~[0m

[96mjavascript/group3/js_enc_crypt_static_to_code.js[0m:[93m539[0m:[93m27[0m - [91merror[0m[90m TS7006: [0mParameter 'str' implicitly has an 'any' type.

[7m539[0m    DoubleStringCharacters(str,index) {
[7m   [0m [91m                          ~~~[0m

[96mjavascript/group3/js_enc_crypt_static_to_code.js[0m:[93m539[0m:[93m31[0m - [91merror[0m[90m TS7006: [0mParameter 'index' implicitly has an 'any' type.

[7m539[0m    DoubleStringCharacters(str,index) {
[7m   [0m [91m                              ~~~~~[0m

[96mjavascript/group3/js_enc_crypt_static_to_code.js[0m:[93m551[0m:[93m26[0m - [91merror[0m[90m TS7006: [0mParameter 'str' implicitly has an 'any' type.

[7m551[0m    DoubleStringCharacter(str,index) {
[7m   [0m [91m                         ~~~[0m

[96mjavascript/group3/js_enc_crypt_static_to_code.js[0m:[93m551[0m:[93m30[0m - [91merror[0m[90m TS7006: [0mParameter 'index' implicitly has an 'any' type.

[7m551[0m    DoubleStringCharacter(str,index) {
[7m   [0m [91m                             ~~~~~[0m

[96mjavascript/group3/js_enc_crypt_static_to_code.js[0m:[93m559[0m:[93m19[0m - [91merror[0m[90m TS2339: [0mProperty 'LineTerminator' does not exist on type 'ecma_12_8_4'.

[7m559[0m      let len=this.LineTerminator(str,index);
[7m   [0m [91m                  ~~~~~~~~~~~~~~[0m

[96mjavascript/group3/js_enc_crypt_static_to_code.js[0m:[93m573[0m:[93m13[0m - [91merror[0m[90m TS18048: [0m'esc_len' is possibly 'undefined'.

[7m573[0m      return esc_len+1;
[7m   [0m [91m            ~~~~~~~[0m

[96mjavascript/group3/js_enc_crypt_static_to_code.js[0m:[93m581[0m:[93m27[0m - [91merror[0m[90m TS7006: [0mParameter 'str' implicitly has an 'any' type.

[7m581[0m    SingleStringCharacters(str,index) {
[7m   [0m [91m                          ~~~[0m

[96mjavascript/group3/js_enc_crypt_static_to_code.js[0m:[93m581[0m:[93m31[0m - [91merror[0m[90m TS7006: [0mParameter 'index' implicitly has an 'any' type.

[7m581[0m    SingleStringCharacters(str,index) {
[7m   [0m [91m                              ~~~~~[0m

[96mjavascript/group3/js_enc_crypt_static_to_code.js[0m:[93m593[0m:[93m26[0m - [91merror[0m[90m TS7006: [0mParameter 'str' implicitly has an 'any' type.

[7m593[0m    SingleStringCharacter(str,index) {
[7m   [0m [91m                         ~~~[0m

[96mjavascript/group3/js_enc_crypt_static_to_code.js[0m:[93m593[0m:[93m30[0m - [91merror[0m[90m TS7006: [0mParameter 'index' implicitly has an 'any' type.

[7m593[0m    SingleStringCharacter(str,index) {
[7m   [0m [91m                             ~~~~~[0m

[96mjavascript/group3/js_enc_crypt_static_to_code.js[0m:[93m601[0m:[93m19[0m - [91merror[0m[90m TS2339: [0mProperty 'LineTerminator' does not exist on type 'ecma_12_8_4'.

[7m601[0m      let len=this.LineTerminator(str,index);
[7m   [0m [91m                  ~~~~~~~~~~~~~~[0m

[96mjavascript/group3/js_enc_crypt_static_to_code.js[0m:[93m615[0m:[93m13[0m - [91merror[0m[90m TS18048: [0m'esc_len' is possibly 'undefined'.

[7m615[0m      return esc_len+1;
[7m   [0m [91m            ~~~~~~~[0m

[96mjavascript/group3/js_enc_crypt_static_to_code.js[0m:[93m623[0m:[93m21[0m - [91merror[0m[90m TS7006: [0mParameter 'str' implicitly has an 'any' type.

[7m623[0m    LineContinuation(str,index) {
[7m   [0m [91m                    ~~~[0m

[96mjavascript/group3/js_enc_crypt_static_to_code.js[0m:[93m623[0m:[93m25[0m - [91merror[0m[90m TS7006: [0mParameter 'index' implicitly has an 'any' type.

[7m623[0m    LineContinuation(str,index) {
[7m   [0m [91m                        ~~~~~[0m

[96mjavascript/group3/js_enc_crypt_static_to_code.js[0m:[93m625[0m:[93m22[0m - [91merror[0m[90m TS2339: [0mProperty 'LineTerminatorSequence' does not exist on type 'ecma_12_8_4'.

[7m625[0m      let lt_len=this.LineTerminatorSequence(str,index+1);
[7m   [0m [91m                     ~~~~~~~~~~~~~~~~~~~~~~[0m

[96mjavascript/group3/js_enc_crypt_static_to_code.js[0m:[93m644[0m:[93m19[0m - [91merror[0m[90m TS7006: [0mParameter 'str' implicitly has an 'any' type.

[7m644[0m    EscapeSequence(str,index) {
[7m   [0m [91m                  ~~~[0m

[96mjavascript/group3/js_enc_crypt_static_to_code.js[0m:[93m644[0m:[93m23[0m - [91merror[0m[90m TS7006: [0mParameter 'index' implicitly has an 'any' type.

[7m644[0m    EscapeSequence(str,index) {
[7m   [0m [91m                      ~~~~~[0m

[96mjavascript/group3/js_enc_crypt_static_to_code.js[0m:[93m646[0m:[93m8[0m - [91merror[0m[90m TS18048: [0m'len' is possibly 'undefined'.

[7m646[0m     if(len>0) {
[7m   [0m [91m       ~~~[0m

[96mjavascript/group3/js_enc_crypt_static_to_code.js[0m:[93m651[0m:[93m21[0m - [91merror[0m[90m TS2339: [0mProperty 'DecimalDigit' does not exist on type 'ecma_12_8_4'.

[7m651[0m       let peek=this.DecimalDigit(str,index);
[7m   [0m [91m                    ~~~~~~~~~~~~[0m

[96mjavascript/group3/js_enc_crypt_static_to_code.js[0m:[93m660[0m:[93m8[0m - [91merror[0m[90m TS18048: [0m'len' is possibly 'undefined'.

[7m660[0m     if(len>0) {
[7m   [0m [91m       ~~~[0m

[96mjavascript/group3/js_enc_crypt_static_to_code.js[0m:[93m664[0m:[93m8[0m - [91merror[0m[90m TS18048: [0m'len' is possibly 'undefined'.

[7m664[0m     if(len>0) {
[7m   [0m [91m       ~~~[0m

[96mjavascript/group3/js_enc_crypt_static_to_code.js[0m:[93m668[0m:[93m8[0m - [91merror[0m[90m TS18048: [0m'len' is possibly 'undefined'.

[7m668[0m     if(len>0) {
[7m   [0m [91m       ~~~[0m

[96mjavascript/group3/js_enc_crypt_static_to_code.js[0m:[93m677[0m:[93m4[0m - [91merror[0m[90m TS7030: [0mNot all code paths return a value.

[7m677[0m    CharacterEscapeSequence(str,index) {
[7m   [0m [91m   ~~~~~~~~~~~~~~~~~~~~~~~[0m

[96mjavascript/group3/js_enc_crypt_static_to_code.js[0m:[93m677[0m:[93m28[0m - [91merror[0m[90m TS7006: [0mParameter 'str' implicitly has an 'any' type.

[7m677[0m    CharacterEscapeSequence(str,index) {
[7m   [0m [91m                           ~~~[0m

[96mjavascript/group3/js_enc_crypt_static_to_code.js[0m:[93m677[0m:[93m32[0m - [91merror[0m[90m TS7006: [0mParameter 'index' implicitly has an 'any' type.

[7m677[0m    CharacterEscapeSequence(str,index) {
[7m   [0m [91m                               ~~~~~[0m

[96mjavascript/group3/js_enc_crypt_static_to_code.js[0m:[93m679[0m:[93m8[0m - [91merror[0m[90m TS18048: [0m'len' is possibly 'undefined'.

[7m679[0m     if(len>0) {
[7m   [0m [91m       ~~~[0m

[96mjavascript/group3/js_enc_crypt_static_to_code.js[0m:[93m687[0m:[93m4[0m - [91merror[0m[90m TS7030: [0mNot all code paths return a value.

[7m687[0m    SingleEscapeCharacter(str,index) {
[7m   [0m [91m   ~~~~~~~~~~~~~~~~~~~~~[0m

[96mjavascript/group3/js_enc_crypt_static_to_code.js[0m:[93m687[0m:[93m26[0m - [91merror[0m[90m TS7006: [0mParameter 'str' implicitly has an 'any' type.

[7m687[0m    SingleEscapeCharacter(str,index) {
[7m   [0m [91m                         ~~~[0m

[96mjavascript/group3/js_enc_crypt_static_to_code.js[0m:[93m687[0m:[93m30[0m - [91merror[0m[90m TS7006: [0mParameter 'index' implicitly has an 'any' type.

[7m687[0m    SingleEscapeCharacter(str,index) {
[7m   [0m [91m                             ~~~~~[0m

[96mjavascript/group3/js_enc_crypt_static_to_code.js[0m:[93m695[0m:[93m23[0m - [91merror[0m[90m TS7006: [0mParameter 'str' implicitly has an 'any' type.

[7m695[0m    NonEscapeCharacter(str,index) {
[7m   [0m [91m                      ~~~[0m

[96mjavascript/group3/js_enc_crypt_static_to_code.js[0m:[93m695[0m:[93m27[0m - [91merror[0m[90m TS7006: [0mParameter 'index' implicitly has an 'any' type.

[7m695[0m    NonEscapeCharacter(str,index) {
[7m   [0m [91m                          ~~~~~[0m

[96mjavascript/group3/js_enc_crypt_static_to_code.js[0m:[93m699[0m:[93m13[0m - [91merror[0m[90m TS2339: [0mProperty 'LineTerminator' does not exist on type 'ecma_12_8_4'.

[7m699[0m     if(this.LineTerminator(str,index)) {
[7m   [0m [91m            ~~~~~~~~~~~~~~[0m

[96mjavascript/group3/js_enc_crypt_static_to_code.js[0m:[93m704[0m:[93m20[0m - [91merror[0m[90m TS7006: [0mParameter 'str' implicitly has an 'any' type.

[7m704[0m    EscapeCharacter(str,index) {
[7m   [0m [91m                   ~~~[0m

[96mjavascript/group3/js_enc_crypt_static_to_code.js[0m:[93m704[0m:[93m24[0m - [91merror[0m[90m TS7006: [0mParameter 'index' implicitly has an 'any' type.

[7m704[0m    EscapeCharacter(str,index) {
[7m   [0m [91m                       ~~~~~[0m

[96mjavascript/group3/js_enc_crypt_static_to_code.js[0m:[93m706[0m:[93m19[0m - [91merror[0m[90m TS2339: [0mProperty 'DecimalDigit' does not exist on type 'ecma_12_8_4'.

[7m706[0m     let len1=this.DecimalDigit(str,index);
[7m   [0m [91m                  ~~~~~~~~~~~~[0m

[96mjavascript/group3/js_enc_crypt_static_to_code.js[0m:[93m707[0m:[93m9[0m - [91merror[0m[90m TS6133: [0m'act' is declared but its value is never read.

[7m707[0m     let act=0;
[7m   [0m [91m        ~~~[0m

[96mjavascript/group3/js_enc_crypt_static_to_code.js[0m:[93m708[0m:[93m8[0m - [91merror[0m[90m TS18048: [0m'len0' is possibly 'undefined'.

[7m708[0m     if(len0>len1) {
[7m   [0m [91m       ~~~~[0m

[96mjavascript/group3/js_enc_crypt_static_to_code.js[0m:[93m714[0m:[93m8[0m - [91merror[0m[90m TS18048: [0m'len0' is possibly 'undefined'.

[7m714[0m     if(len0>0&&len0>=len1) {
[7m   [0m [91m       ~~~~[0m

[96mjavascript/group3/js_enc_crypt_static_to_code.js[0m:[93m714[0m:[93m16[0m - [91merror[0m[90m TS18048: [0m'len0' is possibly 'undefined'.

[7m714[0m     if(len0>0&&len0>=len1) {
[7m   [0m [91m               ~~~~[0m

[96mjavascript/group3/js_enc_crypt_static_to_code.js[0m:[93m717[0m:[93m21[0m - [91merror[0m[90m TS18048: [0m'len0' is possibly 'undefined'.

[7m717[0m     if(len1>0&&len1>len0) {
[7m   [0m [91m                    ~~~~[0m

[96mjavascript/group3/js_enc_crypt_static_to_code.js[0m:[93m728[0m:[93m4[0m - [91merror[0m[90m TS7030: [0mNot all code paths return a value.

[7m728[0m    LegacyOctalEscapeSequence(str,index) {
[7m   [0m [91m   ~~~~~~~~~~~~~~~~~~~~~~~~~[0m

[96mjavascript/group3/js_enc_crypt_static_to_code.js[0m:[93m728[0m:[93m30[0m - [91merror[0m[90m TS7006: [0mParameter 'str' implicitly has an 'any' type.

[7m728[0m    LegacyOctalEscapeSequence(str,index) {
[7m   [0m [91m                             ~~~[0m

[96mjavascript/group3/js_enc_crypt_static_to_code.js[0m:[93m728[0m:[93m34[0m - [91merror[0m[90m TS7006: [0mParameter 'index' implicitly has an 'any' type.

[7m728[0m    LegacyOctalEscapeSequence(str,index) {
[7m   [0m [91m                                 ~~~~~[0m

[96mjavascript/group3/js_enc_crypt_static_to_code.js[0m:[93m740[0m:[93m22[0m - [91merror[0m[90m TS2339: [0mProperty 'OctalDigit' does not exist on type 'ecma_12_8_4'.

[7m740[0m       let n_len=this.OctalDigit(str,index+1);
[7m   [0m [91m                     ~~~~~~~~~~[0m

[96mjavascript/group3/js_enc_crypt_static_to_code.js[0m:[93m749[0m:[93m9[0m - [91merror[0m[90m TS18048: [0m'len' is possibly 'undefined'.

[7m749[0m      if(len>0) {
[7m   [0m [91m        ~~~[0m

[96mjavascript/group3/js_enc_crypt_static_to_code.js[0m:[93m750[0m:[93m16[0m - [91merror[0m[90m TS2339: [0mProperty 'OctalDigit' does not exist on type 'ecma_12_8_4'.

[7m750[0m       len=this.OctalDigit(str,index+1);
[7m   [0m [91m               ~~~~~~~~~~[0m

[96mjavascript/group3/js_enc_crypt_static_to_code.js[0m:[93m751[0m:[93m10[0m - [91merror[0m[90m TS18048: [0m'len' is possibly 'undefined'.

[7m751[0m       if(len>0) {
[7m   [0m [91m         ~~~[0m

[96mjavascript/group3/js_enc_crypt_static_to_code.js[0m:[93m752[0m:[93m23[0m - [91merror[0m[90m TS2339: [0mProperty 'OctalDigit' does not exist on type 'ecma_12_8_4'.

[7m752[0m        let n_len=this.OctalDigit(str,index+2);
[7m   [0m [91m                      ~~~~~~~~~~[0m

[96mjavascript/group3/js_enc_crypt_static_to_code.js[0m:[93m762[0m:[93m9[0m - [91merror[0m[90m TS18048: [0m'len' is possibly 'undefined'.

[7m762[0m      if(len>0) {
[7m   [0m [91m        ~~~[0m

[96mjavascript/group3/js_enc_crypt_static_to_code.js[0m:[93m763[0m:[93m16[0m - [91merror[0m[90m TS2339: [0mProperty 'OctalDigit' does not exist on type 'ecma_12_8_4'.

[7m763[0m       len=this.OctalDigit(str,index+1);
[7m   [0m [91m               ~~~~~~~~~~[0m

[96mjavascript/group3/js_enc_crypt_static_to_code.js[0m:[93m764[0m:[93m10[0m - [91merror[0m[90m TS18048: [0m'len' is possibly 'undefined'.

[7m764[0m       if(len>0) {
[7m   [0m [91m         ~~~[0m

[96mjavascript/group3/js_enc_crypt_static_to_code.js[0m:[93m774[0m:[93m15[0m - [91merror[0m[90m TS2339: [0mProperty 'OctalDigit' does not exist on type 'ecma_12_8_4'.

[7m774[0m      len=this.OctalDigit(str,index+1);
[7m   [0m [91m              ~~~~~~~~~~[0m

[96mjavascript/group3/js_enc_crypt_static_to_code.js[0m:[93m778[0m:[93m15[0m - [91merror[0m[90m TS2339: [0mProperty 'OctalDigit' does not exist on type 'ecma_12_8_4'.

[7m778[0m      len=this.OctalDigit(str,index+2);
[7m   [0m [91m              ~~~~~~~~~~[0m

[96mjavascript/group3/js_enc_crypt_static_to_code.js[0m:[93m786[0m:[93m22[0m - [91merror[0m[90m TS7006: [0mParameter 'str' implicitly has an 'any' type.

[7m786[0m    NonZeroOctalDigit(str,index) {
[7m   [0m [91m                     ~~~[0m

[96mjavascript/group3/js_enc_crypt_static_to_code.js[0m:[93m786[0m:[93m26[0m - [91merror[0m[90m TS7006: [0mParameter 'index' implicitly has an 'any' type.

[7m786[0m    NonZeroOctalDigit(str,index) {
[7m   [0m [91m                         ~~~~~[0m

[96mjavascript/group3/js_enc_crypt_static_to_code.js[0m:[93m790[0m:[93m18[0m - [91merror[0m[90m TS2339: [0mProperty 'OctalDigit' does not exist on type 'ecma_12_8_4'.

[7m790[0m     let len=this.OctalDigit(str,index);
[7m   [0m [91m                 ~~~~~~~~~~[0m

[96mjavascript/group3/js_enc_crypt_static_to_code.js[0m:[93m796[0m:[93m4[0m - [91merror[0m[90m TS7030: [0mNot all code paths return a value.

[7m796[0m    ZeroToThree(str,index) {
[7m   [0m [91m   ~~~~~~~~~~~[0m

[96mjavascript/group3/js_enc_crypt_static_to_code.js[0m:[93m796[0m:[93m16[0m - [91merror[0m[90m TS7006: [0mParameter 'str' implicitly has an 'any' type.

[7m796[0m    ZeroToThree(str,index) {
[7m   [0m [91m               ~~~[0m

[96mjavascript/group3/js_enc_crypt_static_to_code.js[0m:[93m796[0m:[93m20[0m - [91merror[0m[90m TS7006: [0mParameter 'index' implicitly has an 'any' type.

[7m796[0m    ZeroToThree(str,index) {
[7m   [0m [91m                   ~~~~~[0m

[96mjavascript/group3/js_enc_crypt_static_to_code.js[0m:[93m803[0m:[93m4[0m - [91merror[0m[90m TS7030: [0mNot all code paths return a value.

[7m803[0m    FourToSeven(str,index) {
[7m   [0m [91m   ~~~~~~~~~~~[0m

[96mjavascript/group3/js_enc_crypt_static_to_code.js[0m:[93m803[0m:[93m16[0m - [91merror[0m[90m TS7006: [0mParameter 'str' implicitly has an 'any' type.

[7m803[0m    FourToSeven(str,index) {
[7m   [0m [91m               ~~~[0m

[96mjavascript/group3/js_enc_crypt_static_to_code.js[0m:[93m803[0m:[93m20[0m - [91merror[0m[90m TS7006: [0mParameter 'index' implicitly has an 'any' type.

[7m803[0m    FourToSeven(str,index) {
[7m   [0m [91m                   ~~~~~[0m

[96mjavascript/group3/js_enc_crypt_static_to_code.js[0m:[93m810[0m:[93m4[0m - [91merror[0m[90m TS7030: [0mNot all code paths return a value.

[7m810[0m    NonOctalDecimalEscapeSequence(str,index) {
[7m   [0m [91m   ~~~~~~~~~~~~~~~~~~~~~~~~~~~~~[0m

[96mjavascript/group3/js_enc_crypt_static_to_code.js[0m:[93m810[0m:[93m34[0m - [91merror[0m[90m TS7006: [0mParameter 'str' implicitly has an 'any' type.

[7m810[0m    NonOctalDecimalEscapeSequence(str,index) {
[7m   [0m [91m                                 ~~~[0m

[96mjavascript/group3/js_enc_crypt_static_to_code.js[0m:[93m810[0m:[93m38[0m - [91merror[0m[90m TS7006: [0mParameter 'index' implicitly has an 'any' type.

[7m810[0m    NonOctalDecimalEscapeSequence(str,index) {
[7m   [0m [91m                                     ~~~~~[0m

[96mjavascript/group3/js_enc_crypt_static_to_code.js[0m:[93m815[0m:[93m4[0m - [91merror[0m[90m TS7030: [0mNot all code paths return a value.

[7m815[0m    HexEscapeSequence(str,index) {
[7m   [0m [91m   ~~~~~~~~~~~~~~~~~[0m

[96mjavascript/group3/js_enc_crypt_static_to_code.js[0m:[93m815[0m:[93m22[0m - [91merror[0m[90m TS7006: [0mParameter 'str' implicitly has an 'any' type.

[7m815[0m    HexEscapeSequence(str,index) {
[7m   [0m [91m                     ~~~[0m

[96mjavascript/group3/js_enc_crypt_static_to_code.js[0m:[93m815[0m:[93m26[0m - [91merror[0m[90m TS7006: [0mParameter 'index' implicitly has an 'any' type.

[7m815[0m    HexEscapeSequence(str,index) {
[7m   [0m [91m                         ~~~~~[0m

[96mjavascript/group3/js_enc_crypt_static_to_code.js[0m:[93m817[0m:[93m19[0m - [91merror[0m[90m TS2551: [0mProperty 'HexDigit' does not exist on type 'ecma_12_8_4'. Did you mean 'Hex4Digits'?

[7m817[0m      let len=this.HexDigit(str,index);
[7m   [0m [91m                  ~~~~~~~~[0m

  [96mjavascript/group3/js_enc_crypt_static_to_code.js[0m:[93m850[0m:[93m4[0m
    [7m850[0m    Hex4Digits(str,index) {
    [7m   [0m [96m   ~~~~~~~~~~[0m
    'Hex4Digits' is declared here.

[96mjavascript/group3/js_enc_crypt_static_to_code.js[0m:[93m821[0m:[93m15[0m - [91merror[0m[90m TS2551: [0mProperty 'HexDigit' does not exist on type 'ecma_12_8_4'. Did you mean 'Hex4Digits'?

[7m821[0m      len=this.HexDigit(str,index+1);
[7m   [0m [91m              ~~~~~~~~[0m

  [96mjavascript/group3/js_enc_crypt_static_to_code.js[0m:[93m850[0m:[93m4[0m
    [7m850[0m    Hex4Digits(str,index) {
    [7m   [0m [96m   ~~~~~~~~~~[0m
    'Hex4Digits' is declared here.

[96mjavascript/group3/js_enc_crypt_static_to_code.js[0m:[93m828[0m:[93m26[0m - [91merror[0m[90m TS7006: [0mParameter 'str' implicitly has an 'any' type.

[7m828[0m    UnicodeEscapeSequence(str,index) {
[7m   [0m [91m                         ~~~[0m

[96mjavascript/group3/js_enc_crypt_static_to_code.js[0m:[93m828[0m:[93m30[0m - [91merror[0m[90m TS7006: [0mParameter 'index' implicitly has an 'any' type.

[7m828[0m    UnicodeEscapeSequence(str,index) {
[7m   [0m [91m                             ~~~~~[0m

[96mjavascript/group3/js_enc_crypt_static_to_code.js[0m:[93m839[0m:[93m19[0m - [91merror[0m[90m TS2339: [0mProperty 'CodePoint' does not exist on type 'ecma_12_8_4'.

[7m839[0m      let len=this.CodePoint(str,index+off);
[7m   [0m [91m                  ~~~~~~~~~[0m

[96mjavascript/group3/js_enc_crypt_static_to_code.js[0m:[93m850[0m:[93m15[0m - [91merror[0m[90m TS7006: [0mParameter 'str' implicitly has an 'any' type.

[7m850[0m    Hex4Digits(str,index) {
[7m   [0m [91m              ~~~[0m

[96mjavascript/group3/js_enc_crypt_static_to_code.js[0m:[93m850[0m:[93m19[0m - [91merror[0m[90m TS7006: [0mParameter 'index' implicitly has an 'any' type.

[7m850[0m    Hex4Digits(str,index) {
[7m   [0m [91m                  ~~~~~[0m

[96mjavascript/group3/js_enc_crypt_static_to_code.js[0m:[93m851[0m:[93m18[0m - [91merror[0m[90m TS2551: [0mProperty 'HexDigit' does not exist on type 'ecma_12_8_4'. Did you mean 'Hex4Digits'?

[7m851[0m     let len=this.HexDigit(str,index);
[7m   [0m [91m                 ~~~~~~~~[0m

  [96mjavascript/group3/js_enc_crypt_static_to_code.js[0m:[93m850[0m:[93m4[0m
    [7m850[0m    Hex4Digits(str,index) {
    [7m   [0m [96m   ~~~~~~~~~~[0m
    'Hex4Digits' is declared here.

[96mjavascript/group3/js_enc_crypt_static_to_code.js[0m:[93m855[0m:[93m14[0m - [91merror[0m[90m TS2551: [0mProperty 'HexDigit' does not exist on type 'ecma_12_8_4'. Did you mean 'Hex4Digits'?

[7m855[0m     len=this.HexDigit(str,index);
[7m   [0m [91m             ~~~~~~~~[0m

  [96mjavascript/group3/js_enc_crypt_static_to_code.js[0m:[93m850[0m:[93m4[0m
    [7m850[0m    Hex4Digits(str,index) {
    [7m   [0m [96m   ~~~~~~~~~~[0m
    'Hex4Digits' is declared here.

[96mjavascript/group3/js_enc_crypt_static_to_code.js[0m:[93m856[0m:[93m9[0m - [91merror[0m[90m TS2304: [0mCannot find name 'len0'.

[7m856[0m     if(!len0) {
[7m   [0m [91m        ~~~~[0m

[96mjavascript/group3/js_enc_crypt_static_to_code.js[0m:[93m859[0m:[93m14[0m - [91merror[0m[90m TS2551: [0mProperty 'HexDigit' does not exist on type 'ecma_12_8_4'. Did you mean 'Hex4Digits'?

[7m859[0m     len=this.HexDigit(str,index);
[7m   [0m [91m             ~~~~~~~~[0m

  [96mjavascript/group3/js_enc_crypt_static_to_code.js[0m:[93m850[0m:[93m4[0m
    [7m850[0m    Hex4Digits(str,index) {
    [7m   [0m [96m   ~~~~~~~~~~[0m
    'Hex4Digits' is declared here.

[96mjavascript/group3/js_enc_crypt_static_to_code.js[0m:[93m863[0m:[93m14[0m - [91merror[0m[90m TS2551: [0mProperty 'HexDigit' does not exist on type 'ecma_12_8_4'. Did you mean 'Hex4Digits'?

[7m863[0m     len=this.HexDigit(str,index);
[7m   [0m [91m             ~~~~~~~~[0m

  [96mjavascript/group3/js_enc_crypt_static_to_code.js[0m:[93m850[0m:[93m4[0m
    [7m850[0m    Hex4Digits(str,index) {
    [7m   [0m [96m   ~~~~~~~~~~[0m
    'Hex4Digits' is declared here.

[96mjavascript/group3/js_enc_crypt_static_to_code.js[0m:[93m874[0m:[93m13[0m - [91merror[0m[90m TS7006: [0mParameter 'str' implicitly has an 'any' type.

[7m874[0m    Template(str,index) {
[7m   [0m [91m            ~~~[0m

[96mjavascript/group3/js_enc_crypt_static_to_code.js[0m:[93m874[0m:[93m17[0m - [91merror[0m[90m TS6133: [0m'index' is declared but its value is never read.

[7m874[0m    Template(str,index) {
[7m   [0m [91m                ~~~~~[0m

[96mjavascript/group3/js_enc_crypt_static_to_code.js[0m:[93m874[0m:[93m17[0m - [91merror[0m[90m TS7006: [0mParameter 'index' implicitly has an 'any' type.

[7m874[0m    Template(str,index) {
[7m   [0m [91m                ~~~~~[0m

[96mjavascript/group3/js_enc_crypt_static_to_code.js[0m:[93m887[0m:[93m5[0m - [91merror[0m[90m TS7008: [0mMember 'export_list' implicitly has an 'any[]' type.

[7m887[0m     this.export_list=[];
[7m   [0m [91m    ~~~~~~~~~~~~~~~~~~~[0m

[96mjavascript/group3/js_enc_crypt_static_to_code.js[0m:[93m904[0m:[93m24[0m - [91merror[0m[90m TS7006: [0mParameter 'fn_name' implicitly has an 'any' type.

[7m904[0m    static _pull_import(fn_name) {
[7m   [0m [91m                       ~~~~~~~[0m

[96mjavascript/group3/js_enc_crypt_static_to_code.js[0m:[93m905[0m:[93m13[0m - [91merror[0m[90m TS2532: [0mObject is possibly 'undefined'.

[7m905[0m     let mat=this.export_list.find(e => e[2].includes(fn_name));
[7m   [0m [91m            ~~~~~~~~~~~~~~~~[0m

[96mjavascript/group3/js_enc_crypt_static_to_code.js[0m:[93m913[0m:[93m18[0m - [91merror[0m[90m TS7006: [0mParameter 'name' implicitly has an 'any' type.

[7m913[0m    static import(name) {
[7m   [0m [91m                 ~~~~[0m

[96mjavascript/group3/js_enc_crypt_static_to_code.js[0m:[93m919[0m:[93m13[0m - [91merror[0m[90m TS2532: [0mObject is possibly 'undefined'.

[7m919[0m     let mat=this.export_list.find(e => e[1]===toc&&e[2].includes(fn));
[7m   [0m [91m            ~~~~~~~~~~~~~~~~[0m

[96mjavascript/group3/js_enc_crypt_static_to_code.js[0m:[93m923[0m:[93m18[0m - [91merror[0m[90m TS7006: [0mParameter '_class' implicitly has an 'any' type.

[7m923[0m    static export(_class,toc_loc,name_vec) {
[7m   [0m [91m                 ~~~~~~[0m

[96mjavascript/group3/js_enc_crypt_static_to_code.js[0m:[93m923[0m:[93m25[0m - [91merror[0m[90m TS7006: [0mParameter 'toc_loc' implicitly has an 'any' type.

[7m923[0m    static export(_class,toc_loc,name_vec) {
[7m   [0m [91m                        ~~~~~~~[0m

[96mjavascript/group3/js_enc_crypt_static_to_code.js[0m:[93m923[0m:[93m33[0m - [91merror[0m[90m TS7006: [0mParameter 'name_vec' implicitly has an 'any' type.

[7m923[0m    static export(_class,toc_loc,name_vec) {
[7m   [0m [91m                                ~~~~~~~~[0m

[96mjavascript/group3/js_enc_crypt_static_to_code.js[0m:[93m926[0m:[93m5[0m - [91merror[0m[90m TS2532: [0mObject is possibly 'undefined'.

[7m926[0m     this.export_list.push([_class,toc_loc,name_vec]);
[7m   [0m [91m    ~~~~~~~~~~~~~~~~[0m

[96mjavascript/group3/js_enc_crypt_static_to_code.js[0m:[93m928[0m:[93m28[0m - [91merror[0m[90m TS7006: [0mParameter 'trg_class' implicitly has an 'any' type.

[7m928[0m    static import_all_items(trg_class) {
[7m   [0m [91m                           ~~~~~~~~~[0m

[96mjavascript/group3/js_enc_crypt_static_to_code.js[0m:[93m932[0m:[93m23[0m - [91merror[0m[90m TS18048: [0m'arr' is possibly 'undefined'.

[7m932[0m     rt: for(let i=0;i<arr.length;i++) {
[7m   [0m [91m                      ~~~[0m

[96mjavascript/group3/js_enc_crypt_static_to_code.js[0m:[93m933[0m:[93m14[0m - [91merror[0m[90m TS18048: [0m'arr' is possibly 'undefined'.

[7m933[0m      let cur=arr[i];
[7m   [0m [91m             ~~~[0m

[96mjavascript/group3/js_enc_crypt_static_to_code.js[0m:[93m947[0m:[93m22[0m - [91merror[0m[90m TS7006: [0mParameter 'toc_loc' implicitly has an 'any' type.

[7m947[0m    static import_all(toc_loc,trg_class) {
[7m   [0m [91m                     ~~~~~~~[0m

[96mjavascript/group3/js_enc_crypt_static_to_code.js[0m:[93m947[0m:[93m30[0m - [91merror[0m[90m TS7006: [0mParameter 'trg_class' implicitly has an 'any' type.

[7m947[0m    static import_all(toc_loc,trg_class) {
[7m   [0m [91m                             ~~~~~~~~~[0m

[96mjavascript/group3/js_enc_crypt_static_to_code.js[0m:[93m950[0m:[93m13[0m - [91merror[0m[90m TS2532: [0mObject is possibly 'undefined'.

[7m950[0m     let arr=this.export_list.filter(e => e[1]===toc_loc);
[7m   [0m [91m            ~~~~~~~~~~~~~~~~[0m

[96mjavascript/group3/js_enc_crypt_static_to_code.js[0m:[93m964[0m:[93m16[0m - [91merror[0m[90m TS6133: [0m'str' is declared but its value is never read.

[7m964[0m    constructor(str) {
[7m   [0m [91m               ~~~[0m

[96mjavascript/group3/js_enc_crypt_static_to_code.js[0m:[93m964[0m:[93m16[0m - [91merror[0m[90m TS7006: [0mParameter 'str' implicitly has an 'any' type.

[7m964[0m    constructor(str) {
[7m   [0m [91m               ~~~[0m

[96mjavascript/group3/js_enc_crypt_static_to_code.js[0m:[93m968[0m:[93m19[0m - [91merror[0m[90m TS7006: [0mParameter 'token_value' implicitly has an 'any' type.

[7m968[0m    describe_token(token_value) {
[7m   [0m [91m                  ~~~~~~~~~~~[0m

[96mjavascript/group3/js_enc_crypt_static_to_code.js[0m:[93m972[0m:[93m12[0m - [91merror[0m[90m TS7006: [0mParameter 'string' implicitly has an 'any' type.

[7m972[0m    set_str(string) {
[7m   [0m [91m           ~~~~~~[0m

[96mjavascript/group3/js_enc_crypt_static_to_code.js[0m:[93m978[0m:[93m4[0m - [91merror[0m[90m TS7030: [0mNot all code paths return a value.

[7m978[0m    next_token() {
[7m   [0m [91m   ~~~~~~~~~~[0m

[96mjavascript/group3/js_enc_crypt_static_to_code.js[0m:[93m979[0m:[93m9[0m - [91merror[0m[90m TS6133: [0m'tok_arr' is declared but its value is never read.

[7m979[0m     let tok_arr=[];
[7m   [0m [91m        ~~~~~~~[0m

[96mjavascript/group3/js_enc_crypt_static_to_code.js[0m:[93m999[0m:[93m20[0m - [91merror[0m[90m TS7006: [0mParameter 'str' implicitly has an 'any' type.

[7m999[0m    InputElementDiv(str,index) {
[7m   [0m [91m                   ~~~[0m

[96mjavascript/group3/js_enc_crypt_static_to_code.js[0m:[93m999[0m:[93m24[0m - [91merror[0m[90m TS7006: [0mParameter 'index' implicitly has an 'any' type.

[7m999[0m    InputElementDiv(str,index) {
[7m   [0m [91m                       ~~~~~[0m

[96mjavascript/group3/js_enc_crypt_static_to_code.js[0m:[93m1003[0m:[93m5[0m - [91merror[0m[90m TS6199: [0mAll variables are unused.

[7m1003[0m     let rb_len,item,tree;
[7m    [0m [91m    ~~~~~~~~~~~~~~~~~~~~~[0m

[96mjavascript/group3/js_enc_crypt_static_to_code.js[0m:[93m1004[0m:[93m22[0m - [91merror[0m[90m TS2339: [0mProperty 'WhiteSpace' does not exist on type 'js_token_generator'.

[7m1004[0m     let cur_res=this.WhiteSpace(str,index);
[7m    [0m [91m                     ~~~~~~~~~~[0m

[96mjavascript/group3/js_enc_crypt_static_to_code.js[0m:[93m1010[0m:[93m18[0m - [91merror[0m[90m TS2339: [0mProperty 'LineTerminator' does not exist on type 'js_token_generator'.

[7m1010[0m     cur_res=this.LineTerminator(str,index);
[7m    [0m [91m                 ~~~~~~~~~~~~~~[0m

[96mjavascript/group3/js_enc_crypt_static_to_code.js[0m:[93m1016[0m:[93m18[0m - [91merror[0m[90m TS2339: [0mProperty 'Comment' does not exist on type 'js_token_generator'.

[7m1016[0m     cur_res=this.Comment(str,index);
[7m    [0m [91m                 ~~~~~~~[0m

[96mjavascript/group3/js_enc_crypt_static_to_code.js[0m:[93m1022[0m:[93m18[0m - [91merror[0m[90m TS2339: [0mProperty 'CommonToken' does not exist on type 'js_token_generator'.

[7m1022[0m     cur_res=this.CommonToken(str,index);
[7m    [0m [91m                 ~~~~~~~~~~~[0m

[96mjavascript/group3/js_enc_crypt_static_to_code.js[0m:[93m1028[0m:[93m18[0m - [91merror[0m[90m TS2339: [0mProperty 'DivPunctuator' does not exist on type 'js_token_generator'.

[7m1028[0m     cur_res=this.DivPunctuator(str,index);
[7m    [0m [91m                 ~~~~~~~~~~~~~[0m

[96mjavascript/group3/js_enc_crypt_static_to_code.js[0m:[93m1034[0m:[93m18[0m - [91merror[0m[90m TS2339: [0mProperty 'RightBracePunctuator' does not exist on type 'js_token_generator'.

[7m1034[0m     cur_res=this.RightBracePunctuator(str,index);
[7m    [0m [91m                 ~~~~~~~~~~~~~~~~~~~~[0m

[96mjavascript/group3/js_enc_crypt_static_to_code.js[0m:[93m1042[0m:[93m23[0m - [91merror[0m[90m TS7006: [0mParameter 'str' implicitly has an 'any' type.

[7m1042[0m    InputElementRegExp(str,index) {
[7m    [0m [91m                      ~~~[0m

[96mjavascript/group3/js_enc_crypt_static_to_code.js[0m:[93m1042[0m:[93m27[0m - [91merror[0m[90m TS7006: [0mParameter 'index' implicitly has an 'any' type.

[7m1042[0m    InputElementRegExp(str,index) {
[7m    [0m [91m                          ~~~~~[0m

[96mjavascript/group3/js_enc_crypt_static_to_code.js[0m:[93m1047[0m:[93m5[0m - [91merror[0m[90m TS6199: [0mAll variables are unused.

[7m1047[0m     let rb_len,item,tree;
[7m    [0m [91m    ~~~~~~~~~~~~~~~~~~~~~[0m

[96mjavascript/group3/js_enc_crypt_static_to_code.js[0m:[93m1048[0m:[93m22[0m - [91merror[0m[90m TS2339: [0mProperty 'WhiteSpace' does not exist on type 'js_token_generator'.

[7m1048[0m     let cur_res=this.WhiteSpace(str,index);
[7m    [0m [91m                     ~~~~~~~~~~[0m

[96mjavascript/group3/js_enc_crypt_static_to_code.js[0m:[93m1054[0m:[93m18[0m - [91merror[0m[90m TS2339: [0mProperty 'LineTerminator' does not exist on type 'js_token_generator'.

[7m1054[0m     cur_res=this.LineTerminator(str,index);
[7m    [0m [91m                 ~~~~~~~~~~~~~~[0m

[96mjavascript/group3/js_enc_crypt_static_to_code.js[0m:[93m1060[0m:[93m18[0m - [91merror[0m[90m TS2339: [0mProperty 'Comment' does not exist on type 'js_token_generator'.

[7m1060[0m     cur_res=this.Comment(str,index);
[7m    [0m [91m                 ~~~~~~~[0m

[96mjavascript/group3/js_enc_crypt_static_to_code.js[0m:[93m1066[0m:[93m18[0m - [91merror[0m[90m TS2339: [0mProperty 'CommonToken' does not exist on type 'js_token_generator'.

[7m1066[0m     cur_res=this.CommonToken(str,index);
[7m    [0m [91m                 ~~~~~~~~~~~[0m

[96mjavascript/group3/js_enc_crypt_static_to_code.js[0m:[93m1072[0m:[93m18[0m - [91merror[0m[90m TS2339: [0mProperty 'RightBracePunctuator' does not exist on type 'js_token_generator'.

[7m1072[0m     cur_res=this.RightBracePunctuator(str,index);
[7m    [0m [91m                 ~~~~~~~~~~~~~~~~~~~~[0m

[96mjavascript/group3/js_enc_crypt_static_to_code.js[0m:[93m1078[0m:[93m18[0m - [91merror[0m[90m TS2339: [0mProperty 'RegularExpressionLiteral' does not exist on type 'js_token_generator'.

[7m1078[0m     cur_res=this.RegularExpressionLiteral(str,index);
[7m    [0m [91m                 ~~~~~~~~~~~~~~~~~~~~~~~~[0m

[96mjavascript/group3/js_enc_crypt_static_to_code.js[0m:[93m1086[0m:[93m37[0m - [91merror[0m[90m TS7006: [0mParameter 'str' implicitly has an 'any' type.

[7m1086[0m    InputElementRegExpOrTemplateTail(str,index) {
[7m    [0m [91m                                    ~~~[0m

[96mjavascript/group3/js_enc_crypt_static_to_code.js[0m:[93m1086[0m:[93m41[0m - [91merror[0m[90m TS7006: [0mParameter 'index' implicitly has an 'any' type.

[7m1086[0m    InputElementRegExpOrTemplateTail(str,index) {
[7m    [0m [91m                                        ~~~~~[0m

[96mjavascript/group3/js_enc_crypt_static_to_code.js[0m:[93m1090[0m:[93m5[0m - [91merror[0m[90m TS6199: [0mAll variables are unused.

[7m1090[0m     let rb_len,item,tree;
[7m    [0m [91m    ~~~~~~~~~~~~~~~~~~~~~[0m

[96mjavascript/group3/js_enc_crypt_static_to_code.js[0m:[93m1091[0m:[93m22[0m - [91merror[0m[90m TS2339: [0mProperty 'WhiteSpace' does not exist on type 'js_token_generator'.

[7m1091[0m     let cur_res=this.WhiteSpace(str,index);
[7m    [0m [91m                     ~~~~~~~~~~[0m

[96mjavascript/group3/js_enc_crypt_static_to_code.js[0m:[93m1097[0m:[93m18[0m - [91merror[0m[90m TS2339: [0mProperty 'LineTerminator' does not exist on type 'js_token_generator'.

[7m1097[0m     cur_res=this.LineTerminator(str,index);
[7m    [0m [91m                 ~~~~~~~~~~~~~~[0m

[96mjavascript/group3/js_enc_crypt_static_to_code.js[0m:[93m1103[0m:[93m18[0m - [91merror[0m[90m TS2339: [0mProperty 'Comment' does not exist on type 'js_token_generator'.

[7m1103[0m     cur_res=this.Comment(str,index);
[7m    [0m [91m                 ~~~~~~~[0m

[96mjavascript/group3/js_enc_crypt_static_to_code.js[0m:[93m1109[0m:[93m18[0m - [91merror[0m[90m TS2339: [0mProperty 'CommonToken' does not exist on type 'js_token_generator'.

[7m1109[0m     cur_res=this.CommonToken(str,index);
[7m    [0m [91m                 ~~~~~~~~~~~[0m

[96mjavascript/group3/js_enc_crypt_static_to_code.js[0m:[93m1115[0m:[93m18[0m - [91merror[0m[90m TS2339: [0mProperty 'RegularExpressionLiteral' does not exist on type 'js_token_generator'.

[7m1115[0m     cur_res=this.RegularExpressionLiteral(str,index);
[7m    [0m [91m                 ~~~~~~~~~~~~~~~~~~~~~~~~[0m

[96mjavascript/group3/js_enc_crypt_static_to_code.js[0m:[93m1121[0m:[93m18[0m - [91merror[0m[90m TS2339: [0mProperty 'TemplateSubstitutionTail' does not exist on type 'js_token_generator'.

[7m1121[0m     cur_res=this.TemplateSubstitutionTail(str,index);
[7m    [0m [91m                 ~~~~~~~~~~~~~~~~~~~~~~~~[0m

[96mjavascript/group3/js_enc_crypt_static_to_code.js[0m:[93m1129[0m:[93m29[0m - [91merror[0m[90m TS7006: [0mParameter 'str' implicitly has an 'any' type.

[7m1129[0m    InputElementTemplateTail(str,index) {
[7m    [0m [91m                            ~~~[0m

[96mjavascript/group3/js_enc_crypt_static_to_code.js[0m:[93m1129[0m:[93m33[0m - [91merror[0m[90m TS7006: [0mParameter 'index' implicitly has an 'any' type.

[7m1129[0m    InputElementTemplateTail(str,index) {
[7m    [0m [91m                                ~~~~~[0m

[96mjavascript/group3/js_enc_crypt_static_to_code.js[0m:[93m1133[0m:[93m5[0m - [91merror[0m[90m TS6199: [0mAll variables are unused.

[7m1133[0m     let rb_len,item,tree;
[7m    [0m [91m    ~~~~~~~~~~~~~~~~~~~~~[0m

[96mjavascript/group3/js_enc_crypt_static_to_code.js[0m:[93m1134[0m:[93m22[0m - [91merror[0m[90m TS2339: [0mProperty 'WhiteSpace' does not exist on type 'js_token_generator'.

[7m1134[0m     let cur_res=this.WhiteSpace(str,index);
[7m    [0m [91m                     ~~~~~~~~~~[0m

[96mjavascript/group3/js_enc_crypt_static_to_code.js[0m:[93m1140[0m:[93m18[0m - [91merror[0m[90m TS2339: [0mProperty 'LineTerminator' does not exist on type 'js_token_generator'.

[7m1140[0m     cur_res=this.LineTerminator(str,index);
[7m    [0m [91m                 ~~~~~~~~~~~~~~[0m

[96mjavascript/group3/js_enc_crypt_static_to_code.js[0m:[93m1146[0m:[93m18[0m - [91merror[0m[90m TS2339: [0mProperty 'Comment' does not exist on type 'js_token_generator'.

[7m1146[0m     cur_res=this.Comment(str,index);
[7m    [0m [91m                 ~~~~~~~[0m

[96mjavascript/group3/js_enc_crypt_static_to_code.js[0m:[93m1152[0m:[93m18[0m - [91merror[0m[90m TS2339: [0mProperty 'CommonToken' does not exist on type 'js_token_generator'.

[7m1152[0m     cur_res=this.CommonToken(str,index);
[7m    [0m [91m                 ~~~~~~~~~~~[0m

[96mjavascript/group3/js_enc_crypt_static_to_code.js[0m:[93m1158[0m:[93m18[0m - [91merror[0m[90m TS2339: [0mProperty 'DivPunctuator' does not exist on type 'js_token_generator'.

[7m1158[0m     cur_res=this.DivPunctuator(str,index);
[7m    [0m [91m                 ~~~~~~~~~~~~~[0m

[96mjavascript/group3/js_enc_crypt_static_to_code.js[0m:[93m1164[0m:[93m18[0m - [91merror[0m[90m TS2339: [0mProperty 'TemplateSubstitutionTail' does not exist on type 'js_token_generator'.

[7m1164[0m     cur_res=this.TemplateSubstitutionTail(str,index);
[7m    [0m [91m                 ~~~~~~~~~~~~~~~~~~~~~~~~[0m

[96mjavascript/group3/js_enc_crypt_static_to_code.js[0m:[93m1181[0m:[93m41[0m - [91merror[0m[90m TS2554: [0mExpected 0 arguments, but got 1.

[7m1181[0m   let token_result=token_gen.next_token(parse_str);
[7m    [0m [91m                                        ~~~~~~~~~[0m

[96mjavascript/group3/js_enc_crypt_static_to_code.js[0m:[93m1188[0m:[93m8[0m - [91merror[0m[90m TS7034: [0mVariable 'acc' implicitly has type 'any[]' in some locations where its type cannot be determined.

[7m1188[0m    let acc=[];
[7m    [0m [91m       ~~~[0m

[96mjavascript/group3/js_enc_crypt_static_to_code.js[0m:[93m1189[0m:[93m16[0m - [91merror[0m[90m TS7006: [0mParameter 'e' implicitly has an 'any' type.

[7m1189[0m    function cf(e,...ex) {
[7m    [0m [91m               ~[0m

[96mjavascript/group3/js_enc_crypt_static_to_code.js[0m:[93m1189[0m:[93m18[0m - [91merror[0m[90m TS7019: [0mRest parameter 'ex' implicitly has an 'any[]' type.

[7m1189[0m    function cf(e,...ex) {
[7m    [0m [91m                 ~~~~~[0m

[96mjavascript/group3/js_enc_crypt_static_to_code.js[0m:[93m1191[0m:[93m13[0m - [91merror[0m[90m TS7005: [0mVariable 'acc' implicitly has an 'any[]' type.

[7m1191[0m      return acc;
[7m    [0m [91m            ~~~[0m

[96mjavascript/group3/js_enc_crypt_static_to_code.js[0m:[93m1197[0m:[93m9[0m - [91merror[0m[90m TS7005: [0mVariable 'acc' implicitly has an 'any[]' type.

[7m1197[0m     acc=acc.concat(na.join(''));
[7m    [0m [91m        ~~~[0m

[96mjavascript/group3/js_enc_crypt_static_to_code.js[0m:[93m1208[0m:[93m3[0m - [91merror[0m[90m TS2322: [0mType 'any[] | ((e: any, ...ex: any[]) => any[] | any)' is not assignable to type '(e: any, ...ex: any[]) => any[] | any'.
  Type 'any[]' is not assignable to type '(e: any, ...ex: any[]) => any[] | any'.
    Type 'any[]' provides no match for the signature '(e: any, ...ex: any[]): any[] | ((e: any, ...ex: any[]) => any[] | ...)'.

[7m1208[0m   v=v`(?<js_keyword>${kw.sort((a,b) => b.length-a.length).join("|")})(?=\b)`;
[7m    [0m [91m  ~[0m

[96mjavascript/group3/js_enc_crypt_static_to_code.js[0m:[93m1209[0m:[93m3[0m - [91merror[0m[90m TS2322: [0mType 'any[] | ((e: any, ...ex: any[]) => any[] | any)' is not assignable to type '(e: any, ...ex: any[]) => any[] | any'.
  Type 'any[]' is not assignable to type '(e: any, ...ex: any[]) => any[] | any'.

[7m1209[0m   v=v`(?<js_fut_res_keyword>class|const|enum|export|extends|import|super)(?=\b)`;
[7m    [0m [91m  ~[0m

[96mjavascript/group3/js_enc_crypt_static_to_code.js[0m:[93m1210[0m:[93m3[0m - [91merror[0m[90m TS2322: [0mType 'any[] | ((e: any, ...ex: any[]) => any[] | any)' is not assignable to type '(e: any, ...ex: any[]) => any[] | any'.
  Type 'any[]' is not assignable to type '(e: any, ...ex: any[]) => any[] | any'.

[7m1210[0m   v=v`(?<js_private_ident_start>#[a-zA-Z$_])`;
[7m    [0m [91m  ~[0m

[96mjavascript/group3/js_enc_crypt_static_to_code.js[0m:[93m1212[0m:[93m3[0m - [91merror[0m[90m TS2322: [0mType 'any[] | ((e: any, ...ex: any[]) => any[] | any)' is not assignable to type '(e: any, ...ex: any[]) => any[] | any'.
  Type 'any[]' is not assignable to type '(e: any, ...ex: any[]) => any[] | any'.

[7m1212[0m   v=v`(?<js_ident_start>[a-zA-Z$_])`;
[7m    [0m [91m  ~[0m

[96mjavascript/group3/js_enc_crypt_static_to_code.js[0m:[93m1213[0m:[93m3[0m - [91merror[0m[90m TS2322: [0mType 'any[] | ((e: any, ...ex: any[]) => any[] | any)' is not assignable to type '(e: any, ...ex: any[]) => any[] | any'.
  Type 'any[]' is not assignable to type '(e: any, ...ex: any[]) => any[] | any'.

[7m1213[0m   v=v`(?<js_num>\d+)`;
[7m    [0m [91m  ~[0m

[96mjavascript/group3/js_enc_crypt_static_to_code.js[0m:[93m1214[0m:[93m3[0m - [91merror[0m[90m TS2322: [0mType 'any[] | ((e: any, ...ex: any[]) => any[] | any)' is not assignable to type '(e: any, ...ex: any[]) => any[] | any'.
  Type 'any[]' is not assignable to type '(e: any, ...ex: any[]) => any[] | any'.

[7m1214[0m   v=v`(?<js_line_comment_start>\/\/)`;
[7m    [0m [91m  ~[0m

[96mjavascript/group3/js_enc_crypt_static_to_code.js[0m:[93m1215[0m:[93m3[0m - [91merror[0m[90m TS2322: [0mType 'any[] | ((e: any, ...ex: any[]) => any[] | any)' is not assignable to type '(e: any, ...ex: any[]) => any[] | any'.
  Type 'any[]' is not assignable to type '(e: any, ...ex: any[]) => any[] | any'.

[7m1215[0m   v=v`(?<js_multiline_comment_start>/\*)`;
[7m    [0m [91m  ~[0m

[96mjavascript/group3/js_enc_crypt_static_to_code.js[0m:[93m1216[0m:[93m3[0m - [91merror[0m[90m TS2322: [0mType 'any[] | ((e: any, ...ex: any[]) => any[] | any)' is not assignable to type '(e: any, ...ex: any[]) => any[] | any'.
  Type 'any[]' is not assignable to type '(e: any, ...ex: any[]) => any[] | any'.

[7m1216[0m   v=v`(?<js_singlequote_string_start>')`;
[7m    [0m [91m  ~[0m

[96mjavascript/group3/js_enc_crypt_static_to_code.js[0m:[93m1217[0m:[93m3[0m - [91merror[0m[90m TS2322: [0mType 'any[] | ((e: any, ...ex: any[]) => any[] | any)' is not assignable to type '(e: any, ...ex: any[]) => any[] | any'.
  Type 'any[]' is not assignable to type '(e: any, ...ex: any[]) => any[] | any'.

[7m1217[0m   v=v`(?<js_doublequote_string_start>")`;
[7m    [0m [91m  ~[0m

[96mjavascript/group3/js_enc_crypt_static_to_code.js[0m:[93m1218[0m:[93m3[0m - [91merror[0m[90m TS2322: [0mType 'any[] | ((e: any, ...ex: any[]) => any[] | any)' is not assignable to type '(e: any, ...ex: any[]) => any[] | any'.
  Type 'any[]' is not assignable to type '(e: any, ...ex: any[]) => any[] | any'.

[7m1218[0m   v=v`(?<js_lex_sym>[{}()\[\];\n <>=\.+-|&\/:*])`;
[7m    [0m [91m  ~[0m

[96mjavascript/group3/js_enc_crypt_static_to_code.js[0m:[93m1222[0m:[93m18[0m - [91merror[0m[90m TS2339: [0mProperty 'join' does not exist on type 'any[] | ((e: any, ...ex: any[]) => any[] | any)'.
  Property 'join' does not exist on type '(e: any, ...ex: any[]) => any[] | any'.

[7m1222[0m   regexp_str=ret.join('|');
[7m    [0m [91m                 ~~~~[0m

[96mjavascript/group3/js_enc_crypt_static_to_code.js[0m:[93m1223[0m:[93m3[0m - [91merror[0m[90m TS2322: [0mType 'RegExp' is not assignable to type 'any[] | ((e: any, ...ex: any[]) => any[] | any)'.

[7m1223[0m   ret=new RegExp(regexp_str,'g');
[7m    [0m [91m  ~~~[0m

[96mjavascript/group3/js_enc_crypt_static_to_code.js[0m:[93m1227[0m:[93m9[0m - [91merror[0m[90m TS2339: [0mProperty 'kw_arr' does not exist on type 'Window & typeof globalThis'.

[7m1227[0m  window.kw_arr=["await","break","case","catch","class","const","continue","debugger","default","delete","do","else","export","extends","false","finally","for","function","if","import","in","instanceof","let","new","null","return","super","switch","this","throw","true","try","typeof","var","void","while","with","yield"];
[7m    [0m [91m        ~~~~~~[0m

[96mjavascript/group3/js_enc_crypt_static_to_code.js[0m:[93m1228[0m:[93m9[0m - [91merror[0m[90m TS2339: [0mProperty 'js_matching_regexp' does not exist on type 'Window & typeof globalThis'.

[7m1228[0m  window.js_matching_regexp=mt_js_kw;
[7m    [0m [91m        ~~~~~~~~~~~~~~~~~~[0m

[96mjavascript/group3/js_enc_crypt_static_to_code.js[0m:[93m1244[0m:[93m4[0m - [91merror[0m[90m TS7008: [0mMember 'tt_vec' implicitly has an 'any[]' type.

[7m1244[0m    t.tt_vec=[];
[7m    [0m [91m   ~~~~~~~~~~~[0m

[96mjavascript/group3/js_enc_crypt_static_to_code.js[0m:[93m1249[0m:[93m4[0m - [91merror[0m[90m TS7008: [0mMember 'tt_vec' implicitly has an 'any[]' type.

[7m1249[0m    t.tt_vec=[];
[7m    [0m [91m   ~~~~~~~~~~~[0m

[96mjavascript/group3/js_enc_crypt_static_to_code.js[0m:[93m1252[0m:[93m14[0m - [91merror[0m[90m TS7006: [0mParameter 'regexp' implicitly has an 'any' type.

[7m1252[0m   set_regexp(regexp) {
[7m    [0m [91m             ~~~~~~[0m

[96mjavascript/group3/js_enc_crypt_static_to_code.js[0m:[93m1258[0m:[93m23[0m - [91merror[0m[90m TS7006: [0mParameter 'e' implicitly has an 'any' type.

[7m1258[0m   static bad_find_mat(e) {
[7m    [0m [91m                      ~[0m

[96mjavascript/group3/js_enc_crypt_static_to_code.js[0m:[93m1268[0m:[93m14[0m - [91merror[0m[90m TS2304: [0mCannot find name 'js_lex_state'.

[7m1268[0m    let w_idx=js_lex_state.tt_vec.findIndex(parse_state.bad_find_mat);
[7m    [0m [91m             ~~~~~~~~~~~~[0m

[96mjavascript/group3/js_enc_crypt_static_to_code.js[0m:[93m1272[0m:[93m11[0m - [91merror[0m[90m TS2304: [0mCannot find name 'js_lex_state'.

[7m1272[0m    return js_lex_state.tt_vec[w_idx];
[7m    [0m [91m          ~~~~~~~~~~~~[0m

[96mjavascript/group3/js_enc_crypt_static_to_code.js[0m:[93m1329[0m:[93m23[0m - [91merror[0m[90m TS7006: [0mParameter 't' implicitly has an 'any' type.

[7m1329[0m   find_string_extents(t,str_type) {
[7m    [0m [91m                      ~[0m

[96mjavascript/group3/js_enc_crypt_static_to_code.js[0m:[93m1329[0m:[93m25[0m - [91merror[0m[90m TS7006: [0mParameter 'str_type' implicitly has an 'any' type.

[7m1329[0m   find_string_extents(t,str_type) {
[7m    [0m [91m                        ~~~~~~~~[0m

[96mjavascript/group3/js_enc_crypt_static_to_code.js[0m:[93m1366[0m:[93m22[0m - [91merror[0m[90m TS7006: [0mParameter 't' implicitly has an 'any' type.

[7m1366[0m   find_ident_extents(t) {
[7m    [0m [91m                     ~[0m

[96mjavascript/group3/js_enc_crypt_static_to_code.js[0m:[93m1388[0m:[93m30[0m - [91merror[0m[90m TS7006: [0mParameter 't' implicitly has an 'any' type.

[7m1388[0m   find_comment_block_extents(t) {
[7m    [0m [91m                             ~[0m

[96mjavascript/group3/js_enc_crypt_static_to_code.js[0m:[93m1394[0m:[93m15[0m - [91merror[0m[90m TS18047: [0m'cur' is possibly 'null'.

[7m1394[0m     if(i===0&&cur[0]==='/*') {
[7m    [0m [91m              ~~~[0m

[96mjavascript/group3/js_enc_crypt_static_to_code.js[0m:[93m1397[0m:[93m8[0m - [91merror[0m[90m TS18047: [0m'cur' is possibly 'null'.

[7m1397[0m     if(cur[0]==='*/') {
[7m    [0m [91m       ~~~[0m

[96mjavascript/group3/js_enc_crypt_static_to_code.js[0m:[93m1409[0m:[93m8[0m - [91merror[0m[90m TS6133: [0m'cc' is declared but its value is never read.

[7m1409[0m    let cc,g,t=this;
[7m    [0m [91m       ~~[0m

[96mjavascript/group3/js_enc_crypt_static_to_code.js[0m:[93m1410[0m:[93m8[0m - [91merror[0m[90m TS6133: [0m'cur_obj' is declared but its value is never read.

[7m1410[0m    let cur_obj,cur,cur_ret;
[7m    [0m [91m       ~~~~~~~[0m

[96mjavascript/group3/js_enc_crypt_static_to_code.js[0m:[93m1573[0m:[93m13[0m - [91merror[0m[90m TS7006: [0mParameter 'str' implicitly has an 'any' type.

[7m1573[0m   set_input(str) {
[7m    [0m [91m            ~~~[0m

[96mjavascript/group3/js_enc_crypt_static_to_code.js[0m:[93m1578[0m:[93m9[0m - [91merror[0m[90m TS2339: [0mProperty 'js_lex_state' does not exist on type 'Window & typeof globalThis'.

[7m1578[0m  window.js_lex_state=state;
[7m    [0m [91m        ~~~~~~~~~~~~[0m

[96mjavascript/group3/js_lex_jquery.js[0m:[93m3[0m:[93m2[0m - [91merror[0m[90m TS2304: [0mCannot find name 'code'.

[7m3[0m  code=await res.text()
[7m [0m [91m ~~~~[0m

[96mjavascript/group3/js_visitor.js[0m:[93m1[0m:[93m8[0m - [91merror[0m[90m TS1102: [0m'delete' cannot be called on an identifier in strict mode.

[7m1[0m delete sz
[7m [0m [91m       ~~[0m

[96mjavascript/group3/js_visitor.js[0m:[93m1[0m:[93m8[0m - [91merror[0m[90m TS2304: [0mCannot find name 'sz'.

[7m1[0m delete sz
[7m [0m [91m       ~~[0m

[96mjavascript/group3/js_visitor.js[0m:[93m1[0m:[93m8[0m - [91merror[0m[90m TS2703: [0mThe operand of a 'delete' operator must be a property reference.

[7m1[0m delete sz
[7m [0m [91m       ~~[0m

[96mjavascript/group3/js_visitor.js[0m:[93m2[0m:[93m8[0m - [91merror[0m[90m TS1102: [0m'delete' cannot be called on an identifier in strict mode.

[7m2[0m delete err_n
[7m [0m [91m       ~~~~~[0m

[96mjavascript/group3/js_visitor.js[0m:[93m2[0m:[93m8[0m - [91merror[0m[90m TS2304: [0mCannot find name 'err_n'.

[7m2[0m delete err_n
[7m [0m [91m       ~~~~~[0m

[96mjavascript/group3/js_visitor.js[0m:[93m2[0m:[93m8[0m - [91merror[0m[90m TS2703: [0mThe operand of a 'delete' operator must be a property reference.

[7m2[0m delete err_n
[7m [0m [91m       ~~~~~[0m

[96mjavascript/group3/js_visitor.js[0m:[93m4[0m:[93m3[0m - [91merror[0m[90m TS2304: [0mCannot find name 'sz'.

[7m4[0m  [sz,err_n]=(function() {
[7m [0m [91m  ~~[0m

[96mjavascript/group3/js_visitor.js[0m:[93m4[0m:[93m6[0m - [91merror[0m[90m TS2304: [0mCannot find name 'err_n'.

[7m4[0m  [sz,err_n]=(function() {
[7m [0m [91m     ~~~~~[0m

[96mjavascript/group3/js_visitor.js[0m:[93m6[0m:[93m7[0m - [91merror[0m[90m TS7034: [0mVariable 'to_add' implicitly has type 'any[]' in some locations where its type cannot be determined.

[7m6[0m   var to_add=[]
[7m [0m [91m      ~~~~~~[0m

[96mjavascript/group3/js_visitor.js[0m:[93m20[0m:[93m7[0m - [91merror[0m[90m TS7034: [0mVariable 'seen' implicitly has type 'any[]' in some locations where its type cannot be determined.

[7m20[0m   var seen=[]
[7m  [0m [91m      ~~~~[0m

[96mjavascript/group3/js_visitor.js[0m:[93m21[0m:[93m7[0m - [91merror[0m[90m TS7034: [0mVariable 'dups' implicitly has type 'any[]' in some locations where its type cannot be determined.

[7m21[0m   var dups=[]
[7m  [0m [91m      ~~~~[0m

[96mjavascript/group3/js_visitor.js[0m:[93m22[0m:[93m8[0m - [91merror[0m[90m TS7005: [0mVariable 'dups' implicitly has an 'any[]' type.

[7m22[0m   void dups
[7m  [0m [91m       ~~~~[0m

[96mjavascript/group3/js_visitor.js[0m:[93m23[0m:[93m13[0m - [91merror[0m[90m TS2304: [0mCannot find name 'ctors'.

[7m23[0m   if(typeof ctors=="undefined") {
[7m  [0m [91m            ~~~~~[0m

[96mjavascript/group3/js_visitor.js[0m:[93m24[0m:[93m4[0m - [91merror[0m[90m TS2304: [0mCannot find name 'ctors'.

[7m24[0m    ctors=new Set
[7m  [0m [91m   ~~~~~[0m

[96mjavascript/group3/js_visitor.js[0m:[93m26[0m:[93m13[0m - [91merror[0m[90m TS2304: [0mCannot find name 'protos'.

[7m26[0m   if(typeof protos=="undefined") {
[7m  [0m [91m            ~~~~~~[0m

[96mjavascript/group3/js_visitor.js[0m:[93m27[0m:[93m4[0m - [91merror[0m[90m TS2304: [0mCannot find name 'protos'.

[7m27[0m    protos=new Set
[7m  [0m [91m   ~~~~~~[0m

[96mjavascript/group3/js_visitor.js[0m:[93m29[0m:[93m13[0m - [91merror[0m[90m TS2304: [0mCannot find name 'dom'.

[7m29[0m   if(typeof dom=="undefined") {
[7m  [0m [91m            ~~~[0m

[96mjavascript/group3/js_visitor.js[0m:[93m30[0m:[93m4[0m - [91merror[0m[90m TS2304: [0mCannot find name 'dom'.

[7m30[0m    dom=new Set
[7m  [0m [91m   ~~~[0m

[96mjavascript/group3/js_visitor.js[0m:[93m32[0m:[93m13[0m - [91merror[0m[90m TS2304: [0mCannot find name 'w_maybe'.

[7m32[0m   if(typeof w_maybe=="undefined") {
[7m  [0m [91m            ~~~~~~~[0m

[96mjavascript/group3/js_visitor.js[0m:[93m33[0m:[93m4[0m - [91merror[0m[90m TS2304: [0mCannot find name 'w_maybe'.

[7m33[0m    w_maybe=new Set
[7m  [0m [91m   ~~~~~~~[0m

[96mjavascript/group3/js_visitor.js[0m:[93m38[0m:[93m40[0m - [91merror[0m[90m TS7015: [0mElement implicitly has an 'any' type because index expression is not of type 'number'.

[7m38[0m     to_add.push(["window"+"."+e,window[e]])
[7m  [0m [91m                                       ~[0m

[96mjavascript/group3/js_visitor.js[0m:[93m41[0m:[93m14[0m - [91merror[0m[90m TS7005: [0mVariable 'to_add' implicitly has an 'any[]' type.

[7m41[0m    a=new Map(to_add)
[7m  [0m [91m             ~~~~~~[0m

[96mjavascript/group3/js_visitor.js[0m:[93m44[0m:[93m7[0m - [91merror[0m[90m TS6133: [0m'fn' is declared but its value is never read.

[7m44[0m   var fn=function({get: a,set: b,value: c}) {
[7m  [0m [91m      ~~[0m

[96mjavascript/group3/js_visitor.js[0m:[93m44[0m:[93m25[0m - [91merror[0m[90m TS7031: [0mBinding element 'a' implicitly has an 'any' type.

[7m44[0m   var fn=function({get: a,set: b,value: c}) {
[7m  [0m [91m                        ~[0m

[96mjavascript/group3/js_visitor.js[0m:[93m44[0m:[93m32[0m - [91merror[0m[90m TS6133: [0m'b' is declared but its value is never read.

[7m44[0m   var fn=function({get: a,set: b,value: c}) {
[7m  [0m [91m                               ~[0m

[96mjavascript/group3/js_visitor.js[0m:[93m44[0m:[93m32[0m - [91merror[0m[90m TS7031: [0mBinding element 'b' implicitly has an 'any' type.

[7m44[0m   var fn=function({get: a,set: b,value: c}) {
[7m  [0m [91m                               ~[0m

[96mjavascript/group3/js_visitor.js[0m:[93m44[0m:[93m41[0m - [91merror[0m[90m TS7031: [0mBinding element 'c' implicitly has an 'any' type.

[7m44[0m   var fn=function({get: a,set: b,value: c}) {
[7m  [0m [91m                                        ~[0m

[96mjavascript/group3/js_visitor.js[0m:[93m46[0m:[93m9[0m - [91merror[0m[90m TS6133: [0m'res' is declared but its value is never read.

[7m46[0m     var res
[7m  [0m [91m        ~~~[0m

[96mjavascript/group3/js_visitor.js[0m:[93m48[0m:[93m6[0m - [91merror[0m[90m TS2683: [0m'this' implicitly has type 'any' because it does not have a type annotation.

[7m48[0m      this.push(a())
[7m  [0m [91m     ~~~~[0m

[96mjavascript/group3/js_visitor.js[0m:[93m54[0m:[93m5[0m - [91merror[0m[90m TS2683: [0m'this' implicitly has type 'any' because it does not have a type annotation.

[7m54[0m     this.push(c)
[7m  [0m [91m    ~~~~[0m

[96mjavascript/group3/js_visitor.js[0m:[93m57[0m:[93m14[0m - [91merror[0m[90m TS7006: [0mParameter 'a' implicitly has an 'any' type.

[7m57[0m   var by_of=(a,b) => {
[7m  [0m [91m             ~[0m

[96mjavascript/group3/js_visitor.js[0m:[93m57[0m:[93m16[0m - [91merror[0m[90m TS7006: [0mParameter 'b' implicitly has an 'any' type.

[7m57[0m   var by_of=(a,b) => {
[7m  [0m [91m               ~[0m

[96mjavascript/group3/js_visitor.js[0m:[93m62[0m:[93m16[0m - [91merror[0m[90m TS7006: [0mParameter 'cur' implicitly has an 'any' type.

[7m62[0m   function fnx(cur,a,b) {
[7m  [0m [91m               ~~~[0m

[96mjavascript/group3/js_visitor.js[0m:[93m62[0m:[93m20[0m - [91merror[0m[90m TS7006: [0mParameter 'a' implicitly has an 'any' type.

[7m62[0m   function fnx(cur,a,b) {
[7m  [0m [91m                   ~[0m

[96mjavascript/group3/js_visitor.js[0m:[93m62[0m:[93m22[0m - [91merror[0m[90m TS7006: [0mParameter 'b' implicitly has an 'any' type.

[7m62[0m   function fnx(cur,a,b) {
[7m  [0m [91m                     ~[0m

[96mjavascript/group3/js_visitor.js[0m:[93m66[0m:[93m8[0m - [91merror[0m[90m TS6133: [0m'tmp2' is declared but its value is never read.

[7m66[0m    var tmp2=[]
[7m  [0m [91m       ~~~~[0m

[96mjavascript/group3/js_visitor.js[0m:[93m74[0m:[93m8[0m - [91merror[0m[90m TS7005: [0mVariable 'seen' implicitly has an 'any[]' type.

[7m74[0m     if(seen.indexOf(v)==-1) {
[7m  [0m [91m       ~~~~[0m

[96mjavascript/group3/js_visitor.js[0m:[93m88[0m:[93m11[0m - [91merror[0m[90m TS2304: [0mCannot find name 'ctors'.

[7m88[0m       if(!ctors.has(v)) {
[7m  [0m [91m          ~~~~~[0m

[96mjavascript/group3/js_visitor.js[0m:[93m89[0m:[93m8[0m - [91merror[0m[90m TS2304: [0mCannot find name 'ctors'.

[7m89[0m        ctors.add(v)
[7m  [0m [91m       ~~~~~[0m

[96mjavascript/group3/js_visitor.js[0m:[93m99[0m:[93m12[0m - [91merror[0m[90m TS2304: [0mCannot find name 'dom'.

[7m99[0m        if(!dom.has(v)) {
[7m  [0m [91m           ~~~[0m

[96mjavascript/group3/js_visitor.js[0m:[93m100[0m:[93m9[0m - [91merror[0m[90m TS2304: [0mCannot find name 'dom'.

[7m100[0m         dom.add(v)
[7m   [0m [91m        ~~~[0m

[96mjavascript/group3/js_visitor.js[0m:[93m105[0m:[93m18[0m - [91merror[0m[90m TS2304: [0mCannot find name 'ctors'.

[7m105[0m       if([window,ctors,dom].indexOf(v)>-1) {
[7m   [0m [91m                 ~~~~~[0m

[96mjavascript/group3/js_visitor.js[0m:[93m105[0m:[93m24[0m - [91merror[0m[90m TS2304: [0mCannot find name 'dom'.

[7m105[0m       if([window,ctors,dom].indexOf(v)>-1) {
[7m   [0m [91m                       ~~~[0m

[96mjavascript/group3/js_visitor.js[0m:[93m108[0m:[93m51[0m - [91merror[0m[90m TS2769: [0mNo overload matches this call.
  Overload 1 of 2, '(...items: ConcatArray<string>[]): string[]', gave the following error.
    Argument of type 'symbol[]' is not assignable to parameter of type 'ConcatArray<string>'.
      The types returned by 'slice(...)' are incompatible between these types.
        Type 'symbol[]' is not assignable to type 'string[]'.
          Type 'symbol' is not assignable to type 'string'.
  Overload 2 of 2, '(...items: (string | ConcatArray<string>)[]): string[]', gave the following error.
    Argument of type 'symbol[]' is not assignable to parameter of type 'string | ConcatArray<string>'.
      Type 'symbol[]' is not assignable to type 'ConcatArray<string>'.

[7m108[0m       var _k=Object.getOwnPropertyNames(v).concat(Object.getOwnPropertySymbols(v))
[7m   [0m [91m                                                  ~~~~~~~~~~~~~~~~~~~~~~~~~~~~~~~[0m


[96mjavascript/group3/js_visitor.js[0m:[93m111[0m:[93m12[0m - [91merror[0m[90m TS2304: [0mCannot find name 'protos'.

[7m111[0m        if(!protos.has(Object.getPrototypeOf(cv).constructor)) {
[7m   [0m [91m           ~~~~~~[0m

[96mjavascript/group3/js_visitor.js[0m:[93m112[0m:[93m9[0m - [91merror[0m[90m TS2304: [0mCannot find name 'protos'.

[7m112[0m         protos.add(Object.getPrototypeOf(cv).constructor)
[7m   [0m [91m        ~~~~~~[0m

[96mjavascript/group3/js_visitor.js[0m:[93m124[0m:[93m10[0m - [91merror[0m[90m TS2304: [0mCannot find name 'w_maybe'.

[7m124[0m          w_maybe.add([rv.set,rv.get])
[7m   [0m [91m         ~~~~~~~[0m

[96mjavascript/group3/js_visitor.js[0m:[93m128[0m:[93m10[0m - [91merror[0m[90m TS2304: [0mCannot find name 'w_maybe'.

[7m128[0m          w_maybe.add([rv.set,null])
[7m   [0m [91m         ~~~~~~~[0m

[96mjavascript/group3/js_visitor.js[0m:[93m132[0m:[93m10[0m - [91merror[0m[90m TS2304: [0mCannot find name 'w_maybe'.

[7m132[0m          w_maybe.add([null,rv.get])
[7m   [0m [91m         ~~~~~~~[0m

[96mjavascript/group3/js_visitor.js[0m:[93m140[0m:[93m13[0m - [91merror[0m[90m TS2304: [0mCannot find name 'protos'.

[7m140[0m         if(!protos.has(Object.getPrototypeOf(cv).constructor)) {
[7m   [0m [91m            ~~~~~~[0m

[96mjavascript/group3/js_visitor.js[0m:[93m141[0m:[93m10[0m - [91merror[0m[90m TS2304: [0mCannot find name 'protos'.

[7m141[0m          protos.add(Object.getPrototypeOf(cv).constructor)
[7m   [0m [91m         ~~~~~~[0m

[96mjavascript/group3/js_visitor.js[0m:[93m149[0m:[93m11[0m - [91merror[0m[90m TS7005: [0mVariable 'seen' implicitly has an 'any[]' type.

[7m149[0m        if(seen.indexOf(cv)==-1) {
[7m   [0m [91m          ~~~~[0m

[96mjavascript/group3/js_visitor.js[0m:[93m159[0m:[93m13[0m - [91merror[0m[90m TS7005: [0mVariable 'reqs' implicitly has an 'any[]' type.

[7m159[0m          if(reqs.indexOf(cv[ri])==-1) {
[7m   [0m [91m            ~~~~[0m

[96mjavascript/group3/js_visitor.js[0m:[93m166[0m:[93m12[0m - [91merror[0m[90m TS2304: [0mCannot find name 'seen_watchers'.

[7m166[0m         if(seen_watchers.indexOf(v)==-1) {
[7m   [0m [91m           ~~~~~~~~~~~~~[0m

[96mjavascript/group3/js_visitor.js[0m:[93m167[0m:[93m20[0m - [91merror[0m[90m TS2304: [0mCannot find name 'watch_n'.

[7m167[0m          if(typeof watch_n=="undefined") {
[7m   [0m [91m                   ~~~~~~~[0m

[96mjavascript/group3/js_visitor.js[0m:[93m168[0m:[93m11[0m - [91merror[0m[90m TS2304: [0mCannot find name 'watch_n'.

[7m168[0m           watch_n=[]
[7m   [0m [91m          ~~~~~~~[0m

[96mjavascript/group3/js_visitor.js[0m:[93m170[0m:[93m13[0m - [91merror[0m[90m TS2304: [0mCannot find name 'watch_n'.

[7m170[0m          if(watch_n.indexOf(v)==-1) {
[7m   [0m [91m            ~~~~~~~[0m

[96mjavascript/group3/js_visitor.js[0m:[93m171[0m:[93m11[0m - [91merror[0m[90m TS2304: [0mCannot find name 'watch_n'.

[7m171[0m           watch_n.push(v)
[7m   [0m [91m          ~~~~~~~[0m

[96mjavascript/group3/js_visitor.js[0m:[93m175[0m:[93m22[0m - [91merror[0m[90m TS2304: [0mCannot find name 'seen_watchers'.

[7m175[0m          console.log(seen_watchers.indexOf(v))
[7m   [0m [91m                     ~~~~~~~~~~~~~[0m

[96mjavascript/group3/js_visitor.js[0m:[93m178[0m:[93m13[0m - [91merror[0m[90m TS7005: [0mVariable 'ty_ut' implicitly has an 'any[]' type.

[7m178[0m          if(ty_ut.indexOf(cv[ri])==-1) {
[7m   [0m [91m            ~~~~~[0m

[96mjavascript/group3/js_visitor.js[0m:[93m203[0m:[93m10[0m - [91merror[0m[90m TS7005: [0mVariable 'seen' implicitly has an 'any[]' type.

[7m203[0m       if(seen.indexOf(v)==-1) {
[7m   [0m [91m         ~~~~[0m

[96mjavascript/group3/js_visitor.js[0m:[93m210[0m:[93m10[0m - [91merror[0m[90m TS7005: [0mVariable 'seen' implicitly has an 'any[]' type.

[7m210[0m       if(seen.indexOf(v)==-1) {
[7m   [0m [91m         ~~~~[0m

[96mjavascript/group3/js_visitor.js[0m:[93m216[0m:[93m10[0m - [91merror[0m[90m TS7005: [0mVariable 'seen' implicitly has an 'any[]' type.

[7m216[0m       if(seen.indexOf(v)==-1) {
[7m   [0m [91m         ~~~~[0m

[96mjavascript/group3/js_visitor.js[0m:[93m222[0m:[93m10[0m - [91merror[0m[90m TS7005: [0mVariable 'seen' implicitly has an 'any[]' type.

[7m222[0m       if(seen.indexOf(v)==-1) {
[7m   [0m [91m         ~~~~[0m

[96mjavascript/group3/js_visitor.js[0m:[93m237[0m:[93m7[0m - [91merror[0m[90m TS7034: [0mVariable 'reqs' implicitly has type 'any[]' in some locations where its type cannot be determined.

[7m237[0m   var reqs=[]
[7m   [0m [91m      ~~~~[0m

[96mjavascript/group3/js_visitor.js[0m:[93m238[0m:[93m7[0m - [91merror[0m[90m TS7034: [0mVariable 'ty_ut' implicitly has type 'any[]' in some locations where its type cannot be determined.

[7m238[0m   var ty_ut=[]
[7m   [0m [91m      ~~~~~[0m

[96mjavascript/group3/js_visitor.js[0m:[93m241[0m:[93m23[0m - [91merror[0m[90m TS7006: [0mParameter 'ck' implicitly has an 'any' type.

[7m241[0m   function check_seen(ck,ar) {
[7m   [0m [91m                      ~~[0m

[96mjavascript/group3/js_visitor.js[0m:[93m241[0m:[93m26[0m - [91merror[0m[90m TS7006: [0mParameter 'ar' implicitly has an 'any' type.

[7m241[0m   function check_seen(ck,ar) {
[7m   [0m [91m                         ~~[0m

[96mjavascript/group3/js_visitor.js[0m:[93m242[0m:[93m10[0m - [91merror[0m[90m TS7005: [0mVariable 'seen' implicitly has an 'any[]' type.

[7m242[0m    var n=seen.indexOf(ck[1])
[7m   [0m [91m         ~~~~[0m

[96mjavascript/group3/js_visitor.js[0m:[93m272[0m:[93m10[0m - [91merror[0m[90m TS1102: [0m'delete' cannot be called on an identifier in strict mode.

[7m272[0m   delete a
[7m   [0m [91m         ~[0m

[96mjavascript/group3/js_visitor.js[0m:[93m272[0m:[93m10[0m - [91merror[0m[90m TS2703: [0mThe operand of a 'delete' operator must be a property reference.

[7m272[0m   delete a
[7m   [0m [91m         ~[0m

[96mjavascript/group3/js_visitor.js[0m:[93m273[0m:[93m35[0m - [91merror[0m[90m TS7005: [0mVariable 'seen' implicitly has an 'any[]' type.

[7m273[0m   var tmp_arr=[seen.length,lm,ges,seen]
[7m   [0m [91m                                  ~~~~[0m

[96mjavascript/group3/js_vue_to_code.js[0m:[93m1[0m:[93m1[0m - [91merror[0m[90m TS2304: [0mCannot find name 'code'.

[7m1[0m code=await(await fetch('https://cdn.jsdelivr.net/npm/vue@2.6.14/dist/vue.js')).text()
[7m [0m [91m~~~~[0m

[96mjavascript/group3/js_vue_to_code.js[0m:[93m1[0m:[93m6[0m - [91merror[0m[90m TS2311: [0mCannot find name 'await'. Did you mean to write this in an async function?

[7m1[0m code=await(await fetch('https://cdn.jsdelivr.net/npm/vue@2.6.14/dist/vue.js')).text()
[7m [0m [91m     ~~~~~[0m

[96mjavascript/group3/js_vue_to_code.js[0m:[93m2[0m:[93m1[0m - [91merror[0m[90m TS2304: [0mCannot find name 'code'.

[7m2[0m code.length
[7m [0m [91m~~~~[0m

[96mjavascript/group3/parse_asm_js.js[0m:[93m3[0m:[93m2[0m - [91merror[0m[90m TS2304: [0mCannot find name 'v8'.

[7m3[0m  v8=require("v8")
[7m [0m [91m ~~[0m

[96mjavascript/group3/parse_asm_js.js[0m:[93m3[0m:[93m13[0m - [91merror[0m[90m TS2307: [0mCannot find module 'v8' or its corresponding type declarations.

[7m3[0m  v8=require("v8")
[7m [0m [91m            ~~~~[0m

[96mjavascript/group3/parse_asm_js.js[0m:[93m4[0m:[93m2[0m - [91merror[0m[90m TS2304: [0mCannot find name 'util'.

[7m4[0m  util=require("util")
[7m [0m [91m ~~~~[0m

[96mjavascript/group3/parse_asm_js.js[0m:[93m4[0m:[93m15[0m - [91merror[0m[90m TS2307: [0mCannot find module 'util' or its corresponding type declarations.

[7m4[0m  util=require("util")
[7m [0m [91m              ~~~~~~[0m

[96mjavascript/group3/parse_asm_js.js[0m:[93m9[0m:[93m14[0m - [91merror[0m[90m TS7006: [0mParameter 's' implicitly has an 'any' type.

[7m9[0m  constructor(s) {
[7m [0m [91m             ~[0m

[96mjavascript/group3/parse_asm_js.js[0m:[93m20[0m:[93m4[0m - [91merror[0m[90m TS7023: [0m'[Symbol.iterator]' implicitly has return type 'any' because it does not have a return type annotation and is referenced directly or indirectly in one of its return expressions.

[7m20[0m    [Symbol.iterator]: function*() {
[7m  [0m [91m   ~~~~~~~~~~~~~~~~~[0m

[96mjavascript/group3/parse_asm_js.js[0m:[93m23[0m:[93m12[0m - [91merror[0m[90m TS7053: [0mElement implicitly has an 'any' type because expression of type 'string' can't be used to index type '{ [Symbol.iterator]: () => any; a: string; c: string; d: string; e: string; f: string; i: string; l: string; n: string; o: string; r: string; s: string; t: string; v: string; w: string; y: string; z: never[]; }'.
  No index signature with a parameter of type 'string' was found on type '{ [Symbol.iterator]: () => any; a: string; c: string; d: string; e: string; f: string; i: string; l: string; n: string; o: string; r: string; s: string; t: string; v: string; w: string; y: string; z: never[]; }'.

[7m23[0m      yield this[i]
[7m  [0m [91m           ~~~~~~~[0m

[96mjavascript/group3/parse_asm_js.js[0m:[93m43[0m:[93m11[0m - [91merror[0m[90m TS7022: [0m'i' implicitly has type 'any' because it does not have a type annotation and is referenced directly or indirectly in its own initializer.

[7m43[0m   for(var i of kwo) {
[7m  [0m [91m          ~[0m

[96mjavascript/group3/parse_asm_js.js[0m:[93m45[0m:[93m16[0m - [91merror[0m[90m TS2345: [0mArgument of type 'any' is not assignable to parameter of type 'never'.

[7m45[0m     kwo.z.push(i)
[7m  [0m [91m               ~[0m

[96mjavascript/group3/parse_asm_js.js[0m:[93m46[0m:[93m16[0m - [91merror[0m[90m TS2339: [0mProperty 'keywords' does not exist on type '{ getargs: number; parsebody: number; parsebracket: number; pt: number; parast: never[]; tok: never[]; idents: never[]; }'.

[7m46[0m     this.state.keywords=new Set(kwo.z)
[7m  [0m [91m               ~~~~~~~~[0m

[96mjavascript/group3/parse_asm_js.js[0m:[93m53[0m:[93m16[0m - [91merror[0m[90m TS2345: [0mArgument of type 'any' is not assignable to parameter of type 'never'.

[7m53[0m     kwo.z.push(i)
[7m  [0m [91m               ~[0m

[96mjavascript/group3/parse_asm_js.js[0m:[93m60[0m:[93m43[0m - [91merror[0m[90m TS7053: [0mElement implicitly has an 'any' type because expression of type 'any' can't be used to index type 'parsejs'.

[7m60[0m     this.keyword_handlers.set(i.substr(4),this[i].bind(this))
[7m  [0m [91m                                          ~~~~~~~[0m

[96mjavascript/group3/parse_asm_js.js[0m:[93m63[0m:[93m14[0m - [91merror[0m[90m TS2339: [0mProperty 'primitives' does not exist on type '{ getargs: number; parsebody: number; parsebracket: number; pt: number; parast: never[]; tok: never[]; idents: never[]; }'.

[7m63[0m   this.state.primitives=["null","undefined","true","false","NaN","Infinity","-Infinity","String"]
[7m  [0m [91m             ~~~~~~~~~~[0m

[96mjavascript/group3/parse_asm_js.js[0m:[93m65[0m:[93m25[0m - [91merror[0m[90m TS7006: [0mParameter 'n' implicitly has an 'any' type.

[7m65[0m    function set_handler(n,fn) {
[7m  [0m [91m                        ~[0m

[96mjavascript/group3/parse_asm_js.js[0m:[93m65[0m:[93m27[0m - [91merror[0m[90m TS7006: [0mParameter 'fn' implicitly has an 'any' type.

[7m65[0m    function set_handler(n,fn) {
[7m  [0m [91m                          ~~[0m

[96mjavascript/group3/parse_asm_js.js[0m:[93m66[0m:[93m8[0m - [91merror[0m[90m TS2358: [0mThe left-hand side of an 'instanceof' expression must be of type 'any', an object type or a type parameter.

[7m66[0m     if(!this instanceof m_class) {
[7m  [0m [91m       ~~~~~[0m

[96mjavascript/group3/parse_asm_js.js[0m:[93m66[0m:[93m9[0m - [91merror[0m[90m TS2683: [0m'this' implicitly has type 'any' because it does not have a type annotation.

[7m66[0m     if(!this instanceof m_class) {
[7m  [0m [91m        ~~~~[0m

  [96mjavascript/group3/parse_asm_js.js[0m:[93m65[0m:[93m13[0m
    [7m65[0m    function set_handler(n,fn) {
    [7m  [0m [96m            ~~~~~~~~~~~[0m
    An outer value of 'this' is shadowed by this container.

[96mjavascript/group3/parse_asm_js.js[0m:[93m72[0m:[93m5[0m - [91merror[0m[90m TS2683: [0m'this' implicitly has type 'any' because it does not have a type annotation.

[7m72[0m     this.keyword_handlers.set(n,fn.bind(this))
[7m  [0m [91m    ~~~~[0m

  [96mjavascript/group3/parse_asm_js.js[0m:[93m65[0m:[93m13[0m
    [7m65[0m    function set_handler(n,fn) {
    [7m  [0m [96m            ~~~~~~~~~~~[0m
    An outer value of 'this' is shadowed by this container.

[96mjavascript/group3/parse_asm_js.js[0m:[93m72[0m:[93m41[0m - [91merror[0m[90m TS2683: [0m'this' implicitly has type 'any' because it does not have a type annotation.

[7m72[0m     this.keyword_handlers.set(n,fn.bind(this))
[7m  [0m [91m                                        ~~~~[0m

  [96mjavascript/group3/parse_asm_js.js[0m:[93m65[0m:[93m13[0m
    [7m65[0m    function set_handler(n,fn) {
    [7m  [0m [96m            ~~~~~~~~~~~[0m
    An outer value of 'this' is shadowed by this container.

[96mjavascript/group3/parse_asm_js.js[0m:[93m74[0m:[93m25[0m - [91merror[0m[90m TS7006: [0mParameter 'g' implicitly has an 'any' type.

[7m74[0m    function get_handler(g) {
[7m  [0m [91m                        ~[0m

[96mjavascript/group3/parse_asm_js.js[0m:[93m75[0m:[93m8[0m - [91merror[0m[90m TS2358: [0mThe left-hand side of an 'instanceof' expression must be of type 'any', an object type or a type parameter.

[7m75[0m     if(!this instanceof m_class) {
[7m  [0m [91m       ~~~~~[0m

[96mjavascript/group3/parse_asm_js.js[0m:[93m75[0m:[93m9[0m - [91merror[0m[90m TS2683: [0m'this' implicitly has type 'any' because it does not have a type annotation.

[7m75[0m     if(!this instanceof m_class) {
[7m  [0m [91m        ~~~~[0m

  [96mjavascript/group3/parse_asm_js.js[0m:[93m74[0m:[93m13[0m
    [7m74[0m    function get_handler(g) {
    [7m  [0m [96m            ~~~~~~~~~~~[0m
    An outer value of 'this' is shadowed by this container.

[96mjavascript/group3/parse_asm_js.js[0m:[93m78[0m:[93m5[0m - [91merror[0m[90m TS2683: [0m'this' implicitly has type 'any' because it does not have a type annotation.

[7m78[0m     this.keyword_handlers.get(g)
[7m  [0m [91m    ~~~~[0m

  [96mjavascript/group3/parse_asm_js.js[0m:[93m74[0m:[93m13[0m
    [7m74[0m    function get_handler(g) {
    [7m  [0m [96m            ~~~~~~~~~~~[0m
    An outer value of 'this' is shadowed by this container.

[96mjavascript/group3/parse_asm_js.js[0m:[93m83[0m:[93m15[0m - [91merror[0m[90m TS7006: [0mParameter 's' implicitly has an 'any' type.

[7m83[0m  eat_function(s,state) {
[7m  [0m [91m              ~[0m

[96mjavascript/group3/parse_asm_js.js[0m:[93m83[0m:[93m17[0m - [91merror[0m[90m TS7006: [0mParameter 'state' implicitly has an 'any' type.

[7m83[0m  eat_function(s,state) {
[7m  [0m [91m                ~~~~~[0m

[96mjavascript/group3/parse_asm_js.js[0m:[93m145[0m:[93m10[0m - [91merror[0m[90m TS7006: [0mParameter 's' implicitly has an 'any' type.

[7m145[0m  eat_try(s,state) {
[7m   [0m [91m         ~[0m

[96mjavascript/group3/parse_asm_js.js[0m:[93m145[0m:[93m12[0m - [91merror[0m[90m TS7006: [0mParameter 'state' implicitly has an 'any' type.

[7m145[0m  eat_try(s,state) {
[7m   [0m [91m           ~~~~~[0m

[96mjavascript/group3/parse_asm_js.js[0m:[93m167[0m:[93m11[0m - [91merror[0m[90m TS2339: [0mProperty 'finally' does not exist on type '{ value: string; body: any; }'.

[7m167[0m    tryobj.finally=state.tok
[7m   [0m [91m          ~~~~~~~[0m

[96mjavascript/group3/parse_asm_js.js[0m:[93m176[0m:[93m12[0m - [91merror[0m[90m TS7006: [0mParameter 's' implicitly has an 'any' type.

[7m176[0m  eat_catch(s,state,tryobj) {
[7m   [0m [91m           ~[0m

[96mjavascript/group3/parse_asm_js.js[0m:[93m176[0m:[93m14[0m - [91merror[0m[90m TS7006: [0mParameter 'state' implicitly has an 'any' type.

[7m176[0m  eat_catch(s,state,tryobj) {
[7m   [0m [91m             ~~~~~[0m

[96mjavascript/group3/parse_asm_js.js[0m:[93m176[0m:[93m20[0m - [91merror[0m[90m TS7006: [0mParameter 'tryobj' implicitly has an 'any' type.

[7m176[0m  eat_catch(s,state,tryobj) {
[7m   [0m [91m                   ~~~~~~[0m

[96mjavascript/group3/parse_asm_js.js[0m:[93m181[0m:[93m7[0m - [91merror[0m[90m TS6133: [0m'save' is declared but its value is never read.

[7m181[0m   var save=state.tok
[7m   [0m [91m      ~~~~[0m

[96mjavascript/group3/parse_asm_js.js[0m:[93m194[0m:[93m14[0m - [91merror[0m[90m TS7006: [0mParameter 's' implicitly has an 'any' type.

[7m194[0m  eat_finally(s,state,tryobj) {
[7m   [0m [91m             ~[0m

[96mjavascript/group3/parse_asm_js.js[0m:[93m194[0m:[93m16[0m - [91merror[0m[90m TS7006: [0mParameter 'state' implicitly has an 'any' type.

[7m194[0m  eat_finally(s,state,tryobj) {
[7m   [0m [91m               ~~~~~[0m

[96mjavascript/group3/parse_asm_js.js[0m:[93m194[0m:[93m22[0m - [91merror[0m[90m TS6133: [0m'tryobj' is declared but its value is never read.

[7m194[0m  eat_finally(s,state,tryobj) {
[7m   [0m [91m                     ~~~~~~[0m

[96mjavascript/group3/parse_asm_js.js[0m:[93m194[0m:[93m22[0m - [91merror[0m[90m TS7006: [0mParameter 'tryobj' implicitly has an 'any' type.

[7m194[0m  eat_finally(s,state,tryobj) {
[7m   [0m [91m                     ~~~~~~[0m

[96mjavascript/group3/parse_asm_js.js[0m:[93m199[0m:[93m7[0m - [91merror[0m[90m TS6133: [0m'save' is declared but its value is never read.

[7m199[0m   var save=state.tok
[7m   [0m [91m      ~~~~[0m

[96mjavascript/group3/parse_asm_js.js[0m:[93m205[0m:[93m8[0m - [91merror[0m[90m TS7006: [0mParameter 's' implicitly has an 'any' type.

[7m205[0m  parse(s,state,d) {
[7m   [0m [91m       ~[0m

[96mjavascript/group3/parse_asm_js.js[0m:[93m205[0m:[93m10[0m - [91merror[0m[90m TS7006: [0mParameter 'state' implicitly has an 'any' type.

[7m205[0m  parse(s,state,d) {
[7m   [0m [91m         ~~~~~[0m

[96mjavascript/group3/parse_asm_js.js[0m:[93m205[0m:[93m16[0m - [91merror[0m[90m TS7006: [0mParameter 'd' implicitly has an 'any' type.

[7m205[0m  parse(s,state,d) {
[7m   [0m [91m               ~[0m

[96mjavascript/group3/parse_asm_js.js[0m:[93m224[0m:[93m7[0m - [91merror[0m[90m TS2349: [0mThis expression is not callable.
  Type 'void' has no call signatures.

[7m224[0m       console.log(comment)(function() {
[7m   [0m [91m      ~~~~~~~~~~~~~~~~~~~~[0m

[96mjavascript/group3/parse_asm_js.js[0m:[93m232[0m:[93m11[0m - [91merror[0m[90m TS6133: [0m'notreg' is declared but its value is never read.

[7m232[0m       var notreg=0
[7m   [0m [91m          ~~~~~~[0m

[96mjavascript/group3/parse_asm_js.js[0m:[93m723[0m:[93m16[0m - [91merror[0m[90m TS2339: [0mProperty 'tok' does not exist on type '{}'.

[7m723[0m   return state.tok
[7m   [0m [91m               ~~~[0m

[96mjavascript/group3/parse_asm_js.js[0m:[93m727[0m:[93m2[0m - [91merror[0m[90m TS2304: [0mCannot find name 'parser'.

[7m727[0m  parser=new parsejs()
[7m   [0m [91m ~~~~~~[0m

[96mjavascript/group3/parse_asm_js.js[0m:[93m728[0m:[93m2[0m - [91merror[0m[90m TS2304: [0mCannot find name 'parser'.

[7m728[0m  parser.parse(code,parser.state)
[7m   [0m [91m ~~~~~~[0m

[96mjavascript/group3/parse_asm_js.js[0m:[93m728[0m:[93m15[0m - [91merror[0m[90m TS2304: [0mCannot find name 'code'.

[7m728[0m  parser.parse(code,parser.state)
[7m   [0m [91m              ~~~~[0m

[96mjavascript/group3/parse_asm_js.js[0m:[93m728[0m:[93m20[0m - [91merror[0m[90m TS2304: [0mCannot find name 'parser'.

[7m728[0m  parser.parse(code,parser.state)
[7m   [0m [91m                   ~~~~~~[0m

[96mjavascript/group3/parse_asm_js.js[0m:[93m729[0m:[93m2[0m - [91merror[0m[90m TS2304: [0mCannot find name 'parser'.

[7m729[0m  parser.state.tok
[7m   [0m [91m ~~~~~~[0m

[96mjavascript/group3/parsejs.js[0m:[93m2[0m:[93m2[0m - [91merror[0m[90m TS2304: [0mCannot find name 'v8'.

[7m2[0m  v8=require("v8")
[7m [0m [91m ~~[0m

[96mjavascript/group3/parsejs.js[0m:[93m2[0m:[93m13[0m - [91merror[0m[90m TS2307: [0mCannot find module 'v8' or its corresponding type declarations.

[7m2[0m  v8=require("v8")
[7m [0m [91m            ~~~~[0m

[96mjavascript/group3/parsejs.js[0m:[93m3[0m:[93m2[0m - [91merror[0m[90m TS2304: [0mCannot find name 'util'.

[7m3[0m  util=require("util")
[7m [0m [91m ~~~~[0m

[96mjavascript/group3/parsejs.js[0m:[93m3[0m:[93m15[0m - [91merror[0m[90m TS2307: [0mCannot find module 'util' or its corresponding type declarations.

[7m3[0m  util=require("util")
[7m [0m [91m              ~~~~~~[0m

[96mjavascript/group3/parsejs.js[0m:[93m9[0m:[93m14[0m - [91merror[0m[90m TS7006: [0mParameter 's' implicitly has an 'any' type.

[7m9[0m  constructor(s) {
[7m [0m [91m             ~[0m

[96mjavascript/group3/parsejs.js[0m:[93m20[0m:[93m4[0m - [91merror[0m[90m TS7023: [0m'[Symbol.iterator]' implicitly has return type 'any' because it does not have a return type annotation and is referenced directly or indirectly in one of its return expressions.

[7m20[0m    [Symbol.iterator]: function*() {
[7m  [0m [91m   ~~~~~~~~~~~~~~~~~[0m

[96mjavascript/group3/parsejs.js[0m:[93m23[0m:[93m12[0m - [91merror[0m[90m TS7053: [0mElement implicitly has an 'any' type because expression of type 'string' can't be used to index type '{ [Symbol.iterator]: () => any; a: string; c: string; d: string; e: string; f: string; i: string; l: string; n: string; o: string; r: string; s: string; t: string; v: string; w: string; y: string; z: never[]; }'.
  No index signature with a parameter of type 'string' was found on type '{ [Symbol.iterator]: () => any; a: string; c: string; d: string; e: string; f: string; i: string; l: string; n: string; o: string; r: string; s: string; t: string; v: string; w: string; y: string; z: never[]; }'.

[7m23[0m      yield this[i]
[7m  [0m [91m           ~~~~~~~[0m

[96mjavascript/group3/parsejs.js[0m:[93m43[0m:[93m11[0m - [91merror[0m[90m TS7022: [0m'i' implicitly has type 'any' because it does not have a type annotation and is referenced directly or indirectly in its own initializer.

[7m43[0m   for(var i of kwo) {
[7m  [0m [91m          ~[0m

[96mjavascript/group3/parsejs.js[0m:[93m45[0m:[93m16[0m - [91merror[0m[90m TS2345: [0mArgument of type 'any' is not assignable to parameter of type 'never'.

[7m45[0m     kwo.z.push(i)
[7m  [0m [91m               ~[0m

[96mjavascript/group3/parsejs.js[0m:[93m46[0m:[93m16[0m - [91merror[0m[90m TS2339: [0mProperty 'keywords' does not exist on type '{ get_args: number; parse_body: number; parse_bracket: number; pt: number; para_stack: never[]; tok: never[]; idents: never[]; }'.

[7m46[0m     this.state.keywords=new Set(kwo.z)
[7m  [0m [91m               ~~~~~~~~[0m

[96mjavascript/group3/parsejs.js[0m:[93m53[0m:[93m16[0m - [91merror[0m[90m TS2345: [0mArgument of type 'any' is not assignable to parameter of type 'never'.

[7m53[0m     kwo.z.push(i)
[7m  [0m [91m               ~[0m

[96mjavascript/group3/parsejs.js[0m:[93m60[0m:[93m43[0m - [91merror[0m[90m TS7053: [0mElement implicitly has an 'any' type because expression of type 'any' can't be used to index type 'parsejs'.

[7m60[0m     this.keyword_handlers.set(i.substr(4),this[i].bind(this))
[7m  [0m [91m                                          ~~~~~~~[0m

[96mjavascript/group3/parsejs.js[0m:[93m63[0m:[93m14[0m - [91merror[0m[90m TS2339: [0mProperty 'primitives' does not exist on type '{ get_args: number; parse_body: number; parse_bracket: number; pt: number; para_stack: never[]; tok: never[]; idents: never[]; }'.

[7m63[0m   this.state.primitives=["null","undefined","true","false","NaN","Infinity","-Infinity","String"]
[7m  [0m [91m             ~~~~~~~~~~[0m

[96mjavascript/group3/parsejs.js[0m:[93m65[0m:[93m25[0m - [91merror[0m[90m TS7006: [0mParameter 'n' implicitly has an 'any' type.

[7m65[0m    function set_handler(n,fn) {
[7m  [0m [91m                        ~[0m

[96mjavascript/group3/parsejs.js[0m:[93m65[0m:[93m27[0m - [91merror[0m[90m TS7006: [0mParameter 'fn' implicitly has an 'any' type.

[7m65[0m    function set_handler(n,fn) {
[7m  [0m [91m                          ~~[0m

[96mjavascript/group3/parsejs.js[0m:[93m66[0m:[93m8[0m - [91merror[0m[90m TS2358: [0mThe left-hand side of an 'instanceof' expression must be of type 'any', an object type or a type parameter.

[7m66[0m     if(!this instanceof m_class) {
[7m  [0m [91m       ~~~~~[0m

[96mjavascript/group3/parsejs.js[0m:[93m66[0m:[93m9[0m - [91merror[0m[90m TS2683: [0m'this' implicitly has type 'any' because it does not have a type annotation.

[7m66[0m     if(!this instanceof m_class) {
[7m  [0m [91m        ~~~~[0m

  [96mjavascript/group3/parsejs.js[0m:[93m65[0m:[93m13[0m
    [7m65[0m    function set_handler(n,fn) {
    [7m  [0m [96m            ~~~~~~~~~~~[0m
    An outer value of 'this' is shadowed by this container.

[96mjavascript/group3/parsejs.js[0m:[93m72[0m:[93m5[0m - [91merror[0m[90m TS2683: [0m'this' implicitly has type 'any' because it does not have a type annotation.

[7m72[0m     this.keyword_handlers.set(n,fn.bind(this))
[7m  [0m [91m    ~~~~[0m

  [96mjavascript/group3/parsejs.js[0m:[93m65[0m:[93m13[0m
    [7m65[0m    function set_handler(n,fn) {
    [7m  [0m [96m            ~~~~~~~~~~~[0m
    An outer value of 'this' is shadowed by this container.

[96mjavascript/group3/parsejs.js[0m:[93m72[0m:[93m41[0m - [91merror[0m[90m TS2683: [0m'this' implicitly has type 'any' because it does not have a type annotation.

[7m72[0m     this.keyword_handlers.set(n,fn.bind(this))
[7m  [0m [91m                                        ~~~~[0m

  [96mjavascript/group3/parsejs.js[0m:[93m65[0m:[93m13[0m
    [7m65[0m    function set_handler(n,fn) {
    [7m  [0m [96m            ~~~~~~~~~~~[0m
    An outer value of 'this' is shadowed by this container.

[96mjavascript/group3/parsejs.js[0m:[93m74[0m:[93m25[0m - [91merror[0m[90m TS7006: [0mParameter 'g' implicitly has an 'any' type.

[7m74[0m    function get_handler(g) {
[7m  [0m [91m                        ~[0m

[96mjavascript/group3/parsejs.js[0m:[93m75[0m:[93m8[0m - [91merror[0m[90m TS2358: [0mThe left-hand side of an 'instanceof' expression must be of type 'any', an object type or a type parameter.

[7m75[0m     if(!this instanceof m_class) {
[7m  [0m [91m       ~~~~~[0m

[96mjavascript/group3/parsejs.js[0m:[93m75[0m:[93m9[0m - [91merror[0m[90m TS2683: [0m'this' implicitly has type 'any' because it does not have a type annotation.

[7m75[0m     if(!this instanceof m_class) {
[7m  [0m [91m        ~~~~[0m

  [96mjavascript/group3/parsejs.js[0m:[93m74[0m:[93m13[0m
    [7m74[0m    function get_handler(g) {
    [7m  [0m [96m            ~~~~~~~~~~~[0m
    An outer value of 'this' is shadowed by this container.

[96mjavascript/group3/parsejs.js[0m:[93m78[0m:[93m5[0m - [91merror[0m[90m TS2683: [0m'this' implicitly has type 'any' because it does not have a type annotation.

[7m78[0m     this.keyword_handlers.get(g)
[7m  [0m [91m    ~~~~[0m

  [96mjavascript/group3/parsejs.js[0m:[93m74[0m:[93m13[0m
    [7m74[0m    function get_handler(g) {
    [7m  [0m [96m            ~~~~~~~~~~~[0m
    An outer value of 'this' is shadowed by this container.

[96mjavascript/group3/parsejs.js[0m:[93m84[0m:[93m15[0m - [91merror[0m[90m TS7006: [0mParameter 's' implicitly has an 'any' type.

[7m84[0m  eat_function(s,state) {
[7m  [0m [91m              ~[0m

[96mjavascript/group3/parsejs.js[0m:[93m85[0m:[93m25[0m - [91merror[0m[90m TS2345: [0mArgument of type 'number' is not assignable to parameter of type 'never'.

[7m85[0m   state.para_stack.push(state.pt)
[7m  [0m [91m                        ~~~~~~~~[0m

[96mjavascript/group3/parsejs.js[0m:[93m87[0m:[93m7[0m - [91merror[0m[90m TS7005: [0mVariable 'save' implicitly has an 'any[]' type.

[7m87[0m   var save=state.tok
[7m  [0m [91m      ~~~~[0m

[96mjavascript/group3/parsejs.js[0m:[93m104[0m:[93m7[0m - [91merror[0m[90m TS7005: [0mVariable 'param_a' implicitly has an 'any[]' type.

[7m104[0m   var param_a=state.tok
[7m   [0m [91m      ~~~~~~~[0m

[96mjavascript/group3/parsejs.js[0m:[93m122[0m:[93m7[0m - [91merror[0m[90m TS7005: [0mVariable 'function_body' implicitly has an 'any[]' type.

[7m122[0m   var function_body=state.tok
[7m   [0m [91m      ~~~~~~~~~~~~~[0m

[96mjavascript/group3/parsejs.js[0m:[93m139[0m:[93m3[0m - [91merror[0m[90m TS2322: [0mType 'any[]' is not assignable to type 'never[]'.
  Type 'any' is not assignable to type 'never'.

[7m139[0m   state.tok=save
[7m   [0m [91m  ~~~~~~~~~[0m

[96mjavascript/group3/parsejs.js[0m:[93m142[0m:[93m4[0m - [91merror[0m[90m TS2322: [0mType 'undefined' is not assignable to type 'number'.

[7m142[0m    state.pt=state.para_stack.pop()
[7m   [0m [91m   ~~~~~~~~[0m

[96mjavascript/group3/parsejs.js[0m:[93m147[0m:[93m10[0m - [91merror[0m[90m TS7006: [0mParameter 's' implicitly has an 'any' type.

[7m147[0m  eat_try(s,state) {
[7m   [0m [91m         ~[0m

[96mjavascript/group3/parsejs.js[0m:[93m148[0m:[93m25[0m - [91merror[0m[90m TS2345: [0mArgument of type 'number' is not assignable to parameter of type 'never'.

[7m148[0m   state.para_stack.push(state.pt)
[7m   [0m [91m                        ~~~~~~~~[0m

[96mjavascript/group3/parsejs.js[0m:[93m150[0m:[93m7[0m - [91merror[0m[90m TS7005: [0mVariable 'save' implicitly has an 'any[]' type.

[7m150[0m   var save=state.tok
[7m   [0m [91m      ~~~~[0m

[96mjavascript/group3/parsejs.js[0m:[93m153[0m:[93m7[0m - [91merror[0m[90m TS7005: [0mVariable 'try_block' implicitly has an 'any[]' type.

[7m153[0m   var try_block=state.tok
[7m   [0m [91m      ~~~~~~~~~[0m

[96mjavascript/group3/parsejs.js[0m:[93m168[0m:[93m11[0m - [91merror[0m[90m TS2554: [0mExpected 3 arguments, but got 2.

[7m168[0m    s=this.eat_finally(s,state)
[7m   [0m [91m          ~~~~~~~~~~~~~~~~~~~~[0m

  [96mjavascript/group3/parsejs.js[0m:[93m198[0m:[93m22[0m
    [7m198[0m  eat_finally(s,state,try_obj) {
    [7m   [0m [96m                     ~~~~~~~[0m
    An argument for 'try_obj' was not provided.

[96mjavascript/group3/parsejs.js[0m:[93m169[0m:[93m12[0m - [91merror[0m[90m TS2339: [0mProperty 'finally' does not exist on type '{ value: string; body: any[]; }'.

[7m169[0m    try_obj.finally=state.tok
[7m   [0m [91m           ~~~~~~~[0m

[96mjavascript/group3/parsejs.js[0m:[93m172[0m:[93m4[0m - [91merror[0m[90m TS2322: [0mType 'undefined' is not assignable to type 'number'.

[7m172[0m    state.pt=state.para_stack.pop()
[7m   [0m [91m   ~~~~~~~~[0m

[96mjavascript/group3/parsejs.js[0m:[93m175[0m:[93m3[0m - [91merror[0m[90m TS2322: [0mType 'any[]' is not assignable to type 'never[]'.

[7m175[0m   state.tok=save
[7m   [0m [91m  ~~~~~~~~~[0m

[96mjavascript/group3/parsejs.js[0m:[93m179[0m:[93m12[0m - [91merror[0m[90m TS7006: [0mParameter 's' implicitly has an 'any' type.

[7m179[0m  eat_catch(s,state,try_obj) {
[7m   [0m [91m           ~[0m

[96mjavascript/group3/parsejs.js[0m:[93m179[0m:[93m20[0m - [91merror[0m[90m TS7006: [0mParameter 'try_obj' implicitly has an 'any' type.

[7m179[0m  eat_catch(s,state,try_obj) {
[7m   [0m [91m                   ~~~~~~~[0m

[96mjavascript/group3/parsejs.js[0m:[93m182[0m:[93m25[0m - [91merror[0m[90m TS2345: [0mArgument of type 'number' is not assignable to parameter of type 'never'.

[7m182[0m   state.para_stack.push(state.pt)
[7m   [0m [91m                        ~~~~~~~~[0m

[96mjavascript/group3/parsejs.js[0m:[93m184[0m:[93m7[0m - [91merror[0m[90m TS6133: [0m'save' is declared but its value is never read.

[7m184[0m   var save=state.tok
[7m   [0m [91m      ~~~~[0m

[96mjavascript/group3/parsejs.js[0m:[93m184[0m:[93m7[0m - [91merror[0m[90m TS7005: [0mVariable 'save' implicitly has an 'any[]' type.

[7m184[0m   var save=state.tok
[7m   [0m [91m      ~~~~[0m

[96mjavascript/group3/parsejs.js[0m:[93m194[0m:[93m3[0m - [91merror[0m[90m TS2322: [0mType 'undefined' is not assignable to type 'number'.

[7m194[0m   state.pt=state.para_stack.pop()
[7m   [0m [91m  ~~~~~~~~[0m

[96mjavascript/group3/parsejs.js[0m:[93m198[0m:[93m14[0m - [91merror[0m[90m TS7006: [0mParameter 's' implicitly has an 'any' type.

[7m198[0m  eat_finally(s,state,try_obj) {
[7m   [0m [91m             ~[0m

[96mjavascript/group3/parsejs.js[0m:[93m198[0m:[93m22[0m - [91merror[0m[90m TS7006: [0mParameter 'try_obj' implicitly has an 'any' type.

[7m198[0m  eat_finally(s,state,try_obj) {
[7m   [0m [91m                     ~~~~~~~[0m

[96mjavascript/group3/parsejs.js[0m:[93m202[0m:[93m25[0m - [91merror[0m[90m TS2345: [0mArgument of type 'number' is not assignable to parameter of type 'never'.

[7m202[0m   state.para_stack.push(state.pt)
[7m   [0m [91m                        ~~~~~~~~[0m

[96mjavascript/group3/parsejs.js[0m:[93m204[0m:[93m7[0m - [91merror[0m[90m TS6133: [0m'save' is declared but its value is never read.

[7m204[0m   var save=state.tok
[7m   [0m [91m      ~~~~[0m

[96mjavascript/group3/parsejs.js[0m:[93m204[0m:[93m7[0m - [91merror[0m[90m TS7005: [0mVariable 'save' implicitly has an 'any[]' type.

[7m204[0m   var save=state.tok
[7m   [0m [91m      ~~~~[0m

[96mjavascript/group3/parsejs.js[0m:[93m207[0m:[93m3[0m - [91merror[0m[90m TS2322: [0mType 'undefined' is not assignable to type 'number'.

[7m207[0m   state.pt=state.para_stack.pop()
[7m   [0m [91m  ~~~~~~~~[0m

[96mjavascript/group3/parsejs.js[0m:[93m211[0m:[93m8[0m - [91merror[0m[90m TS7006: [0mParameter 's' implicitly has an 'any' type.

[7m211[0m  parse(s,state,d) {
[7m   [0m [91m       ~[0m

[96mjavascript/group3/parsejs.js[0m:[93m211[0m:[93m16[0m - [91merror[0m[90m TS7006: [0mParameter 'd' implicitly has an 'any' type.

[7m211[0m  parse(s,state,d) {
[7m   [0m [91m               ~[0m

[96mjavascript/group3/parsejs.js[0m:[93m259[0m:[93m11[0m - [91merror[0m[90m TS7005: [0mVariable 'prev' implicitly has an 'any' type.

[7m259[0m       var prev=state.tok[state.tok.length-1]
[7m   [0m [91m          ~~~~[0m

[96mjavascript/group3/parsejs.js[0m:[93m262[0m:[93m23[0m - [91merror[0m[90m TS2345: [0mArgument of type '{ value: string; data: string; }' is not assignable to parameter of type 'never'.

[7m262[0m        state.tok.push({
[7m   [0m [91m                      ~[0m
[7m263[0m         value: "Operator",
[7m   [0m [91m~~~~~~~~~~~~~~~~~~~~~~~~~~[0m
[7m264[0m         data: "/"
[7m   [0m [91m~~~~~~~~~~~~~~~~~[0m
[7m265[0m        })
[7m   [0m [91m~~~~~~~~[0m

[96mjavascript/group3/parsejs.js[0m:[93m269[0m:[93m23[0m - [91merror[0m[90m TS2345: [0mArgument of type '{ value: string; data: RegExp; }' is not assignable to parameter of type 'never'.

[7m269[0m        state.tok.push({
[7m   [0m [91m                      ~[0m
[7m270[0m         value: "Regex",
[7m   [0m [91m~~~~~~~~~~~~~~~~~~~~~~~[0m
[7m271[0m         data: new RegExp(regex,flags)
[7m   [0m [91m~~~~~~~~~~~~~~~~~~~~~~~~~~~~~~~~~~~~~[0m
[7m272[0m        })
[7m   [0m [91m~~~~~~~~[0m

[96mjavascript/group3/parsejs.js[0m:[93m296[0m:[93m40[0m - [91merror[0m[90m TS2339: [0mProperty 'value' does not exist on type 'never'.

[7m296[0m       if(state.tok[state.tok.length-1].value=="Separator") {
[7m   [0m [91m                                       ~~~~~[0m

[96mjavascript/group3/parsejs.js[0m:[93m302[0m:[93m40[0m - [91merror[0m[90m TS2339: [0mProperty 'value' does not exist on type 'never'.

[7m302[0m       if(state.tok[state.tok.length-1].value!="LBracket") {
[7m   [0m [91m                                       ~~~~~[0m

[96mjavascript/group3/parsejs.js[0m:[93m303[0m:[93m23[0m - [91merror[0m[90m TS2345: [0mArgument of type '{ value: string; }' is not assignable to parameter of type 'never'.

[7m303[0m        state.tok.push({
[7m   [0m [91m                      ~[0m
[7m304[0m         value: "Separator"
[7m   [0m [91m~~~~~~~~~~~~~~~~~~~~~~~~~~[0m
[7m305[0m        })
[7m   [0m [91m~~~~~~~~[0m

[96mjavascript/group3/parsejs.js[0m:[93m308[0m:[93m22[0m - [91merror[0m[90m TS2345: [0mArgument of type '{ value: string; }' is not assignable to parameter of type 'never'.

[7m308[0m       state.tok.push({
[7m   [0m [91m                     ~[0m
[7m309[0m        value: "Separator"
[7m   [0m [91m~~~~~~~~~~~~~~~~~~~~~~~~~[0m
[7m310[0m       })
[7m   [0m [91m~~~~~~~[0m

[96mjavascript/group3/parsejs.js[0m:[93m320[0m:[93m29[0m - [91merror[0m[90m TS2345: [0mArgument of type 'number' is not assignable to parameter of type 'never'.

[7m320[0m       state.para_stack.push(state.pt)
[7m   [0m [91m                            ~~~~~~~~[0m

[96mjavascript/group3/parsejs.js[0m:[93m322[0m:[93m22[0m - [91merror[0m[90m TS2345: [0mArgument of type '{ value: string; }' is not assignable to parameter of type 'never'.

[7m322[0m       state.tok.push({
[7m   [0m [91m                     ~[0m
[7m323[0m        value: "LParan"
[7m   [0m [91m~~~~~~~~~~~~~~~~~~~~~~[0m
[7m324[0m       })
[7m   [0m [91m~~~~~~~[0m

[96mjavascript/group3/parsejs.js[0m:[93m327[0m:[93m21[0m - [91merror[0m[90m TS2345: [0mArgument of type '{ value: string; }' is not assignable to parameter of type 'never'.

[7m327[0m      state.tok.push({
[7m   [0m [91m                    ~[0m
[7m328[0m       value: "LParan"
[7m   [0m [91m~~~~~~~~~~~~~~~~~~~~~[0m
[7m329[0m      })
[7m   [0m [91m~~~~~~[0m

[96mjavascript/group3/parsejs.js[0m:[93m333[0m:[93m29[0m - [91merror[0m[90m TS2345: [0mArgument of type 'number' is not assignable to parameter of type 'never'.
  Type 'number' is not assignable to type 'never'.

[7m333[0m       state.para_stack.push(state.pt)
[7m   [0m [91m                            ~~~~~~~~[0m

[96mjavascript/group3/parsejs.js[0m:[93m337[0m:[93m29[0m - [91merror[0m[90m TS2345: [0mArgument of type 'number' is not assignable to parameter of type 'never'.

[7m337[0m       state.para_stack.push(state.pt)
[7m   [0m [91m                            ~~~~~~~~[0m

[96mjavascript/group3/parsejs.js[0m:[93m340[0m:[93m22[0m - [91merror[0m[90m TS2345: [0mArgument of type '{ value: string; }' is not assignable to parameter of type 'never'.

[7m340[0m       state.tok.push({
[7m   [0m [91m                     ~[0m
[7m341[0m        value: "LBracket"
[7m   [0m [91m~~~~~~~~~~~~~~~~~~~~~~~~[0m
[7m342[0m       })
[7m   [0m [91m~~~~~~~[0m

[96mjavascript/group3/parsejs.js[0m:[93m347[0m:[93m59[0m - [91merror[0m[90m TS2339: [0mProperty 'value' does not exist on type 'never'.

[7m347[0m      if(state.tok.length>1&&state.tok[state.tok.length-1].value=="Separator") {
[7m   [0m [91m                                                          ~~~~~[0m

[96mjavascript/group3/parsejs.js[0m:[93m354[0m:[93m22[0m - [91merror[0m[90m TS2345: [0mArgument of type '{ value: string; }' is not assignable to parameter of type 'never'.

[7m354[0m       state.tok.push({
[7m   [0m [91m                     ~[0m
[7m355[0m        value: "RBracket"
[7m   [0m [91m~~~~~~~~~~~~~~~~~~~~~~~~[0m
[7m356[0m       })
[7m   [0m [91m~~~~~~~[0m

[96mjavascript/group3/parsejs.js[0m:[93m357[0m:[93m7[0m - [91merror[0m[90m TS2322: [0mType 'undefined' is not assignable to type 'number'.

[7m357[0m       state.pt=state.para_stack.pop()
[7m   [0m [91m      ~~~~~~~~[0m

[96mjavascript/group3/parsejs.js[0m:[93m361[0m:[93m7[0m - [91merror[0m[90m TS2322: [0mType 'undefined' is not assignable to type 'number'.

[7m361[0m       state.pt=state.para_stack.pop()
[7m   [0m [91m      ~~~~~~~~[0m

[96mjavascript/group3/parsejs.js[0m:[93m369[0m:[93m7[0m - [91merror[0m[90m TS2322: [0mType 'undefined' is not assignable to type 'number'.

[7m369[0m       state.pt=state.para_stack.pop()
[7m   [0m [91m      ~~~~~~~~[0m

[96mjavascript/group3/parsejs.js[0m:[93m370[0m:[93m22[0m - [91merror[0m[90m TS2345: [0mArgument of type '{ value: string; }' is not assignable to parameter of type 'never'.

[7m370[0m       state.tok.push({
[7m   [0m [91m                     ~[0m
[7m371[0m        value: "RParan"
[7m   [0m [91m~~~~~~~~~~~~~~~~~~~~~~[0m
[7m372[0m       })
[7m   [0m [91m~~~~~~~[0m

[96mjavascript/group3/parsejs.js[0m:[93m376[0m:[93m22[0m - [91merror[0m[90m TS2345: [0mArgument of type '{ value: string; }' is not assignable to parameter of type 'never'.

[7m376[0m       state.tok.push({
[7m   [0m [91m                     ~[0m
[7m377[0m        value: "RParan"
[7m   [0m [91m~~~~~~~~~~~~~~~~~~~~~~[0m
[7m378[0m       })
[7m   [0m [91m~~~~~~~[0m

[96mjavascript/group3/parsejs.js[0m:[93m381[0m:[93m21[0m - [91merror[0m[90m TS2345: [0mArgument of type '{ value: string; }' is not assignable to parameter of type 'never'.

[7m381[0m      state.tok.push({
[7m   [0m [91m                    ~[0m
[7m382[0m       value: "RParan"
[7m   [0m [91m~~~~~~~~~~~~~~~~~~~~~[0m
[7m383[0m      })
[7m   [0m [91m~~~~~~[0m

[96mjavascript/group3/parsejs.js[0m:[93m388[0m:[93m23[0m - [91merror[0m[90m TS2345: [0mArgument of type '{ value: string; data: string; }' is not assignable to parameter of type 'never'.

[7m388[0m        state.tok.push({
[7m   [0m [91m                      ~[0m
[7m389[0m         value: "Operator",
[7m   [0m [91m~~~~~~~~~~~~~~~~~~~~~~~~~~[0m
[7m390[0m         data: "!=="
[7m   [0m [91m~~~~~~~~~~~~~~~~~~~[0m
[7m391[0m        })
[7m   [0m [91m~~~~~~~~[0m

[96mjavascript/group3/parsejs.js[0m:[93m394[0m:[93m23[0m - [91merror[0m[90m TS2345: [0mArgument of type '{ value: string; data: string; }' is not assignable to parameter of type 'never'.

[7m394[0m        state.tok.push({
[7m   [0m [91m                      ~[0m
[7m395[0m         value: "Operator",
[7m   [0m [91m~~~~~~~~~~~~~~~~~~~~~~~~~~[0m
[7m396[0m         data: "!="
[7m   [0m [91m~~~~~~~~~~~~~~~~~~[0m
[7m397[0m        })
[7m   [0m [91m~~~~~~~~[0m

[96mjavascript/group3/parsejs.js[0m:[93m401[0m:[93m22[0m - [91merror[0m[90m TS2345: [0mArgument of type '{ value: string; data: string; }' is not assignable to parameter of type 'never'.

[7m401[0m       state.tok.push({
[7m   [0m [91m                     ~[0m
[7m402[0m        value: "Operator",
[7m   [0m [91m~~~~~~~~~~~~~~~~~~~~~~~~~[0m
[7m403[0m        data: "!"
[7m   [0m [91m~~~~~~~~~~~~~~~~[0m
[7m404[0m       })
[7m   [0m [91m~~~~~~~[0m

[96mjavascript/group3/parsejs.js[0m:[93m408[0m:[93m21[0m - [91merror[0m[90m TS2345: [0mArgument of type '{ value: string; data: string; }' is not assignable to parameter of type 'never'.

[7m408[0m      state.tok.push({
[7m   [0m [91m                    ~[0m
[7m409[0m       value: "Operator",
[7m   [0m [91m~~~~~~~~~~~~~~~~~~~~~~~~[0m
[7m410[0m       data: ","
[7m   [0m [91m~~~~~~~~~~~~~~~[0m
[7m411[0m      })
[7m   [0m [91m~~~~~~[0m

[96mjavascript/group3/parsejs.js[0m:[93m424[0m:[93m21[0m - [91merror[0m[90m TS2345: [0mArgument of type '{ value: string; type: string; data: any; }' is not assignable to parameter of type 'never'.

[7m424[0m      state.tok.push({
[7m   [0m [91m                    ~[0m
[7m425[0m       value: "primitive",
[7m   [0m [91m~~~~~~~~~~~~~~~~~~~~~~~~~[0m
[7m...[0m 
[7m427[0m       data: string
[7m   [0m [91m~~~~~~~~~~~~~~~~~~[0m
[7m428[0m      })
[7m   [0m [91m~~~~~~[0m

[96mjavascript/group3/parsejs.js[0m:[93m434[0m:[93m22[0m - [91merror[0m[90m TS2345: [0mArgument of type '{ value: string; type: string; data: any; }' is not assignable to parameter of type 'never'.

[7m434[0m       state.tok.push({
[7m   [0m [91m                     ~[0m
[7m435[0m        value: "primitive",
[7m   [0m [91m~~~~~~~~~~~~~~~~~~~~~~~~~~[0m
[7m...[0m 
[7m437[0m        data: s.substring(1,match.index+1)
[7m   [0m [91m~~~~~~~~~~~~~~~~~~~~~~~~~~~~~~~~~~~~~~~~~[0m
[7m438[0m       })
[7m   [0m [91m~~~~~~~[0m

[96mjavascript/group3/parsejs.js[0m:[93m447[0m:[93m23[0m - [91merror[0m[90m TS2345: [0mArgument of type '{ value: string; data: string; }' is not assignable to parameter of type 'never'.

[7m447[0m        state.tok.push({
[7m   [0m [91m                      ~[0m
[7m448[0m         value: "Operator",
[7m   [0m [91m~~~~~~~~~~~~~~~~~~~~~~~~~~[0m
[7m449[0m         data: "==="
[7m   [0m [91m~~~~~~~~~~~~~~~~~~~[0m
[7m450[0m        })
[7m   [0m [91m~~~~~~~~[0m

[96mjavascript/group3/parsejs.js[0m:[93m453[0m:[93m23[0m - [91merror[0m[90m TS2345: [0mArgument of type '{ value: string; data: string; }' is not assignable to parameter of type 'never'.

[7m453[0m        state.tok.push({
[7m   [0m [91m                      ~[0m
[7m454[0m         value: "Operator",
[7m   [0m [91m~~~~~~~~~~~~~~~~~~~~~~~~~~[0m
[7m455[0m         data: "=="
[7m   [0m [91m~~~~~~~~~~~~~~~~~~[0m
[7m456[0m        })
[7m   [0m [91m~~~~~~~~[0m

[96mjavascript/group3/parsejs.js[0m:[93m460[0m:[93m22[0m - [91merror[0m[90m TS2345: [0mArgument of type '{ value: string; }' is not assignable to parameter of type 'never'.

[7m460[0m       state.tok.push({
[7m   [0m [91m                     ~[0m
[7m461[0m        value: "Assignment"
[7m   [0m [91m~~~~~~~~~~~~~~~~~~~~~~~~~~[0m
[7m462[0m       })
[7m   [0m [91m~~~~~~~[0m

[96mjavascript/group3/parsejs.js[0m:[93m467[0m:[93m22[0m - [91merror[0m[90m TS2345: [0mArgument of type '{ value: string; data: string; }' is not assignable to parameter of type 'never'.

[7m467[0m       state.tok.push({
[7m   [0m [91m                     ~[0m
[7m468[0m        value: "Operator",
[7m   [0m [91m~~~~~~~~~~~~~~~~~~~~~~~~~[0m
[7m469[0m        data: "&&"
[7m   [0m [91m~~~~~~~~~~~~~~~~~[0m
[7m470[0m       })
[7m   [0m [91m~~~~~~~[0m

[96mjavascript/group3/parsejs.js[0m:[93m473[0m:[93m22[0m - [91merror[0m[90m TS2345: [0mArgument of type '{ value: string; data: string; }' is not assignable to parameter of type 'never'.

[7m473[0m       state.tok.push({
[7m   [0m [91m                     ~[0m
[7m474[0m        value: "Operator",
[7m   [0m [91m~~~~~~~~~~~~~~~~~~~~~~~~~[0m
[7m475[0m        data: "&"
[7m   [0m [91m~~~~~~~~~~~~~~~~[0m
[7m476[0m       })
[7m   [0m [91m~~~~~~~[0m

[96mjavascript/group3/parsejs.js[0m:[93m481[0m:[93m22[0m - [91merror[0m[90m TS2345: [0mArgument of type '{ value: string; data: string; }' is not assignable to parameter of type 'never'.

[7m481[0m       state.tok.push({
[7m   [0m [91m                     ~[0m
[7m482[0m        value: "Operator",
[7m   [0m [91m~~~~~~~~~~~~~~~~~~~~~~~~~[0m
[7m483[0m        data: "||"
[7m   [0m [91m~~~~~~~~~~~~~~~~~[0m
[7m484[0m       })
[7m   [0m [91m~~~~~~~[0m

[96mjavascript/group3/parsejs.js[0m:[93m487[0m:[93m22[0m - [91merror[0m[90m TS2345: [0mArgument of type '{ value: string; data: string; }' is not assignable to parameter of type 'never'.

[7m487[0m       state.tok.push({
[7m   [0m [91m                     ~[0m
[7m488[0m        value: "Operator",
[7m   [0m [91m~~~~~~~~~~~~~~~~~~~~~~~~~[0m
[7m489[0m        data: "|"
[7m   [0m [91m~~~~~~~~~~~~~~~~[0m
[7m490[0m       })
[7m   [0m [91m~~~~~~~[0m

[96mjavascript/group3/parsejs.js[0m:[93m494[0m:[93m21[0m - [91merror[0m[90m TS2345: [0mArgument of type '{ value: string; data: string; }' is not assignable to parameter of type 'never'.

[7m494[0m      state.tok.push({
[7m   [0m [91m                    ~[0m
[7m495[0m       value: "Operator",
[7m   [0m [91m~~~~~~~~~~~~~~~~~~~~~~~~[0m
[7m496[0m       data: "^"
[7m   [0m [91m~~~~~~~~~~~~~~~[0m
[7m497[0m      })
[7m   [0m [91m~~~~~~[0m

[96mjavascript/group3/parsejs.js[0m:[93m501[0m:[93m22[0m - [91merror[0m[90m TS2345: [0mArgument of type '{ value: string; data: string; }' is not assignable to parameter of type 'never'.

[7m501[0m       state.tok.push({
[7m   [0m [91m                     ~[0m
[7m502[0m        value: "Operator",
[7m   [0m [91m~~~~~~~~~~~~~~~~~~~~~~~~~[0m
[7m503[0m        data: "..."
[7m   [0m [91m~~~~~~~~~~~~~~~~~~[0m
[7m504[0m       })
[7m   [0m [91m~~~~~~~[0m

[96mjavascript/group3/parsejs.js[0m:[93m507[0m:[93m22[0m - [91merror[0m[90m TS2345: [0mArgument of type '{ value: string; data: string; }' is not assignable to parameter of type 'never'.

[7m507[0m       state.tok.push({
[7m   [0m [91m                     ~[0m
[7m508[0m        value: "Operator",
[7m   [0m [91m~~~~~~~~~~~~~~~~~~~~~~~~~[0m
[7m509[0m        data: "."
[7m   [0m [91m~~~~~~~~~~~~~~~~[0m
[7m510[0m       })
[7m   [0m [91m~~~~~~~[0m

[96mjavascript/group3/parsejs.js[0m:[93m514[0m:[93m21[0m - [91merror[0m[90m TS2345: [0mArgument of type '{ value: string; data: string; depth: number; }' is not assignable to parameter of type 'never'.

[7m514[0m      state.tok.push({
[7m   [0m [91m                    ~[0m
[7m515[0m       value: "Operator",
[7m   [0m [91m~~~~~~~~~~~~~~~~~~~~~~~~[0m
[7m...[0m 
[7m517[0m       depth: td
[7m   [0m [91m~~~~~~~~~~~~~~~[0m
[7m518[0m      })
[7m   [0m [91m~~~~~~[0m

[96mjavascript/group3/parsejs.js[0m:[93m523[0m:[93m37[0m - [91merror[0m[90m TS2339: [0mProperty 'eat_next' does not exist on type 'never'.

[7m523[0m       state.tok[state.tok.length-1].eat_next=true
[7m   [0m [91m                                    ~~~~~~~~[0m

[96mjavascript/group3/parsejs.js[0m:[93m526[0m:[93m21[0m - [91merror[0m[90m TS2345: [0mArgument of type '{ value: string; data: string; }' is not assignable to parameter of type 'never'.

[7m526[0m      state.tok.push({
[7m   [0m [91m                    ~[0m
[7m527[0m       value: "Operator",
[7m   [0m [91m~~~~~~~~~~~~~~~~~~~~~~~~[0m
[7m528[0m       data: ":"
[7m   [0m [91m~~~~~~~~~~~~~~~[0m
[7m529[0m      })
[7m   [0m [91m~~~~~~[0m

[96mjavascript/group3/parsejs.js[0m:[93m547[0m:[93m22[0m - [91merror[0m[90m TS2345: [0mArgument of type '{ value: string; data: number; }' is not assignable to parameter of type 'never'.

[7m547[0m       state.tok.push({
[7m   [0m [91m                     ~[0m
[7m548[0m        value: "Number",
[7m   [0m [91m~~~~~~~~~~~~~~~~~~~~~~~[0m
[7m549[0m        data: Number.parseInt(match[0])
[7m   [0m [91m~~~~~~~~~~~~~~~~~~~~~~~~~~~~~~~~~~~~~~[0m
[7m550[0m       })
[7m   [0m [91m~~~~~~~[0m

[96mjavascript/group3/parsejs.js[0m:[93m554[0m:[93m23[0m - [91merror[0m[90m TS2345: [0mArgument of type '{ value: string; data: string; }' is not assignable to parameter of type 'never'.

[7m554[0m        state.tok.push({
[7m   [0m [91m                      ~[0m
[7m555[0m         value: "Operator",
[7m   [0m [91m~~~~~~~~~~~~~~~~~~~~~~~~~~[0m
[7m556[0m         data: "--"
[7m   [0m [91m~~~~~~~~~~~~~~~~~~[0m
[7m557[0m        })
[7m   [0m [91m~~~~~~~~[0m

[96mjavascript/group3/parsejs.js[0m:[93m560[0m:[93m23[0m - [91merror[0m[90m TS2345: [0mArgument of type '{ value: string; data: string; }' is not assignable to parameter of type 'never'.

[7m560[0m        state.tok.push({
[7m   [0m [91m                      ~[0m
[7m561[0m         value: "Operator",
[7m   [0m [91m~~~~~~~~~~~~~~~~~~~~~~~~~~[0m
[7m562[0m         data: "-="
[7m   [0m [91m~~~~~~~~~~~~~~~~~~[0m
[7m563[0m        })
[7m   [0m [91m~~~~~~~~[0m

[96mjavascript/group3/parsejs.js[0m:[93m566[0m:[93m23[0m - [91merror[0m[90m TS2345: [0mArgument of type '{ value: string; data: string; }' is not assignable to parameter of type 'never'.

[7m566[0m        state.tok.push({
[7m   [0m [91m                      ~[0m
[7m567[0m         value: "Operator",
[7m   [0m [91m~~~~~~~~~~~~~~~~~~~~~~~~~~[0m
[7m568[0m         data: "-"
[7m   [0m [91m~~~~~~~~~~~~~~~~~[0m
[7m569[0m        })
[7m   [0m [91m~~~~~~~~[0m

[96mjavascript/group3/parsejs.js[0m:[93m575[0m:[93m22[0m - [91merror[0m[90m TS2345: [0mArgument of type '{ value: string; empty: boolean; body: never[]; }' is not assignable to parameter of type 'never'.

[7m575[0m       state.tok.push({
[7m   [0m [91m                     ~[0m
[7m576[0m        value: "bracket",
[7m   [0m [91m~~~~~~~~~~~~~~~~~~~~~~~~[0m
[7m...[0m 
[7m578[0m        body: []
[7m   [0m [91m~~~~~~~~~~~~~~~[0m
[7m579[0m       })
[7m   [0m [91m~~~~~~~[0m

[96mjavascript/group3/parsejs.js[0m:[93m583[0m:[93m30[0m - [91merror[0m[90m TS2345: [0mArgument of type 'number' is not assignable to parameter of type 'never'.

[7m583[0m        state.para_stack.push(state.pt)
[7m   [0m [91m                             ~~~~~~~~[0m

[96mjavascript/group3/parsejs.js[0m:[93m586[0m:[93m11[0m - [91merror[0m[90m TS7005: [0mVariable 'save' implicitly has an 'any[]' type.

[7m586[0m       var save=state.tok
[7m   [0m [91m          ~~~~[0m

[96mjavascript/group3/parsejs.js[0m:[93m592[0m:[93m11[0m - [91merror[0m[90m TS7005: [0mVariable 'bracket' implicitly has an 'any[]' type.

[7m592[0m       var bracket=state.tok
[7m   [0m [91m          ~~~~~~~[0m

[96mjavascript/group3/parsejs.js[0m:[93m597[0m:[93m7[0m - [91merror[0m[90m TS2322: [0mType 'any[]' is not assignable to type 'never[]'.

[7m597[0m       state.tok=save
[7m   [0m [91m      ~~~~~~~~~[0m

[96mjavascript/group3/parsejs.js[0m:[93m600[0m:[93m8[0m - [91merror[0m[90m TS2322: [0mType 'undefined' is not assignable to type 'number'.

[7m600[0m        state.pt=state.para_stack.pop()
[7m   [0m [91m       ~~~~~~~~[0m

[96mjavascript/group3/parsejs.js[0m:[93m616[0m:[93m22[0m - [91merror[0m[90m TS2345: [0mArgument of type '{ value: string; data: string; }' is not assignable to parameter of type 'never'.

[7m616[0m       state.tok.push({
[7m   [0m [91m                     ~[0m
[7m617[0m        value: "Operator",
[7m   [0m [91m~~~~~~~~~~~~~~~~~~~~~~~~~[0m
[7m618[0m        data: ">>"
[7m   [0m [91m~~~~~~~~~~~~~~~~~[0m
[7m619[0m       })
[7m   [0m [91m~~~~~~~[0m

[96mjavascript/group3/parsejs.js[0m:[93m622[0m:[93m22[0m - [91merror[0m[90m TS2345: [0mArgument of type '{ value: string; data: string; }' is not assignable to parameter of type 'never'.

[7m622[0m       state.tok.push({
[7m   [0m [91m                     ~[0m
[7m623[0m        value: "Operator",
[7m   [0m [91m~~~~~~~~~~~~~~~~~~~~~~~~~[0m
[7m624[0m        data: ">"
[7m   [0m [91m~~~~~~~~~~~~~~~~[0m
[7m625[0m       })
[7m   [0m [91m~~~~~~~[0m

[96mjavascript/group3/parsejs.js[0m:[93m630[0m:[93m22[0m - [91merror[0m[90m TS2345: [0mArgument of type '{ value: string; data: string; }' is not assignable to parameter of type 'never'.

[7m630[0m       state.tok.push({
[7m   [0m [91m                     ~[0m
[7m631[0m        value: "Operator",
[7m   [0m [91m~~~~~~~~~~~~~~~~~~~~~~~~~[0m
[7m632[0m        data: "<<"
[7m   [0m [91m~~~~~~~~~~~~~~~~~[0m
[7m633[0m       })
[7m   [0m [91m~~~~~~~[0m

[96mjavascript/group3/parsejs.js[0m:[93m636[0m:[93m22[0m - [91merror[0m[90m TS2345: [0mArgument of type '{ value: string; data: string; }' is not assignable to parameter of type 'never'.

[7m636[0m       state.tok.push({
[7m   [0m [91m                     ~[0m
[7m637[0m        value: "Operator",
[7m   [0m [91m~~~~~~~~~~~~~~~~~~~~~~~~~[0m
[7m638[0m        data: "<"
[7m   [0m [91m~~~~~~~~~~~~~~~~[0m
[7m639[0m       })
[7m   [0m [91m~~~~~~~[0m

[96mjavascript/group3/parsejs.js[0m:[93m644[0m:[93m22[0m - [91merror[0m[90m TS2345: [0mArgument of type '{ value: string; data: string; }' is not assignable to parameter of type 'never'.

[7m644[0m       state.tok.push({
[7m   [0m [91m                     ~[0m
[7m645[0m        value: "Operator",
[7m   [0m [91m~~~~~~~~~~~~~~~~~~~~~~~~~[0m
[7m646[0m        data: "+="
[7m   [0m [91m~~~~~~~~~~~~~~~~~[0m
[7m647[0m       })
[7m   [0m [91m~~~~~~~[0m

[96mjavascript/group3/parsejs.js[0m:[93m650[0m:[93m22[0m - [91merror[0m[90m TS2345: [0mArgument of type '{ value: string; data: string; }' is not assignable to parameter of type 'never'.

[7m650[0m       state.tok.push({
[7m   [0m [91m                     ~[0m
[7m651[0m        value: "Operator",
[7m   [0m [91m~~~~~~~~~~~~~~~~~~~~~~~~~[0m
[7m652[0m        data: "++"
[7m   [0m [91m~~~~~~~~~~~~~~~~~[0m
[7m653[0m       })
[7m   [0m [91m~~~~~~~[0m

[96mjavascript/group3/parsejs.js[0m:[93m656[0m:[93m22[0m - [91merror[0m[90m TS2345: [0mArgument of type '{ value: string; data: string; }' is not assignable to parameter of type 'never'.

[7m656[0m       state.tok.push({
[7m   [0m [91m                     ~[0m
[7m657[0m        value: "Operator",
[7m   [0m [91m~~~~~~~~~~~~~~~~~~~~~~~~~[0m
[7m658[0m        data: "+"
[7m   [0m [91m~~~~~~~~~~~~~~~~[0m
[7m659[0m       })
[7m   [0m [91m~~~~~~~[0m

[96mjavascript/group3/parsejs.js[0m:[93m664[0m:[93m22[0m - [91merror[0m[90m TS2345: [0mArgument of type '{ value: string; data: string; }' is not assignable to parameter of type 'never'.

[7m664[0m       state.tok.push({
[7m   [0m [91m                     ~[0m
[7m665[0m        value: "Operator",
[7m   [0m [91m~~~~~~~~~~~~~~~~~~~~~~~~~[0m
[7m666[0m        data: "*="
[7m   [0m [91m~~~~~~~~~~~~~~~~~[0m
[7m667[0m       })
[7m   [0m [91m~~~~~~~[0m

[96mjavascript/group3/parsejs.js[0m:[93m670[0m:[93m22[0m - [91merror[0m[90m TS2345: [0mArgument of type '{ value: string; data: string; }' is not assignable to parameter of type 'never'.

[7m670[0m       state.tok.push({
[7m   [0m [91m                     ~[0m
[7m671[0m        value: "Operator",
[7m   [0m [91m~~~~~~~~~~~~~~~~~~~~~~~~~[0m
[7m672[0m        data: "*"
[7m   [0m [91m~~~~~~~~~~~~~~~~[0m
[7m673[0m       })
[7m   [0m [91m~~~~~~~[0m

[96mjavascript/group3/parsejs.js[0m:[93m677[0m:[93m21[0m - [91merror[0m[90m TS2345: [0mArgument of type '{ value: string; data: string; }' is not assignable to parameter of type 'never'.

[7m677[0m      state.tok.push({
[7m   [0m [91m                    ~[0m
[7m678[0m       value: "Operator",
[7m   [0m [91m~~~~~~~~~~~~~~~~~~~~~~~~[0m
[7m679[0m       data: "~"
[7m   [0m [91m~~~~~~~~~~~~~~~[0m
[7m680[0m      })
[7m   [0m [91m~~~~~~[0m

[96mjavascript/group3/parsejs.js[0m:[93m683[0m:[93m21[0m - [91merror[0m[90m TS2345: [0mArgument of type '{ value: string; data: string; }' is not assignable to parameter of type 'never'.

[7m683[0m      state.tok.push({
[7m   [0m [91m                    ~[0m
[7m684[0m       value: "Operator",
[7m   [0m [91m~~~~~~~~~~~~~~~~~~~~~~~~[0m
[7m685[0m       data: "%"
[7m   [0m [91m~~~~~~~~~~~~~~~[0m
[7m686[0m      })
[7m   [0m [91m~~~~~~[0m

[96mjavascript/group3/parsejs.js[0m:[93m693[0m:[93m16[0m - [91merror[0m[90m TS2339: [0mProperty 'keywords' does not exist on type 'this["state"]'.

[7m693[0m       if(state.keywords.has(hit)) {
[7m   [0m [91m               ~~~~~~~~[0m

[96mjavascript/group3/parsejs.js[0m:[93m699[0m:[93m24[0m - [91merror[0m[90m TS2345: [0mArgument of type '{ value: string; data: any; }' is not assignable to parameter of type 'never'.

[7m699[0m         state.tok.push({
[7m   [0m [91m                       ~[0m
[7m700[0m          value: "keyword",
[7m   [0m [91m~~~~~~~~~~~~~~~~~~~~~~~~~~[0m
[7m701[0m          data: hit
[7m   [0m [91m~~~~~~~~~~~~~~~~~~[0m
[7m702[0m         })
[7m   [0m [91m~~~~~~~~~[0m

[96mjavascript/group3/parsejs.js[0m:[93m707[0m:[93m22[0m - [91merror[0m[90m TS2345: [0mArgument of type '{ value: string; data: any; }' is not assignable to parameter of type 'never'.

[7m707[0m       state.tok.push({
[7m   [0m [91m                     ~[0m
[7m708[0m        value: js_ident,
[7m   [0m [91m~~~~~~~~~~~~~~~~~~~~~~~[0m
[7m709[0m        data: hit
[7m   [0m [91m~~~~~~~~~~~~~~~~[0m
[7m710[0m       })
[7m   [0m [91m~~~~~~~[0m

[96mjavascript/group3/parsejs.js[0m:[93m725[0m:[93m16[0m - [91merror[0m[90m TS2339: [0mProperty 'tok' does not exist on type '{}'.

[7m725[0m   return state.tok
[7m   [0m [91m               ~~~[0m

[96mjavascript/group3/parsejs.js[0m:[93m728[0m:[93m1[0m - [91merror[0m[90m TS2741: [0mProperty 'var' is missing in type '{}' but required in type 'typeof keyword_executers'.

[7m728[0m keyword_executers={}
[7m   [0m [91m~~~~~~~~~~~~~~~~~[0m

  [96mjavascript/group3/parsejs.js[0m:[93m729[0m:[93m1[0m
    [7m729[0m keyword_executers.var=function(run_scope) {
    [7m   [0m [96m~~~~~~~~~~~~~~~~~~~~~[0m
    'var' is declared here.

[96mjavascript/group3/parsejs.js[0m:[93m729[0m:[93m32[0m - [91merror[0m[90m TS7006: [0mParameter 'run_scope' implicitly has an 'any' type.

[7m729[0m keyword_executers.var=function(run_scope) {
[7m   [0m [91m                               ~~~~~~~~~[0m

[96mjavascript/group3/parsejs.js[0m:[93m748[0m:[93m3[0m - [91merror[0m[90m TS2304: [0mCannot find name 'bracket_run'.

[7m748[0m   bracket_run(new_scope)
[7m   [0m [91m  ~~~~~~~~~~~[0m

[96mjavascript/group3/parsejs.js[0m:[93m761[0m:[93m1[0m - [91merror[0m[90m TS2304: [0mCannot find name 'bracket_run'.

[7m761[0m bracket_run=function(run_scope) {
[7m   [0m [91m~~~~~~~~~~~[0m

[96mjavascript/group3/parsejs.js[0m:[93m761[0m:[93m22[0m - [91merror[0m[90m TS7006: [0mParameter 'run_scope' implicitly has an 'any' type.

[7m761[0m bracket_run=function(run_scope) {
[7m   [0m [91m                     ~~~~~~~~~[0m

[96mjavascript/group3/parsejs.js[0m:[93m779[0m:[93m19[0m - [91merror[0m[90m TS7006: [0mParameter 'tokens' implicitly has an 'any' type.

[7m779[0m function tok_call(tokens) {
[7m   [0m [91m                  ~~~~~~[0m

[96mjavascript/group3/parsejs.js[0m:[93m795[0m:[93m16[0m - [91merror[0m[90m TS7019: [0mRest parameter 'a' implicitly has an 'any[]' type.

[7m795[0m    function fn(...a) {
[7m   [0m [91m               ~~~~[0m

[96mjavascript/group3/parsejs.js[0m:[93m796[0m:[93m8[0m - [91merror[0m[90m TS2683: [0m'this' implicitly has type 'any' because it does not have a type annotation.

[7m796[0m     if(this!==window) {
[7m   [0m [91m       ~~~~[0m

[96mjavascript/group3/parsejs.js[0m:[93m797[0m:[93m14[0m - [91merror[0m[90m TS2683: [0m'this' implicitly has type 'any' because it does not have a type annotation.

[7m797[0m      fn.call(this,...a)
[7m   [0m [91m             ~~~~[0m

[96mjavascript/group3/parsejs.js[0m:[93m801[0m:[93m21[0m - [91merror[0m[90m TS7006: [0mParameter 'tv' implicitly has an 'any' type.

[7m801[0m    fn.call=function(tv,...args) {
[7m   [0m [91m                    ~~[0m

[96mjavascript/group3/parsejs.js[0m:[93m801[0m:[93m24[0m - [91merror[0m[90m TS7019: [0mRest parameter 'args' implicitly has an 'any[]' type.

[7m801[0m    fn.call=function(tv,...args) {
[7m   [0m [91m                       ~~~~~~~[0m

[96mjavascript/group3/parsejs.js[0m:[93m801[0m:[93m27[0m - [91merror[0m[90m TS6133: [0m'args' is declared but its value is never read.

[7m801[0m    fn.call=function(tv,...args) {
[7m   [0m [91m                          ~~~~[0m

[96mjavascript/group3/parsejs.js[0m:[93m802[0m:[93m18[0m - [91merror[0m[90m TS2339: [0mProperty 'this' does not exist on type '{}'.

[7m802[0m     run_scope.my.this=tv
[7m   [0m [91m                 ~~~~[0m

[96mjavascript/group3/parsejs.js[0m:[93m807[0m:[93m16[0m - [91merror[0m[90m TS7053: [0mElement implicitly has an 'any' type because expression of type 'any' can't be used to index type 'typeof keyword_executers'.

[7m807[0m    var out_val=keyword_executers[cur.data](run_scope)
[7m   [0m [91m               ~~~~~~~~~~~~~~~~~~~~~~~~~~~[0m

[96mjavascript/group3/parsejs.js[0m:[93m833[0m:[93m2[0m - [91merror[0m[90m TS2304: [0mCannot find name 'parser'.

[7m833[0m  parser=new parsejs()
[7m   [0m [91m ~~~~~~[0m

[96mjavascript/group3/parsejs.js[0m:[93m834[0m:[93m2[0m - [91merror[0m[90m TS2304: [0mCannot find name 'parser'.

[7m834[0m  parser.parse(code,parser.state)
[7m   [0m [91m ~~~~~~[0m

[96mjavascript/group3/parsejs.js[0m:[93m834[0m:[93m15[0m - [91merror[0m[90m TS2304: [0mCannot find name 'code'.

[7m834[0m  parser.parse(code,parser.state)
[7m   [0m [91m              ~~~~[0m

[96mjavascript/group3/parsejs.js[0m:[93m834[0m:[93m20[0m - [91merror[0m[90m TS2304: [0mCannot find name 'parser'.

[7m834[0m  parser.parse(code,parser.state)
[7m   [0m [91m                   ~~~~~~[0m

[96mjavascript/group3/parsejs.js[0m:[93m835[0m:[93m14[0m - [91merror[0m[90m TS2304: [0mCannot find name 'parser'.

[7m835[0m  console.log(parser.state.tok)
[7m   [0m [91m             ~~~~~~[0m

[96mjavascript/group3/parsejs.js[0m:[93m836[0m:[93m2[0m - [91merror[0m[90m TS2304: [0mCannot find name 'ctor'.

[7m836[0m  ctor=tok_call(parser.state.tok)
[7m   [0m [91m ~~~~[0m

[96mjavascript/group3/parsejs.js[0m:[93m836[0m:[93m16[0m - [91merror[0m[90m TS2304: [0mCannot find name 'parser'.

[7m836[0m  ctor=tok_call(parser.state.tok)
[7m   [0m [91m               ~~~~~~[0m

[96mjavascript/group3/parsejs.js[0m:[93m837[0m:[93m2[0m - [91merror[0m[90m TS2304: [0mCannot find name 'ctor'.

[7m837[0m  ctor
[7m   [0m [91m ~~~~[0m

[96mjavascript/group3/simplify_js.js[0m:[93m1[0m:[93m1[0m - [91merror[0m[90m TS2304: [0mCannot find name 'decodedata'.

[7m1[0m decodedata=';(7(){d 1e=0;d C=[\'1M\',\'1K\'];T(d x=0;x<C.1c&&!6.z;++x){6.z=6[C[x]+\'1J\'];6.X=6[C[x]+\'1H\']||6[C[x]+\'1I\']}c(!6.z)6.z=7(1x,p){d L=1C 1X().1U();d Q=a.1O(0,16-(L-1e));d B=6.1W(7(){1x(L+Q)},Q);1e=L+Q;P B};c(!6.X)6.X=7(B){1Q(B)}}());(7(6){"1S 1T";d r,u,k,O;r={1i:7(U){d i,Z;T(i=0;i<U.1c;i+=1){Z=1C 1P();Z.1V=U[i]}},1w:7(){P a.n(a.o()*10).M()+a.n(a.o()*10).M()+a.n(a.o()*10).M()+a.n(a.o()*10).M()},E:7(18){d 1m=18[a.n(a.o()*18.1c)];P 1m}};u={t:[]};k={l:{},y:7(j){m.l=j;m.1p(5);O.y();6.1N("1L",7(){6.1R.22()})},1p:7(1q){d i;T(i=0;i<1q;i+=1){u.t.2g(k.l.1g+k.l.12+\'0\'+i+k.l.V)}r.1i(u.t)},1A:7(1f){d 9=\'\',1d,1o=O.$9.b.1G,1b=1o.1r(/^1t\\(["\']?/,\'\').1r(/["\']?\\)$/,\'\'),1j=1b.1n(1b.1s(\'/\')+1);c(1f===\'o\'){9=r.E(u.t);1d=9.1n(9.1s(\'/\')+1);c(1d===1j){9=r.E(u.t)}}F{9=u.t[1f+1]}P 9}};O={y:7(){d 3=m;G.11.b.14=\'N%\';G.11.b.13=\'N%\';3.$q=G.1k(\'1l\');3.$q.b.1D=\'2f\';3.$q.b.2i=\'#2d\';3.$q.b.14=\'N%\';3.$q.b.13=\'N%\';3.$q.B=k.l.1z;3.$q.2h.1Y(\'w\');G.11.1E(3.$q);3.$9=G.1k(\'1l\');3.$9.B=\'2j-9\';3.$9.b.1D=\'2k\';3.$9.b.2e=\'2b\';3.$9.b.13=k.l.19+\'f\';3.$9.b.14=k.l.Y+\'f\';3.$q.1E(3.$9);m.A();3.1v(3.$9)},A:7(){m.$9.b.1G=\'1t(\'+k.1A(\'o\')+\')\'},1v:7(p){d 3=m,H=p.23,K=p.2c,g=k.l.g,17=6.15-(H/10),1h=6.21-(K/10),h=a.n(a.o()*(17-H)),e=a.n(a.o()*(1h-K)),v=r.E(["S","I"]),s=r.E(["R","J"]);7 W(){c(v==="S"){c(h>(17-H-g)){v="I";3.A()}}F c(v==="I"){c(h<g){v="S";3.A()}}c(s==="J"){c(e>(1h-K-g)){s="R";3.A()}}F c(s==="R"){c(e<g){s="J";3.A()}}c(v==="S"){h=h+g}F c(v==="I"){h=h-g}c(s==="J"){e=e+g}F c(s==="R"){e=e-g}p.b.1Z=\'D(\'+h+\'f,\'+e+\'f, 0)\';p.b.20=\'D(\'+h+\'f,\'+e+\'f, 0)\';p.b.24=\'D(\'+h+\'f,\'+e+\'f, 0)\';p.b.25=\'D(\'+h+\'f,\'+e+\'f, 0)\';p.b.2a=\'D(\'+h+\'f,\'+e+\'f, 0)\';6.z(W)};6.z(W)}};d w=7(j){m.y(j)};w.1B.y=7(j){d 1a=a.n(6.15*0.4)>1y?1y:a.n(6.15*0.4),1F=1a/2;m.l={19:j.19||1a,Y:j.Y||1F,g:j.g||8,1g:j.1g||\'t/\',12:j.12||\'27-\',V:j.V||\'.26\',28:29,1z:r.1w()};m.1u()};w.1B.1u=7(){k.y(m.l)};6.w=w})(6);'
[7m [0m [91m~~~~~~~~~~[0m

[96mjavascript/group3/simplify_js.js[0m:[93m2[0m:[93m1[0m - [91merror[0m[90m TS2304: [0mCannot find name 'key_array'.

[7m2[0m key_array='|||self|||window|function||logo|Math|style|if|var|yPos|px|speed|xPos||options|thecentralscrutinizer|parameters|this|floor|random|element|container|utils|yDir|logos|model|xDir|bouncingdvdlogo||init|requestAnimationFrame|refreshLogo|id|vendors|translate3d|getRandomString|else|document|elementWidth|left|down|elementHeight|currTime|toString|100|view|return|timeToCall|up|right|for|imageUrlArray|imagesExtension|move|cancelAnimationFrame|logoHeight|img||body|imagesPrefix|width|height|innerWidth||xMax|stringArray|logoWidth|defaultWidth|currentLogoUrl|length|logoFilename|lastTime|selection|imagesFolder|yMax|preloadImages|currentLogoFilename|createElement|div|output|substring|currentLogo|loadLogos|quantity|replace|lastIndexOf|url|create|bounce|generateId|callback|400|uid|getLogo|prototype|new|position|appendChild|defaultHeight|backgroundImage|CancelAnimationFrame|CancelRequestAnimationFrame|RequestAnimationFrame|moz|resize|webkit|addEventListener|max|Image|clearTimeout|location|use|strict|getTime|src|setTimeout|Date|add|transform|OTransform|innerHeight|reload|offsetWidth|msTransform|MozTransform|jpg|dvdlogo|maxSpeed|50|WebkitTransform|cover|offsetHeight|000|backgroundSize|relative|push|classList|backgroundColor|dvdbouncinglogo|absolute'.split('|')
[7m [0m [91m~~~~~~~~~[0m

[96mjavascript/group3/simplify_js.js[0m:[93m3[0m:[93m1[0m - [91merror[0m[90m TS2304: [0mCannot find name 'code'.

[7m3[0m code=`x=function(p,a,c,k,e,d){
[7m [0m [91m~~~~[0m

[96mjavascript/group3/simplify_js.js[0m:[93m18[0m:[93m5[0m - [91merror[0m[90m TS6133: [0m'rx' is declared but its value is never read.

[7m18[0m var rx=0
[7m  [0m [91m    ~~[0m

[96mjavascript/group3/simplify_js.js[0m:[93m20[0m:[93m14[0m - [91merror[0m[90m TS7006: [0mParameter 's' implicitly has an 'any' type.

[7m20[0m  constructor(s) {
[7m  [0m [91m             ~[0m

[96mjavascript/group3/simplify_js.js[0m:[93m31[0m:[93m4[0m - [91merror[0m[90m TS7023: [0m'[Symbol.iterator]' implicitly has return type 'any' because it does not have a return type annotation and is referenced directly or indirectly in one of its return expressions.

[7m31[0m    [Symbol.iterator]: function*() {
[7m  [0m [91m   ~~~~~~~~~~~~~~~~~[0m

[96mjavascript/group3/simplify_js.js[0m:[93m34[0m:[93m10[0m - [91merror[0m[90m TS7022: [0m's' implicitly has type 'any' because it does not have a type annotation and is referenced directly or indirectly in its own initializer.

[7m34[0m      let s=this[i]
[7m  [0m [91m         ~[0m

[96mjavascript/group3/simplify_js.js[0m:[93m34[0m:[93m12[0m - [91merror[0m[90m TS7053: [0mElement implicitly has an 'any' type because expression of type 'string' can't be used to index type '{ [Symbol.iterator]: () => any; a: string; c: string; d: string; e: string; f: string; i: string; l: string; n: string; o: string; r: string; s: string; t: string; v: string; w: string; y: string; z: never[]; }'.
  No index signature with a parameter of type 'string' was found on type '{ [Symbol.iterator]: () => any; a: string; c: string; d: string; e: string; f: string; i: string; l: string; n: string; o: string; r: string; s: string; t: string; v: string; w: string; y: string; z: never[]; }'.

[7m34[0m      let s=this[i]
[7m  [0m [91m           ~~~~~~~[0m

[96mjavascript/group3/simplify_js.js[0m:[93m36[0m:[93m11[0m - [91merror[0m[90m TS7022: [0m'j' implicitly has type 'any' because it does not have a type annotation and is referenced directly or indirectly in its own initializer.

[7m36[0m       var j=s.split(",")
[7m  [0m [91m          ~[0m

[96mjavascript/group3/simplify_js.js[0m:[93m37[0m:[93m15[0m - [91merror[0m[90m TS7022: [0m'k' implicitly has type 'any' because it does not have a type annotation and is referenced directly or indirectly in its own initializer.

[7m37[0m       for(var k of j) {
[7m  [0m [91m              ~[0m

[96mjavascript/group3/simplify_js.js[0m:[93m62[0m:[93m21[0m - [91merror[0m[90m TS2339: [0mProperty 'keywords' does not exist on type '{ getargs: number; parsebody: number; parsebracket: number; pt: number; parast: never[]; tok: never[]; idents: never[]; }'.

[7m62[0m   var ns=this.state.keywords=new Set()
[7m  [0m [91m                    ~~~~~~~~[0m

[96mjavascript/group3/simplify_js.js[0m:[93m63[0m:[93m11[0m - [91merror[0m[90m TS7022: [0m'i' implicitly has type 'any' because it does not have a type annotation and is referenced directly or indirectly in its own initializer.

[7m63[0m   for(var i of kwo) {
[7m  [0m [91m          ~[0m

[96mjavascript/group3/simplify_js.js[0m:[93m70[0m:[93m43[0m - [91merror[0m[90m TS7053: [0mElement implicitly has an 'any' type because expression of type 'any' can't be used to index type 'parsejs'.

[7m70[0m     this.keyword_handlers.set(i.substr(4),this[i].bind(this))
[7m  [0m [91m                                          ~~~~~~~[0m

[96mjavascript/group3/simplify_js.js[0m:[93m73[0m:[93m14[0m - [91merror[0m[90m TS2339: [0mProperty 'primitives' does not exist on type '{ getargs: number; parsebody: number; parsebracket: number; pt: number; parast: never[]; tok: never[]; idents: never[]; }'.

[7m73[0m   this.state.primitives=["null","undefined","true","false","NaN","Infinity","-Infinity","String"]
[7m  [0m [91m             ~~~~~~~~~~[0m

[96mjavascript/group3/simplify_js.js[0m:[93m75[0m:[93m25[0m - [91merror[0m[90m TS7006: [0mParameter 'n' implicitly has an 'any' type.

[7m75[0m    function set_handler(n,fn) {
[7m  [0m [91m                        ~[0m

[96mjavascript/group3/simplify_js.js[0m:[93m75[0m:[93m27[0m - [91merror[0m[90m TS7006: [0mParameter 'fn' implicitly has an 'any' type.

[7m75[0m    function set_handler(n,fn) {
[7m  [0m [91m                          ~~[0m

[96mjavascript/group3/simplify_js.js[0m:[93m76[0m:[93m8[0m - [91merror[0m[90m TS2358: [0mThe left-hand side of an 'instanceof' expression must be of type 'any', an object type or a type parameter.

[7m76[0m     if(!this instanceof m_class) {
[7m  [0m [91m       ~~~~~[0m

[96mjavascript/group3/simplify_js.js[0m:[93m76[0m:[93m9[0m - [91merror[0m[90m TS2683: [0m'this' implicitly has type 'any' because it does not have a type annotation.

[7m76[0m     if(!this instanceof m_class) {
[7m  [0m [91m        ~~~~[0m

  [96mjavascript/group3/simplify_js.js[0m:[93m75[0m:[93m13[0m
    [7m75[0m    function set_handler(n,fn) {
    [7m  [0m [96m            ~~~~~~~~~~~[0m
    An outer value of 'this' is shadowed by this container.

[96mjavascript/group3/simplify_js.js[0m:[93m82[0m:[93m5[0m - [91merror[0m[90m TS2683: [0m'this' implicitly has type 'any' because it does not have a type annotation.

[7m82[0m     this.keyword_handlers.set(n,fn.bind(this))
[7m  [0m [91m    ~~~~[0m

  [96mjavascript/group3/simplify_js.js[0m:[93m75[0m:[93m13[0m
    [7m75[0m    function set_handler(n,fn) {
    [7m  [0m [96m            ~~~~~~~~~~~[0m
    An outer value of 'this' is shadowed by this container.

[96mjavascript/group3/simplify_js.js[0m:[93m82[0m:[93m41[0m - [91merror[0m[90m TS2683: [0m'this' implicitly has type 'any' because it does not have a type annotation.

[7m82[0m     this.keyword_handlers.set(n,fn.bind(this))
[7m  [0m [91m                                        ~~~~[0m

  [96mjavascript/group3/simplify_js.js[0m:[93m75[0m:[93m13[0m
    [7m75[0m    function set_handler(n,fn) {
    [7m  [0m [96m            ~~~~~~~~~~~[0m
    An outer value of 'this' is shadowed by this container.

[96mjavascript/group3/simplify_js.js[0m:[93m84[0m:[93m25[0m - [91merror[0m[90m TS7006: [0mParameter 'g' implicitly has an 'any' type.

[7m84[0m    function get_handler(g) {
[7m  [0m [91m                        ~[0m

[96mjavascript/group3/simplify_js.js[0m:[93m85[0m:[93m8[0m - [91merror[0m[90m TS2358: [0mThe left-hand side of an 'instanceof' expression must be of type 'any', an object type or a type parameter.

[7m85[0m     if(!this instanceof m_class) {
[7m  [0m [91m       ~~~~~[0m

[96mjavascript/group3/simplify_js.js[0m:[93m85[0m:[93m9[0m - [91merror[0m[90m TS2683: [0m'this' implicitly has type 'any' because it does not have a type annotation.

[7m85[0m     if(!this instanceof m_class) {
[7m  [0m [91m        ~~~~[0m

  [96mjavascript/group3/simplify_js.js[0m:[93m84[0m:[93m13[0m
    [7m84[0m    function get_handler(g) {
    [7m  [0m [96m            ~~~~~~~~~~~[0m
    An outer value of 'this' is shadowed by this container.

[96mjavascript/group3/simplify_js.js[0m:[93m88[0m:[93m5[0m - [91merror[0m[90m TS2683: [0m'this' implicitly has type 'any' because it does not have a type annotation.

[7m88[0m     this.keyword_handlers.get(g)
[7m  [0m [91m    ~~~~[0m

  [96mjavascript/group3/simplify_js.js[0m:[93m84[0m:[93m13[0m
    [7m84[0m    function get_handler(g) {
    [7m  [0m [96m            ~~~~~~~~~~~[0m
    An outer value of 'this' is shadowed by this container.

[96mjavascript/group3/simplify_js.js[0m:[93m93[0m:[93m12[0m - [91merror[0m[90m TS7006: [0mParameter 's' implicitly has an 'any' type.

[7m93[0m  expectraw(s,ptr,state,expected) {
[7m  [0m [91m           ~[0m

[96mjavascript/group3/simplify_js.js[0m:[93m93[0m:[93m14[0m - [91merror[0m[90m TS7006: [0mParameter 'ptr' implicitly has an 'any' type.

[7m93[0m  expectraw(s,ptr,state,expected) {
[7m  [0m [91m             ~~~[0m

[96mjavascript/group3/simplify_js.js[0m:[93m93[0m:[93m18[0m - [91merror[0m[90m TS6133: [0m'state' is declared but its value is never read.

[7m93[0m  expectraw(s,ptr,state,expected) {
[7m  [0m [91m                 ~~~~~[0m

[96mjavascript/group3/simplify_js.js[0m:[93m93[0m:[93m18[0m - [91merror[0m[90m TS7006: [0mParameter 'state' implicitly has an 'any' type.

[7m93[0m  expectraw(s,ptr,state,expected) {
[7m  [0m [91m                 ~~~~~[0m

[96mjavascript/group3/simplify_js.js[0m:[93m93[0m:[93m24[0m - [91merror[0m[90m TS7006: [0mParameter 'expected' implicitly has an 'any' type.

[7m93[0m  expectraw(s,ptr,state,expected) {
[7m  [0m [91m                       ~~~~~~~~[0m

[96mjavascript/group3/simplify_js.js[0m:[93m100[0m:[93m15[0m - [91merror[0m[90m TS7006: [0mParameter 's' implicitly has an 'any' type.

[7m100[0m  eat_function(s,ptr,state) {
[7m   [0m [91m              ~[0m

[96mjavascript/group3/simplify_js.js[0m:[93m100[0m:[93m17[0m - [91merror[0m[90m TS7006: [0mParameter 'ptr' implicitly has an 'any' type.

[7m100[0m  eat_function(s,ptr,state) {
[7m   [0m [91m                ~~~[0m

[96mjavascript/group3/simplify_js.js[0m:[93m100[0m:[93m21[0m - [91merror[0m[90m TS7006: [0mParameter 'state' implicitly has an 'any' type.

[7m100[0m  eat_function(s,ptr,state) {
[7m   [0m [91m                    ~~~~~[0m

[96mjavascript/group3/simplify_js.js[0m:[93m162[0m:[93m10[0m - [91merror[0m[90m TS7006: [0mParameter 's' implicitly has an 'any' type.

[7m162[0m  eat_try(s,ptr,state) {
[7m   [0m [91m         ~[0m

[96mjavascript/group3/simplify_js.js[0m:[93m162[0m:[93m12[0m - [91merror[0m[90m TS7006: [0mParameter 'ptr' implicitly has an 'any' type.

[7m162[0m  eat_try(s,ptr,state) {
[7m   [0m [91m           ~~~[0m

[96mjavascript/group3/simplify_js.js[0m:[93m162[0m:[93m16[0m - [91merror[0m[90m TS7006: [0mParameter 'state' implicitly has an 'any' type.

[7m162[0m  eat_try(s,ptr,state) {
[7m   [0m [91m               ~~~~~[0m

[96mjavascript/group3/simplify_js.js[0m:[93m192[0m:[93m12[0m - [91merror[0m[90m TS7006: [0mParameter 's' implicitly has an 'any' type.

[7m192[0m  eat_catch(s,ptr,state,tryobj) {
[7m   [0m [91m           ~[0m

[96mjavascript/group3/simplify_js.js[0m:[93m192[0m:[93m14[0m - [91merror[0m[90m TS7006: [0mParameter 'ptr' implicitly has an 'any' type.

[7m192[0m  eat_catch(s,ptr,state,tryobj) {
[7m   [0m [91m             ~~~[0m

[96mjavascript/group3/simplify_js.js[0m:[93m192[0m:[93m18[0m - [91merror[0m[90m TS7006: [0mParameter 'state' implicitly has an 'any' type.

[7m192[0m  eat_catch(s,ptr,state,tryobj) {
[7m   [0m [91m                 ~~~~~[0m

[96mjavascript/group3/simplify_js.js[0m:[93m192[0m:[93m24[0m - [91merror[0m[90m TS7006: [0mParameter 'tryobj' implicitly has an 'any' type.

[7m192[0m  eat_catch(s,ptr,state,tryobj) {
[7m   [0m [91m                       ~~~~~~[0m

[96mjavascript/group3/simplify_js.js[0m:[93m197[0m:[93m7[0m - [91merror[0m[90m TS6133: [0m'save' is declared but its value is never read.

[7m197[0m   var save=state.tok
[7m   [0m [91m      ~~~~[0m

[96mjavascript/group3/simplify_js.js[0m:[93m210[0m:[93m14[0m - [91merror[0m[90m TS7006: [0mParameter 's' implicitly has an 'any' type.

[7m210[0m  eat_finally(s,ptr,state,tryobj) {
[7m   [0m [91m             ~[0m

[96mjavascript/group3/simplify_js.js[0m:[93m210[0m:[93m16[0m - [91merror[0m[90m TS7006: [0mParameter 'ptr' implicitly has an 'any' type.

[7m210[0m  eat_finally(s,ptr,state,tryobj) {
[7m   [0m [91m               ~~~[0m

[96mjavascript/group3/simplify_js.js[0m:[93m210[0m:[93m20[0m - [91merror[0m[90m TS7006: [0mParameter 'state' implicitly has an 'any' type.

[7m210[0m  eat_finally(s,ptr,state,tryobj) {
[7m   [0m [91m                   ~~~~~[0m

[96mjavascript/group3/simplify_js.js[0m:[93m210[0m:[93m26[0m - [91merror[0m[90m TS7006: [0mParameter 'tryobj' implicitly has an 'any' type.

[7m210[0m  eat_finally(s,ptr,state,tryobj) {
[7m   [0m [91m                         ~~~~~~[0m

[96mjavascript/group3/simplify_js.js[0m:[93m215[0m:[93m7[0m - [91merror[0m[90m TS6133: [0m'save' is declared but its value is never read.

[7m215[0m   var save=state.tok
[7m   [0m [91m      ~~~~[0m

[96mjavascript/group3/simplify_js.js[0m:[93m224[0m:[93m12[0m - [91merror[0m[90m TS6133: [0m's' is declared but its value is never read.

[7m224[0m  eat_while(s,ptr,state) {
[7m   [0m [91m           ~[0m

[96mjavascript/group3/simplify_js.js[0m:[93m224[0m:[93m12[0m - [91merror[0m[90m TS7006: [0mParameter 's' implicitly has an 'any' type.

[7m224[0m  eat_while(s,ptr,state) {
[7m   [0m [91m           ~[0m

[96mjavascript/group3/simplify_js.js[0m:[93m224[0m:[93m14[0m - [91merror[0m[90m TS6133: [0m'ptr' is declared but its value is never read.

[7m224[0m  eat_while(s,ptr,state) {
[7m   [0m [91m             ~~~[0m

[96mjavascript/group3/simplify_js.js[0m:[93m224[0m:[93m14[0m - [91merror[0m[90m TS7006: [0mParameter 'ptr' implicitly has an 'any' type.

[7m224[0m  eat_while(s,ptr,state) {
[7m   [0m [91m             ~~~[0m

[96mjavascript/group3/simplify_js.js[0m:[93m224[0m:[93m18[0m - [91merror[0m[90m TS6133: [0m'state' is declared but its value is never read.

[7m224[0m  eat_while(s,ptr,state) {
[7m   [0m [91m                 ~~~~~[0m

[96mjavascript/group3/simplify_js.js[0m:[93m224[0m:[93m18[0m - [91merror[0m[90m TS7006: [0mParameter 'state' implicitly has an 'any' type.

[7m224[0m  eat_while(s,ptr,state) {
[7m   [0m [91m                 ~~~~~[0m

[96mjavascript/group3/simplify_js.js[0m:[93m227[0m:[93m8[0m - [91merror[0m[90m TS7006: [0mParameter 's' implicitly has an 'any' type.

[7m227[0m  parse(s,ptr,state,d) {
[7m   [0m [91m       ~[0m

[96mjavascript/group3/simplify_js.js[0m:[93m227[0m:[93m10[0m - [91merror[0m[90m TS7006: [0mParameter 'ptr' implicitly has an 'any' type.

[7m227[0m  parse(s,ptr,state,d) {
[7m   [0m [91m         ~~~[0m

[96mjavascript/group3/simplify_js.js[0m:[93m227[0m:[93m14[0m - [91merror[0m[90m TS7006: [0mParameter 'state' implicitly has an 'any' type.

[7m227[0m  parse(s,ptr,state,d) {
[7m   [0m [91m             ~~~~~[0m

[96mjavascript/group3/simplify_js.js[0m:[93m227[0m:[93m20[0m - [91merror[0m[90m TS7006: [0mParameter 'd' implicitly has an 'any' type.

[7m227[0m  parse(s,ptr,state,d) {
[7m   [0m [91m                   ~[0m

[96mjavascript/group3/simplify_js.js[0m:[93m231[0m:[93m8[0m - [91merror[0m[90m TS6133: [0m'cs' is declared but its value is never read.

[7m231[0m    var cs=s.slice(len)
[7m   [0m [91m       ~~[0m

[96mjavascript/group3/simplify_js.js[0m:[93m233[0m:[93m8[0m - [91merror[0m[90m TS6133: [0m'tok' is declared but its value is never read.

[7m233[0m    var tok=state.tok
[7m   [0m [91m       ~~~[0m

[96mjavascript/group3/simplify_js.js[0m:[93m240[0m:[93m13[0m - [91merror[0m[90m TS2663: [0mCannot find name 'expectraw'. Did you mean the instance member 'this.expectraw'?

[7m240[0m     var end=expectraw(s,ptr,state,"*/")
[7m   [0m [91m            ~~~~~~~~~[0m

[96mjavascript/group3/simplify_js.js[0m:[93m265[0m:[93m12[0m - [91merror[0m[90m TS6133: [0m'notreg' is declared but its value is never read.

[7m265[0m        var notreg=0
[7m   [0m [91m           ~~~~~~[0m

[96mjavascript/group3/simplify_js.js[0m:[93m768[0m:[93m16[0m - [91merror[0m[90m TS2339: [0mProperty 'tok' does not exist on type '{}'.

[7m768[0m   return state.tok
[7m   [0m [91m               ~~~[0m

[96mjavascript/group3/simplify_js.js[0m:[93m772[0m:[93m2[0m - [91merror[0m[90m TS2304: [0mCannot find name 'parser'.

[7m772[0m  parser=new parsejs()
[7m   [0m [91m ~~~~~~[0m

[96mjavascript/group3/simplify_js.js[0m:[93m773[0m:[93m2[0m - [91merror[0m[90m TS2304: [0mCannot find name 'parser'.

[7m773[0m  parser.parse(code,0,parser.state)
[7m   [0m [91m ~~~~~~[0m

[96mjavascript/group3/simplify_js.js[0m:[93m773[0m:[93m15[0m - [91merror[0m[90m TS2304: [0mCannot find name 'code'.

[7m773[0m  parser.parse(code,0,parser.state)
[7m   [0m [91m              ~~~~[0m

[96mjavascript/group3/simplify_js.js[0m:[93m773[0m:[93m22[0m - [91merror[0m[90m TS2304: [0mCannot find name 'parser'.

[7m773[0m  parser.parse(code,0,parser.state)
[7m   [0m [91m                     ~~~~~~[0m

[96mjavascript/group3/xml_event.js[0m:[93m1[0m:[93m21[0m - [91merror[0m[90m TS7006: [0mParameter 's' implicitly has an 'any' type.

[7m1[0m function split_tags(s) {
[7m [0m [91m                    ~[0m

[96mjavascript/group3/xml_event.js[0m:[93m24[0m:[93m1[0m - [91merror[0m[90m TS2304: [0mCannot find name 'ar'.

[7m24[0m ar=split_tags(document.documentElement.innerHTML)
[7m  [0m [91m~~[0m

[96mjavascript/group3/xml_event.js[0m:[93m25[0m:[93m1[0m - [91merror[0m[90m TS2304: [0mCannot find name 'ar2'.

[7m25[0m ar2=ar.slice(ar.map((e,n) => [e[1],e[0],n]).filter(e => e[0].match("class=\"text"))[0][2]).map((e,n) => [e[1],e[0],n])
[7m  [0m [91m~~~[0m

[96mjavascript/group3/xml_event.js[0m:[93m25[0m:[93m5[0m - [91merror[0m[90m TS2304: [0mCannot find name 'ar'.

[7m25[0m ar2=ar.slice(ar.map((e,n) => [e[1],e[0],n]).filter(e => e[0].match("class=\"text"))[0][2]).map((e,n) => [e[1],e[0],n])
[7m  [0m [91m    ~~[0m

[96mjavascript/group3/xml_event.js[0m:[93m25[0m:[93m14[0m - [91merror[0m[90m TS2304: [0mCannot find name 'ar'.

[7m25[0m ar2=ar.slice(ar.map((e,n) => [e[1],e[0],n]).filter(e => e[0].match("class=\"text"))[0][2]).map((e,n) => [e[1],e[0],n])
[7m  [0m [91m             ~~[0m

[96mjavascript/group3/xml_event.js[0m:[93m25[0m:[93m22[0m - [91merror[0m[90m TS7006: [0mParameter 'e' implicitly has an 'any' type.

[7m25[0m ar2=ar.slice(ar.map((e,n) => [e[1],e[0],n]).filter(e => e[0].match("class=\"text"))[0][2]).map((e,n) => [e[1],e[0],n])
[7m  [0m [91m                     ~[0m

[96mjavascript/group3/xml_event.js[0m:[93m25[0m:[93m24[0m - [91merror[0m[90m TS7006: [0mParameter 'n' implicitly has an 'any' type.

[7m25[0m ar2=ar.slice(ar.map((e,n) => [e[1],e[0],n]).filter(e => e[0].match("class=\"text"))[0][2]).map((e,n) => [e[1],e[0],n])
[7m  [0m [91m                       ~[0m

[96mjavascript/group3/xml_event.js[0m:[93m25[0m:[93m52[0m - [91merror[0m[90m TS7006: [0mParameter 'e' implicitly has an 'any' type.

[7m25[0m ar2=ar.slice(ar.map((e,n) => [e[1],e[0],n]).filter(e => e[0].match("class=\"text"))[0][2]).map((e,n) => [e[1],e[0],n])
[7m  [0m [91m                                                   ~[0m

[96mjavascript/group3/xml_event.js[0m:[93m25[0m:[93m97[0m - [91merror[0m[90m TS7006: [0mParameter 'e' implicitly has an 'any' type.

[7m25[0m ar2=ar.slice(ar.map((e,n) => [e[1],e[0],n]).filter(e => e[0].match("class=\"text"))[0][2]).map((e,n) => [e[1],e[0],n])
[7m  [0m [91m                                                                                                ~[0m

[96mjavascript/group3/xml_event.js[0m:[93m25[0m:[93m99[0m - [91merror[0m[90m TS7006: [0mParameter 'n' implicitly has an 'any' type.

[7m25[0m ar2=ar.slice(ar.map((e,n) => [e[1],e[0],n]).filter(e => e[0].match("class=\"text"))[0][2]).map((e,n) => [e[1],e[0],n])
[7m  [0m [91m                                                                                                  ~[0m

[96mjavascript/group3/xml_event.js[0m:[93m27[0m:[93m1[0m - [91merror[0m[90m TS2304: [0mCannot find name 'target'.

[7m27[0m target=ar2[ar2.find(e => e[0].match("greentext"))[2]+2][0].split(";").pop()
[7m  [0m [91m~~~~~~[0m

[96mjavascript/group3/xml_event.js[0m:[93m27[0m:[93m8[0m - [91merror[0m[90m TS2304: [0mCannot find name 'ar2'.

[7m27[0m target=ar2[ar2.find(e => e[0].match("greentext"))[2]+2][0].split(";").pop()
[7m  [0m [91m       ~~~[0m

[96mjavascript/group3/xml_event.js[0m:[93m27[0m:[93m12[0m - [91merror[0m[90m TS2304: [0mCannot find name 'ar2'.

[7m27[0m target=ar2[ar2.find(e => e[0].match("greentext"))[2]+2][0].split(";").pop()
[7m  [0m [91m           ~~~[0m

[96mjavascript/group3/xml_event.js[0m:[93m27[0m:[93m21[0m - [91merror[0m[90m TS7006: [0mParameter 'e' implicitly has an 'any' type.

[7m27[0m target=ar2[ar2.find(e => e[0].match("greentext"))[2]+2][0].split(";").pop()
[7m  [0m [91m                    ~[0m

[96mjavascript/group3/yt-dbg.js[0m:[93m1[0m:[93m1[0m - [91merror[0m[90m TS2304: [0mCannot find name '_yt_player'.

[7m1[0m _yt_player={
[7m [0m [91m~~~~~~~~~~[0m

[96mjavascript/group3/YUI_explorer.js[0m:[93m2[0m:[93m1[0m - [91merror[0m[90m TS2304: [0mCannot find name 'objs'.

[7m2[0m objs={}
[7m [0m [91m~~~~[0m

[96mjavascript/group3/YUI_explorer.js[0m:[93m3[0m:[93m1[0m - [91merror[0m[90m TS2304: [0mCannot find name 'bad'.

[7m3[0m bad=[HTMLDivElement,HTMLHeadElement,HTMLElement,Document,HTMLHtmlElement,HTMLAllCollection,HTMLCollection,HTMLBodyElement,HTMLAnchorElement,StyleSheetList]
[7m [0m [91m~~~[0m

[96mjavascript/group3/YUI_explorer.js[0m:[93m4[0m:[93m18[0m - [91merror[0m[90m TS2304: [0mCannot find name 'YUI'.

[7m4[0m bl: for(var j in YUI.Env) {
[7m [0m [91m                 ~~~[0m

[96mjavascript/group3/YUI_explorer.js[0m:[93m5[0m:[93m10[0m - [91merror[0m[90m TS2304: [0mCannot find name 'YUI'.

[7m5[0m  var tar=YUI.Env[j]
[7m [0m [91m         ~~~[0m

[96mjavascript/group3/YUI_explorer.js[0m:[93m6[0m:[93m5[0m - [91merror[0m[90m TS2304: [0mCannot find name 'bad'.

[7m6[0m  if(bad.indexOf(Object.getPrototypeOf(tar).constructor)>-1) {
[7m [0m [91m    ~~~[0m

[96mjavascript/group3/YUI_explorer.js[0m:[93m27[0m:[93m4[0m - [91merror[0m[90m TS2304: [0mCannot find name 'objs'.

[7m27[0m    objs[nt[p]._yuid]=nt[p]
[7m  [0m [91m   ~~~~[0m

[96mjavascript/group3/YUI_explorer.js[0m:[93m32[0m:[93m3[0m - [91merror[0m[90m TS2304: [0mCannot find name 'objs'.

[7m32[0m   objs[tar[i]._yuid]=tar[i]
[7m  [0m [91m  ~~~~[0m

[96mjavascript/group3/YUI_explorer.js[0m:[93m35[0m:[93m19[0m - [91merror[0m[90m TS7006: [0mParameter 't' implicitly has an 'any' type.

[7m35[0m function oneloop2(t,d) {
[7m  [0m [91m                  ~[0m

[96mjavascript/group3/YUI_explorer.js[0m:[93m35[0m:[93m21[0m - [91merror[0m[90m TS7006: [0mParameter 'd' implicitly has an 'any' type.

[7m35[0m function oneloop2(t,d) {
[7m  [0m [91m                    ~[0m

[96mjavascript/group3/YUI_explorer.js[0m:[93m43[0m:[93m6[0m - [91merror[0m[90m TS2304: [0mCannot find name 'bad'.

[7m43[0m   if(bad.indexOf(Object.getPrototypeOf(t).constructor)>-1) {
[7m  [0m [91m     ~~~[0m

[96mjavascript/group3/YUI_explorer.js[0m:[93m55[0m:[93m7[0m - [91merror[0m[90m TS2304: [0mCannot find name 'bad'.

[7m55[0m    if(bad.indexOf(Object.getPrototypeOf(t[p]).constructor)>-1) {
[7m  [0m [91m      ~~~[0m

[96mjavascript/group3/YUI_explorer.js[0m:[93m63[0m:[93m6[0m - [91merror[0m[90m TS2304: [0mCannot find name 'objs'.

[7m63[0m   if(objs[t[p]._yuid]===undefined) {
[7m  [0m [91m     ~~~~[0m

[96mjavascript/group3/YUI_explorer.js[0m:[93m64[0m:[93m4[0m - [91merror[0m[90m TS2304: [0mCannot find name 'objs'.

[7m64[0m    objs[t[p]._yuid]=[t[p]]
[7m  [0m [91m   ~~~~[0m

[96mjavascript/group3/YUI_explorer.js[0m:[93m67[0m:[93m7[0m - [91merror[0m[90m TS2304: [0mCannot find name 'objs'.

[7m67[0m    if(objs[t[p]._yuid].indexOf(t[p])==-1) {
[7m  [0m [91m      ~~~~[0m

[96mjavascript/group3/YUI_explorer.js[0m:[93m69[0m:[93m5[0m - [91merror[0m[90m TS2304: [0mCannot find name 'objs'.

[7m69[0m     objs[t[p]._yuid].push(t[p])
[7m  [0m [91m    ~~~~[0m

[96mjavascript/group3/YUI_explorer.js[0m:[93m74[0m:[93m19[0m - [91merror[0m[90m TS7006: [0mParameter 't' implicitly has an 'any' type.

[7m74[0m function oneloop3(t,d) {
[7m  [0m [91m                  ~[0m

[96mjavascript/group3/YUI_explorer.js[0m:[93m74[0m:[93m21[0m - [91merror[0m[90m TS7006: [0mParameter 'd' implicitly has an 'any' type.

[7m74[0m function oneloop3(t,d) {
[7m  [0m [91m                    ~[0m

[96mjavascript/group3/YUI_explorer.js[0m:[93m82[0m:[93m6[0m - [91merror[0m[90m TS2304: [0mCannot find name 'bad'.

[7m82[0m   if(bad.indexOf(Object.getPrototypeOf(t).constructor)>-1) {
[7m  [0m [91m     ~~~[0m

[96mjavascript/group3/YUI_explorer.js[0m:[93m94[0m:[93m7[0m - [91merror[0m[90m TS2304: [0mCannot find name 'bad'.

[7m94[0m    if(bad.indexOf(Object.getPrototypeOf(t[p]).constructor)>-1) {
[7m  [0m [91m      ~~~[0m

[96mjavascript/group3/YUI_explorer.js[0m:[93m102[0m:[93m6[0m - [91merror[0m[90m TS2304: [0mCannot find name 'objs'.

[7m102[0m   if(objs[t[p]._yuid]===undefined) {
[7m   [0m [91m     ~~~~[0m

[96mjavascript/group3/YUI_explorer.js[0m:[93m103[0m:[93m4[0m - [91merror[0m[90m TS2304: [0mCannot find name 'objs'.

[7m103[0m    objs[t[p]._yuid]=[t[p]]
[7m   [0m [91m   ~~~~[0m

[96mjavascript/group3/YUI_explorer.js[0m:[93m106[0m:[93m7[0m - [91merror[0m[90m TS2304: [0mCannot find name 'objs'.

[7m106[0m    if(objs[t[p]._yuid].indexOf(t[p])==-1) {
[7m   [0m [91m      ~~~~[0m

[96mjavascript/group3/YUI_explorer.js[0m:[93m108[0m:[93m5[0m - [91merror[0m[90m TS2304: [0mCannot find name 'objs'.

[7m108[0m     objs[t[p]._yuid].push(t[p])
[7m   [0m [91m    ~~~~[0m

[96mjavascript/group3/YUI_explorer.js[0m:[93m113[0m:[93m1[0m - [91merror[0m[90m TS2304: [0mCannot find name 'objsx'.

[7m113[0m objsx=objs
[7m   [0m [91m~~~~~[0m

[96mjavascript/group3/YUI_explorer.js[0m:[93m113[0m:[93m7[0m - [91merror[0m[90m TS2304: [0mCannot find name 'objs'.

[7m113[0m objsx=objs
[7m   [0m [91m      ~~~~[0m

[96mjavascript/group3/YUI_explorer.js[0m:[93m114[0m:[93m1[0m - [91merror[0m[90m TS2304: [0mCannot find name 'objs'.

[7m114[0m objs={}
[7m   [0m [91m~~~~[0m

[96mjavascript/group3/YUI_explorer.js[0m:[93m115[0m:[93m18[0m - [91merror[0m[90m TS2304: [0mCannot find name 'YUI'.

[7m115[0m bl: for(var j in YUI.Env) {
[7m   [0m [91m                 ~~~[0m

[96mjavascript/group3/YUI_explorer.js[0m:[93m116[0m:[93m11[0m - [91merror[0m[90m TS2304: [0mCannot find name 'YUI'.

[7m116[0m  oneloop2(YUI.Env[j],-1)
[7m   [0m [91m          ~~~[0m

[96mjavascript/group3/YUI_explorer.js[0m:[93m119[0m:[93m14[0m - [91merror[0m[90m TS2304: [0mCannot find name 'objs'.

[7m119[0m for(var i in objs) {
[7m   [0m [91m             ~~~~[0m

[96mjavascript/group3/YUI_explorer.js[0m:[93m120[0m:[93m15[0m - [91merror[0m[90m TS2304: [0mCannot find name 'objs'.

[7m120[0m  for(var j in objs[i]) {
[7m   [0m [91m              ~~~~[0m

[96mjavascript/group3/YUI_explorer.js[0m:[93m121[0m:[93m12[0m - [91merror[0m[90m TS2304: [0mCannot find name 'objs'.

[7m121[0m   oneloop3(objs[i][j],-1)
[7m   [0m [91m           ~~~~[0m

[96mjavascript/group3/YUI_explorer.js[0m:[93m125[0m:[93m14[0m - [91merror[0m[90m TS2304: [0mCannot find name 'objs'.

[7m125[0m for(var i in objs) {
[7m   [0m [91m             ~~~~[0m

[96mjavascript/group3/YUI_explorer.js[0m:[93m126[0m:[93m15[0m - [91merror[0m[90m TS2304: [0mCannot find name 'objs'.

[7m126[0m  for(var j in objs[i]) {
[7m   [0m [91m              ~~~~[0m

[96mjavascript/group3/YUI_explorer.js[0m:[93m127[0m:[93m12[0m - [91merror[0m[90m TS2304: [0mCannot find name 'objs'.

[7m127[0m   oneloop3(objs[i][j],-3)
[7m   [0m [91m           ~~~~[0m

[96mjavascript/group3/YUI_explorer.js[0m:[93m131[0m:[93m21[0m - [91merror[0m[90m TS2339: [0mProperty '_yuid' does not exist on type 'Element'.

[7m131[0m  if(document.all[i]._yuid===undefined) {
[7m   [0m [91m                    ~~~~~[0m

[96mjavascript/group3/YUI_explorer.js[0m:[93m134[0m:[93m5[0m - [91merror[0m[90m TS2304: [0mCannot find name 'objs'.

[7m134[0m  if(objs[document.all[i]._yuid]===undefined) {
[7m   [0m [91m    ~~~~[0m

[96mjavascript/group3/YUI_explorer.js[0m:[93m134[0m:[93m26[0m - [91merror[0m[90m TS2339: [0mProperty '_yuid' does not exist on type 'Element'.

[7m134[0m  if(objs[document.all[i]._yuid]===undefined) {
[7m   [0m [91m                         ~~~~~[0m

[96mjavascript/group4/get_node_require.js[0m:[93m1[0m:[93m1[0m - [91merror[0m[90m TS2304: [0mCannot find name 'run_d'.

[7m1[0m run_d=function(...d) {
[7m [0m [91m~~~~~[0m

[96mjavascript/group4/get_node_require.js[0m:[93m1[0m:[93m16[0m - [91merror[0m[90m TS7019: [0mRest parameter 'd' implicitly has an 'any[]' type.

[7m1[0m run_d=function(...d) {
[7m [0m [91m               ~~~~[0m

[96mjavascript/group4/get_node_require.js[0m:[93m4[0m:[93m21[0m - [91merror[0m[90m TS7006: [0mParameter 'activator_array_functions' implicitly has an 'any' type.

[7m4[0m  let d_run=function(activator_array_functions) {
[7m [0m [91m                    ~~~~~~~~~~~~~~~~~~~~~~~~~[0m

[96mjavascript/group4/get_node_require.js[0m:[93m7[0m:[93m3[0m - [91merror[0m[90m TS18048: [0m'w' is possibly 'undefined'.

[7m7[0m   w.u=undebug
[7m [0m [91m  ~[0m

[96mjavascript/group4/get_node_require.js[0m:[93m9[0m:[93m22[0m - [91merror[0m[90m TS2339: [0mProperty 'debug' does not exist on type 'Function'.

[7m9[0m   Function.prototype.debug=debug
[7m [0m [91m                     ~~~~~[0m

[96mjavascript/group4/get_node_require.js[0m:[93m11[0m:[93m10[0m - [91merror[0m[90m TS2339: [0mProperty 'native_module_scope' does not exist on type 'Window & typeof globalThis'.

[7m11[0m   window.native_module_scope=native_module_scope
[7m  [0m [91m         ~~~~~~~~~~~~~~~~~~~[0m

[96mjavascript/group4/get_node_require.js[0m:[93m16[0m:[93m7[0m - [91merror[0m[90m TS7034: [0mVariable 'l' implicitly has type 'any[]' in some locations where its type cannot be determined.

[7m16[0m   let l=[]
[7m  [0m [91m      ~[0m

[96mjavascript/group4/get_node_require.js[0m:[93m17[0m:[93m17[0m - [91merror[0m[90m TS7005: [0mVariable 'l' implicitly has an 'any[]' type.

[7m17[0m   all_results.l=l
[7m  [0m [91m                ~[0m

[96mjavascript/group4/get_node_require.js[0m:[93m18[0m:[93m7[0m - [91merror[0m[90m TS6133: [0m'x' is declared but its value is never read.

[7m18[0m   let x
[7m  [0m [91m      ~[0m

[96mjavascript/group4/get_node_require.js[0m:[93m19[0m:[93m3[0m - [91merror[0m[90m TS18048: [0m'w' is possibly 'undefined'.

[7m19[0m   w.m=function(f,b,s,fwd) {
[7m  [0m [91m  ~[0m

[96mjavascript/group4/get_node_require.js[0m:[93m19[0m:[93m5[0m - [91merror[0m[90m TS2339: [0mProperty 'm' does not exist on type 'debug'.

[7m19[0m   w.m=function(f,b,s,fwd) {
[7m  [0m [91m    ~[0m

[96mjavascript/group4/get_node_require.js[0m:[93m19[0m:[93m16[0m - [91merror[0m[90m TS7006: [0mParameter 'f' implicitly has an 'any' type.

[7m19[0m   w.m=function(f,b,s,fwd) {
[7m  [0m [91m               ~[0m

[96mjavascript/group4/get_node_require.js[0m:[93m19[0m:[93m18[0m - [91merror[0m[90m TS7006: [0mParameter 'b' implicitly has an 'any' type.

[7m19[0m   w.m=function(f,b,s,fwd) {
[7m  [0m [91m                 ~[0m

[96mjavascript/group4/get_node_require.js[0m:[93m19[0m:[93m20[0m - [91merror[0m[90m TS7006: [0mParameter 's' implicitly has an 'any' type.

[7m19[0m   w.m=function(f,b,s,fwd) {
[7m  [0m [91m                   ~[0m

[96mjavascript/group4/get_node_require.js[0m:[93m19[0m:[93m22[0m - [91merror[0m[90m TS7006: [0mParameter 'fwd' implicitly has an 'any' type.

[7m19[0m   w.m=function(f,b,s,fwd) {
[7m  [0m [91m                     ~~~[0m

[96mjavascript/group4/get_node_require.js[0m:[93m26[0m:[93m9[0m - [91merror[0m[90m TS7006: [0mParameter 'e' implicitly has an 'any' type.

[7m26[0m    w.s=(e) => {
[7m  [0m [91m        ~[0m

[96mjavascript/group4/get_node_require.js[0m:[93m40[0m:[93m7[0m - [91merror[0m[90m TS2339: [0mProperty 'f' does not exist on type '{ r: boolean; user_res: any; e: unknown; }'.

[7m40[0m     c.f=w.f
[7m  [0m [91m      ~[0m

[96mjavascript/group4/get_node_require.js[0m:[93m40[0m:[93m11[0m - [91merror[0m[90m TS2339: [0mProperty 'f' does not exist on type 'm'.

[7m40[0m     c.f=w.f
[7m  [0m [91m          ~[0m

[96mjavascript/group4/get_node_require.js[0m:[93m43[0m:[93m8[0m - [91merror[0m[90m TS2339: [0mProperty 'u' does not exist on type 'm'.

[7m43[0m      w.u(f)
[7m  [0m [91m       ~[0m

[96mjavascript/group4/get_node_require.js[0m:[93m47[0m:[93m6[0m - [91merror[0m[90m TS2339: [0mProperty 'u' does not exist on type 'm'.

[7m47[0m    w.u(f)
[7m  [0m [91m     ~[0m

[96mjavascript/group4/get_node_require.js[0m:[93m50[0m:[93m4[0m - [91merror[0m[90m TS2349: [0mThis expression is not callable.
  Type 'm' has no call signatures.

[7m50[0m    w(f,`{
[7m  [0m [91m   ~[0m

[96mjavascript/group4/get_node_require.js[0m:[93m74[0m:[93m29[0m - [91merror[0m[90m TS2339: [0mProperty 'f' does not exist on type 'm'.

[7m74[0m     console.log('failure',w.f)
[7m  [0m [91m                            ~[0m

[96mjavascript/group4/get_node_require.js[0m:[93m77[0m:[93m14[0m - [91merror[0m[90m TS2339: [0mProperty 'f' does not exist on type 'm'.

[7m77[0m     if(f===w.f)
[7m  [0m [91m             ~[0m

[96mjavascript/group4/get_node_require.js[0m:[93m79[0m:[93m7[0m - [91merror[0m[90m TS2339: [0mProperty 'u' does not exist on type 'm'.

[7m79[0m     w.u(f)
[7m  [0m [91m      ~[0m

[96mjavascript/group4/get_node_require.js[0m:[93m90[0m:[93m16[0m - [91merror[0m[90m TS2339: [0mProperty 'seed' does not exist on type 'd_run'.

[7m90[0m    all_results.seed=uniq
[7m  [0m [91m               ~~~~[0m

[96mjavascript/group4/get_node_require.js[0m:[93m94[0m:[93m9[0m - [91merror[0m[90m TS7022: [0m'b' implicitly has type 'any' because it does not have a type annotation and is referenced directly or indirectly in its own initializer.

[7m94[0m     let b=q(w,x,l,all_results)
[7m  [0m [91m        ~[0m

[96mjavascript/group4/get_node_require.js[0m:[93m94[0m:[93m17[0m - [91merror[0m[90m TS7005: [0mVariable 'l' implicitly has an 'any[]' type.

[7m94[0m     let b=q(w,x,l,all_results)
[7m  [0m [91m                ~[0m

[96mjavascript/group4/get_node_require.js[0m:[93m114[0m:[93m14[0m - [91merror[0m[90m TS2339: [0mProperty 'run_async' does not exist on type '{ mapped_arr: never[]; }'.

[7m114[0m  all_results.run_async=d_run
[7m   [0m [91m             ~~~~~~~~~[0m

[96mjavascript/group4/get_node_require.js[0m:[93m115[0m:[93m14[0m - [91merror[0m[90m TS2339: [0mProperty 'run_async' does not exist on type '{ mapped_arr: never[]; }'.

[7m115[0m  all_results.run_async(d)
[7m   [0m [91m             ~~~~~~~~~[0m

[96mjavascript/group4/get_node_require.js[0m:[93m116[0m:[93m14[0m - [91merror[0m[90m TS2339: [0mProperty 'the_results' does not exist on type '{ mapped_arr: never[]; }'.

[7m116[0m  all_results.the_results=function(cb) {
[7m   [0m [91m             ~~~~~~~~~~~[0m

[96mjavascript/group4/get_node_require.js[0m:[93m116[0m:[93m35[0m - [91merror[0m[90m TS7006: [0mParameter 'cb' implicitly has an 'any' type.

[7m116[0m  all_results.the_results=function(cb) {
[7m   [0m [91m                                  ~~[0m

[96mjavascript/group4/get_node_require.js[0m:[93m122[0m:[93m6[0m - [91merror[0m[90m TS6133: [0m'last_save' is declared but its value is never read.

[7m122[0m  let last_save=0
[7m   [0m [91m     ~~~~~~~~~[0m

[96mjavascript/group4/get_node_require.js[0m:[93m123[0m:[93m6[0m - [91merror[0m[90m TS7034: [0mVariable 'nms' implicitly has type 'any' in some locations where its type cannot be determined.

[7m123[0m  let nms
[7m   [0m [91m     ~~~[0m

[96mjavascript/group4/get_node_require.js[0m:[93m125[0m:[93m34[0m - [91merror[0m[90m TS7006: [0mParameter 'w' implicitly has an 'any' type.

[7m125[0m  function do_require_dbg_get_var(w,x,l,all_results,the_name) {
[7m   [0m [91m                                 ~[0m

[96mjavascript/group4/get_node_require.js[0m:[93m125[0m:[93m36[0m - [91merror[0m[90m TS7006: [0mParameter 'x' implicitly has an 'any' type.

[7m125[0m  function do_require_dbg_get_var(w,x,l,all_results,the_name) {
[7m   [0m [91m                                   ~[0m

[96mjavascript/group4/get_node_require.js[0m:[93m125[0m:[93m38[0m - [91merror[0m[90m TS7006: [0mParameter 'l' implicitly has an 'any' type.

[7m125[0m  function do_require_dbg_get_var(w,x,l,all_results,the_name) {
[7m   [0m [91m                                     ~[0m

[96mjavascript/group4/get_node_require.js[0m:[93m125[0m:[93m40[0m - [91merror[0m[90m TS7006: [0mParameter 'all_results' implicitly has an 'any' type.

[7m125[0m  function do_require_dbg_get_var(w,x,l,all_results,the_name) {
[7m   [0m [91m                                       ~~~~~~~~~~~[0m

[96mjavascript/group4/get_node_require.js[0m:[93m125[0m:[93m52[0m - [91merror[0m[90m TS7006: [0mParameter 'the_name' implicitly has an 'any' type.

[7m125[0m  function do_require_dbg_get_var(w,x,l,all_results,the_name) {
[7m   [0m [91m                                                   ~~~~~~~~[0m

[96mjavascript/group4/get_node_require.js[0m:[93m126[0m:[93m23[0m - [91merror[0m[90m TS7006: [0mParameter 'd' implicitly has an 'any' type.

[7m126[0m   function set_result(d) {
[7m   [0m [91m                      ~[0m

[96mjavascript/group4/get_node_require.js[0m:[93m130[0m:[93m12[0m - [91merror[0m[90m TS7006: [0mParameter 'fwd' implicitly has an 'any' type.

[7m130[0m   return [(fwd) => w.m(x.f,f => f('v8'),the_name,fwd),(e,d) => l[d]=e,set_result]
[7m   [0m [91m           ~~~[0m

[96mjavascript/group4/get_node_require.js[0m:[93m130[0m:[93m28[0m - [91merror[0m[90m TS7006: [0mParameter 'f' implicitly has an 'any' type.

[7m130[0m   return [(fwd) => w.m(x.f,f => f('v8'),the_name,fwd),(e,d) => l[d]=e,set_result]
[7m   [0m [91m                           ~[0m

[96mjavascript/group4/get_node_require.js[0m:[93m130[0m:[93m56[0m - [91merror[0m[90m TS7006: [0mParameter 'e' implicitly has an 'any' type.

[7m130[0m   return [(fwd) => w.m(x.f,f => f('v8'),the_name,fwd),(e,d) => l[d]=e,set_result]
[7m   [0m [91m                                                       ~[0m

[96mjavascript/group4/get_node_require.js[0m:[93m130[0m:[93m58[0m - [91merror[0m[90m TS7006: [0mParameter 'd' implicitly has an 'any' type.

[7m130[0m   return [(fwd) => w.m(x.f,f => f('v8'),the_name,fwd),(e,d) => l[d]=e,set_result]
[7m   [0m [91m                                                         ~[0m

[96mjavascript/group4/get_node_require.js[0m:[93m133[0m:[93m2[0m - [91merror[0m[90m TS2304: [0mCannot find name 'you_got'.

[7m133[0m  you_got=run_d(function(w,x,l,all_results) {
[7m   [0m [91m ~~~~~~~[0m

[96mjavascript/group4/get_node_require.js[0m:[93m133[0m:[93m10[0m - [91merror[0m[90m TS2304: [0mCannot find name 'run_d'.

[7m133[0m  you_got=run_d(function(w,x,l,all_results) {
[7m   [0m [91m         ~~~~~[0m

[96mjavascript/group4/get_node_require.js[0m:[93m133[0m:[93m25[0m - [91merror[0m[90m TS7006: [0mParameter 'w' implicitly has an 'any' type.

[7m133[0m  you_got=run_d(function(w,x,l,all_results) {
[7m   [0m [91m                        ~[0m

[96mjavascript/group4/get_node_require.js[0m:[93m133[0m:[93m27[0m - [91merror[0m[90m TS6133: [0m'x' is declared but its value is never read.

[7m133[0m  you_got=run_d(function(w,x,l,all_results) {
[7m   [0m [91m                          ~[0m

[96mjavascript/group4/get_node_require.js[0m:[93m133[0m:[93m27[0m - [91merror[0m[90m TS7006: [0mParameter 'x' implicitly has an 'any' type.

[7m133[0m  you_got=run_d(function(w,x,l,all_results) {
[7m   [0m [91m                          ~[0m

[96mjavascript/group4/get_node_require.js[0m:[93m133[0m:[93m29[0m - [91merror[0m[90m TS7006: [0mParameter 'l' implicitly has an 'any' type.

[7m133[0m  you_got=run_d(function(w,x,l,all_results) {
[7m   [0m [91m                            ~[0m

[96mjavascript/group4/get_node_require.js[0m:[93m133[0m:[93m31[0m - [91merror[0m[90m TS7006: [0mParameter 'all_results' implicitly has an 'any' type.

[7m133[0m  you_got=run_d(function(w,x,l,all_results) {
[7m   [0m [91m                              ~~~~~~~~~~~[0m

[96mjavascript/group4/get_node_require.js[0m:[93m135[0m:[93m12[0m - [91merror[0m[90m TS7006: [0mParameter 'fwd' implicitly has an 'any' type.

[7m135[0m   return [(fwd) => {
[7m   [0m [91m           ~~~[0m

[96mjavascript/group4/get_node_require.js[0m:[93m136[0m:[93m12[0m - [91merror[0m[90m TS2304: [0mCannot find name 'nodeRequire'.

[7m136[0m    let nrs=nodeRequire.toString()
[7m   [0m [91m           ~~~~~~~~~~~[0m

[96mjavascript/group4/get_node_require.js[0m:[93m140[0m:[93m15[0m - [91merror[0m[90m TS2304: [0mCannot find name 'nodeRequire'.

[7m140[0m    return w.m(nodeRequire,f => {
[7m   [0m [91m              ~~~~~~~~~~~[0m

[96mjavascript/group4/get_node_require.js[0m:[93m140[0m:[93m27[0m - [91merror[0m[90m TS7006: [0mParameter 'f' implicitly has an 'any' type.

[7m140[0m    return w.m(nodeRequire,f => {
[7m   [0m [91m                          ~[0m

[96mjavascript/group4/get_node_require.js[0m:[93m145[0m:[93m6[0m - [91merror[0m[90m TS7006: [0mParameter 'e' implicitly has an 'any' type.

[7m145[0m    ,(e,d) => {
[7m   [0m [91m     ~[0m

[96mjavascript/group4/get_node_require.js[0m:[93m145[0m:[93m8[0m - [91merror[0m[90m TS7006: [0mParameter 'd' implicitly has an 'any' type.

[7m145[0m    ,(e,d) => {
[7m   [0m [91m       ~[0m

[96mjavascript/group4/get_node_require.js[0m:[93m148[0m:[93m6[0m - [91merror[0m[90m TS7006: [0mParameter 'd' implicitly has an 'any' type.

[7m148[0m    ,(d) => {
[7m   [0m [91m     ~[0m

[96mjavascript/group4/get_node_require.js[0m:[93m152[0m:[93m13[0m - [91merror[0m[90m TS7006: [0mParameter 'w' implicitly has an 'any' type.

[7m152[0m  },function(w,x,l,all_results) {
[7m   [0m [91m            ~[0m

[96mjavascript/group4/get_node_require.js[0m:[93m152[0m:[93m15[0m - [91merror[0m[90m TS7006: [0mParameter 'x' implicitly has an 'any' type.

[7m152[0m  },function(w,x,l,all_results) {
[7m   [0m [91m              ~[0m

[96mjavascript/group4/get_node_require.js[0m:[93m152[0m:[93m17[0m - [91merror[0m[90m TS7006: [0mParameter 'l' implicitly has an 'any' type.

[7m152[0m  },function(w,x,l,all_results) {
[7m   [0m [91m                ~[0m

[96mjavascript/group4/get_node_require.js[0m:[93m152[0m:[93m19[0m - [91merror[0m[90m TS7006: [0mParameter 'all_results' implicitly has an 'any' type.

[7m152[0m  },function(w,x,l,all_results) {
[7m   [0m [91m                  ~~~~~~~~~~~[0m

[96mjavascript/group4/get_node_require.js[0m:[93m160[0m:[93m3[0m - [91merror[0m[90m TS7005: [0mVariable 'nms' implicitly has an 'any' type.

[7m160[0m   nms.v8=x.f('v8')
[7m   [0m [91m  ~~~[0m

[96mjavascript/group4/get_node_require.js[0m:[93m161[0m:[93m12[0m - [91merror[0m[90m TS7006: [0mParameter 'fwd' implicitly has an 'any' type.

[7m161[0m   return [(fwd) => w.m(x.f,f => f('v8'),'mod',fwd),(e,d) => l[d]=e,(d) => l[d]]
[7m   [0m [91m           ~~~[0m

[96mjavascript/group4/get_node_require.js[0m:[93m161[0m:[93m28[0m - [91merror[0m[90m TS7006: [0mParameter 'f' implicitly has an 'any' type.

[7m161[0m   return [(fwd) => w.m(x.f,f => f('v8'),'mod',fwd),(e,d) => l[d]=e,(d) => l[d]]
[7m   [0m [91m                           ~[0m

[96mjavascript/group4/get_node_require.js[0m:[93m161[0m:[93m53[0m - [91merror[0m[90m TS7006: [0mParameter 'e' implicitly has an 'any' type.

[7m161[0m   return [(fwd) => w.m(x.f,f => f('v8'),'mod',fwd),(e,d) => l[d]=e,(d) => l[d]]
[7m   [0m [91m                                                    ~[0m

[96mjavascript/group4/get_node_require.js[0m:[93m161[0m:[93m55[0m - [91merror[0m[90m TS7006: [0mParameter 'd' implicitly has an 'any' type.

[7m161[0m   return [(fwd) => w.m(x.f,f => f('v8'),'mod',fwd),(e,d) => l[d]=e,(d) => l[d]]
[7m   [0m [91m                                                      ~[0m

[96mjavascript/group4/get_node_require.js[0m:[93m161[0m:[93m69[0m - [91merror[0m[90m TS7006: [0mParameter 'd' implicitly has an 'any' type.

[7m161[0m   return [(fwd) => w.m(x.f,f => f('v8'),'mod',fwd),(e,d) => l[d]=e,(d) => l[d]]
[7m   [0m [91m                                                                    ~[0m

[96mjavascript/group4/get_node_require.js[0m:[93m162[0m:[93m13[0m - [91merror[0m[90m TS7006: [0mParameter 'w' implicitly has an 'any' type.

[7m162[0m  },function(w,x,l,all_results) {
[7m   [0m [91m            ~[0m

[96mjavascript/group4/get_node_require.js[0m:[93m162[0m:[93m15[0m - [91merror[0m[90m TS7006: [0mParameter 'x' implicitly has an 'any' type.

[7m162[0m  },function(w,x,l,all_results) {
[7m   [0m [91m              ~[0m

[96mjavascript/group4/get_node_require.js[0m:[93m162[0m:[93m17[0m - [91merror[0m[90m TS7006: [0mParameter 'l' implicitly has an 'any' type.

[7m162[0m  },function(w,x,l,all_results) {
[7m   [0m [91m                ~[0m

[96mjavascript/group4/get_node_require.js[0m:[93m162[0m:[93m19[0m - [91merror[0m[90m TS7006: [0mParameter 'all_results' implicitly has an 'any' type.

[7m162[0m  },function(w,x,l,all_results) {
[7m   [0m [91m                  ~~~~~~~~~~~[0m

[96mjavascript/group4/get_node_require.js[0m:[93m170[0m:[93m7[0m - [91merror[0m[90m TS7005: [0mVariable 'nms' implicitly has an 'any' type.

[7m170[0m   x.f=nms.v8.Serializer
[7m   [0m [91m      ~~~[0m

[96mjavascript/group4/get_node_require.js[0m:[93m171[0m:[93m12[0m - [91merror[0m[90m TS7006: [0mParameter 'fwd' implicitly has an 'any' type.

[7m171[0m   return [(fwd) => w.m(x.f,f => new f,'assert',fwd),(e,d) => l[d]=e,(d) => l[d]]
[7m   [0m [91m           ~~~[0m

[96mjavascript/group4/get_node_require.js[0m:[93m171[0m:[93m28[0m - [91merror[0m[90m TS7006: [0mParameter 'f' implicitly has an 'any' type.

[7m171[0m   return [(fwd) => w.m(x.f,f => new f,'assert',fwd),(e,d) => l[d]=e,(d) => l[d]]
[7m   [0m [91m                           ~[0m

[96mjavascript/group4/get_node_require.js[0m:[93m171[0m:[93m54[0m - [91merror[0m[90m TS7006: [0mParameter 'e' implicitly has an 'any' type.

[7m171[0m   return [(fwd) => w.m(x.f,f => new f,'assert',fwd),(e,d) => l[d]=e,(d) => l[d]]
[7m   [0m [91m                                                     ~[0m

[96mjavascript/group4/get_node_require.js[0m:[93m171[0m:[93m56[0m - [91merror[0m[90m TS7006: [0mParameter 'd' implicitly has an 'any' type.

[7m171[0m   return [(fwd) => w.m(x.f,f => new f,'assert',fwd),(e,d) => l[d]=e,(d) => l[d]]
[7m   [0m [91m                                                       ~[0m

[96mjavascript/group4/get_node_require.js[0m:[93m171[0m:[93m70[0m - [91merror[0m[90m TS7006: [0mParameter 'd' implicitly has an 'any' type.

[7m171[0m   return [(fwd) => w.m(x.f,f => new f,'assert',fwd),(e,d) => l[d]=e,(d) => l[d]]
[7m   [0m [91m                                                                     ~[0m

[96mjavascript/group4/get_node_require.js[0m:[93m172[0m:[93m13[0m - [91merror[0m[90m TS7006: [0mParameter 'w' implicitly has an 'any' type.

[7m172[0m  },function(w,x,l,all_results) {
[7m   [0m [91m            ~[0m

[96mjavascript/group4/get_node_require.js[0m:[93m172[0m:[93m15[0m - [91merror[0m[90m TS7006: [0mParameter 'x' implicitly has an 'any' type.

[7m172[0m  },function(w,x,l,all_results) {
[7m   [0m [91m              ~[0m

[96mjavascript/group4/get_node_require.js[0m:[93m172[0m:[93m17[0m - [91merror[0m[90m TS7006: [0mParameter 'l' implicitly has an 'any' type.

[7m172[0m  },function(w,x,l,all_results) {
[7m   [0m [91m                ~[0m

[96mjavascript/group4/get_node_require.js[0m:[93m172[0m:[93m19[0m - [91merror[0m[90m TS6133: [0m'all_results' is declared but its value is never read.

[7m172[0m  },function(w,x,l,all_results) {
[7m   [0m [91m                  ~~~~~~~~~~~[0m

[96mjavascript/group4/get_node_require.js[0m:[93m172[0m:[93m19[0m - [91merror[0m[90m TS7006: [0mParameter 'all_results' implicitly has an 'any' type.

[7m172[0m  },function(w,x,l,all_results) {
[7m   [0m [91m                  ~~~~~~~~~~~[0m

[96mjavascript/group4/get_node_require.js[0m:[93m173[0m:[93m3[0m - [91merror[0m[90m TS7005: [0mVariable 'nms' implicitly has an 'any' type.

[7m173[0m   nms.assert=x.f
[7m   [0m [91m  ~~~[0m

[96mjavascript/group4/get_node_require.js[0m:[93m174[0m:[93m12[0m - [91merror[0m[90m TS7006: [0mParameter 'fwd' implicitly has an 'any' type.

[7m174[0m   return [(fwd) => w.m(x.f,f => f(!0),'lazyError',fwd),(e,d) => l[d]=e,(d) => l[d]]
[7m   [0m [91m           ~~~[0m

[96mjavascript/group4/get_node_require.js[0m:[93m174[0m:[93m28[0m - [91merror[0m[90m TS7006: [0mParameter 'f' implicitly has an 'any' type.

[7m174[0m   return [(fwd) => w.m(x.f,f => f(!0),'lazyError',fwd),(e,d) => l[d]=e,(d) => l[d]]
[7m   [0m [91m                           ~[0m

[96mjavascript/group4/get_node_require.js[0m:[93m174[0m:[93m57[0m - [91merror[0m[90m TS7006: [0mParameter 'e' implicitly has an 'any' type.

[7m174[0m   return [(fwd) => w.m(x.f,f => f(!0),'lazyError',fwd),(e,d) => l[d]=e,(d) => l[d]]
[7m   [0m [91m                                                        ~[0m

[96mjavascript/group4/get_node_require.js[0m:[93m174[0m:[93m59[0m - [91merror[0m[90m TS7006: [0mParameter 'd' implicitly has an 'any' type.

[7m174[0m   return [(fwd) => w.m(x.f,f => f(!0),'lazyError',fwd),(e,d) => l[d]=e,(d) => l[d]]
[7m   [0m [91m                                                          ~[0m

[96mjavascript/group4/get_node_require.js[0m:[93m174[0m:[93m73[0m - [91merror[0m[90m TS7006: [0mParameter 'd' implicitly has an 'any' type.

[7m174[0m   return [(fwd) => w.m(x.f,f => f(!0),'lazyError',fwd),(e,d) => l[d]=e,(d) => l[d]]
[7m   [0m [91m                                                                        ~[0m

[96mjavascript/group4/get_node_require.js[0m:[93m175[0m:[93m13[0m - [91merror[0m[90m TS7006: [0mParameter 'w' implicitly has an 'any' type.

[7m175[0m  },function(w,x,l,all_results) {
[7m   [0m [91m            ~[0m

[96mjavascript/group4/get_node_require.js[0m:[93m175[0m:[93m15[0m - [91merror[0m[90m TS7006: [0mParameter 'x' implicitly has an 'any' type.

[7m175[0m  },function(w,x,l,all_results) {
[7m   [0m [91m              ~[0m

[96mjavascript/group4/get_node_require.js[0m:[93m175[0m:[93m17[0m - [91merror[0m[90m TS7006: [0mParameter 'l' implicitly has an 'any' type.

[7m175[0m  },function(w,x,l,all_results) {
[7m   [0m [91m                ~[0m

[96mjavascript/group4/get_node_require.js[0m:[93m175[0m:[93m19[0m - [91merror[0m[90m TS6133: [0m'all_results' is declared but its value is never read.

[7m175[0m  },function(w,x,l,all_results) {
[7m   [0m [91m                  ~~~~~~~~~~~[0m

[96mjavascript/group4/get_node_require.js[0m:[93m175[0m:[93m19[0m - [91merror[0m[90m TS7006: [0mParameter 'all_results' implicitly has an 'any' type.

[7m175[0m  },function(w,x,l,all_results) {
[7m   [0m [91m                  ~~~~~~~~~~~[0m

[96mjavascript/group4/get_node_require.js[0m:[93m176[0m:[93m3[0m - [91merror[0m[90m TS7005: [0mVariable 'nms' implicitly has an 'any' type.

[7m176[0m   nms.lazyError=x.f
[7m   [0m [91m  ~~~[0m

[96mjavascript/group4/get_node_require.js[0m:[93m177[0m:[93m12[0m - [91merror[0m[90m TS7006: [0mParameter 'fwd' implicitly has an 'any' type.

[7m177[0m   return [(fwd) => w.m(x.f,f => f(),'require',fwd),(e,d) => l[d]=e,(d) => l[d]]
[7m   [0m [91m           ~~~[0m

[96mjavascript/group4/get_node_require.js[0m:[93m177[0m:[93m28[0m - [91merror[0m[90m TS7006: [0mParameter 'f' implicitly has an 'any' type.

[7m177[0m   return [(fwd) => w.m(x.f,f => f(),'require',fwd),(e,d) => l[d]=e,(d) => l[d]]
[7m   [0m [91m                           ~[0m

[96mjavascript/group4/get_node_require.js[0m:[93m177[0m:[93m53[0m - [91merror[0m[90m TS7006: [0mParameter 'e' implicitly has an 'any' type.

[7m177[0m   return [(fwd) => w.m(x.f,f => f(),'require',fwd),(e,d) => l[d]=e,(d) => l[d]]
[7m   [0m [91m                                                    ~[0m

[96mjavascript/group4/get_node_require.js[0m:[93m177[0m:[93m55[0m - [91merror[0m[90m TS7006: [0mParameter 'd' implicitly has an 'any' type.

[7m177[0m   return [(fwd) => w.m(x.f,f => f(),'require',fwd),(e,d) => l[d]=e,(d) => l[d]]
[7m   [0m [91m                                                      ~[0m

[96mjavascript/group4/get_node_require.js[0m:[93m177[0m:[93m69[0m - [91merror[0m[90m TS7006: [0mParameter 'd' implicitly has an 'any' type.

[7m177[0m   return [(fwd) => w.m(x.f,f => f(),'require',fwd),(e,d) => l[d]=e,(d) => l[d]]
[7m   [0m [91m                                                                    ~[0m

[96mjavascript/group4/get_node_require.js[0m:[93m178[0m:[93m13[0m - [91merror[0m[90m TS7006: [0mParameter 'w' implicitly has an 'any' type.

[7m178[0m  },function(w,x,l,all_results) {
[7m   [0m [91m            ~[0m

[96mjavascript/group4/get_node_require.js[0m:[93m178[0m:[93m15[0m - [91merror[0m[90m TS7006: [0mParameter 'x' implicitly has an 'any' type.

[7m178[0m  },function(w,x,l,all_results) {
[7m   [0m [91m              ~[0m

[96mjavascript/group4/get_node_require.js[0m:[93m178[0m:[93m17[0m - [91merror[0m[90m TS7006: [0mParameter 'l' implicitly has an 'any' type.

[7m178[0m  },function(w,x,l,all_results) {
[7m   [0m [91m                ~[0m

[96mjavascript/group4/get_node_require.js[0m:[93m178[0m:[93m19[0m - [91merror[0m[90m TS7006: [0mParameter 'all_results' implicitly has an 'any' type.

[7m178[0m  },function(w,x,l,all_results) {
[7m   [0m [91m                  ~~~~~~~~~~~[0m

[96mjavascript/group4/get_node_require.js[0m:[93m179[0m:[93m3[0m - [91merror[0m[90m TS7005: [0mVariable 'nms' implicitly has an 'any' type.

[7m179[0m   nms.require=x.f
[7m   [0m [91m  ~~~[0m

[96mjavascript/group4/get_node_require.js[0m:[93m182[0m:[93m13[0m - [91merror[0m[90m TS7006: [0mParameter 'w' implicitly has an 'any' type.

[7m182[0m  },function(w,x,l,all_results) {
[7m   [0m [91m            ~[0m

[96mjavascript/group4/get_node_require.js[0m:[93m182[0m:[93m15[0m - [91merror[0m[90m TS7006: [0mParameter 'x' implicitly has an 'any' type.

[7m182[0m  },function(w,x,l,all_results) {
[7m   [0m [91m              ~[0m

[96mjavascript/group4/get_node_require.js[0m:[93m182[0m:[93m17[0m - [91merror[0m[90m TS7006: [0mParameter 'l' implicitly has an 'any' type.

[7m182[0m  },function(w,x,l,all_results) {
[7m   [0m [91m                ~[0m

[96mjavascript/group4/get_node_require.js[0m:[93m182[0m:[93m19[0m - [91merror[0m[90m TS7006: [0mParameter 'all_results' implicitly has an 'any' type.

[7m182[0m  },function(w,x,l,all_results) {
[7m   [0m [91m                  ~~~~~~~~~~~[0m

[96mjavascript/group4/get_node_require.js[0m:[93m183[0m:[93m3[0m - [91merror[0m[90m TS7005: [0mVariable 'nms' implicitly has an 'any' type.

[7m183[0m   nms.NativeModule=x.f
[7m   [0m [91m  ~~~[0m

[96mjavascript/group4/get_node_require.js[0m:[93m184[0m:[93m7[0m - [91merror[0m[90m TS7005: [0mVariable 'nms' implicitly has an 'any' type.

[7m184[0m   x.f=nms.require
[7m   [0m [91m      ~~~[0m

[96mjavascript/group4/get_node_require.js[0m:[93m187[0m:[93m13[0m - [91merror[0m[90m TS7006: [0mParameter 'w' implicitly has an 'any' type.

[7m187[0m  },function(w,x,l,all_results) {
[7m   [0m [91m            ~[0m

[96mjavascript/group4/get_node_require.js[0m:[93m187[0m:[93m15[0m - [91merror[0m[90m TS7006: [0mParameter 'x' implicitly has an 'any' type.

[7m187[0m  },function(w,x,l,all_results) {
[7m   [0m [91m              ~[0m

[96mjavascript/group4/get_node_require.js[0m:[93m187[0m:[93m17[0m - [91merror[0m[90m TS7006: [0mParameter 'l' implicitly has an 'any' type.

[7m187[0m  },function(w,x,l,all_results) {
[7m   [0m [91m                ~[0m

[96mjavascript/group4/get_node_require.js[0m:[93m187[0m:[93m19[0m - [91merror[0m[90m TS7006: [0mParameter 'all_results' implicitly has an 'any' type.

[7m187[0m  },function(w,x,l,all_results) {
[7m   [0m [91m                  ~~~~~~~~~~~[0m

[96mjavascript/group4/get_node_require.js[0m:[93m188[0m:[93m7[0m - [91merror[0m[90m TS7005: [0mVariable 'nms' implicitly has an 'any' type.

[7m188[0m   x.f=nms.require
[7m   [0m [91m      ~~~[0m

[96mjavascript/group4/get_node_require.js[0m:[93m191[0m:[93m13[0m - [91merror[0m[90m TS7006: [0mParameter 'w' implicitly has an 'any' type.

[7m191[0m  },function(w,x,l,all_results) {
[7m   [0m [91m            ~[0m

[96mjavascript/group4/get_node_require.js[0m:[93m191[0m:[93m15[0m - [91merror[0m[90m TS7006: [0mParameter 'x' implicitly has an 'any' type.

[7m191[0m  },function(w,x,l,all_results) {
[7m   [0m [91m              ~[0m

[96mjavascript/group4/get_node_require.js[0m:[93m191[0m:[93m17[0m - [91merror[0m[90m TS7006: [0mParameter 'l' implicitly has an 'any' type.

[7m191[0m  },function(w,x,l,all_results) {
[7m   [0m [91m                ~[0m

[96mjavascript/group4/get_node_require.js[0m:[93m191[0m:[93m19[0m - [91merror[0m[90m TS7006: [0mParameter 'all_results' implicitly has an 'any' type.

[7m191[0m  },function(w,x,l,all_results) {
[7m   [0m [91m                  ~~~~~~~~~~~[0m

[96mjavascript/group4/get_node_require.js[0m:[93m193[0m:[93m7[0m - [91merror[0m[90m TS7005: [0mVariable 'nms' implicitly has an 'any' type.

[7m193[0m   x.f=nms.require
[7m   [0m [91m      ~~~[0m

[96mjavascript/group4/get_node_require.js[0m:[93m202[0m:[93m26[0m - [91merror[0m[90m TS7006: [0mParameter 'w' implicitly has an 'any' type.

[7m202[0m  let blank_req=(function(w,x,l,all_results) {
[7m   [0m [91m                         ~[0m

[96mjavascript/group4/get_node_require.js[0m:[93m202[0m:[93m28[0m - [91merror[0m[90m TS7006: [0mParameter 'x' implicitly has an 'any' type.

[7m202[0m  let blank_req=(function(w,x,l,all_results) {
[7m   [0m [91m                           ~[0m

[96mjavascript/group4/get_node_require.js[0m:[93m202[0m:[93m30[0m - [91merror[0m[90m TS7006: [0mParameter 'l' implicitly has an 'any' type.

[7m202[0m  let blank_req=(function(w,x,l,all_results) {
[7m   [0m [91m                             ~[0m

[96mjavascript/group4/get_node_require.js[0m:[93m202[0m:[93m32[0m - [91merror[0m[90m TS6133: [0m'all_results' is declared but its value is never read.

[7m202[0m  let blank_req=(function(w,x,l,all_results) {
[7m   [0m [91m                               ~~~~~~~~~~~[0m

[96mjavascript/group4/get_node_require.js[0m:[93m202[0m:[93m32[0m - [91merror[0m[90m TS7006: [0mParameter 'all_results' implicitly has an 'any' type.

[7m202[0m  let blank_req=(function(w,x,l,all_results) {
[7m   [0m [91m                               ~~~~~~~~~~~[0m

[96mjavascript/group4/get_node_require.js[0m:[93m205[0m:[93m12[0m - [91merror[0m[90m TS7006: [0mParameter 'fwd' implicitly has an 'any' type.

[7m205[0m   return [(fwd) => w.m(x.f,f => f(),'null',fwd),(e,d) => l[d]=e,(d) => l[d]]
[7m   [0m [91m           ~~~[0m

[96mjavascript/group4/get_node_require.js[0m:[93m205[0m:[93m28[0m - [91merror[0m[90m TS7006: [0mParameter 'f' implicitly has an 'any' type.

[7m205[0m   return [(fwd) => w.m(x.f,f => f(),'null',fwd),(e,d) => l[d]=e,(d) => l[d]]
[7m   [0m [91m                           ~[0m

[96mjavascript/group4/get_node_require.js[0m:[93m205[0m:[93m50[0m - [91merror[0m[90m TS7006: [0mParameter 'e' implicitly has an 'any' type.

[7m205[0m   return [(fwd) => w.m(x.f,f => f(),'null',fwd),(e,d) => l[d]=e,(d) => l[d]]
[7m   [0m [91m                                                 ~[0m

[96mjavascript/group4/get_node_require.js[0m:[93m205[0m:[93m52[0m - [91merror[0m[90m TS7006: [0mParameter 'd' implicitly has an 'any' type.

[7m205[0m   return [(fwd) => w.m(x.f,f => f(),'null',fwd),(e,d) => l[d]=e,(d) => l[d]]
[7m   [0m [91m                                                   ~[0m

[96mjavascript/group4/get_node_require.js[0m:[93m205[0m:[93m66[0m - [91merror[0m[90m TS7006: [0mParameter 'd' implicitly has an 'any' type.

[7m205[0m   return [(fwd) => w.m(x.f,f => f(),'null',fwd),(e,d) => l[d]=e,(d) => l[d]]
[7m   [0m [91m                                                                 ~[0m

[96mjavascript/group4/get_node_require.js[0m:[93m209[0m:[93m30[0m - [91merror[0m[90m TS7006: [0mParameter 'w' implicitly has an 'any' type.

[7m209[0m  let from_last_req=(function(w,x,l,all_results) {
[7m   [0m [91m                             ~[0m

[96mjavascript/group4/get_node_require.js[0m:[93m209[0m:[93m32[0m - [91merror[0m[90m TS7006: [0mParameter 'x' implicitly has an 'any' type.

[7m209[0m  let from_last_req=(function(w,x,l,all_results) {
[7m   [0m [91m                               ~[0m

[96mjavascript/group4/get_node_require.js[0m:[93m209[0m:[93m34[0m - [91merror[0m[90m TS7006: [0mParameter 'l' implicitly has an 'any' type.

[7m209[0m  let from_last_req=(function(w,x,l,all_results) {
[7m   [0m [91m                                 ~[0m

[96mjavascript/group4/get_node_require.js[0m:[93m209[0m:[93m36[0m - [91merror[0m[90m TS6133: [0m'all_results' is declared but its value is never read.

[7m209[0m  let from_last_req=(function(w,x,l,all_results) {
[7m   [0m [91m                                   ~~~~~~~~~~~[0m

[96mjavascript/group4/get_node_require.js[0m:[93m209[0m:[93m36[0m - [91merror[0m[90m TS7006: [0mParameter 'all_results' implicitly has an 'any' type.

[7m209[0m  let from_last_req=(function(w,x,l,all_results) {
[7m   [0m [91m                                   ~~~~~~~~~~~[0m

[96mjavascript/group4/get_node_require.js[0m:[93m210[0m:[93m12[0m - [91merror[0m[90m TS7006: [0mParameter 'fwd' implicitly has an 'any' type.

[7m210[0m   return [(fwd) => w.m(x.f,f => f(),'null',fwd),(e,d) => l[d]=e,(d) => l[d]]
[7m   [0m [91m           ~~~[0m

[96mjavascript/group4/get_node_require.js[0m:[93m210[0m:[93m28[0m - [91merror[0m[90m TS7006: [0mParameter 'f' implicitly has an 'any' type.

[7m210[0m   return [(fwd) => w.m(x.f,f => f(),'null',fwd),(e,d) => l[d]=e,(d) => l[d]]
[7m   [0m [91m                           ~[0m

[96mjavascript/group4/get_node_require.js[0m:[93m210[0m:[93m50[0m - [91merror[0m[90m TS7006: [0mParameter 'e' implicitly has an 'any' type.

[7m210[0m   return [(fwd) => w.m(x.f,f => f(),'null',fwd),(e,d) => l[d]=e,(d) => l[d]]
[7m   [0m [91m                                                 ~[0m

[96mjavascript/group4/get_node_require.js[0m:[93m210[0m:[93m52[0m - [91merror[0m[90m TS7006: [0mParameter 'd' implicitly has an 'any' type.

[7m210[0m   return [(fwd) => w.m(x.f,f => f(),'null',fwd),(e,d) => l[d]=e,(d) => l[d]]
[7m   [0m [91m                                                   ~[0m

[96mjavascript/group4/get_node_require.js[0m:[93m210[0m:[93m66[0m - [91merror[0m[90m TS7006: [0mParameter 'd' implicitly has an 'any' type.

[7m210[0m   return [(fwd) => w.m(x.f,f => f(),'null',fwd),(e,d) => l[d]=e,(d) => l[d]]
[7m   [0m [91m                                                                 ~[0m

[96mjavascript/group4/get_node_require.js[0m:[93m214[0m:[93m2[0m - [91merror[0m[90m TS2304: [0mCannot find name 'you_got'.

[7m214[0m  you_got.the_results(e => {
[7m   [0m [91m ~~~~~~~[0m

[96mjavascript/group4/get_node_require.js[0m:[93m214[0m:[93m22[0m - [91merror[0m[90m TS7006: [0mParameter 'e' implicitly has an 'any' type.

[7m214[0m  you_got.the_results(e => {
[7m   [0m [91m                     ~[0m

[96mjavascript/group4/get_node_require.js[0m:[93m217[0m:[93m28[0m - [91merror[0m[90m TS2345: [0mArgument of type 'null' is not assignable to parameter of type 'Set<any>'.

[7m217[0m   if(error_set_arr.indexOf(null)>-1&&error_set_arr.length>1) {
[7m   [0m [91m                           ~~~~[0m

[96mjavascript/group4/get_node_require.js[0m:[93m218[0m:[93m33[0m - [91merror[0m[90m TS7006: [0mParameter 'e' implicitly has an 'any' type.

[7m218[0m    console.log('e',e.errors.map(e => +(e!==null)).join(''))
[7m   [0m [91m                                ~[0m

[96mjavascript/group4/get_node_require.js[0m:[93m220[0m:[93m29[0m - [91merror[0m[90m TS7006: [0mParameter 'e' implicitly has an 'any' type.

[7m220[0m   console.log('r',e.res.map(e => +(e!==null)).join(''))
[7m   [0m [91m                            ~[0m

[96mjavascript/group4/get_node_require.js[0m:[93m221[0m:[93m7[0m - [91merror[0m[90m TS6133: [0m'r' is declared but its value is never read.

[7m221[0m   let r=e.res
[7m   [0m [91m      ~[0m

[96mjavascript/group4/get_node_require.js[0m:[93m225[0m:[93m2[0m - [91merror[0m[90m TS2304: [0mCannot find name 'you_got'.

[7m225[0m  you_got.res
[7m   [0m [91m ~~~~~~~[0m

[96mjavascript/group4/get_v8_require.js[0m:[93m1[0m:[93m1[0m - [91merror[0m[90m TS2304: [0mCannot find name 'run_d'.

[7m1[0m run_d=function() {
[7m [0m [91m~~~~~[0m

[96mjavascript/group4/get_v8_require.js[0m:[93m3[0m:[93m12[0m - [91merror[0m[90m TS2551: [0mProperty 'd_run' does not exist on type 'Window & typeof globalThis'. Did you mean 'run'?

[7m3[0m  if(window.d_run) {
[7m [0m [91m           ~~~~~[0m

  [96mjavascript/final/named/myhtml_tokenizer.js[0m:[93m204[0m:[93m16[0m
    [7m204[0m async function run () {
    [7m   [0m [96m               ~~~[0m
    'run' is declared here.

[96mjavascript/group4/get_v8_require.js[0m:[93m4[0m:[93m12[0m - [91merror[0m[90m TS2551: [0mProperty 'd_run' does not exist on type 'Window & typeof globalThis'. Did you mean 'run'?

[7m4[0m   s=window.d_run
[7m [0m [91m           ~~~~~[0m

  [96mjavascript/final/named/myhtml_tokenizer.js[0m:[93m204[0m:[93m16[0m
    [7m204[0m async function run () {
    [7m   [0m [96m               ~~~[0m
    'run' is declared here.

[96mjavascript/group4/get_v8_require.js[0m:[93m6[0m:[93m9[0m - [91merror[0m[90m TS2551: [0mProperty 'd_run' does not exist on type 'Window & typeof globalThis'. Did you mean 'run'?

[7m6[0m  window.d_run=async function(a) {
[7m [0m [91m        ~~~~~[0m

  [96mjavascript/final/named/myhtml_tokenizer.js[0m:[93m204[0m:[93m16[0m
    [7m204[0m async function run () {
    [7m   [0m [96m               ~~~[0m
    'run' is declared here.

[96mjavascript/group4/get_v8_require.js[0m:[93m6[0m:[93m30[0m - [91merror[0m[90m TS7006: [0mParameter 'a' implicitly has an 'any' type.

[7m6[0m  window.d_run=async function(a) {
[7m [0m [91m                             ~[0m

[96mjavascript/group4/get_v8_require.js[0m:[93m9[0m:[93m3[0m - [91merror[0m[90m TS18048: [0m'w' is possibly 'undefined'.

[7m9[0m   w.u=undebug
[7m [0m [91m  ~[0m

[96mjavascript/group4/get_v8_require.js[0m:[93m10[0m:[93m10[0m - [91merror[0m[90m TS2339: [0mProperty 'native_module_scope' does not exist on type 'Window & typeof globalThis'.

[7m10[0m   window.native_module_scope??={
[7m  [0m [91m         ~~~~~~~~~~~~~~~~~~~[0m

[96mjavascript/group4/get_v8_require.js[0m:[93m11[0m:[93m8[0m - [91merror[0m[90m TS2304: [0mCannot find name 'nodeRequire'.

[7m11[0m    v8: nodeRequire("v8"),
[7m  [0m [91m       ~~~~~~~~~~~[0m

[96mjavascript/group4/get_v8_require.js[0m:[93m13[0m:[93m16[0m - [91merror[0m[90m TS2339: [0mProperty 'native_module_scope' does not exist on type 'Window & typeof globalThis'.

[7m13[0m   let q=window.native_module_scope
[7m  [0m [91m               ~~~~~~~~~~~~~~~~~~~[0m

[96mjavascript/group4/get_v8_require.js[0m:[93m15[0m:[93m7[0m - [91merror[0m[90m TS7034: [0mVariable 'l' implicitly has type 'any[]' in some locations where its type cannot be determined.

[7m15[0m   let l=[]
[7m  [0m [91m      ~[0m

[96mjavascript/group4/get_v8_require.js[0m:[93m16[0m:[93m7[0m - [91merror[0m[90m TS7005: [0mVariable 'l' implicitly has an 'any[]' type.

[7m16[0m   a.l=l
[7m  [0m [91m      ~[0m

[96mjavascript/group4/get_v8_require.js[0m:[93m18[0m:[93m3[0m - [91merror[0m[90m TS18048: [0m'w' is possibly 'undefined'.

[7m18[0m   w.m=async function(f,b,s) {
[7m  [0m [91m  ~[0m

[96mjavascript/group4/get_v8_require.js[0m:[93m18[0m:[93m5[0m - [91merror[0m[90m TS2339: [0mProperty 'm' does not exist on type 'debug'.

[7m18[0m   w.m=async function(f,b,s) {
[7m  [0m [91m    ~[0m

[96mjavascript/group4/get_v8_require.js[0m:[93m18[0m:[93m22[0m - [91merror[0m[90m TS7006: [0mParameter 'f' implicitly has an 'any' type.

[7m18[0m   w.m=async function(f,b,s) {
[7m  [0m [91m                     ~[0m

[96mjavascript/group4/get_v8_require.js[0m:[93m18[0m:[93m24[0m - [91merror[0m[90m TS7006: [0mParameter 'b' implicitly has an 'any' type.

[7m18[0m   w.m=async function(f,b,s) {
[7m  [0m [91m                       ~[0m

[96mjavascript/group4/get_v8_require.js[0m:[93m18[0m:[93m26[0m - [91merror[0m[90m TS7006: [0mParameter 's' implicitly has an 'any' type.

[7m18[0m   w.m=async function(f,b,s) {
[7m  [0m [91m                         ~[0m

[96mjavascript/group4/get_v8_require.js[0m:[93m20[0m:[93m9[0m - [91merror[0m[90m TS2339: [0mProperty 'aborted' does not exist on type 'm'.

[7m20[0m    if(w.aborted) {
[7m  [0m [91m        ~~~~~~~[0m

[96mjavascript/group4/get_v8_require.js[0m:[93m23[0m:[93m6[0m - [91merror[0m[90m TS2339: [0mProperty 'u' does not exist on type 'm'.

[7m23[0m    w.u(f)
[7m  [0m [91m     ~[0m

[96mjavascript/group4/get_v8_require.js[0m:[93m24[0m:[93m4[0m - [91merror[0m[90m TS2349: [0mThis expression is not callable.
  Type 'm' has no call signatures.

[7m24[0m    w(f,`debug.f=${s};debug.s();0`)
[7m  [0m [91m   ~[0m

[96mjavascript/group4/get_v8_require.js[0m:[93m26[0m:[93m9[0m - [91merror[0m[90m TS6133: [0m'e' is declared but its value is never read.

[7m26[0m    w.s=(e) => {
[7m  [0m [91m        ~[0m

[96mjavascript/group4/get_v8_require.js[0m:[93m26[0m:[93m9[0m - [91merror[0m[90m TS7006: [0mParameter 'e' implicitly has an 'any' type.

[7m26[0m    w.s=(e) => {
[7m  [0m [91m        ~[0m

[96mjavascript/group4/get_v8_require.js[0m:[93m27[0m:[93m9[0m - [91merror[0m[90m TS2339: [0mProperty 'f' does not exist on type 'm'.

[7m27[0m     s=w.f
[7m  [0m [91m        ~[0m

[96mjavascript/group4/get_v8_require.js[0m:[93m30[0m:[93m7[0m - [91merror[0m[90m TS2339: [0mProperty 'b' does not exist on type 'm'.

[7m30[0m     w.b=b(f)
[7m  [0m [91m      ~[0m

[96mjavascript/group4/get_v8_require.js[0m:[93m32[0m:[93m7[0m - [91merror[0m[90m TS2339: [0mProperty 'aborted' does not exist on type 'm'.

[7m32[0m     w.aborted=true
[7m  [0m [91m      ~~~~~~~[0m

[96mjavascript/group4/get_v8_require.js[0m:[93m33[0m:[93m7[0m - [91merror[0m[90m TS2339: [0mProperty 'e' does not exist on type 'm'.

[7m33[0m     w.e=e
[7m  [0m [91m      ~[0m

[96mjavascript/group4/get_v8_require.js[0m:[93m37[0m:[93m16[0m - [91merror[0m[90m TS18048: [0m'w' is possibly 'undefined'.

[7m37[0m   l[0]=x=await w.m(q.v8.Serializer,f => new f,'assert')
[7m  [0m [91m               ~[0m

[96mjavascript/group4/get_v8_require.js[0m:[93m37[0m:[93m18[0m - [91merror[0m[90m TS2339: [0mProperty 'm' does not exist on type 'debug'.

[7m37[0m   l[0]=x=await w.m(q.v8.Serializer,f => new f,'assert')
[7m  [0m [91m                 ~[0m

[96mjavascript/group4/get_v8_require.js[0m:[93m37[0m:[93m36[0m - [91merror[0m[90m TS7006: [0mParameter 'f' implicitly has an 'any' type.

[7m37[0m   l[0]=x=await w.m(q.v8.Serializer,f => new f,'assert')
[7m  [0m [91m                                   ~[0m

[96mjavascript/group4/get_v8_require.js[0m:[93m39[0m:[93m16[0m - [91merror[0m[90m TS18048: [0m'w' is possibly 'undefined'.

[7m39[0m   l[1]=x=await w.m(x,f => f(true),'lazyError')
[7m  [0m [91m               ~[0m

[96mjavascript/group4/get_v8_require.js[0m:[93m39[0m:[93m18[0m - [91merror[0m[90m TS2339: [0mProperty 'm' does not exist on type 'debug'.

[7m39[0m   l[1]=x=await w.m(x,f => f(true),'lazyError')
[7m  [0m [91m                 ~[0m

[96mjavascript/group4/get_v8_require.js[0m:[93m39[0m:[93m22[0m - [91merror[0m[90m TS7006: [0mParameter 'f' implicitly has an 'any' type.

[7m39[0m   l[1]=x=await w.m(x,f => f(true),'lazyError')
[7m  [0m [91m                     ~[0m

[96mjavascript/group4/get_v8_require.js[0m:[93m41[0m:[93m26[0m - [91merror[0m[90m TS18048: [0m'w' is possibly 'undefined'.

[7m41[0m   l[2]=x=q.require=await w.m(x,f => f(),'require')
[7m  [0m [91m                         ~[0m

[96mjavascript/group4/get_v8_require.js[0m:[93m41[0m:[93m28[0m - [91merror[0m[90m TS2339: [0mProperty 'm' does not exist on type 'debug'.

[7m41[0m   l[2]=x=q.require=await w.m(x,f => f(),'require')
[7m  [0m [91m                           ~[0m

[96mjavascript/group4/get_v8_require.js[0m:[93m41[0m:[93m32[0m - [91merror[0m[90m TS7006: [0mParameter 'f' implicitly has an 'any' type.

[7m41[0m   l[2]=x=q.require=await w.m(x,f => f(),'require')
[7m  [0m [91m                               ~[0m

[96mjavascript/group4/get_v8_require.js[0m:[93m43[0m:[93m29[0m - [91merror[0m[90m TS18048: [0m'w' is possibly 'undefined'.

[7m43[0m   l[3]=q.NativeModule=await w.m(x,f => f('v8'),'NativeModule')
[7m  [0m [91m                            ~[0m

[96mjavascript/group4/get_v8_require.js[0m:[93m43[0m:[93m31[0m - [91merror[0m[90m TS2339: [0mProperty 'm' does not exist on type 'debug'.

[7m43[0m   l[3]=q.NativeModule=await w.m(x,f => f('v8'),'NativeModule')
[7m  [0m [91m                              ~[0m

[96mjavascript/group4/get_v8_require.js[0m:[93m43[0m:[93m35[0m - [91merror[0m[90m TS7006: [0mParameter 'f' implicitly has an 'any' type.

[7m43[0m   l[3]=q.NativeModule=await w.m(x,f => f('v8'),'NativeModule')
[7m  [0m [91m                                  ~[0m

[96mjavascript/group4/get_v8_require.js[0m:[93m45[0m:[93m28[0m - [91merror[0m[90m TS18048: [0m'w' is possibly 'undefined'.

[7m45[0m   l[4]=q.primordials=await w.m(q.require,f => f('v8'),'primordials')
[7m  [0m [91m                           ~[0m

[96mjavascript/group4/get_v8_require.js[0m:[93m45[0m:[93m30[0m - [91merror[0m[90m TS2339: [0mProperty 'm' does not exist on type 'debug'.

[7m45[0m   l[4]=q.primordials=await w.m(q.require,f => f('v8'),'primordials')
[7m  [0m [91m                             ~[0m

[96mjavascript/group4/get_v8_require.js[0m:[93m45[0m:[93m42[0m - [91merror[0m[90m TS7006: [0mParameter 'f' implicitly has an 'any' type.

[7m45[0m   l[4]=q.primordials=await w.m(q.require,f => f('v8'),'primordials')
[7m  [0m [91m                                         ~[0m

[96mjavascript/group4/get_v8_require.js[0m:[93m49[0m:[93m3[0m - [91merror[0m[90m TS2304: [0mCannot find name 'd_run'.

[7m49[0m   d_run.sco=s.sco
[7m  [0m [91m  ~~~~~[0m

[96mjavascript/group4/get_v8_require.js[0m:[93m51[0m:[93m2[0m - [91merror[0m[90m TS2304: [0mCannot find name 'd_run'.

[7m51[0m  d_run.d=d_run
[7m  [0m [91m ~~~~~[0m

[96mjavascript/group4/get_v8_require.js[0m:[93m51[0m:[93m10[0m - [91merror[0m[90m TS2304: [0mCannot find name 'd_run'.

[7m51[0m  d_run.d=d_run
[7m  [0m [91m         ~~~~~[0m

[96mjavascript/group4/get_v8_require.js[0m:[93m52[0m:[93m2[0m - [91merror[0m[90m TS2304: [0mCannot find name 'd_run'.

[7m52[0m  d_run.d({})
[7m  [0m [91m ~~~~~[0m

[96mjavascript/group4/get_v8_require.js[0m:[93m53[0m:[93m9[0m - [91merror[0m[90m TS2304: [0mCannot find name 'd_run'.

[7m53[0m  return d_run.sco
[7m  [0m [91m        ~~~~~[0m

[96mjavascript/group4/get_v8_require.js[0m:[93m55[0m:[93m1[0m - [91merror[0m[90m TS2304: [0mCannot find name 'run_d'.

[7m55[0m run_d()
[7m  [0m [91m~~~~~[0m

[96mjavascript/info.ts[0m:[93m1[0m:[93m1[0m - [91merror[0m[90m TS1208: [0m'info.ts' cannot be compiled under '--isolatedModules' because it is considered a global script file. Add an import, export, or an empty 'export {}' statement to make it a module.

[7m1[0m function output_all(iter: () => string,has_more: () => boolean) {
[7m [0m [91m~~~~~~~~[0m

[96mjavascript/notes/gcc_opts.js[0m:[93m406[0m:[93m18[0m - [91merror[0m[90m TS2307: [0mCannot find module 'repl' or its corresponding type declarations.

[7m406[0m import repl from "repl";
[7m   [0m [91m                 ~~~~~~[0m

[96mjavascript/notes/notes.ts[0m:[93m1[0m:[93m1[0m - [91merror[0m[90m TS1208: [0m'notes.ts' cannot be compiled under '--isolatedModules' because it is considered a global script file. Add an import, export, or an empty 'export {}' statement to make it a module.

[7m1[0m 
[7m [0m [91m[0m

[96mjavascript/projects/html_lexer/src/from_cpp/HTMLToken.ts[0m:[93m27[0m:[93m38[0m - [91merror[0m[90m TS2307: [0mCannot find module '../ak_verification_failed.js' or its corresponding type declarations.

[7m27[0m import {ak_verification_failed} from "../ak_verification_failed.js";
[7m  [0m [91m                                     ~~~~~~~~~~~~~~~~~~~~~~~~~~~~~~[0m

[96mjavascript/projects/html_lexer/src/from_cpp/HTMLToken.ts[0m:[93m31[0m:[93m5[0m - [91merror[0m[90m TS4114: [0mThis member must have an 'override' modifier because it overrides a member in the base class 'HTMLTokenBase'.

[7m31[0m     opt(): Optional<HTMLTokenBase> {
[7m  [0m [91m    ~~~[0m

[96mjavascript/projects/html_lexer/src/from_cpp/HTMLToken.ts[0m:[93m34[0m:[93m5[0m - [91merror[0m[90m TS4114: [0mThis member must have an 'override' modifier because it overrides a member in the base class 'HTMLTokenBase'.

[7m34[0m     add_attribute(attribute: super_.HTMLToken.Attribute) {
[7m  [0m [91m    ~~~~~~~~~~~~~[0m

[96mjavascript/projects/html_lexer/src/from_cpp/HTMLToken.ts[0m:[93m38[0m:[93m5[0m - [91merror[0m[90m TS4114: [0mThis member must have an 'override' modifier because it overrides a member in the base class 'HTMLTokenBase'.

[7m38[0m     ensure_tag_attributes(): Ref<Vector<HTMLTokenBase.Attribute>> {
[7m  [0m [91m    ~~~~~~~~~~~~~~~~~~~~~[0m

[96mjavascript/projects/html_lexer/src/from_cpp/Ref.ts[0m:[93m5[0m:[93m17[0m - [91merror[0m[90m TS6133: [0m'arg0' is declared but its value is never read.

[7m5[0m     static wrap(arg0: Vector<HTMLToken.Attribute>): any {
[7m [0m [91m                ~~~~[0m

[96mjavascript/projects/html_lexer/src/from_cpp/Ref.ts[0m:[93m8[0m:[93m12[0m - [91merror[0m[90m TS6133: [0m'arg0' is declared but its value is never read.

[7m8[0m     assign(arg0: any) {
[7m [0m [91m           ~~~~[0m

[96mjavascript/projects/html_lexer/src/HTMLToken.ts[0m:[93m5[0m:[93m5[0m - [91merror[0m[90m TS4114: [0mThis member must have an 'override' modifier because it overrides a member in the base class 'HTMLTokenBase'.

[7m5[0m     opt(): Optional<HTMLTokenBase> {
[7m [0m [91m    ~~~[0m

[96mjavascript/projects/html_lexer/src/HTMLTokenBase.ts[0m:[93m37[0m:[93m18[0m - [91merror[0m[90m TS6133: [0m'arg0' is declared but its value is never read.

[7m37[0m     set_tag_name(arg0: string) {
[7m  [0m [91m                 ~~~~[0m

[96mjavascript/projects/html_lexer/src/HTMLTokenBase.ts[0m:[93m103[0m:[93m17[0m - [91merror[0m[90m TS6133: [0m'value' is declared but its value is never read.

[7m103[0m     set_comment(value: string): void {}
[7m   [0m [91m                ~~~~~[0m

[96mjavascript/projects/html_lexer/src/LexContext.ts[0m:[93m1[0m:[93m31[0m - [91merror[0m[90m TS2307: [0mCannot find module './HTMLLexerResult.js' or its corresponding type declarations.

[7m1[0m import {HTMLLexerResult} from "./HTMLLexerResult.js";
[7m [0m [91m                              ~~~~~~~~~~~~~~~~~~~~~~[0m

[96mjavascript/projects/html_lexer/src/LexContext.ts[0m:[93m2[0m:[93m33[0m - [91merror[0m[90m TS2307: [0mCannot find module './REPLHtmlLexPlugin.js' or its corresponding type declarations.

[7m2[0m import {REPLHtmlLexPlugin} from "./REPLHtmlLexPlugin.js";
[7m [0m [91m                                ~~~~~~~~~~~~~~~~~~~~~~~~[0m

[96mjavascript/projects/html_lexer/src/LexContext.ts[0m:[93m3[0m:[93m26[0m - [91merror[0m[90m TS2307: [0mCannot find module './StringView.js' or its corresponding type declarations.

[7m3[0m import {StringView} from "./StringView.js";
[7m [0m [91m                         ~~~~~~~~~~~~~~~~~[0m

[96mjavascript/projects/html_lexer/src/LexContext.ts[0m:[93m37[0m:[93m61[0m - [91merror[0m[90m TS2307: [0mCannot find module 'vm' or its corresponding type declarations.

[7m37[0m  static copy_to(src_context: LexContext,dst_context: import("vm").Context) {
[7m  [0m [91m                                                            ~~~~[0m

[96mjavascript/projects/html_lexer/src/log_parse_error.js[0m:[93m1[0m:[93m24[0m - [91merror[0m[90m TS2307: [0mCannot find module './dbgln_if.js' or its corresponding type declarations.

[7m1[0m import {dbgln_if} from "./dbgln_if.js";
[7m [0m [91m                       ~~~~~~~~~~~~~~~[0m

[96mjavascript/projects/html_lexer/src/log_parse_error.js[0m:[93m2[0m:[93m37[0m - [91merror[0m[90m TS2307: [0mCannot find module './defines.js' or its corresponding type declarations.

[7m2[0m import {TOKENIZER_TRACE_DEBUG} from "./defines.js";
[7m [0m [91m                                    ~~~~~~~~~~~~~~[0m

[96mjavascript/projects/html_lexer/src/StateSwitch.ts[0m:[93m3[0m:[93m1[0m - [91merror[0m[90m TS1208: [0m'StateSwitch.ts' cannot be compiled under '--isolatedModules' because it is considered a global script file. Add an import, export, or an empty 'export {}' statement to make it a module.

[7m3[0m class StateSwitch {}
[7m [0m [91m~~~~~[0m

[96mjavascript/projects/html_lexer/src/Vector.ts[0m:[93m5[0m:[93m5[0m - [91merror[0m[90m TS4114: [0mThis member must have an 'override' modifier because it overrides a member in the base class 'T[]'.

[7m5[0m     at(x: number): T {
[7m [0m [91m    ~~[0m

[96mjavascript/projects/ipc_api/src/handle_failed_import.js[0m:[93m1[0m:[93m21[0m - [91merror[0m[90m TS2307: [0mCannot find module 'child_process' or its corresponding type declarations.

[7m1[0m import {spawn} from "child_process";
[7m [0m [91m                    ~~~~~~~~~~~~~~~[0m

[96mjavascript/projects/ipc_api/src/handle_failed_import.js[0m:[93m2[0m:[93m23[0m - [91merror[0m[90m TS2307: [0mCannot find module 'path' or its corresponding type declarations.

[7m2[0m import * as path from "path";
[7m [0m [91m                      ~~~~~~[0m

[96mjavascript/projects/ipc_api/src/handle_failed_import.js[0m:[93m31[0m:[93m23[0m - [91merror[0m[90m TS7006: [0mParameter 'e' implicitly has an 'any' type.

[7m31[0m   cp.stdout.on("data",e => {
[7m  [0m [91m                      ~[0m

[96mjavascript/projects/ipc_api/src/handle_failed_import.js[0m:[93m32[0m:[93m4[0m - [91merror[0m[90m TS2591: [0mCannot find name 'process'. Do you need to install type definitions for node? Try `npm i --save-dev @types/node` and then add 'node' to the types field in your tsconfig.

[7m32[0m    process.stdout.write(e);
[7m  [0m [91m   ~~~~~~~[0m

[96mjavascript/projects/ipc_api/src/handle_failed_import.js[0m:[93m34[0m:[93m23[0m - [91merror[0m[90m TS7006: [0mParameter 'e' implicitly has an 'any' type.

[7m34[0m   cp.stderr.on("data",e => {
[7m  [0m [91m                      ~[0m

[96mjavascript/projects/ipc_api/src/handle_failed_import.js[0m:[93m35[0m:[93m4[0m - [91merror[0m[90m TS2591: [0mCannot find name 'process'. Do you need to install type definitions for node? Try `npm i --save-dev @types/node` and then add 'node' to the types field in your tsconfig.

[7m35[0m    process.stderr.write(e);
[7m  [0m [91m   ~~~~~~~[0m

[96mjavascript/projects/ipc_api/src/handle_failed_import.js[0m:[93m37[0m:[93m17[0m - [91merror[0m[90m TS7006: [0mParameter 'err' implicitly has an 'any' type.

[7m37[0m   cp.on("error",err => {
[7m  [0m [91m                ~~~[0m

[96mjavascript/projects/ipc_api/src/handle_failed_import.js[0m:[93m40[0m:[93m17[0m - [91merror[0m[90m TS7006: [0mParameter 'code' implicitly has an 'any' type.

[7m40[0m   cp.on("exit",(code) => {
[7m  [0m [91m                ~~~~[0m

[96mjavascript/projects/js_browser/src/fetch_url.js[0m:[93m1[0m:[93m23[0m - [91merror[0m[90m TS2307: [0mCannot find module 'http' or its corresponding type declarations.

[7m1[0m import * as http from "http";
[7m [0m [91m                      ~~~~~~[0m

[96mjavascript/projects/js_browser/src/fetch_url.js[0m:[93m2[0m:[93m24[0m - [91merror[0m[90m TS2307: [0mCannot find module 'https' or its corresponding type declarations.

[7m2[0m import * as https from "https";
[7m [0m [91m                       ~~~~~~~[0m

[96mjavascript/projects/js_browser/src/ipc_plugin.js[0m:[93m7[0m:[93m7[0m - [91merror[0m[90m TS6196: [0m'ReplPluginManagerModule' is declared but never used.

[7m7[0m class ReplPluginManagerModule {
[7m [0m [91m      ~~~~~~~~~~~~~~~~~~~~~~~[0m

[96mjavascript/projects/js_browser/src/nice_loader.js[0m:[93m1[0m:[93m23[0m - [91merror[0m[90m TS2307: [0mCannot find module 'path' or its corresponding type declarations.

[7m1[0m import * as path from "path";
[7m [0m [91m                      ~~~~~~[0m

[96mjavascript/projects/js_browser/src/nice_loader.js[0m:[93m2[0m:[93m44[0m - [91merror[0m[90m TS2307: [0mCannot find module 'child_process' or its corresponding type declarations.

[7m2[0m import {spawn as child_process_spawn} from "child_process";
[7m [0m [91m                                           ~~~~~~~~~~~~~~~[0m

[96mjavascript/projects/js_browser/src/nice_loader.js[0m:[93m3[0m:[93m19[0m - [91merror[0m[90m TS2307: [0mCannot find module 'process' or its corresponding type declarations.

[7m3[0m import {env} from "process";
[7m [0m [91m                  ~~~~~~~~~[0m

[96mjavascript/projects/js_browser/src/nice_loader.js[0m:[93m149[0m:[93m26[0m - [91merror[0m[90m TS7006: [0mParameter 'e' implicitly has an 'any' type.

[7m149[0m      cp.stdout.on("data",e => {
[7m   [0m [91m                         ~[0m

[96mjavascript/projects/js_browser/src/nice_loader.js[0m:[93m150[0m:[93m7[0m - [91merror[0m[90m TS2591: [0mCannot find name 'process'. Do you need to install type definitions for node? Try `npm i --save-dev @types/node` and then add 'node' to the types field in your tsconfig.

[7m150[0m       process.stdout.write(e);
[7m   [0m [91m      ~~~~~~~[0m

[96mjavascript/projects/js_browser/src/nice_loader.js[0m:[93m152[0m:[93m26[0m - [91merror[0m[90m TS7006: [0mParameter 'e' implicitly has an 'any' type.

[7m152[0m      cp.stderr.on("data",e => {
[7m   [0m [91m                         ~[0m

[96mjavascript/projects/js_browser/src/nice_loader.js[0m:[93m153[0m:[93m7[0m - [91merror[0m[90m TS2591: [0mCannot find name 'process'. Do you need to install type definitions for node? Try `npm i --save-dev @types/node` and then add 'node' to the types field in your tsconfig.

[7m153[0m       process.stderr.write(e);
[7m   [0m [91m      ~~~~~~~[0m

[96mjavascript/projects/js_browser/src/nice_loader.js[0m:[93m155[0m:[93m20[0m - [91merror[0m[90m TS7006: [0mParameter 'err' implicitly has an 'any' type.

[7m155[0m      cp.on("error",err => {
[7m   [0m [91m                   ~~~[0m

[96mjavascript/projects/js_browser/src/nice_loader.js[0m:[93m158[0m:[93m20[0m - [91merror[0m[90m TS7006: [0mParameter 'code' implicitly has an 'any' type.

[7m158[0m      cp.on("exit",(code) => {
[7m   [0m [91m                   ~~~~[0m

[96mjavascript/projects/js_browser/src/nice_loader.js[0m:[93m204[0m:[93m5[0m - [91merror[0m[90m TS6133: [0m'last_log_dir' is declared but its value is never read.

[7m204[0m let last_log_dir="";
[7m   [0m [91m    ~~~~~~~~~~~~[0m

[96mjavascript/projects/js_browser/src/page_loader.js[0m:[93m1[0m:[93m45[0m - [91merror[0m[90m TS2307: [0mCannot find module 'http' or its corresponding type declarations.

[7m1[0m import {ClientRequest,IncomingMessage} from "http";
[7m [0m [91m                                            ~~~~~~[0m

[96mjavascript/projects/js_browser/src/page_loader.js[0m:[93m5[0m:[93m11[0m - [91merror[0m[90m TS2591: [0mCannot find name 'Buffer'. Do you need to install type definitions for node? Try `npm i --save-dev @types/node` and then add 'node' to the types field in your tsconfig.

[7m5[0m /**@type {Buffer[]} */
[7m [0m [91m          ~~~~~~[0m

[96mjavascript/projects/js_browser/src/page_loader.js[0m:[93m55[0m:[93m3[0m - [91merror[0m[90m TS2591: [0mCannot find name 'process'. Do you need to install type definitions for node? Try `npm i --save-dev @types/node` and then add 'node' to the types field in your tsconfig.

[7m55[0m   process.stdout.write('.');
[7m  [0m [91m  ~~~~~~~[0m

[96mjavascript/projects/js_browser/src/page_loader.js[0m:[93m62[0m:[93m6[0m - [91merror[0m[90m TS2591: [0mCannot find name 'process'. Do you need to install type definitions for node? Try `npm i --save-dev @types/node` and then add 'node' to the types field in your tsconfig.

[7m62[0m      process.stdout.write('.');
[7m  [0m [91m     ~~~~~~~[0m

[96mjavascript/projects/js_browser/src/page_loader.js[0m:[93m65[0m:[93m29[0m - [91merror[0m[90m TS2591: [0mCannot find name 'Buffer'. Do you need to install type definitions for node? Try `npm i --save-dev @types/node` and then add 'node' to the types field in your tsconfig.

[7m65[0m     cached_data_buffer.push(Buffer.from(e));
[7m  [0m [91m                            ~~~~~~[0m

[96mjavascript/projects/js_browser/src/page_loader.js[0m:[93m67[0m:[93m40[0m - [91merror[0m[90m TS7006: [0mParameter 'err' implicitly has an 'any' type.

[7m67[0m    this.m_incoming_message.on('error',(err) => {
[7m  [0m [91m                                       ~~~[0m

[96mjavascript/projects/js_browser/src/page_loader.js[0m:[93m71[0m:[93m5[0m - [91merror[0m[90m TS2591: [0mCannot find name 'process'. Do you need to install type definitions for node? Try `npm i --save-dev @types/node` and then add 'node' to the types field in your tsconfig.

[7m71[0m     process.stdout.write("\n");
[7m  [0m [91m    ~~~~~~~[0m

[96mjavascript/projects/js_browser/src/parse_dom_preload_0.js[0m:[93m1[0m:[93m21[0m - [91merror[0m[90m TS2307: [0mCannot find module 'fs' or its corresponding type declarations.

[7m1[0m import * as fs from 'fs';
[7m [0m [91m                    ~~~~[0m

[96mjavascript/projects/js_browser/src/parse_dom_preload_0.js[0m:[93m2[0m:[93m23[0m - [91merror[0m[90m TS2307: [0mCannot find module 'path' or its corresponding type declarations.

[7m2[0m import * as path from "path";
[7m [0m [91m                      ~~~~~~[0m

[96mjavascript/projects/js_browser/src/parse_dom_preload_0.js[0m:[93m3[0m:[93m26[0m - [91merror[0m[90m TS2307: [0mCannot find module 'process' or its corresponding type declarations.

[7m3[0m import * as process from "process";
[7m [0m [91m                         ~~~~~~~~~[0m

[96mjavascript/projects/js_browser/src/parse_dom_preload_0.js[0m:[93m6[0m:[93m34[0m - [91merror[0m[90m TS7006: [0mParameter 'error' implicitly has an 'any' type.

[7m6[0m  process.on('unhandledRejection',error => {
[7m [0m [91m                                 ~~~~~[0m

[96mjavascript/projects/js_browser/src/parse_dom_preload_0.js[0m:[93m11[0m:[93m29[0m - [91merror[0m[90m TS7006: [0mParameter 'err' implicitly has an 'any' type.

[7m11[0m  fs.readFile(abs_file_path,(err,data) => {
[7m  [0m [91m                            ~~~[0m

[96mjavascript/projects/js_browser/src/parse_dom_preload_0.js[0m:[93m11[0m:[93m33[0m - [91merror[0m[90m TS7006: [0mParameter 'data' implicitly has an 'any' type.

[7m11[0m  fs.readFile(abs_file_path,(err,data) => {
[7m  [0m [91m                                ~~~~[0m

[96mjavascript/projects/js_browser/src/parse_dom_preload_1.js[0m:[93m1[0m:[93m26[0m - [91merror[0m[90m TS2307: [0mCannot find module 'process' or its corresponding type declarations.

[7m1[0m import * as process from "process";
[7m [0m [91m                         ~~~~~~~~~[0m

[96mjavascript/projects/js_browser/src/parse_dom_preload_1.js[0m:[93m4[0m:[93m34[0m - [91merror[0m[90m TS7006: [0mParameter 'error' implicitly has an 'any' type.

[7m4[0m  process.on('unhandledRejection',error => {
[7m [0m [91m                                 ~~~~~[0m

[96mjavascript/projects/js_browser/src/parse_dom_preload_2.js[0m:[93m1[0m:[93m23[0m - [91merror[0m[90m TS2307: [0mCannot find module 'path' or its corresponding type declarations.

[7m1[0m import * as path from "path";
[7m [0m [91m                      ~~~~~~[0m

[96mjavascript/projects/js_browser/src/parse_dom_preload_2.js[0m:[93m2[0m:[93m21[0m - [91merror[0m[90m TS2307: [0mCannot find module 'process' or its corresponding type declarations.

[7m2[0m import process from "process";
[7m [0m [91m                    ~~~~~~~~~[0m

[96mjavascript/projects/js_browser/src/url_fetcher/__global.ts[0m:[93m1[0m:[93m1[0m - [91merror[0m[90m TS1208: [0m'__global.ts' cannot be compiled under '--isolatedModules' because it is considered a global script file. Add an import, export, or an empty 'export {}' statement to make it a module.

[7m1[0m declare interface DOMTokenList {
[7m [0m [91m~~~~~~~[0m

[96mjavascript/projects/js_browser/src/url_fetcher/UrlFetcher.js[0m:[93m1[0m:[93m21[0m - [91merror[0m[90m TS2307: [0mCannot find module 'node-html-parser' or its corresponding type declarations.

[7m1[0m import {parse} from 'node-html-parser';
[7m [0m [91m                    ~~~~~~~~~~~~~~~~~~[0m

[96mjavascript/projects/js_browser/src/url_fetcher/UrlFetcher.js[0m:[93m2[0m:[93m35[0m - [91merror[0m[90m TS2307: [0mCannot find module 'node-html-parser' or its corresponding type declarations.

[7m2[0m import * as node_html_parser from "node-html-parser";
[7m [0m [91m                                  ~~~~~~~~~~~~~~~~~~[0m

[96mjavascript/projects/js_browser/src/url_fetcher/UrlFetcher.js[0m:[93m6[0m:[93m87[0m - [91merror[0m[90m TS2307: [0mCannot find module 'http' or its corresponding type declarations.

[7m6[0m  /** @param {import("../page_loader.js").PageLoaderState} state @param {typeof import("http")|typeof import("https")} cur_api */
[7m [0m [91m                                                                                      ~~~~~~[0m

[96mjavascript/projects/js_browser/src/url_fetcher/UrlFetcher.js[0m:[93m6[0m:[93m109[0m - [91merror[0m[90m TS2307: [0mCannot find module 'https' or its corresponding type declarations.

[7m6[0m  /** @param {import("../page_loader.js").PageLoaderState} state @param {typeof import("http")|typeof import("https")} cur_api */
[7m [0m [91m                                                                                                            ~~~~~~~[0m

[96mjavascript/projects/js_browser/src/url_fetcher/UrlFetcher.js[0m:[93m9[0m:[93m26[0m - [91merror[0m[90m TS7006: [0mParameter 'resp' implicitly has an 'any' type.

[7m9[0m   cur_api.get(state.url,(resp) => {
[7m [0m [91m                         ~~~~[0m

[96mjavascript/projects/js_browser/src/url_fetcher/UrlFetcher.js[0m:[93m10[0m:[93m14[0m - [91merror[0m[90m TS2591: [0mCannot find name 'Buffer'. Do you need to install type definitions for node? Try `npm i --save-dev @types/node` and then add 'node' to the types field in your tsconfig.

[7m10[0m    /**@type {Buffer[]} */
[7m  [0m [91m             ~~~~~~[0m

[96mjavascript/projects/js_browser/src/url_fetcher/UrlFetcher.js[0m:[93m15[0m:[93m20[0m - [91merror[0m[90m TS7006: [0mParameter 'chunk' implicitly has an 'any' type.

[7m15[0m    resp.on('data',(chunk) => {
[7m  [0m [91m                   ~~~~~[0m

[96mjavascript/projects/js_browser/src/url_fetcher/UrlFetcher.js[0m:[93m21[0m:[93m10[0m - [91merror[0m[90m TS2591: [0mCannot find name 'Buffer'. Do you need to install type definitions for node? Try `npm i --save-dev @types/node` and then add 'node' to the types field in your tsconfig.

[7m21[0m     data=Buffer.concat(buffer_list).toString();
[7m  [0m [91m         ~~~~~~[0m

[96mjavascript/projects/js_browser/src/url_fetcher/UrlFetcher.js[0m:[93m24[0m:[93m18[0m - [91merror[0m[90m TS7006: [0mParameter 'err' implicitly has an 'any' type.

[7m24[0m   }).on("error",(err) => {
[7m  [0m [91m                 ~~~[0m

[96mjavascript/projects/js_browser/src/url_fetcher/UrlFetcher.js[0m:[93m31[0m:[93m21[0m - [91merror[0m[90m TS2307: [0mCannot find module 'node-html-parser' or its corresponding type declarations.

[7m31[0m   /** @type {import("node-html-parser").HTMLElement} */
[7m  [0m [91m                    ~~~~~~~~~~~~~~~~~~[0m

[96mjavascript/projects/js_browser/src/url_fetcher/UrlFetcher.js[0m:[93m62[0m:[93m97[0m - [91merror[0m[90m TS7006: [0mParameter 'e' implicitly has an 'any' type.

[7m62[0m     console.log({childNodes: childNodes.filter(/**@returns {e is node_html_parser.HTMLElement}*/e=>e instanceof node_html_parser.HTMLElement).map(e=>"<"+e.rawTagName+">"),nodeType,rawTagName,classList: classList_,id});
[7m  [0m [91m                                                                                                ~[0m

[96mjavascript/projects/js_browser/src/url_fetcher/UrlFetcher.js[0m:[93m62[0m:[93m147[0m - [91merror[0m[90m TS7006: [0mParameter 'e' implicitly has an 'any' type.

[7m62[0m     console.log({childNodes: childNodes.filter(/**@returns {e is node_html_parser.HTMLElement}*/e=>e instanceof node_html_parser.HTMLElement).map(e=>"<"+e.rawTagName+">"),nodeType,rawTagName,classList: classList_,id});
[7m  [0m [91m                                                                                                                                                  ~[0m

[96mjavascript/projects/misc/src/ctx_exec.js[0m:[93m149[0m:[93m20[0m - [91merror[0m[90m TS2591: [0mCannot find name 'Buffer'. Do you need to install type definitions for node? Try `npm i --save-dev @types/node` and then add 'node' to the types field in your tsconfig.

[7m149[0m  const prev_Buffer=Buffer;
[7m   [0m [91m                   ~~~~~~[0m

[96mjavascript/projects/misc/src/ctx_exec.js[0m:[93m153[0m:[93m11[0m - [91merror[0m[90m TS2304: [0mCannot find name 'global'.

[7m153[0m  let ws_t=global;
[7m   [0m [91m          ~~~~~~[0m

[96mjavascript/projects/misc/src/ctx_exec.js[0m:[93m180[0m:[93m15[0m - [91merror[0m[90m TS2339: [0mProperty 'Buffer' does not exist on type 'Window & typeof globalThis'.

[7m180[0m  window_saved.Buffer=prev_Buffer;
[7m   [0m [91m              ~~~~~~[0m

[96mjavascript/projects/misc/src/run_script.js[0m:[93m1[0m:[93m28[0m - [91merror[0m[90m TS2307: [0mCannot find module 'vm' or its corresponding type declarations.

[7m1[0m import {runInContext} from "vm";
[7m [0m [91m                           ~~~~[0m

[96mjavascript/projects/misc/src/run_script.js[0m:[93m5[0m:[93m22[0m - [91merror[0m[90m TS2307: [0mCannot find module 'vm' or its corresponding type declarations.

[7m5[0m /**@arg {{ctx:import("vm").Context, ctx_inner:InContextType|null}} obj */
[7m [0m [91m                     ~~~~[0m

[96mjavascript/projects/page_loader/src/fetch_local_file.js[0m:[93m7[0m:[93m38[0m - [91merror[0m[90m TS2345: [0mArgument of type 'null' is not assignable to parameter of type 'string'.

[7m7[0m  let fetch_state=new PageLoaderState(null);
[7m [0m [91m                                     ~~~~[0m

[96mjavascript/projects/page_loader/src/fetch_url.js[0m:[93m1[0m:[93m23[0m - [91merror[0m[90m TS2307: [0mCannot find module 'http' or its corresponding type declarations.

[7m1[0m import * as http from "http";
[7m [0m [91m                      ~~~~~~[0m

[96mjavascript/projects/page_loader/src/fetch_url.js[0m:[93m2[0m:[93m24[0m - [91merror[0m[90m TS2307: [0mCannot find module 'https' or its corresponding type declarations.

[7m2[0m import * as https from "https";
[7m [0m [91m                       ~~~~~~~[0m

[96mjavascript/projects/page_loader/src/PageLoaderState.js[0m:[93m1[0m:[93m45[0m - [91merror[0m[90m TS2307: [0mCannot find module 'http' or its corresponding type declarations.

[7m1[0m import {ClientRequest,IncomingMessage} from "http";
[7m [0m [91m                                            ~~~~~~[0m

[96mjavascript/projects/page_loader/src/PageLoaderState.js[0m:[93m6[0m:[93m11[0m - [91merror[0m[90m TS2591: [0mCannot find name 'Buffer'. Do you need to install type definitions for node? Try `npm i --save-dev @types/node` and then add 'node' to the types field in your tsconfig.

[7m6[0m /**@type {Buffer[]} */
[7m [0m [91m          ~~~~~~[0m

[96mjavascript/projects/page_loader/src/PageLoaderState.js[0m:[93m55[0m:[93m3[0m - [91merror[0m[90m TS2591: [0mCannot find name 'process'. Do you need to install type definitions for node? Try `npm i --save-dev @types/node` and then add 'node' to the types field in your tsconfig.

[7m55[0m   process.stdout.write('.');
[7m  [0m [91m  ~~~~~~~[0m

[96mjavascript/projects/page_loader/src/PageLoaderState.js[0m:[93m62[0m:[93m6[0m - [91merror[0m[90m TS2591: [0mCannot find name 'process'. Do you need to install type definitions for node? Try `npm i --save-dev @types/node` and then add 'node' to the types field in your tsconfig.

[7m62[0m      process.stdout.write('.');
[7m  [0m [91m     ~~~~~~~[0m

[96mjavascript/projects/page_loader/src/PageLoaderState.js[0m:[93m65[0m:[93m29[0m - [91merror[0m[90m TS2591: [0mCannot find name 'Buffer'. Do you need to install type definitions for node? Try `npm i --save-dev @types/node` and then add 'node' to the types field in your tsconfig.

[7m65[0m     cached_data_buffer.push(Buffer.from(e));
[7m  [0m [91m                            ~~~~~~[0m

[96mjavascript/projects/page_loader/src/PageLoaderState.js[0m:[93m67[0m:[93m40[0m - [91merror[0m[90m TS7006: [0mParameter 'err' implicitly has an 'any' type.

[7m67[0m    this.m_incoming_message.on('error',(err) => {
[7m  [0m [91m                                       ~~~[0m

[96mjavascript/projects/page_loader/src/PageLoaderState.js[0m:[93m71[0m:[93m5[0m - [91merror[0m[90m TS2591: [0mCannot find name 'process'. Do you need to install type definitions for node? Try `npm i --save-dev @types/node` and then add 'node' to the types field in your tsconfig.

[7m71[0m     process.stdout.write("\n");
[7m  [0m [91m    ~~~~~~~[0m

[96mjavascript/projects/page_loader/src/RequestModule.js[0m:[93m1[0m:[93m23[0m - [91merror[0m[90m TS2307: [0mCannot find module 'http' or its corresponding type declarations.

[7m1[0m import * as http from "http";
[7m [0m [91m                      ~~~~~~[0m

[96mjavascript/projects/page_loader/src/RequestModule.js[0m:[93m2[0m:[93m24[0m - [91merror[0m[90m TS2307: [0mCannot find module 'https' or its corresponding type declarations.

[7m2[0m import * as https from "https";
[7m [0m [91m                       ~~~~~~~[0m

[96mjavascript/projects/page_loader/src/run_fetch_algorithm.js[0m:[93m9[0m:[93m5[0m - [91merror[0m[90m TS7006: [0mParameter 'incoming_message' implicitly has an 'any' type.

[7m9[0m    (incoming_message) => {
[7m [0m [91m    ~~~~~~~~~~~~~~~~[0m

[96mjavascript/projects/page_loader/src/run_fetch_algorithm.js[0m:[93m14[0m:[93m16[0m - [91merror[0m[90m TS7006: [0mParameter 'error' implicitly has an 'any' type.

[7m14[0m    .on('error',error => state.on_error_result(error))
[7m  [0m [91m               ~~~~~[0m

[96mjavascript/projects/repl_plugin/src/CallbackType.ts[0m:[93m1[0m:[93m18[0m - [91merror[0m[90m TS2307: [0mCannot find module 'repl' or its corresponding type declarations.

[7m1[0m import repl from 'repl';
[7m [0m [91m                 ~~~~~~[0m

[96mjavascript/projects/repl_plugin/src/plugins/BrowserPluginIndexType.js[0m:[93m5[0m:[93m18[0m - [91merror[0m[90m TS2694: [0mNamespace '"D:/workspace/git/snippet_repo/javascript/projects/repl_plugin/extern"' has no exported member 'FakeWindow'.

[7m5[0m  /**@arg {Extern.FakeWindow} window */
[7m [0m [91m                 ~~~~~~~~~~[0m

[96mjavascript/projects/repl_plugin/src/plugins/ObjMaybeKeys.js[0m:[93m23[0m:[93m4[0m - [91merror[0m[90m TS7029: [0mFallthrough case in switch.

[7m23[0m    case 'keys':
[7m  [0m [91m   ~~~~~~~~~~~~[0m

[96mjavascript/projects/repl_plugin/src/plugins/REPLCommandsPlugin.js[0m:[93m5[0m:[93m2[0m - [91merror[0m[90m TS4119: [0mThis member must have a JSDoc comment with an '@override' tag because it overrides a member in the base class 'REPLPlugin'.

[7m5[0m  enable() {
[7m [0m [91m ~~~~~~[0m

[96mjavascript/projects/repl_plugin/src/plugins/REPLContextPlugin.js[0m:[93m23[0m:[93m2[0m - [91merror[0m[90m TS4119: [0mThis member must have a JSDoc comment with an '@override' tag because it overrides a member in the base class 'REPLPlugin'.

[7m23[0m  enable() {
[7m  [0m [91m ~~~~~~[0m

[96mjavascript/projects/repl_plugin/src/plugins/REPLFakeBrowserPlugin.js[0m:[93m27[0m:[93m18[0m - [91merror[0m[90m TS2307: [0mCannot find module 'vm' or its corresponding type declarations.

[7m27[0m  /**@arg {import('vm').Context} context @returns {ObjMaybeKeys} */
[7m  [0m [91m                 ~~~~[0m

[96mjavascript/projects/repl_plugin/src/ReplPluginManager.js[0m:[93m1[0m:[93m18[0m - [91merror[0m[90m TS2307: [0mCannot find module 'path' or its corresponding type declarations.

[7m1[0m import path from "path";
[7m [0m [91m                 ~~~~~~[0m

[96mjavascript/projects/repl_plugin/src/ReplPluginManager.js[0m:[93m2[0m:[93m27[0m - [91merror[0m[90m TS2307: [0mCannot find module 'process' or its corresponding type declarations.

[7m2[0m import process,{env} from "process";
[7m [0m [91m                          ~~~~~~~~~[0m

[96mjavascript/projects/repl_plugin/src/ReplPluginManager.js[0m:[93m3[0m:[93m16[0m - [91merror[0m[90m TS2307: [0mCannot find module 'vm' or its corresponding type declarations.

[7m3[0m import vm from 'vm';
[7m [0m [91m               ~~~~[0m

[96mjavascript/projects/repl_plugin/src/ReplPluginManager.js[0m:[93m31[0m:[93m19[0m - [91merror[0m[90m TS2307: [0mCannot find module 'vm' or its corresponding type declarations.

[7m31[0m  /**@type {import("vm").Context|null} */
[7m  [0m [91m                  ~~~~[0m

[96mjavascript/projects/repl_plugin/src/ReplPluginManager.js[0m:[93m89[0m:[93m20[0m - [91merror[0m[90m TS2307: [0mCannot find module 'repl' or its corresponding type declarations.

[7m89[0m   * @param {import("repl").REPLCommand} cmd
[7m  [0m [91m                   ~~~~~~[0m

[96mjavascript/projects/repl_plugin/src/REPLServerRuntime.js[0m:[93m1[0m:[93m25[0m - [91merror[0m[90m TS2307: [0mCannot find module 'readline' or its corresponding type declarations.

[7m1[0m import {Interface} from 'readline';
[7m [0m [91m                        ~~~~~~~~~~[0m

[96mjavascript/projects/repl_plugin/src/REPLServerRuntime.js[0m:[93m2[0m:[93m31[0m - [91merror[0m[90m TS2307: [0mCannot find module 'repl' or its corresponding type declarations.

[7m2[0m import repl,{REPLServer} from 'repl';
[7m [0m [91m                              ~~~~~~[0m

[96mjavascript/projects/repl_plugin/src/REPLServerRuntime.js[0m:[93m5[0m:[93m17[0m - [91merror[0m[90m TS2503: [0mCannot find namespace 'NodeJS'.

[7m5[0m /**@implements {NodeJS.EventEmitter} @extends {XHolder<NodeJS.EventEmitter>} */
[7m [0m [91m                ~~~~~~[0m

[96mjavascript/projects/repl_plugin/src/REPLServerRuntime.js[0m:[93m5[0m:[93m56[0m - [91merror[0m[90m TS2503: [0mCannot find namespace 'NodeJS'.

[7m5[0m /**@implements {NodeJS.EventEmitter} @extends {XHolder<NodeJS.EventEmitter>} */
[7m [0m [91m                                                       ~~~~~~[0m

[96mjavascript/projects/repl_plugin/src/REPLServerRuntime.js[0m:[93m87[0m:[93m30[0m - [91merror[0m[90m TS2591: [0mCannot find name 'Buffer'. Do you need to install type definitions for node? Try `npm i --save-dev @types/node` and then add 'node' to the types field in your tsconfig.

[7m87[0m  /** @param {[data: string | Buffer, key?: import('readline').Key | undefined]} args */
[7m  [0m [91m                             ~~~~~~[0m

[96mjavascript/projects/repl_plugin/src/REPLServerRuntime.js[0m:[93m87[0m:[93m51[0m - [91merror[0m[90m TS2307: [0mCannot find module 'readline' or its corresponding type declarations.

[7m87[0m  /** @param {[data: string | Buffer, key?: import('readline').Key | undefined]} args */
[7m  [0m [91m                                                  ~~~~~~~~~~[0m

[96mjavascript/projects/repl_plugin/src/REPLServerRuntime.js[0m:[93m130[0m:[93m96[0m - [91merror[0m[90m TS2307: [0mCannot find module 'stream' or its corresponding type declarations.

[7m130[0m  /** @arg {[query: string, callback: (answer: string) => void]|[query: string, options: import('stream').EventEmitter.Abortable,callback: (answer: string) => void]} args */
[7m   [0m [91m                                                                                               ~~~~~~~~[0m

[96mjavascript/projects/repl_plugin/src/REPLServerRuntime.js[0m:[93m161[0m:[93m2[0m - [91merror[0m[90m TS4119: [0mThis member must have a JSDoc comment with an '@override' tag because it overrides a member in the base class 'RLInterface'.

[7m161[0m  X;
[7m   [0m [91m ~[0m

[96mjavascript/projects/repl_plugin/src/REPLServerRuntime.js[0m:[93m187[0m:[93m20[0m - [91merror[0m[90m TS2307: [0mCannot find module 'vm' or its corresponding type declarations.

[7m187[0m   * @param {import("vm").Context} context
[7m   [0m [91m                   ~~~~[0m

[96mjavascript/projects/repl_plugin/src/REPLServerRuntime.js[0m:[93m211[0m:[93m12[0m - [91merror[0m[90m TS8030: [0mThe type of a function declaration must match the function's signature.

[7m211[0m   * @type {this['X']['setupHistory']}
[7m   [0m [91m           ~~~~~~~~~~~~~~~~~~~~~~~~~[0m

[96mjavascript/projects/repl_plugin/src/rm_all_properties_from_obj.js[0m:[93m1[0m:[93m16[0m - [91merror[0m[90m TS2307: [0mCannot find module 'vm' or its corresponding type declarations.

[7m1[0m import vm from 'vm'
[7m [0m [91m               ~~~~[0m

[96mjavascript/website_hacking/google_no_dbg/module_loader_resolve.d.ts[0m:[93m1[0m:[93m20[0m - [91merror[0m[90m TS2451: [0mCannot redeclare block-scoped variable 'b'.

[7m1[0m declare let a: any,b: any;
[7m [0m [91m                   ~[0m

  [96mjavascript/group1/sub_c/item-_b.js[0m:[93m93[0m:[93m5[0m
    [7m93[0m var b=async function(fn) {
    [7m  [0m [96m    ~[0m
    'b' was also declared here.
  [96mjavascript/group1/sub_c/item-_c.js[0m:[93m89[0m:[93m5[0m
    [7m89[0m var b=async function(fn) {
    [7m  [0m [96m    ~[0m
    and here.

[96mtypescript/modules/DebugAPI/src/assign_next.js[0m:[93m2[0m:[93m12[0m - [91merror[0m[90m TS2304: [0mCannot find name 'IDValue'.

[7m2[0m  * @param {IDValue} value
[7m [0m [91m           ~~~~~~~[0m

[96mtypescript/modules/DebugAPI/src/assign_next.js[0m:[93m3[0m:[93m12[0m - [91merror[0m[90m TS2304: [0mCannot find name 'IDValue'.

[7m3[0m  * @param {IDValue} next
[7m [0m [91m           ~~~~~~~[0m

[96mtypescript/modules/DebugAPI/src/calc_cur.js[0m:[93m6[0m:[93m12[0m - [91merror[0m[90m TS2304: [0mCannot find name 'IDValue'.

[7m6[0m  * @param {IDValue} obj
[7m [0m [91m           ~~~~~~~[0m

[96mtypescript/modules/DebugAPI/src/calc_next.js[0m:[93m6[0m:[93m12[0m - [91merror[0m[90m TS2304: [0mCannot find name 'IDValue'.

[7m6[0m  * @param {IDValue} obj
[7m [0m [91m           ~~~~~~~[0m

[96mtypescript/modules/DebugAPI/src/calc_next.js[0m:[93m18[0m:[93m12[0m - [91merror[0m[90m TS2304: [0mCannot find name 'IDValue'.

[7m18[0m  /**@type {IDValue} */
[7m  [0m [91m           ~~~~~~~[0m

[96mtypescript/modules/DebugAPI/src/compress/CompressionStatsCalculator.ts[0m:[93m2[0m:[93m9[0m - [91merror[0m[90m TS2305: [0mModule '"../mod.js"' has no exported member 'max_id'.

[7m2[0m import {max_id} from "../mod.js";
[7m [0m [91m        ~~~~~~[0m

[96mtypescript/modules/DebugAPI/src/compress_init.js[0m:[93m1[0m:[93m9[0m - [91merror[0m[90m TS2305: [0mModule '"./mod"' has no exported member 'dr_map'.

[7m1[0m import {dr_map} from "./mod";
[7m [0m [91m        ~~~~~~[0m

[96mtypescript/modules/DebugAPI/src/compress_main.js[0m:[93m5[0m:[93m9[0m - [91merror[0m[90m TS2305: [0mModule '"./mod"' has no exported member 'g_auto_buy'.

[7m5[0m import {g_auto_buy,src_arr,ids,id_groups,el_ids,max_id,g_obj_arr} from "./mod";
[7m [0m [91m        ~~~~~~~~~~[0m

[96mtypescript/modules/DebugAPI/src/compress_main.js[0m:[93m5[0m:[93m20[0m - [91merror[0m[90m TS2305: [0mModule '"./mod"' has no exported member 'src_arr'.

[7m5[0m import {g_auto_buy,src_arr,ids,id_groups,el_ids,max_id,g_obj_arr} from "./mod";
[7m [0m [91m                   ~~~~~~~[0m

[96mtypescript/modules/DebugAPI/src/compress_main.js[0m:[93m5[0m:[93m28[0m - [91merror[0m[90m TS2305: [0mModule '"./mod"' has no exported member 'ids'.

[7m5[0m import {g_auto_buy,src_arr,ids,id_groups,el_ids,max_id,g_obj_arr} from "./mod";
[7m [0m [91m                           ~~~[0m

[96mtypescript/modules/DebugAPI/src/compress_main.js[0m:[93m5[0m:[93m32[0m - [91merror[0m[90m TS2305: [0mModule '"./mod"' has no exported member 'id_groups'.

[7m5[0m import {g_auto_buy,src_arr,ids,id_groups,el_ids,max_id,g_obj_arr} from "./mod";
[7m [0m [91m                               ~~~~~~~~~[0m

[96mtypescript/modules/DebugAPI/src/compress_main.js[0m:[93m5[0m:[93m42[0m - [91merror[0m[90m TS2305: [0mModule '"./mod"' has no exported member 'el_ids'.

[7m5[0m import {g_auto_buy,src_arr,ids,id_groups,el_ids,max_id,g_obj_arr} from "./mod";
[7m [0m [91m                                         ~~~~~~[0m

[96mtypescript/modules/DebugAPI/src/compress_main.js[0m:[93m5[0m:[93m49[0m - [91merror[0m[90m TS2305: [0mModule '"./mod"' has no exported member 'max_id'.

[7m5[0m import {g_auto_buy,src_arr,ids,id_groups,el_ids,max_id,g_obj_arr} from "./mod";
[7m [0m [91m                                                ~~~~~~[0m

[96mtypescript/modules/DebugAPI/src/compress_main.js[0m:[93m5[0m:[93m56[0m - [91merror[0m[90m TS2305: [0mModule '"./mod"' has no exported member 'g_obj_arr'.

[7m5[0m import {g_auto_buy,src_arr,ids,id_groups,el_ids,max_id,g_obj_arr} from "./mod";
[7m [0m [91m                                                       ~~~~~~~~~[0m

[96mtypescript/modules/DebugAPI/src/compress_main.js[0m:[93m8[0m:[93m1[0m - [91merror[0m[90m TS6133: [0m'try_decode' is declared but its value is never read.

[7m8[0m import {try_decode} from "./try_decode.js";
[7m [0m [91m~~~~~~~~~~~~~~~~~~~~~~~~~~~~~~~~~~~~~~~~~~~[0m

[96mtypescript/modules/DebugAPI/src/debug_api/DebugAPI.js[0m:[93m1[0m:[93m1[0m - [91merror[0m[90m TS6133: [0m'APIProxyManager' is declared but its value is never read.

[7m1[0m import {APIProxyManager} from "./APIProxyManager";
[7m [0m [91m~~~~~~~~~~~~~~~~~~~~~~~~~~~~~~~~~~~~~~~~~~~~~~~~~~[0m

[96mtypescript/modules/DebugAPI/src/debug_api/DebugAPI.js[0m:[93m2[0m:[93m1[0m - [91merror[0m[90m TS6133: [0m'LoggingEventTarget' is declared but its value is never read.

[7m2[0m import {LoggingEventTarget} from "./LoggingEventTarget";
[7m [0m [91m~~~~~~~~~~~~~~~~~~~~~~~~~~~~~~~~~~~~~~~~~~~~~~~~~~~~~~~~[0m

[96mtypescript/modules/DebugAPI/src/debug_api/DebugAPI.js[0m:[93m5[0m:[93m9[0m - [91merror[0m[90m TS2305: [0mModule '"../mod"' has no exported member 'static_event_target'.

[7m5[0m import {static_event_target,random_data_generator} from "../mod";
[7m [0m [91m        ~~~~~~~~~~~~~~~~~~~[0m

[96mtypescript/modules/DebugAPI/src/debug_api/DebugAPI.js[0m:[93m5[0m:[93m29[0m - [91merror[0m[90m TS2305: [0mModule '"../mod"' has no exported member 'random_data_generator'.

[7m5[0m import {static_event_target,random_data_generator} from "../mod";
[7m [0m [91m                            ~~~~~~~~~~~~~~~~~~~~~[0m

[96mtypescript/modules/DebugAPI/src/debug_api/DebugAPI.js[0m:[93m11[0m:[93m4[0m - [91merror[0m[90m TS18048: [0m'window.g_api.any_api_logger' is possibly 'undefined'.

[7m11[0m    window.g_api.any_api_logger.start_postMessage_proxy();
[7m  [0m [91m   ~~~~~~~~~~~~~~~~~~~~~~~~~~~[0m

[96mtypescript/modules/DebugAPI/src/debug_api/DebugAPI.js[0m:[93m111[0m:[93m3[0m - [91merror[0m[90m TS18048: [0m'window.g_api.DebugAPI' is possibly 'undefined'.

[7m111[0m   window.g_api.DebugAPI.the().getData("__k").get=(/** @type {string} */ __v) => {
[7m   [0m [91m  ~~~~~~~~~~~~~~~~~~~~~[0m

[96mtypescript/modules/DebugAPI/src/debug_api/DebugAPI.js[0m:[93m130[0m:[93m7[0m - [91merror[0m[90m TS18048: [0m'window.g_api.DebugAPI' is possibly 'undefined'.

[7m130[0m   if(!window.g_api.DebugAPI.the().clearCurrentBreakpoint()) {
[7m   [0m [91m      ~~~~~~~~~~~~~~~~~~~~~[0m

[96mtypescript/modules/DebugAPI/src/debug_api/RemoteOriginConnection.js[0m:[93m33[0m:[93m2[0m - [91merror[0m[90m TS7030: [0mNot all code paths return a value.

[7m33[0m  setup_root_proxy(window) {
[7m  [0m [91m ~~~~~~~~~~~~~~~~[0m

[96mtypescript/modules/DebugAPI/src/debug_api/RemoteOriginConnection.js[0m:[93m79[0m:[93m32[0m - [91merror[0m[90m TS6133: [0m'message_event' is declared but its value is never read.

[7m79[0m  transport_init_maybe_complete(message_event) {
[7m  [0m [91m                               ~~~~~~~~~~~~~[0m

[96mtypescript/modules/DebugAPI/src/debug_api/RustSimpleTokenizer.js[0m:[93m53[0m:[93m15[0m - [91merror[0m[90m TS6133: [0m'char_code' is declared but its value is never read.

[7m53[0m  is_separator(char_code) {
[7m  [0m [91m              ~~~~~~~~~[0m

[96mtypescript/modules/DebugAPI/src/decode_map.js[0m:[93m3[0m:[93m9[0m - [91merror[0m[90m TS2305: [0mModule '"./mod"' has no exported member 'id_map'.

[7m3[0m import {id_map,init_decode} from "./mod";
[7m [0m [91m        ~~~~~~[0m

[96mtypescript/modules/DebugAPI/src/decode_map.js[0m:[93m3[0m:[93m16[0m - [91merror[0m[90m TS2305: [0mModule '"./mod"' has no exported member 'init_decode'.

[7m3[0m import {id_map,init_decode} from "./mod";
[7m [0m [91m               ~~~~~~~~~~~[0m

[96mtypescript/modules/DebugAPI/src/do_decode.js[0m:[93m1[0m:[93m9[0m - [91merror[0m[90m TS2305: [0mModule '"./mod"' has no exported member 'g_obj_arr'.

[7m1[0m import {g_obj_arr,id_map,id_map_str} from "./mod";
[7m [0m [91m        ~~~~~~~~~[0m

[96mtypescript/modules/DebugAPI/src/do_decode.js[0m:[93m1[0m:[93m19[0m - [91merror[0m[90m TS2305: [0mModule '"./mod"' has no exported member 'id_map'.

[7m1[0m import {g_obj_arr,id_map,id_map_str} from "./mod";
[7m [0m [91m                  ~~~~~~[0m

[96mtypescript/modules/DebugAPI/src/do_decode.js[0m:[93m1[0m:[93m26[0m - [91merror[0m[90m TS2305: [0mModule '"./mod"' has no exported member 'id_map_str'.

[7m1[0m import {g_obj_arr,id_map,id_map_str} from "./mod";
[7m [0m [91m                         ~~~~~~~~~~[0m

[96mtypescript/modules/DebugAPI/src/do_decode.js[0m:[93m6[0m:[93m17[0m - [91merror[0m[90m TS7030: [0mNot all code paths return a value.

[7m6[0m export function do_decode(val) {
[7m [0m [91m                ~~~~~~~~~[0m

[96mtypescript/modules/DebugAPI/src/do_decode.js[0m:[93m8[0m:[93m40[0m - [91merror[0m[90m TS7006: [0mParameter 'e' implicitly has an 'any' type.

[7m8[0m   let fv=g_obj_arr.value.slice(1).find(e => e.value&&e.value[0]===val);
[7m [0m [91m                                       ~[0m

[96mtypescript/modules/DebugAPI/src/do_decode.js[0m:[93m13[0m:[93m40[0m - [91merror[0m[90m TS7006: [0mParameter 'e' implicitly has an 'any' type.

[7m13[0m   let fv=g_obj_arr.value.slice(1).find(e => {
[7m  [0m [91m                                       ~[0m

[96mtypescript/modules/DebugAPI/src/DoCalc.js[0m:[93m3[0m:[93m9[0m - [91merror[0m[90m TS2305: [0mModule '"./mod"' has no exported member 'max_id'.

[7m3[0m import {max_id} from "./mod";
[7m [0m [91m        ~~~~~~[0m

[96mtypescript/modules/DebugAPI/src/DoCalc.js[0m:[93m12[0m:[93m2[0m - [91merror[0m[90m TS7030: [0mNot all code paths return a value.

[7m12[0m  run() {
[7m  [0m [91m ~~~[0m

[96mtypescript/modules/DebugAPI/src/DoCalc.js[0m:[93m54[0m:[93m13[0m - [91merror[0m[90m TS2304: [0mCannot find name 'IDValue'.

[7m54[0m   * @param {IDValue} obj
[7m  [0m [91m            ~~~~~~~[0m

[96mtypescript/modules/DebugAPI/src/flat_obj.js[0m:[93m1[0m:[93m13[0m - [91merror[0m[90m TS2304: [0mCannot find name 'IDValue'.

[7m1[0m /** @param {IDValue} obj */
[7m [0m [91m            ~~~~~~~[0m

[96mtypescript/modules/DebugAPI/src/flat_obj.js[0m:[93m3[0m:[93m12[0m - [91merror[0m[90m TS2304: [0mCannot find name 'IDValue'.

[7m3[0m  /**@type {IDValue[]} */
[7m [0m [91m           ~~~~~~~[0m

[96mtypescript/modules/DebugAPI/src/get_ids.js[0m:[93m1[0m:[93m9[0m - [91merror[0m[90m TS2305: [0mModule '"./mod"' has no exported member 'ids'.

[7m1[0m import {ids} from "./mod";
[7m [0m [91m        ~~~[0m

[96mtypescript/modules/DebugAPI/src/get_next.js[0m:[93m1[0m:[93m10[0m - [91merror[0m[90m TS2304: [0mCannot find name 'IDValue'.

[7m1[0m /**@arg {IDValue} next */
[7m [0m [91m         ~~~~~~~[0m

[96mtypescript/modules/DebugAPI/src/run_calc.js[0m:[93m4[0m:[93m12[0m - [91merror[0m[90m TS2304: [0mCannot find name 'IDValue'.

[7m4[0m  * @param {IDValue} obj
[7m [0m [91m           ~~~~~~~[0m

[96mtypescript/modules/DebugAPI/src/run_modules_plugin.js[0m:[93m65[0m:[93m4[0m - [91merror[0m[90m TS7029: [0mFallthrough case in switch.

[7m65[0m    case 2:
[7m  [0m [91m   ~~~~~~~[0m

[96mtypescript/modules/DebugAPI/src/try_decode.js[0m:[93m2[0m:[93m9[0m - [91merror[0m[90m TS2305: [0mModule '"./mod"' has no exported member 'dr_map'.

[7m2[0m import {dr_map,id_map,ids_dec} from "./mod";
[7m [0m [91m        ~~~~~~[0m

[96mtypescript/modules/DebugAPI/src/try_decode.js[0m:[93m2[0m:[93m16[0m - [91merror[0m[90m TS2305: [0mModule '"./mod"' has no exported member 'id_map'.

[7m2[0m import {dr_map,id_map,ids_dec} from "./mod";
[7m [0m [91m               ~~~~~~[0m

[96mtypescript/modules/DebugAPI/src/try_decode.js[0m:[93m2[0m:[93m23[0m - [91merror[0m[90m TS2305: [0mModule '"./mod"' has no exported member 'ids_dec'.

[7m2[0m import {dr_map,id_map,ids_dec} from "./mod";
[7m [0m [91m                      ~~~~~~~[0m

[96mtypescript/modules/DebugAPI/src/Value.js[0m:[93m1[0m:[93m17[0m - [91merror[0m[90m TS2304: [0mCannot find name 'IValue'.

[7m1[0m /**@implements {IValue} */
[7m [0m [91m                ~~~~~~[0m

[96mtypescript/modules/DebugAPI/types/CompressionStatsCalculator.ts[0m:[93m4[0m:[93m9[0m - [91merror[0m[90m TS2305: [0mModule '"../src/mod.js"' has no exported member 'max_id'.

[7m4[0m import {max_id} from "../src/mod.js";
[7m [0m [91m        ~~~~~~[0m


Found 2585 errors in 108 files.

Errors  Files
     1  javascript/final/named/1000mines.com/1000mines.com.js[90m:788[0m
     1  javascript/final/named/__global.ts[90m:67[0m
     2  javascript/final/named/Hero.js/__global.ts[90m:17[0m
     6  javascript/final/named/Hero.js/Hero_js.js[90m:20[0m
     2  javascript/final/named/makiki99_prestige-frame.js[90m:16[0m
     1  javascript/final/named/reddit_continueThread.js[90m:67[0m
     1  javascript/final/named/yet_another_merge_game.js[90m:85[0m
     1  javascript/final/named/youtube.com_lazyPrepareCriticalPages.js[90m:114[0m
    36  javascript/group1/sub_a/item-_4.js[90m:7[0m
     4  javascript/group1/sub_a/item-_7.js[90m:85[0m
   104  javascript/group1/sub_b/item-__.js[90m:6[0m
    22  javascript/group1/sub_c/item-_a.js[90m:13[0m
    80  javascript/group1/sub_c/item-_b.js[90m:1[0m
    38  javascript/group1/sub_c/item-_c.js[90m:1[0m
    23  javascript/group1/sub_c/item-_d.js[90m:4[0m
   312  javascript/group1/sub_c/item-_e.js[90m:1[0m
    42  javascript/group1/sub_c/item-_f.js[90m:4[0m
    35  javascript/group1/sub_c/item-_g.js[90m:3[0m
    79  javascript/group1/sub_c/item-_h.js[90m:1[0m
    28  javascript/group1/sub_c/item-_i.js[90m:1[0m
    12  javascript/group1/sub_c/item-_j.js[90m:2[0m
    14  javascript/group1/sub_c/item-_k.js[90m:4[0m
     8  javascript/group1/sub_c/item-_l.js[90m:2[0m
     7  javascript/group2/item_02.js[90m:7[0m
    28  javascript/group2/item_03.js[90m:6[0m
    87  javascript/group2/item_04.js[90m:8[0m
   106  javascript/group2/item_05.js[90m:4[0m
   135  javascript/group2/item_06.js[90m:107[0m
    27  javascript/group2/item_07.js[90m:52[0m
    28  javascript/group2/item_08.js[90m:28[0m
    21  javascript/group2/item_09.js[90m:2[0m
    54  javascript/group2/item_10.js[90m:3[0m
    12  javascript/group2/item_11.js[90m:13[0m
     3  javascript/group2/item_12.js[90m:4[0m
    50  javascript/group3/_deparsejs.js[90m:6[0m
    63  javascript/group3/_x64dbg.js[90m:1[0m
   106  javascript/group3/base_parser_js.js[90m:2[0m
     2  javascript/group3/base_parser_states.js[90m:2[0m
   272  javascript/group3/js_enc_crypt_static_to_code.js[90m:4[0m
     1  javascript/group3/js_lex_jquery.js[90m:3[0m
    72  javascript/group3/js_visitor.js[90m:1[0m
     3  javascript/group3/js_vue_to_code.js[90m:1[0m
    48  javascript/group3/parse_asm_js.js[90m:3[0m
   139  javascript/group3/parsejs.js[90m:2[0m
    64  javascript/group3/simplify_js.js[90m:1[0m
    14  javascript/group3/xml_event.js[90m:1[0m
     1  javascript/group3/yt-dbg.js[90m:1[0m
    37  javascript/group3/YUI_explorer.js[90m:2[0m
   147  javascript/group4/get_node_require.js[90m:1[0m
    46  javascript/group4/get_v8_require.js[90m:1[0m
     1  javascript/info.ts[90m:1[0m
     1  javascript/notes/gcc_opts.js[90m:406[0m
     1  javascript/notes/notes.ts[90m:1[0m
     4  javascript/projects/html_lexer/src/from_cpp/HTMLToken.ts[90m:27[0m
     2  javascript/projects/html_lexer/src/from_cpp/Ref.ts[90m:5[0m
     1  javascript/projects/html_lexer/src/HTMLToken.ts[90m:5[0m
     2  javascript/projects/html_lexer/src/HTMLTokenBase.ts[90m:37[0m
     4  javascript/projects/html_lexer/src/LexContext.ts[90m:1[0m
     2  javascript/projects/html_lexer/src/log_parse_error.js[90m:1[0m
     1  javascript/projects/html_lexer/src/StateSwitch.ts[90m:3[0m
     1  javascript/projects/html_lexer/src/Vector.ts[90m:5[0m
     8  javascript/projects/ipc_api/src/handle_failed_import.js[90m:1[0m
     2  javascript/projects/js_browser/src/fetch_url.js[90m:1[0m
     1  javascript/projects/js_browser/src/ipc_plugin.js[90m:7[0m
    10  javascript/projects/js_browser/src/nice_loader.js[90m:1[0m
     7  javascript/projects/js_browser/src/page_loader.js[90m:1[0m
     6  javascript/projects/js_browser/src/parse_dom_preload_0.js[90m:1[0m
     2  javascript/projects/js_browser/src/parse_dom_preload_1.js[90m:1[0m
     2  javascript/projects/js_browser/src/parse_dom_preload_2.js[90m:1[0m
     1  javascript/projects/js_browser/src/url_fetcher/__global.ts[90m:1[0m
    12  javascript/projects/js_browser/src/url_fetcher/UrlFetcher.js[90m:1[0m
     3  javascript/projects/misc/src/ctx_exec.js[90m:149[0m
     2  javascript/projects/misc/src/run_script.js[90m:1[0m
     1  javascript/projects/page_loader/src/fetch_local_file.js[90m:7[0m
     2  javascript/projects/page_loader/src/fetch_url.js[90m:1[0m
     7  javascript/projects/page_loader/src/PageLoaderState.js[90m:1[0m
     2  javascript/projects/page_loader/src/RequestModule.js[90m:1[0m
     2  javascript/projects/page_loader/src/run_fetch_algorithm.js[90m:9[0m
     1  javascript/projects/repl_plugin/src/CallbackType.ts[90m:1[0m
     1  javascript/projects/repl_plugin/src/plugins/BrowserPluginIndexType.js[90m:5[0m
     1  javascript/projects/repl_plugin/src/plugins/ObjMaybeKeys.js[90m:23[0m
     1  javascript/projects/repl_plugin/src/plugins/REPLCommandsPlugin.js[90m:5[0m
     1  javascript/projects/repl_plugin/src/plugins/REPLContextPlugin.js[90m:23[0m
     1  javascript/projects/repl_plugin/src/plugins/REPLFakeBrowserPlugin.js[90m:27[0m
     5  javascript/projects/repl_plugin/src/ReplPluginManager.js[90m:1[0m
    10  javascript/projects/repl_plugin/src/REPLServerRuntime.js[90m:1[0m
     1  javascript/projects/repl_plugin/src/rm_all_properties_from_obj.js[90m:1[0m
     1  javascript/website_hacking/google_no_dbg/module_loader_resolve.d.ts[90m:1[0m
     2  typescript/modules/DebugAPI/src/assign_next.js[90m:2[0m
     1  typescript/modules/DebugAPI/src/calc_cur.js[90m:6[0m
     2  typescript/modules/DebugAPI/src/calc_next.js[90m:6[0m
     1  typescript/modules/DebugAPI/src/compress/CompressionStatsCalculator.ts[90m:2[0m
     1  typescript/modules/DebugAPI/src/compress_init.js[90m:1[0m
     8  typescript/modules/DebugAPI/src/compress_main.js[90m:5[0m
     7  typescript/modules/DebugAPI/src/debug_api/DebugAPI.js[90m:1[0m
     2  typescript/modules/DebugAPI/src/debug_api/RemoteOriginConnection.js[90m:33[0m
     1  typescript/modules/DebugAPI/src/debug_api/RustSimpleTokenizer.js[90m:53[0m
     2  typescript/modules/DebugAPI/src/decode_map.js[90m:3[0m
     6  typescript/modules/DebugAPI/src/do_decode.js[90m:1[0m
     3  typescript/modules/DebugAPI/src/DoCalc.js[90m:3[0m
     2  typescript/modules/DebugAPI/src/flat_obj.js[90m:1[0m
     1  typescript/modules/DebugAPI/src/get_ids.js[90m:1[0m
     1  typescript/modules/DebugAPI/src/get_next.js[90m:1[0m
     1  typescript/modules/DebugAPI/src/run_calc.js[90m:4[0m
     1  typescript/modules/DebugAPI/src/run_modules_plugin.js[90m:65[0m
     3  typescript/modules/DebugAPI/src/try_decode.js[90m:2[0m
     1  typescript/modules/DebugAPI/src/Value.js[90m:1[0m
     1  typescript/modules/DebugAPI/types/CompressionStatsCalculator.ts[90m:4[0m
